[2m2026-09-15 09:05:51.645+0200[m[2m | [m[2mmain[m[2m | [m[33mWARN [m[2m | [m[2mPluginVerifier[m[2m | [m[33mArtifact <repo>/.tmp/besu-dist/besu-26.8.1/plugins/ops-besu-approvals.jar containing plugins [OpsApprovalPlugin] is without a catalog
[m[2m2026-09-15 09:05:51.646+0200[m[2m | [m[2mmain[m[2m | [m[33mWARN [m[2m | [m[2mPluginVerifier[m[2m | [m[33mPlugin artifact <repo>/.tmp/besu-dist/besu-26.8.1/plugins/linea-tracer-linea-8bb72b4.jar is built against Besu version 26.8.0-f2557d7 while current running Besu version is 26.8.1
[m[2m2026-09-15 09:05:51.656+0200[m[2m | [m[2mmain[m[2m | [m[32mINFO [m[2m | [m[2mBesuPluginContextImpl[m[2m | [m[32mRegistered plugin of type ops.approvals.OpsApprovalPlugin.
[mSetting logging level to INFO
[2m2026-09-15 09:05:51.687+0200[m[2m | [m[2mmain[m[2m | [m[32mINFO [m[2m | [m[2mBesu[m[2m | [m[32mStarting Besu
[m[2m2026-09-15 09:05:52.166+0200[m[2m | [m[2mmain[m[2m | [m[33mWARN [m[2m | [m[2mBesu[m[2m | [m[33m--discovery-enabled has been ignored because --p2p-enabled was not defined on the command line.
[m[2m2026-09-15 09:05:52.894+0200[m[2m | [m[2mmain[m[2m | [m[32mINFO [m[2m | [m[2mBesu[m[2m | [m[32mRPC HTTP JSON-RPC config: JsonRpcConfiguration{enabled=true, port=61548, host=127.0.0.1, corsAllowedDomains=[], hostsAllowlist=[localhost, 127.0.0.1], rpcApis=[ETH, NET, WEB3, DEBUG, TXPOOL, ADMIN, OPS], authenticationEnabled=false, authenticationCredentialsFile=null, authenticationPublicKeyFile=null, tlsConfiguration=Optional.empty, httpTimeoutSec=30, maxActiveConnections=4096, maxBatchSize=1024}
[m[2m2026-09-15 09:05:52.896+0200[m[2m | [m[2mmain[m[2m | [m[32mINFO [m[2m | [m[2mBesu[m[2m | [m[32mEngine JSON-RPC config: JsonRpcConfiguration{enabled=true, port=61549, host=127.0.0.1, corsAllowedDomains=[], hostsAllowlist=[*], rpcApis=[ENGINE, ETH], authenticationEnabled=true, authenticationCredentialsFile=null, authenticationPublicKeyFile=<repo>/.tmp/besu-approval-runs/deployment-91825-1789455950/jwt.hex, tlsConfiguration=Optional.empty, httpTimeoutSec=30, maxActiveConnections=4096, maxBatchSize=1024}
[m[2m2026-09-15 09:05:52.901+0200[m[2m | [m[2mmain[m[2m | [m[33mWARN [m[2m | [m[2mBesu[m[2m | [m[33mForcing --bonsai-limit-trie-logs-enabled=false, since it cannot be enabled with --sync-mode=FULL and --data-storage-format=BONSAI.
[m[2m2026-09-15 09:05:52.902+0200[m[2m | [m[2mmain[m[2m | [m[32mINFO [m[2m | [m[2mBesu[m[2m | [m[32mConnecting to 0 static nodes.
[m[2m2026-09-15 09:05:52.907+0200[m[2m | [m[2mmain[m[2m | [m[33mWARN [m[2m | [m[2mBesu[m[2m | [m[33mForcing price bump for transaction replacement to 0, since min-gas-price is set to 0
[m[2m2026-09-15 09:05:52.907+0200[m[2m | [m[2mmain[m[2m | [m[33mWARN [m[2m | [m[2mBesu[m[2m | [m[33mForcing tx-pool-min-gas-price=0, since it cannot be greater than the value of min-gas-price
[m[2m2026-09-15 09:05:52.942+0200[m[2m | [m[2mmain[m[2m | [m[32mINFO [m[2m | [m[2mBesu[m[2m | [m[32m
####################################################################################################
#                                                                                                  #
# Besu version 26.8.1                                                                              #
#                                                                                                  #
# Configuration:                                                                                   #
# Network: Custom genesis file                                                                     #
# <repo>/.tmp/worktrees/ops-besu-signed-appr                     #
# ovals/poc/besu-signed-approvals/evidence/genesis.json                                            #
# Network Id: 31337                                                                                #
# Data storage: Bonsai                                                                             #
# RocksDB max open files: 1040 (derived from available resources)                                  #
# Sync mode: Full                                                                                  #
# Sync min peers: 5                                                                                #
# P2P Discovery: disabled                                                                          #
# RPC HTTP APIs: ETH,NET,WEB3,DEBUG,TXPOOL,ADMIN,OPS                                               #
# RPC HTTP port: 61548                                                                             #
# Engine APIs: ENGINE,ETH                                                                          #
# Engine port: 61549                                                                               #
# Engine JWT: <repo>/.tmp/worktrees/ops-besu                     #
# -signed-approvals/.tmp/besu-approval-runs/deployment-91825-1789455950/jwt.he                     #
# x                                                                                                #
# Using LAYERED transaction pool implementation                                                    #
# Using STACKED worldstate update mode                                                             #
# Opcode optimizations enabled                                                                     #
# Parallel transaction processing enabled                                                          #
# BAL pruning enabled (retained BALs: 113056)                                                      #
#                                                                                                  #
# Host:                                                                                            #
# Java: openjdk-java-25                                                                            #
# Maximum heap size: 2,00 GB                                                                       #
# OS: osx-aarch_64                                                                                 #
# Total memory: 32,00 GB                                                                           #
# CPU cores: 12                                                                                    #
#                                                                                                  #
# Plugin Registration Summary:                                                                     #
# Registered Plugins:                                                                              #
#  - OpsApprovalPlugin (ops-besu-approvals/0.1.0-poc)                                              #
# Detected but not registered:                                                                     #
#  - BesuShomeiRpcPlugin (besu-shomei-plugin/v1.0.7)                                               #
#  - ZkTrieLogPlugin (besu-shomei-plugin/v1.0.7)                                                   #
#  - ForwardBundlesPlugin (linea-sequencer/linea-8bb72b4)                                          #
#  - LineaExtraDataPlugin (linea-sequencer/linea-8bb72b4)                                          #
#  - LineaBundleEndpointsPlugin (linea-sequencer/linea-8bb72b4)                                    #
#  - LineaEstimateGasEndpointPlugin (linea-sequencer/linea-8bb72b4)                                #
#  - LineaForcedTransactionEndpointsPlugin (linea-sequencer/linea-8bb72b4)                         #
#  - LineaSetExtraDataEndpointPlugin (linea-sequencer/linea-8bb72b4)                               #
#  - LineaTransactionPoolValidatorPlugin (linea-sequencer/linea-8bb72b4)                           #
#  - LineaTransactionSelectorPlugin (linea-sequencer/linea-8bb72b4)                                #
#  - LineaBlockTransactionValidatorPlugin (linea-sequencer/linea-8bb72b4)                          #
#  - TracerReadinessPlugin (linea-tracer/linea-8bb72b4)                                            #
#  - ConflatedLineCountsEndpointServicePlugin (linea-tracer/linea-8bb72b4)                         #
#  - CaptureEndpointServicePlugin (linea-tracer/linea-8bb72b4)                                     #
#  - LineCountsEndpointServicePlugin (linea-tracer/linea-8bb72b4)                                  #
#  - TracesEndpointServicePlugin (linea-tracer/linea-8bb72b4)                                      #
# TOTAL = 1 of 17 plugins successfully registered.                                                 #
#                                                                                                  #
####################################################################################################
[m[2m2026-09-15 09:05:52.942+0200[m[2m | [m[2mmain[m[2m | [m[32mINFO [m[2m | [m[2mBesu[m[2m | [m[32mSecurity Module: localfile
[m[2m2026-09-15 09:05:52.943+0200[m[2m | [m[2mmain[m[2m | [m[32mINFO [m[2m | [m[2mVersionMetadata[m[2m | [m[32mLookup version metadata file in data directory: <repo>/.tmp/besu-approval-runs/deployment-91825-1789455950/data
[m[2m2026-09-15 09:05:52.943+0200[m[2m | [m[2mmain[m[2m | [m[32mINFO [m[2m | [m[2mVersionMetadata[m[2m | [m[32mData directory <repo>/.tmp/besu-approval-runs/deployment-91825-1789455950/data does not exist - creating it
[m[2m2026-09-15 09:05:52.943+0200[m[2m | [m[2mmain[m[2m | [m[32mINFO [m[2m | [m[2mVersionMetadata[m[2m | [m[32mNo version data detected. Writing Besu version 26.8.1 to metadata file
[m[2m2026-09-15 09:05:53.176+0200[m[2m | [m[2mmain[m[2m | [m[32mINFO [m[2m | [m[2mBesu[m[2m | [m[32mUsing the native implementation of alt bn128
[m[2m2026-09-15 09:05:53.177+0200[m[2m | [m[2mmain[m[2m | [m[32mINFO [m[2m | [m[2mBesu[m[2m | [m[32mUsing the Java implementation of modexp
[m[2m2026-09-15 09:05:53.182+0200[m[2m | [m[2mmain[m[2m | [m[32mINFO [m[2m | [m[2mBesu[m[2m | [m[32mUsing the native implementation of the signature algorithm
[m[2m2026-09-15 09:05:53.184+0200[m[2m | [m[2mmain[m[2m | [m[32mINFO [m[2m | [m[2mBesu[m[2m | [m[32mUsing the Java implementation of the blake2bf algorithm
[m[2m2026-09-15 09:05:53.622+0200[m[2m | [m[2mmain[m[2m | [m[32mINFO [m[2m | [m[2mBesu[m[2m | [m[32mUsing the native BoringSSL implementation of p256verify
[m[2m2026-09-15 09:05:53.667+0200[m[2m | [m[2mmain[m[2m | [m[33mWARN [m[2m | [m[2mBesuController[m[2m | [m[33mNo consensus mechanism detected in genesis config, using PoS
[m[2m2026-09-15 09:05:53.675+0200[m[2m | [m[2mmain[m[2m | [m[33mWARN [m[2m | [m[2mBesu[m[2m | [m[33mForcing price bump for transaction replacement to 0, since min-gas-price is set to 0
[m[2m2026-09-15 09:05:53.676+0200[m[2m | [m[2mmain[m[2m | [m[33mWARN [m[2m | [m[2mBesu[m[2m | [m[33mForcing tx-pool-min-gas-price=0, since it cannot be greater than the value of min-gas-price
[m[2m2026-09-15 09:05:53.676+0200[m[2m | [m[2mmain[m[2m | [m[32mINFO [m[2m | [m[2mKeyPairUtil[m[2m | [m[32mAttempting to load public key from <repo>/.tmp/besu-approval-runs/deployment-91825-1789455950/key
[m[2m2026-09-15 09:05:53.682+0200[m[2m | [m[2mmain[m[2m | [m[32mINFO [m[2m | [m[2mKeyPairUtil[m[2m | [m[32mLoaded public key 0x8318535b54105d4a7aae60c08fc45f9687181b4fdfc625bd1a753fa7397fed753547f11ca8696646f2f3acb08e31016afac23e630c5d11f59f61fef57b0d2aa5 from <repo>/.tmp/besu-approval-runs/deployment-91825-1789455950/key
[m[2m2026-09-15 09:05:53.732+0200[m[2m | [m[2mmain[m[2m | [m[32mINFO [m[2m | [m[2mProtocolScheduleBuilder[m[2m | [m[32mProtocol schedule created with milestones: [Shanghai:0]
[m[2m2026-09-15 09:05:53.733+0200[m[2m | [m[2mmain[m[2m | [m[32mINFO [m[2m | [m[2mRocksDBKeyValueStorageFactory[m[2m | [m[32mNo existing database at <repo>/.tmp/besu-approval-runs/deployment-91825-1789455950/data. Using default metadata for new db versionedStorageFormat=BaseVersionedStorageFormat{format=BONSAI, version=3}
[m[2m2026-09-15 09:05:54.223+0200[m[2m | [m[2mmain[m[2m | [m[32mINFO [m[2m | [m[2mFlatDbStrategyProvider[m[2m | [m[32mFlat db mode found FULL
[m[2m2026-09-15 09:05:54.225+0200[m[2m | [m[2mmain[m[2m | [m[32mINFO [m[2m | [m[2mFlatDbStrategyProvider[m[2m | [m[32mDB mode with code stored using code hash enabled = true
[m[2m2026-09-15 09:05:54.230+0200[m[2m | [m[2mmain[m[2m | [m[32mINFO [m[2m | [m[2mFlatDbStrategyProvider[m[2m | [m[32mFlat db mode found FULL
[m[2m2026-09-15 09:05:54.231+0200[m[2m | [m[2mmain[m[2m | [m[32mINFO [m[2m | [m[2mFlatDbStrategyProvider[m[2m | [m[32mDB mode with code stored using code hash enabled = true
[m[2m2026-09-15 09:05:54.276+0200[m[2m | [m[2mmain[m[2m | [m[32mINFO [m[2m | [m[2mBesuControllerBuilder[m[2m | [m[32mAdding ChainDataPruner to observe block added events
[m[2m2026-09-15 09:05:54.277+0200[m[2m | [m[2mmain[m[2m | [m[32mINFO [m[2m | [m[2mBesuControllerBuilder[m[2m | [m[32mBAL pruning enabled | BALs retained: 113056 | Frequency: 256
[m[2m2026-09-15 09:05:54.288+0200[m[2m | [m[2mmain[m[2m | [m[32mINFO [m[2m | [m[2mTransactionPoolFactory[m[2m | [m[32mEnabling transaction pool
[m[2m2026-09-15 09:05:54.294+0200[m[2m | [m[2mmain[m[2m | [m[32mINFO [m[2m | [m[2mEthPeers[m[2m | [m[32mUpdating the default best peer comparator
[m[2m2026-09-15 09:05:54.297+0200[m[2m | [m[2mmain[m[2m | [m[32mINFO [m[2m | [m[2mBesuControllerBuilder[m[2m | [m[32mTTD difficulty is present, creating initial sync for PoS
[m[2m2026-09-15 09:05:54.309+0200[m[2m | [m[2mmain[m[2m | [m[32mINFO [m[2m | [m[2mRunnerBuilder[m[2m | [m[32mDetecting NAT service.
[m[2m2026-09-15 09:05:54.381+0200[m[2m | [m[2mmain[m[2m | [m[32mINFO [m[2m | [m[2mRunner[m[2m | [m[32mStarting external services ... 
[m[2m2026-09-15 09:05:54.382+0200[m[2m | [m[2mmain[m[2m | [m[32mINFO [m[2m | [m[2mJsonRpcHttpService[m[2m | [m[32mStarting JSON-RPC service on 127.0.0.1:61548
[m[2m2026-09-15 09:05:54.412+0200[m[2m | [m[2mvert.x-eventloop-thread-1[m[2m | [m[32mINFO [m[2m | [m[2mJsonRpcHttpService[m[2m | [m[32mJSON-RPC service started and listening on 127.0.0.1:61548
[m[2m2026-09-15 09:05:54.412+0200[m[2m | [m[2mmain[m[2m | [m[32mINFO [m[2m | [m[2mEngineJsonRpcService[m[2m | [m[32mStarting JSON-RPC service on 127.0.0.1:61549
[m[2m2026-09-15 09:05:54.413+0200[m[2m | [m[2mvert.x-eventloop-thread-1[m[2m | [m[32mINFO [m[2m | [m[2mEngineJsonRpcService[m[2m | [m[32mJSON-RPC service started and listening on 127.0.0.1:61549
[m[2m2026-09-15 09:05:54.415+0200[m[2m | [m[2mmain[m[2m | [m[32mINFO [m[2m | [m[2mAutoTransactionLogBloomCachingService[m[2m | [m[32mStarting auto transaction log bloom caching service.
[m[2m2026-09-15 09:05:54.415+0200[m[2m | [m[2mmain[m[2m | [m[32mINFO [m[2m | [m[2mLogBloomCacheMetadata[m[2m | [m[32mLookup cache metadata file in data directory: <repo>/.tmp/besu-approval-runs/deployment-91825-1789455950/data/caches
[m[2m2026-09-15 09:05:54.423+0200[m[2m | [m[2mmain[m[2m | [m[32mINFO [m[2m | [m[2mOpsApprovalPlugin[m[2m | [m[32mOPS approval gate active: listen=127.0.0.1:61550 chain=31337 wait_ms=5000 capacity=100000
[m[2m2026-09-15 09:05:54.424+0200[m[2m | [m[2mmain[m[2m | [m[32mINFO [m[2m | [m[2mRunner[m[2m | [m[32mStarting Ethereum main loop ... 
[m[2m2026-09-15 09:05:54.424+0200[m[2m | [m[2mmain[m[2m | [m[32mINFO [m[2m | [m[2mNatService[m[2m | [m[32mNo NAT environment detected so no service could be started
[m[2m2026-09-15 09:05:54.424+0200[m[2m | [m[2mmain[m[2m | [m[32mINFO [m[2m | [m[2mNetworkRunner[m[2m | [m[32mStarting Network.
[m[2m2026-09-15 09:05:54.427+0200[m[2m | [m[2mmain[m[2m | [m[32mINFO [m[2m | [m[2mNetworkRunner[m[2m | [m[32mSupported capabilities: [eth/68, eth/69, eth/70, eth/71], [snap/1]
[m[2m2026-09-15 09:05:54.427+0200[m[2m | [m[2mmain[m[2m | [m[32mINFO [m[2m | [m[2mRunner[m[2m | [m[32mEthereum main loop is up.
[m[2m2026-09-15 09:05:54.663+0200[m[2m | [m[2mengine-ordered-execution-0[m[2m | [m[32mINFO [m[2m | [m[2mMergeCoordinator[m[2m | [m[32mStart building proposals for block 1 identified by 0x0094b6536c934601
[m[2m2026-09-15 09:05:54.664+0200[m[2m | [m[2mengine-ordered-execution-0[m[2m | [m[32mINFO [m[2m | [m[2mEngineForkchoiceUpdatedV2[m[2m | [m[32mFCU(VALID) | head: 206d0.....3fa10 | safe: 206d0.....3fa10 | finalized: 206d0.....3fa10
[m[2m2026-09-15 09:05:54.669+0200[m[2m | [m[2mEthScheduler-BlockCreation-1-1[m[2m | [m[32mINFO [m[2m | [m[2mApprovalSelector[m[2m | [m[32mOPS_APPROVAL_DECISION allow tx=0xf0a173d1bb86a7814915322296fb814c5fa69a4abd47ac77763d9cda74feb7e9 calls=1
[m[2m2026-09-15 09:05:54.669+0200[m[2m | [m[2mEthScheduler-BlockCreation-1-1[m[2m | [m[32mINFO [m[2m | [m[2mApprovalSelector[m[2m | [m[32mOPS_APPROVAL_TIMING {"tx":"0xf0a173d1bb86a7814915322296fb814c5fa69a4abd47ac77763d9cda74feb7e9","mode":0,"calls":1,"gate_ns":421667}
[m[2m2026-09-15 09:05:54.676+0200[m[2m | [m[2mEthScheduler-BlockCreation-0-1[m[2m | [m[32mINFO [m[2m | [m[2mPostMergeContext[m[2m | [m[32mNew proposal for payloadId 0x0094b6536c934601 block 1 (0x97d297e38aed5fd1abc465f807a406c0002ad5d81356cbed6bec4c8c2270d85d) gas used 113775 transactions 1 reward 128,00 szabo is better than the previous one by 128,00 szabo
[m[2m2026-09-15 09:05:55.170+0200[m[2m | [m[2mEthScheduler-BlockCreation-1-1[m[2m | [m[32mINFO [m[2m | [m[2mApprovalSelector[m[2m | [m[32mOPS_APPROVAL_DECISION allow tx=0xf0a173d1bb86a7814915322296fb814c5fa69a4abd47ac77763d9cda74feb7e9 calls=1
[m[2m2026-09-15 09:05:55.170+0200[m[2m | [m[2mEthScheduler-BlockCreation-1-1[m[2m | [m[32mINFO [m[2m | [m[2mApprovalSelector[m[2m | [m[32mOPS_APPROVAL_TIMING {"tx":"0xf0a173d1bb86a7814915322296fb814c5fa69a4abd47ac77763d9cda74feb7e9","mode":0,"calls":1,"gate_ns":486750}
[m[2m2026-09-15 09:05:55.672+0200[m[2m | [m[2mEthScheduler-BlockCreation-1-1[m[2m | [m[32mINFO [m[2m | [m[2mApprovalSelector[m[2m | [m[32mOPS_APPROVAL_DECISION allow tx=0xf0a173d1bb86a7814915322296fb814c5fa69a4abd47ac77763d9cda74feb7e9 calls=1
[m[2m2026-09-15 09:05:55.672+0200[m[2m | [m[2mEthScheduler-BlockCreation-1-1[m[2m | [m[32mINFO [m[2m | [m[2mApprovalSelector[m[2m | [m[32mOPS_APPROVAL_TIMING {"tx":"0xf0a173d1bb86a7814915322296fb814c5fa69a4abd47ac77763d9cda74feb7e9","mode":0,"calls":1,"gate_ns":687916}
[m[2m2026-09-15 09:05:55.676+0200[m[2m | [m[2mvert.x-worker-thread-7[m[2m | [m[32mINFO [m[2m | [m[2mEngineGetPayloadV2[m[2m | [m[32mProduced #1  (97d29.....0d85d)|    1 tx | 0 ws | 113.775 (0,4%) gas in 1,011s | Timing(started at 2026-09-15T07:05:54.664413Z, duplicateWorldState=0ms, preTxsSelection=0ms, txsSelection=5ms, selectedTxsEvaluation=2ms, blockAssembled=2ms, awaitingRetrieval=1003ms) | PayloadId 0x0094b6536c934601
[m[2m2026-09-15 09:05:55.694+0200[m[2m | [m[2mengine-ordered-execution-0[m[2m | [m[32mINFO [m[2m | [m[2mEngineNewPayloadV2[m[2m | [m[32mImported #1  (97d29.....0d85d)|    1 tx|  0 ws| 875,00 mwei bfee|     113.775 (  0,4%) gas used| 4,6ms exec|  24,57 Mgas/s|  0 peers
[m[2m2026-09-15 09:05:55.704+0200[m[2m | [m[2mengine-ordered-execution-0[m[2m | [m[32mINFO [m[2m | [m[2mEngineForkchoiceUpdatedV2[m[2m | [m[32mFCU(VALID) | head: 97d29.....0d85d | safe: 97d29.....0d85d | finalized: 97d29.....0d85d
[m[2m2026-09-15 09:05:55.722+0200[m[2m | [m[2mBesuCommand-Shutdown-Hook[m[2m | [m[32mINFO [m[2m | [m[2mNetworkRunner[m[2m | [m[32mStopping Network.
[m[2m2026-09-15 09:05:55.722+0200[m[2m | [m[2mBesuCommand-Shutdown-Hook[m[2m | [m[32mINFO [m[2m | [m[2mEthProtocolManager[m[2m | [m[32mStopping eth Subprotocol.
[m[2m2026-09-15 09:05:55.723+0200[m[2m | [m[2mBesuCommand-Shutdown-Hook[m[2m | [m[32mINFO [m[2m | [m[2mEthProtocolManager[m[2m | [m[32meth Subprotocol stopped.
[m[2m2026-09-15 09:05:55.723+0200[m[2m | [m[2mBesuCommand-Shutdown-Hook[m[2m | [m[32mINFO [m[2m | [m[2mNetworkRunner[m[2m | [m[32mNetwork stopped.
[m[2m2026-09-15 09:05:55.723+0200[m[2m | [m[2mBesuCommand-Shutdown-Hook[m[2m | [m[32mINFO [m[2m | [m[2mAutoTransactionLogBloomCachingService[m[2m | [m[32mShutting down Auto transaction logs caching service.
[m[2m2026-09-15 09:05:55.723+0200[m[2m | [m[2mBesuCommand-Shutdown-Hook[m[2m | [m[32mINFO [m[2m | [m[2mNatService[m[2m | [m[32mNo NAT environment detected so no service could be stopped
[m