[2m2026-09-24 20:10:22.280+0200[m[2m | [m[2mmain[m[2m | [m[33mWARN [m[2m | [m[2mPluginVerifier[m[2m | [m[33mArtifact <repo>/.tmp/besu-dist/besu-26.8.1/plugins/ops-besu-approvals.jar containing plugins [OpsApprovalPlugin] is without a catalog
[m[2m2026-09-24 20:10:22.281+0200[m[2m | [m[2mmain[m[2m | [m[33mWARN [m[2m | [m[2mPluginVerifier[m[2m | [m[33mPlugin artifact <repo>/.tmp/besu-dist/besu-26.8.1/plugins/linea-tracer-linea-8bb72b4.jar is built against Besu version 26.8.0-f2557d7 while current running Besu version is 26.8.1
[m[2m2026-09-24 20:10:22.293+0200[m[2m | [m[2mmain[m[2m | [m[32mINFO [m[2m | [m[2mBesuPluginContextImpl[m[2m | [m[32mRegistered plugin of type ops.approvals.OpsApprovalPlugin.
[mSetting logging level to INFO
[2m2026-09-24 20:10:22.323+0200[m[2m | [m[2mmain[m[2m | [m[32mINFO [m[2m | [m[2mBesu[m[2m | [m[32mStarting Besu
[m[2m2026-09-24 20:10:23.563+0200[m[2m | [m[2mmain[m[2m | [m[32mINFO [m[2m | [m[2mBesu[m[2m | [m[32mRPC HTTP JSON-RPC config: JsonRpcConfiguration{enabled=true, port=64670, host=127.0.0.1, corsAllowedDomains=[], hostsAllowlist=[localhost, 127.0.0.1], rpcApis=[ETH, NET, WEB3, DEBUG, TXPOOL, ADMIN, OPS], authenticationEnabled=false, authenticationCredentialsFile=null, authenticationPublicKeyFile=null, tlsConfiguration=Optional.empty, httpTimeoutSec=30, maxActiveConnections=4096, maxBatchSize=1024}
[m[2m2026-09-24 20:10:23.566+0200[m[2m | [m[2mmain[m[2m | [m[32mINFO [m[2m | [m[2mBesu[m[2m | [m[32mEngine JSON-RPC config: JsonRpcConfiguration{enabled=true, port=64671, host=127.0.0.1, corsAllowedDomains=[], hostsAllowlist=[*], rpcApis=[ENGINE, ETH], authenticationEnabled=true, authenticationCredentialsFile=null, authenticationPublicKeyFile=<repo>/.tmp/besu-approval-runs/gate-on-follower-follower-36640-1790273421279682000/jwt.hex, tlsConfiguration=Optional.empty, httpTimeoutSec=30, maxActiveConnections=4096, maxBatchSize=1024}
[m[2m2026-09-24 20:10:23.571+0200[m[2m | [m[2mmain[m[2m | [m[33mWARN [m[2m | [m[2mBesu[m[2m | [m[33mForcing --bonsai-limit-trie-logs-enabled=false, since it cannot be enabled with --sync-mode=FULL and --data-storage-format=BONSAI.
[m[2m2026-09-24 20:10:23.578+0200[m[2m | [m[2mmain[m[2m | [m[32mINFO [m[2m | [m[2mBesu[m[2m | [m[32mConnecting to 1 static nodes.
[m[2m2026-09-24 20:10:23.583+0200[m[2m | [m[2mmain[m[2m | [m[33mWARN [m[2m | [m[2mBesu[m[2m | [m[33mForcing price bump for transaction replacement to 0, since min-gas-price is set to 0
[m[2m2026-09-24 20:10:23.584+0200[m[2m | [m[2mmain[m[2m | [m[33mWARN [m[2m | [m[2mBesu[m[2m | [m[33mForcing tx-pool-min-gas-price=0, since it cannot be greater than the value of min-gas-price
[m[2m2026-09-24 20:10:23.617+0200[m[2m | [m[2mmain[m[2m | [m[32mINFO [m[2m | [m[2mBesu[m[2m | [m[32m
####################################################################################################
#                                                                                                  #
# Besu version 26.8.1                                                                              #
#                                                                                                  #
# Configuration:                                                                                   #
# Network: Custom genesis file                                                                     #
# <repo>/.tmp/worktrees/ops-besu-signed-appr                     #
# ovals/poc/besu-signed-approvals/evidence/genesis.json                                            #
# Network Id: 31337                                                                                #
# Data storage: Bonsai                                                                             #
# RocksDB max open files: 1024 (derived from available resources)                                  #
# Sync mode: Full                                                                                  #
# Sync min peers: 5                                                                                #
# P2P Discovery: disabled                                                                          #
# RPC HTTP APIs: ETH,NET,WEB3,DEBUG,TXPOOL,ADMIN,OPS                                               #
# RPC HTTP port: 64670                                                                             #
# Engine APIs: ENGINE,ETH                                                                          #
# Engine port: 64671                                                                               #
# Engine JWT: <repo>/.tmp/worktrees/ops-besu                     #
# -signed-approvals/.tmp/besu-approval-runs/gate-on-follower-follower-36640-17                     #
# 90273421279682000/jwt.hex                                                                        #
# Using LAYERED transaction pool implementation                                                    #
# Using STACKED worldstate update mode                                                             #
# Opcode optimizations enabled                                                                     #
# Parallel transaction processing enabled                                                          #
# BAL pruning enabled (retained BALs: 113056)                                                      #
#                                                                                                  #
# Host:                                                                                            #
# Java: openjdk-java-25                                                                            #
# Maximum heap size: 2,00 GB                                                                       #
# OS: osx-aarch_64                                                                                 #
# Total memory: 32,00 GB                                                                           #
# CPU cores: 12                                                                                    #
#                                                                                                  #
# Plugin Registration Summary:                                                                     #
# Registered Plugins:                                                                              #
#  - OpsApprovalPlugin (ops-besu-approvals/0.1.0-poc)                                              #
# Detected but not registered:                                                                     #
#  - BesuShomeiRpcPlugin (besu-shomei-plugin/v1.0.7)                                               #
#  - ZkTrieLogPlugin (besu-shomei-plugin/v1.0.7)                                                   #
#  - ForwardBundlesPlugin (linea-sequencer/linea-8bb72b4)                                          #
#  - LineaExtraDataPlugin (linea-sequencer/linea-8bb72b4)                                          #
#  - LineaBundleEndpointsPlugin (linea-sequencer/linea-8bb72b4)                                    #
#  - LineaEstimateGasEndpointPlugin (linea-sequencer/linea-8bb72b4)                                #
#  - LineaForcedTransactionEndpointsPlugin (linea-sequencer/linea-8bb72b4)                         #
#  - LineaSetExtraDataEndpointPlugin (linea-sequencer/linea-8bb72b4)                               #
#  - LineaTransactionPoolValidatorPlugin (linea-sequencer/linea-8bb72b4)                           #
#  - LineaTransactionSelectorPlugin (linea-sequencer/linea-8bb72b4)                                #
#  - LineaBlockTransactionValidatorPlugin (linea-sequencer/linea-8bb72b4)                          #
#  - TracerReadinessPlugin (linea-tracer/linea-8bb72b4)                                            #
#  - ConflatedLineCountsEndpointServicePlugin (linea-tracer/linea-8bb72b4)                         #
#  - CaptureEndpointServicePlugin (linea-tracer/linea-8bb72b4)                                     #
#  - LineCountsEndpointServicePlugin (linea-tracer/linea-8bb72b4)                                  #
#  - TracesEndpointServicePlugin (linea-tracer/linea-8bb72b4)                                      #
# TOTAL = 1 of 17 plugins successfully registered.                                                 #
#                                                                                                  #
####################################################################################################
[m[2m2026-09-24 20:10:23.618+0200[m[2m | [m[2mmain[m[2m | [m[32mINFO [m[2m | [m[2mBesu[m[2m | [m[32mSecurity Module: localfile
[m[2m2026-09-24 20:10:23.618+0200[m[2m | [m[2mmain[m[2m | [m[32mINFO [m[2m | [m[2mVersionMetadata[m[2m | [m[32mLookup version metadata file in data directory: <repo>/.tmp/besu-approval-runs/gate-on-follower-follower-36640-1790273421279682000/data
[m[2m2026-09-24 20:10:23.618+0200[m[2m | [m[2mmain[m[2m | [m[32mINFO [m[2m | [m[2mVersionMetadata[m[2m | [m[32mData directory <repo>/.tmp/besu-approval-runs/gate-on-follower-follower-36640-1790273421279682000/data does not exist - creating it
[m[2m2026-09-24 20:10:23.619+0200[m[2m | [m[2mmain[m[2m | [m[32mINFO [m[2m | [m[2mVersionMetadata[m[2m | [m[32mNo version data detected. Writing Besu version 26.8.1 to metadata file
[m[2m2026-09-24 20:10:23.861+0200[m[2m | [m[2mmain[m[2m | [m[32mINFO [m[2m | [m[2mBesu[m[2m | [m[32mUsing the native implementation of alt bn128
[m[2m2026-09-24 20:10:23.862+0200[m[2m | [m[2mmain[m[2m | [m[32mINFO [m[2m | [m[2mBesu[m[2m | [m[32mUsing the Java implementation of modexp
[m[2m2026-09-24 20:10:23.868+0200[m[2m | [m[2mmain[m[2m | [m[32mINFO [m[2m | [m[2mBesu[m[2m | [m[32mUsing the native implementation of the signature algorithm
[m[2m2026-09-24 20:10:23.870+0200[m[2m | [m[2mmain[m[2m | [m[32mINFO [m[2m | [m[2mBesu[m[2m | [m[32mUsing the Java implementation of the blake2bf algorithm
[m[2m2026-09-24 20:10:24.307+0200[m[2m | [m[2mmain[m[2m | [m[32mINFO [m[2m | [m[2mBesu[m[2m | [m[32mUsing the native BoringSSL implementation of p256verify
[m[2m2026-09-24 20:10:24.350+0200[m[2m | [m[2mmain[m[2m | [m[33mWARN [m[2m | [m[2mBesuController[m[2m | [m[33mNo consensus mechanism detected in genesis config, using PoS
[m[2m2026-09-24 20:10:24.356+0200[m[2m | [m[2mmain[m[2m | [m[33mWARN [m[2m | [m[2mBesu[m[2m | [m[33mForcing price bump for transaction replacement to 0, since min-gas-price is set to 0
[m[2m2026-09-24 20:10:24.357+0200[m[2m | [m[2mmain[m[2m | [m[33mWARN [m[2m | [m[2mBesu[m[2m | [m[33mForcing tx-pool-min-gas-price=0, since it cannot be greater than the value of min-gas-price
[m[2m2026-09-24 20:10:24.357+0200[m[2m | [m[2mmain[m[2m | [m[32mINFO [m[2m | [m[2mKeyPairUtil[m[2m | [m[32mAttempting to load public key from <repo>/.tmp/besu-approval-runs/gate-on-follower-follower-36640-1790273421279682000/key
[m[2m2026-09-24 20:10:24.363+0200[m[2m | [m[2mmain[m[2m | [m[32mINFO [m[2m | [m[2mKeyPairUtil[m[2m | [m[32mLoaded public key 0x466d7fcae563e5cb09a0d1870bb580344804617879a14949cf22285f1bae3f276728176c3c6431f8eeda4538dc37c865e2784f3a9e77d044f33e407797e1278a from <repo>/.tmp/besu-approval-runs/gate-on-follower-follower-36640-1790273421279682000/key
[m[2m2026-09-24 20:10:24.412+0200[m[2m | [m[2mmain[m[2m | [m[32mINFO [m[2m | [m[2mProtocolScheduleBuilder[m[2m | [m[32mProtocol schedule created with milestones: [Shanghai:0]
[m[2m2026-09-24 20:10:24.413+0200[m[2m | [m[2mmain[m[2m | [m[32mINFO [m[2m | [m[2mRocksDBKeyValueStorageFactory[m[2m | [m[32mNo existing database at <repo>/.tmp/besu-approval-runs/gate-on-follower-follower-36640-1790273421279682000/data. Using default metadata for new db versionedStorageFormat=BaseVersionedStorageFormat{format=BONSAI, version=3}
[m[2m2026-09-24 20:10:24.940+0200[m[2m | [m[2mmain[m[2m | [m[32mINFO [m[2m | [m[2mFlatDbStrategyProvider[m[2m | [m[32mFlat db mode found FULL
[m[2m2026-09-24 20:10:24.941+0200[m[2m | [m[2mmain[m[2m | [m[32mINFO [m[2m | [m[2mFlatDbStrategyProvider[m[2m | [m[32mDB mode with code stored using code hash enabled = true
[m[2m2026-09-24 20:10:24.947+0200[m[2m | [m[2mmain[m[2m | [m[32mINFO [m[2m | [m[2mFlatDbStrategyProvider[m[2m | [m[32mFlat db mode found FULL
[m[2m2026-09-24 20:10:24.947+0200[m[2m | [m[2mmain[m[2m | [m[32mINFO [m[2m | [m[2mFlatDbStrategyProvider[m[2m | [m[32mDB mode with code stored using code hash enabled = true
[m[2m2026-09-24 20:10:24.999+0200[m[2m | [m[2mmain[m[2m | [m[32mINFO [m[2m | [m[2mBesuControllerBuilder[m[2m | [m[32mAdding ChainDataPruner to observe block added events
[m[2m2026-09-24 20:10:25.000+0200[m[2m | [m[2mmain[m[2m | [m[32mINFO [m[2m | [m[2mBesuControllerBuilder[m[2m | [m[32mBAL pruning enabled | BALs retained: 113056 | Frequency: 256
[m[2m2026-09-24 20:10:25.011+0200[m[2m | [m[2mmain[m[2m | [m[32mINFO [m[2m | [m[2mTransactionPoolFactory[m[2m | [m[32mEnabling transaction pool
[m[2m2026-09-24 20:10:25.017+0200[m[2m | [m[2mmain[m[2m | [m[32mINFO [m[2m | [m[2mEthPeers[m[2m | [m[32mUpdating the default best peer comparator
[m[2m2026-09-24 20:10:25.020+0200[m[2m | [m[2mmain[m[2m | [m[32mINFO [m[2m | [m[2mBesuControllerBuilder[m[2m | [m[32mTTD difficulty is present, creating initial sync for PoS
[m[2m2026-09-24 20:10:25.034+0200[m[2m | [m[2mmain[m[2m | [m[32mINFO [m[2m | [m[2mRunnerBuilder[m[2m | [m[32mDetecting NAT service.
[m[2m2026-09-24 20:10:25.044+0200[m[2m | [m[2mmain[m[2m | [m[32mINFO [m[2m | [m[2mCompositePeerDiscoveryAgentFactory[m[2m | [m[32mPeer discovery mode: V4 (requested=V4, V4=true, V5=false)
[m[2m2026-09-24 20:10:25.163+0200[m[2m | [m[2mmain[m[2m | [m[32mINFO [m[2m | [m[2mRunner[m[2m | [m[32mStarting external services ... 
[m[2m2026-09-24 20:10:25.163+0200[m[2m | [m[2mmain[m[2m | [m[32mINFO [m[2m | [m[2mJsonRpcHttpService[m[2m | [m[32mStarting JSON-RPC service on 127.0.0.1:64670
[m[2m2026-09-24 20:10:25.211+0200[m[2m | [m[2mvert.x-eventloop-thread-1[m[2m | [m[32mINFO [m[2m | [m[2mJsonRpcHttpService[m[2m | [m[32mJSON-RPC service started and listening on 127.0.0.1:64670
[m[2m2026-09-24 20:10:25.211+0200[m[2m | [m[2mmain[m[2m | [m[32mINFO [m[2m | [m[2mEngineJsonRpcService[m[2m | [m[32mStarting JSON-RPC service on 127.0.0.1:64671
[m[2m2026-09-24 20:10:25.212+0200[m[2m | [m[2mvert.x-eventloop-thread-1[m[2m | [m[32mINFO [m[2m | [m[2mEngineJsonRpcService[m[2m | [m[32mJSON-RPC service started and listening on 127.0.0.1:64671
[m[2m2026-09-24 20:10:25.213+0200[m[2m | [m[2mmain[m[2m | [m[32mINFO [m[2m | [m[2mAutoTransactionLogBloomCachingService[m[2m | [m[32mStarting auto transaction log bloom caching service.
[m[2m2026-09-24 20:10:25.214+0200[m[2m | [m[2mmain[m[2m | [m[32mINFO [m[2m | [m[2mLogBloomCacheMetadata[m[2m | [m[32mLookup cache metadata file in data directory: <repo>/.tmp/besu-approval-runs/gate-on-follower-follower-36640-1790273421279682000/data/caches
[m[2m2026-09-24 20:10:25.293+0200[m[2m | [m[2mmain[m[2m | [m[32mINFO [m[2m | [m[2mOpsApprovalPlugin[m[2m | [m[32mOPS approval gate active: listen=127.0.0.1:64672 port=64672 boot_id=f891001852ff8d4cd033416c51170cf2 chain=31337 trusted_keys=[default] wait_ms=5000 capacity=100000 max_ttl_ms=3600000 allowed_sources=127.0.0.1/32 max_connections=32
[m[2m2026-09-24 20:10:25.294+0200[m[2m | [m[2mmain[m[2m | [m[32mINFO [m[2m | [m[2mRunner[m[2m | [m[32mStarting Ethereum main loop ... 
[m[2m2026-09-24 20:10:25.297+0200[m[2m | [m[2mmain[m[2m | [m[32mINFO [m[2m | [m[2mNatService[m[2m | [m[32mNo NAT environment detected so no service could be started
[m[2m2026-09-24 20:10:25.297+0200[m[2m | [m[2mmain[m[2m | [m[32mINFO [m[2m | [m[2mNetworkRunner[m[2m | [m[32mStarting Network.
[m[2m2026-09-24 20:10:25.301+0200[m[2m | [m[2mmain[m[2m | [m[32mINFO [m[2m | [m[2mRlpxAgent[m[2m | [m[32mP2P RLPx agent started and listening on /[0:0:0:0:0:0:0:0]:64673.
[m[2m2026-09-24 20:10:25.302+0200[m[2m | [m[2mmain[m[2m | [m[32mINFO [m[2m | [m[2mDefaultP2PNetwork[m[2m | [m[32mEnode URL enode://466d7fcae563e5cb09a0d1870bb580344804617879a14949cf22285f1bae3f276728176c3c6431f8eeda4538dc37c865e2784f3a9e77d044f33e407797e1278a@127.0.0.1:64673?discport=0
[m[2m2026-09-24 20:10:25.305+0200[m[2m | [m[2mmain[m[2m | [m[32mINFO [m[2m | [m[2mDefaultP2PNetwork[m[2m | [m[32mNode address 0x1563915e194d8cfba1943570603f7606a3115508
[m[2m2026-09-24 20:10:25.319+0200[m[2m | [m[2mmain[m[2m | [m[32mINFO [m[2m | [m[2mNetworkRunner[m[2m | [m[32mSupported capabilities: [eth/68, eth/69, eth/70, eth/71], [snap/1]
[m[2m2026-09-24 20:10:25.319+0200[m[2m | [m[2mmain[m[2m | [m[32mINFO [m[2m | [m[2mDefaultSynchronizer[m[2m | [m[32mStarting synchronizer.
[m[2m2026-09-24 20:10:25.320+0200[m[2m | [m[2mmain[m[2m | [m[32mINFO [m[2m | [m[2mTransactionPoolFactory[m[2m | [m[32mEnabling transaction handling following initial sync
[m[2m2026-09-24 20:10:25.322+0200[m[2m | [m[2mmain[m[2m | [m[32mINFO [m[2m | [m[2mDefaultSynchronizer[m[2m | [m[32mStopping block propagation.
[m[2m2026-09-24 20:10:25.322+0200[m[2m | [m[2mmain[m[2m | [m[32mINFO [m[2m | [m[2mDefaultSynchronizer[m[2m | [m[32mStopping the pruner.
[m[2m2026-09-24 20:10:25.322+0200[m[2m | [m[2mmain[m[2m | [m[32mINFO [m[2m | [m[2mRunner[m[2m | [m[32mEthereum main loop is up.
[m[2m2026-09-24 20:10:28.933+0200[m[2m | [m[2mengine-ordered-execution-0[m[2m | [m[32mINFO [m[2m | [m[2mEngineNewPayloadV2[m[2m | [m[32mImported #1  (a3157.....42b3e)|    0 tx|  0 ws| 875,00 mwei bfee|           0 (  0,0%) gas used| 8,9ms exec|   0,00 Mgas/s|  1 peers
[m[2m2026-09-24 20:10:29.036+0200[m[2m | [m[2mengine-ordered-execution-0[m[2m | [m[32mINFO [m[2m | [m[2mEngineForkchoiceUpdatedV2[m[2m | [m[32mFCU(VALID) | head: a3157.....42b3e | safe: a3157.....42b3e | finalized: a3157.....42b3e
[m[2m2026-09-24 20:10:30.010+0200[m[2m | [m[2mengine-ordered-execution-0[m[2m | [m[32mINFO [m[2m | [m[2mEngineNewPayloadV2[m[2m | [m[32mImported #2  (9f667.....c10b2)|  229 tx|  0 ws| 765,63 mwei bfee|   4.809.000 ( 16,0%) gas used| 36,1ms exec| 133,35 Mgas/s|  1 peers
[m[2m2026-09-24 20:10:30.020+0200[m[2m | [m[2mengine-ordered-execution-0[m[2m | [m[32mINFO [m[2m | [m[2mEngineForkchoiceUpdatedV2[m[2m | [m[32mFCU(VALID) | head: 9f667.....c10b2 | safe: 9f667.....c10b2 | finalized: 9f667.....c10b2
[m[2m2026-09-24 20:10:30.957+0200[m[2m | [m[2mengine-ordered-execution-0[m[2m | [m[32mINFO [m[2m | [m[2mEngineNewPayloadV2[m[2m | [m[32mImported #3  (7fa11.....dd85b)|  291 tx|  0 ws| 700,60 mwei bfee|   6.111.000 ( 20,4%) gas used| 18,7ms exec| 326,80 Mgas/s|  1 peers
[m[2m2026-09-24 20:10:30.964+0200[m[2m | [m[2mengine-ordered-execution-0[m[2m | [m[32mINFO [m[2m | [m[2mEngineForkchoiceUpdatedV2[m[2m | [m[32mFCU(VALID) | head: 7fa11.....dd85b | safe: 7fa11.....dd85b | finalized: 7fa11.....dd85b
[m[2m2026-09-24 20:10:31.938+0200[m[2m | [m[2mengine-ordered-execution-0[m[2m | [m[32mINFO [m[2m | [m[2mEngineNewPayloadV2[m[2m | [m[32mImported #4  (1e5e0.....e533f)|  320 tx|  0 ws| 648,71 mwei bfee|   6.720.000 ( 22,4%) gas used| 29,6ms exec| 227,34 Mgas/s|  1 peers
[m[2m2026-09-24 20:10:31.959+0200[m[2m | [m[2mengine-ordered-execution-0[m[2m | [m[32mINFO [m[2m | [m[2mEngineForkchoiceUpdatedV2[m[2m | [m[32mFCU(VALID) | head: 1e5e0.....e533f | safe: 1e5e0.....e533f | finalized: 1e5e0.....e533f
[m[2m2026-09-24 20:10:32.927+0200[m[2m | [m[2mengine-ordered-execution-0[m[2m | [m[32mINFO [m[2m | [m[2mEngineNewPayloadV2[m[2m | [m[32mImported #5  (33c87.....0133b)|  288 tx|  0 ws| 603,95 mwei bfee|   6.048.000 ( 20,2%) gas used| 14,0ms exec| 433,18 Mgas/s|  1 peers
[m[2m2026-09-24 20:10:32.932+0200[m[2m | [m[2mengine-ordered-execution-0[m[2m | [m[32mINFO [m[2m | [m[2mEngineForkchoiceUpdatedV2[m[2m | [m[32mFCU(VALID) | head: 33c87.....0133b | safe: 33c87.....0133b | finalized: 33c87.....0133b
[m[2m2026-09-24 20:10:33.950+0200[m[2m | [m[2mengine-ordered-execution-0[m[2m | [m[32mINFO [m[2m | [m[2mEngineNewPayloadV2[m[2m | [m[32mImported #6  (37d85.....d0549)|  311 tx|  0 ws| 558,89 mwei bfee|   6.531.000 ( 21,8%) gas used| 21,3ms exec| 307,08 Mgas/s|  1 peers
[m[2m2026-09-24 20:10:33.964+0200[m[2m | [m[2mengine-ordered-execution-0[m[2m | [m[32mINFO [m[2m | [m[2mEngineForkchoiceUpdatedV2[m[2m | [m[32mFCU(VALID) | head: 37d85.....d0549 | safe: 37d85.....d0549 | finalized: 37d85.....d0549
[m[2m2026-09-24 20:10:34.921+0200[m[2m | [m[2mengine-ordered-execution-0[m[2m | [m[32mINFO [m[2m | [m[2mEngineNewPayloadV2[m[2m | [m[32mImported #7  (c95f9.....157d2)|  312 tx|  0 ws| 519,45 mwei bfee|   6.552.000 ( 21,8%) gas used| 10,5ms exec| 623,59 Mgas/s|  1 peers
[m[2m2026-09-24 20:10:34.926+0200[m[2m | [m[2mengine-ordered-execution-0[m[2m | [m[32mINFO [m[2m | [m[2mEngineForkchoiceUpdatedV2[m[2m | [m[32mFCU(VALID) | head: c95f9.....157d2 | safe: c95f9.....157d2 | finalized: c95f9.....157d2
[m[2m2026-09-24 20:10:35.954+0200[m[2m | [m[2mengine-ordered-execution-0[m[2m | [m[32mINFO [m[2m | [m[2mEngineNewPayloadV2[m[2m | [m[32mImported #8  (3ebec.....6c473)|  288 tx|  0 ws| 482,88 mwei bfee|   6.048.000 ( 20,2%) gas used| 11,2ms exec| 538,67 Mgas/s|  1 peers
[m[2m2026-09-24 20:10:35.961+0200[m[2m | [m[2mengine-ordered-execution-0[m[2m | [m[32mINFO [m[2m | [m[2mEngineForkchoiceUpdatedV2[m[2m | [m[32mFCU(VALID) | head: 3ebec.....6c473 | safe: 3ebec.....6c473 | finalized: 3ebec.....6c473
[m[2m2026-09-24 20:10:36.929+0200[m[2m | [m[2mengine-ordered-execution-0[m[2m | [m[32mINFO [m[2m | [m[2mEngineNewPayloadV2[m[2m | [m[32mImported #9  (d1d35.....e8a60)|  311 tx|  0 ws| 446,86 mwei bfee|   6.531.000 ( 21,8%) gas used| 9,1ms exec| 719,20 Mgas/s|  1 peers
[m[2m2026-09-24 20:10:36.933+0200[m[2m | [m[2mengine-ordered-execution-0[m[2m | [m[32mINFO [m[2m | [m[2mEngineForkchoiceUpdatedV2[m[2m | [m[32mFCU(VALID) | head: d1d35.....e8a60 | safe: d1d35.....e8a60 | finalized: d1d35.....e8a60
[m[2m2026-09-24 20:10:37.953+0200[m[2m | [m[2mengine-ordered-execution-0[m[2m | [m[32mINFO [m[2m | [m[2mEngineNewPayloadV2[m[2m | [m[32mImported #10  (5a282.....65bdd)|  289 tx|  0 ws| 415,32 mwei bfee|   6.069.000 ( 20,2%) gas used| 7,3ms exec| 831,82 Mgas/s|  1 peers
[m[2m2026-09-24 20:10:37.957+0200[m[2m | [m[2mengine-ordered-execution-0[m[2m | [m[32mINFO [m[2m | [m[2mEngineForkchoiceUpdatedV2[m[2m | [m[32mFCU(VALID) | head: 5a282.....65bdd | safe: 5a282.....65bdd | finalized: 5a282.....65bdd
[m[2m2026-09-24 20:10:38.928+0200[m[2m | [m[2mengine-ordered-execution-0[m[2m | [m[32mINFO [m[2m | [m[2mEngineNewPayloadV2[m[2m | [m[32mImported #11  (2c35f.....07813)|  320 tx|  0 ws| 384,41 mwei bfee|   6.720.000 ( 22,4%) gas used| 6,9ms exec| 980,43 Mgas/s|  1 peers
[m[2m2026-09-24 20:10:38.933+0200[m[2m | [m[2mengine-ordered-execution-0[m[2m | [m[32mINFO [m[2m | [m[2mEngineForkchoiceUpdatedV2[m[2m | [m[32mFCU(VALID) | head: 2c35f.....07813 | safe: 2c35f.....07813 | finalized: 2c35f.....07813
[m[2m2026-09-24 20:10:39.953+0200[m[2m | [m[2mengine-ordered-execution-0[m[2m | [m[32mINFO [m[2m | [m[2mEngineNewPayloadV2[m[2m | [m[32mImported #12  (a5281.....b986a)|  280 tx|  0 ws| 357,88 mwei bfee|   5.880.000 ( 19,6%) gas used| 5,8ms exec| 1007,87 Mgas/s|  1 peers
[m[2m2026-09-24 20:10:39.957+0200[m[2m | [m[2mengine-ordered-execution-0[m[2m | [m[32mINFO [m[2m | [m[2mEngineForkchoiceUpdatedV2[m[2m | [m[32mFCU(VALID) | head: a5281.....b986a | safe: a5281.....b986a | finalized: a5281.....b986a
[m[2m2026-09-24 20:10:40.950+0200[m[2m | [m[2mengine-ordered-execution-0[m[2m | [m[32mINFO [m[2m | [m[2mEngineNewPayloadV2[m[2m | [m[32mImported #13  (28dc0.....96234)|  320 tx|  0 ws| 330,69 mwei bfee|   6.720.000 ( 22,4%) gas used| 12,8ms exec| 526,24 Mgas/s|  1 peers
[m[2m2026-09-24 20:10:40.955+0200[m[2m | [m[2mengine-ordered-execution-0[m[2m | [m[32mINFO [m[2m | [m[2mEngineForkchoiceUpdatedV2[m[2m | [m[32mFCU(VALID) | head: 28dc0.....96234 | safe: 28dc0.....96234 | finalized: 28dc0.....96234
[m[2m2026-09-24 20:10:41.953+0200[m[2m | [m[2mengine-ordered-execution-0[m[2m | [m[32mINFO [m[2m | [m[2mEngineNewPayloadV2[m[2m | [m[32mImported #14  (240b5.....4833d)|  280 tx|  0 ws| 307,87 mwei bfee|   5.880.000 ( 19,6%) gas used| 5,8ms exec| 1008,50 Mgas/s|  1 peers
[m[2m2026-09-24 20:10:41.957+0200[m[2m | [m[2mengine-ordered-execution-0[m[2m | [m[32mINFO [m[2m | [m[2mEngineForkchoiceUpdatedV2[m[2m | [m[32mFCU(VALID) | head: 240b5.....4833d | safe: 240b5.....4833d | finalized: 240b5.....4833d
[m[2m2026-09-24 20:10:42.948+0200[m[2m | [m[2mengine-ordered-execution-0[m[2m | [m[32mINFO [m[2m | [m[2mEngineNewPayloadV2[m[2m | [m[32mImported #15  (4518d.....63f6e)|  320 tx|  0 ws| 284,47 mwei bfee|   6.720.000 ( 22,4%) gas used| 5,1ms exec| 1329,28 Mgas/s|  1 peers
[m[2m2026-09-24 20:10:42.954+0200[m[2m | [m[2mengine-ordered-execution-0[m[2m | [m[32mINFO [m[2m | [m[2mEngineForkchoiceUpdatedV2[m[2m | [m[32mFCU(VALID) | head: 4518d.....63f6e | safe: 4518d.....63f6e | finalized: 4518d.....63f6e
[m[2m2026-09-24 20:10:43.964+0200[m[2m | [m[2mengine-ordered-execution-0[m[2m | [m[32mINFO [m[2m | [m[2mEngineNewPayloadV2[m[2m | [m[32mImported #16  (23294.....aaf32)|  280 tx|  0 ws| 264,84 mwei bfee|   5.880.000 ( 19,6%) gas used| 5,0ms exec| 1170,60 Mgas/s|  1 peers
[m[2m2026-09-24 20:10:43.968+0200[m[2m | [m[2mengine-ordered-execution-0[m[2m | [m[32mINFO [m[2m | [m[2mEngineForkchoiceUpdatedV2[m[2m | [m[32mFCU(VALID) | head: 23294.....aaf32 | safe: 23294.....aaf32 | finalized: 23294.....aaf32
[m[2m2026-09-24 20:10:44.959+0200[m[2m | [m[2mengine-ordered-execution-0[m[2m | [m[32mINFO [m[2m | [m[2mEngineNewPayloadV2[m[2m | [m[32mImported #17  (021fb.....8cc64)|  320 tx|  0 ws| 244,71 mwei bfee|   6.720.000 ( 22,4%) gas used| 5,1ms exec| 1323,97 Mgas/s|  1 peers
[m[2m2026-09-24 20:10:44.965+0200[m[2m | [m[2mengine-ordered-execution-0[m[2m | [m[32mINFO [m[2m | [m[2mEngineForkchoiceUpdatedV2[m[2m | [m[32mFCU(VALID) | head: 021fb.....8cc64 | safe: 021fb.....8cc64 | finalized: 021fb.....8cc64
[m[2m2026-09-24 20:10:45.963+0200[m[2m | [m[2mengine-ordered-execution-0[m[2m | [m[32mINFO [m[2m | [m[2mEngineNewPayloadV2[m[2m | [m[32mImported #18  (d31f0.....b3c67)|  300 tx|  0 ws| 227,83 mwei bfee|   6.300.000 ( 21,0%) gas used| 5,2ms exec| 1209,52 Mgas/s|  1 peers
[m[2m2026-09-24 20:10:45.967+0200[m[2m | [m[2mengine-ordered-execution-0[m[2m | [m[32mINFO [m[2m | [m[2mEngineForkchoiceUpdatedV2[m[2m | [m[32mFCU(VALID) | head: d31f0.....b3c67 | safe: d31f0.....b3c67 | finalized: d31f0.....b3c67
[m[2m2026-09-24 20:10:47.016+0200[m[2m | [m[2mengine-ordered-execution-0[m[2m | [m[32mINFO [m[2m | [m[2mEngineNewPayloadV2[m[2m | [m[32mImported #19  (0f20d.....0b54c)|  300 tx|  0 ws| 211,31 mwei bfee|   6.300.000 ( 21,0%) gas used| 9,7ms exec| 647,04 Mgas/s|  1 peers
[m[2m2026-09-24 20:10:47.024+0200[m[2m | [m[2mengine-ordered-execution-0[m[2m | [m[32mINFO [m[2m | [m[2mEngineForkchoiceUpdatedV2[m[2m | [m[32mFCU(VALID) | head: 0f20d.....0b54c | safe: 0f20d.....0b54c | finalized: 0f20d.....0b54c
[m[2m2026-09-24 20:10:47.994+0200[m[2m | [m[2mengine-ordered-execution-0[m[2m | [m[32mINFO [m[2m | [m[2mEngineNewPayloadV2[m[2m | [m[32mImported #20  (dfde5.....21566)|  288 tx|  0 ws| 195,99 mwei bfee|   6.048.000 ( 20,2%) gas used| 8,4ms exec| 723,11 Mgas/s|  1 peers
[m[2m2026-09-24 20:10:47.998+0200[m[2m | [m[2mengine-ordered-execution-0[m[2m | [m[32mINFO [m[2m | [m[2mEngineForkchoiceUpdatedV2[m[2m | [m[32mFCU(VALID) | head: dfde5.....21566 | safe: dfde5.....21566 | finalized: dfde5.....21566
[m[2m2026-09-24 20:10:48.978+0200[m[2m | [m[2mengine-ordered-execution-0[m[2m | [m[32mINFO [m[2m | [m[2mEngineNewPayloadV2[m[2m | [m[32mImported #21  (bd5e0.....55c6e)|  312 tx|  0 ws| 181,37 mwei bfee|   6.552.000 ( 21,8%) gas used| 5,4ms exec| 1208,79 Mgas/s|  1 peers
[m[2m2026-09-24 20:10:48.982+0200[m[2m | [m[2mengine-ordered-execution-0[m[2m | [m[32mINFO [m[2m | [m[2mEngineForkchoiceUpdatedV2[m[2m | [m[32mFCU(VALID) | head: bd5e0.....55c6e | safe: bd5e0.....55c6e | finalized: bd5e0.....55c6e
[m[2m2026-09-24 20:10:49.998+0200[m[2m | [m[2mengine-ordered-execution-0[m[2m | [m[32mINFO [m[2m | [m[2mEngineNewPayloadV2[m[2m | [m[32mImported #22  (3436e.....10351)|   20 tx|  0 ws| 168,60 mwei bfee|     420.000 (  1,4%) gas used| 2,9ms exec| 143,62 Mgas/s|  1 peers
[m[2m2026-09-24 20:10:50.002+0200[m[2m | [m[2mengine-ordered-execution-0[m[2m | [m[32mINFO [m[2m | [m[2mEngineForkchoiceUpdatedV2[m[2m | [m[32mFCU(VALID) | head: 3436e.....10351 | safe: 3436e.....10351 | finalized: 3436e.....10351
[m[2m2026-09-24 20:10:51.193+0200[m[2m | [m[2mengine-ordered-execution-0[m[2m | [m[32mINFO [m[2m | [m[2mEngineNewPayloadV2[m[2m | [m[32mImported #23  (c9b3b.....b8e5f)|    0 tx|  0 ws| 148,12 mwei bfee|           0 (  0,0%) gas used| 0,5ms exec|   0,00 Mgas/s|  1 peers
[m[2m2026-09-24 20:10:51.194+0200[m[2m | [m[2mengine-ordered-execution-0[m[2m | [m[32mINFO [m[2m | [m[2mEngineForkchoiceUpdatedV2[m[2m | [m[32mFCU(VALID) | head: c9b3b.....b8e5f | safe: c9b3b.....b8e5f | finalized: c9b3b.....b8e5f
[m[2m2026-09-24 20:10:52.224+0200[m[2m | [m[2mengine-ordered-execution-0[m[2m | [m[32mINFO [m[2m | [m[2mEngineNewPayloadV2[m[2m | [m[32mImported #24  (248f0.....168eb)|    0 tx|  0 ws| 129,60 mwei bfee|           0 (  0,0%) gas used| 0,5ms exec|   0,00 Mgas/s|  1 peers
[m[2m2026-09-24 20:10:52.226+0200[m[2m | [m[2mengine-ordered-execution-0[m[2m | [m[32mINFO [m[2m | [m[2mEngineForkchoiceUpdatedV2[m[2m | [m[32mFCU(VALID) | head: 248f0.....168eb | safe: 248f0.....168eb | finalized: 248f0.....168eb
[m[2m2026-09-24 20:10:53.268+0200[m[2m | [m[2mengine-ordered-execution-0[m[2m | [m[32mINFO [m[2m | [m[2mEngineNewPayloadV2[m[2m | [m[32mImported #25  (e1217.....3d993)|    0 tx|  0 ws| 113,40 mwei bfee|           0 (  0,0%) gas used| 0,8ms exec|   0,00 Mgas/s|  1 peers
[m[2m2026-09-24 20:10:53.270+0200[m[2m | [m[2mengine-ordered-execution-0[m[2m | [m[32mINFO [m[2m | [m[2mEngineForkchoiceUpdatedV2[m[2m | [m[32mFCU(VALID) | head: e1217.....3d993 | safe: e1217.....3d993 | finalized: e1217.....3d993
[m[2m2026-09-24 20:10:54.301+0200[m[2m | [m[2mengine-ordered-execution-0[m[2m | [m[32mINFO [m[2m | [m[2mEngineNewPayloadV2[m[2m | [m[32mImported #26  (dd3b3.....4e8c2)|    0 tx|  0 ws|  99,23 mwei bfee|           0 (  0,0%) gas used| 0,8ms exec|   0,00 Mgas/s|  1 peers
[m[2m2026-09-24 20:10:54.303+0200[m[2m | [m[2mengine-ordered-execution-0[m[2m | [m[32mINFO [m[2m | [m[2mEngineForkchoiceUpdatedV2[m[2m | [m[32mFCU(VALID) | head: dd3b3.....4e8c2 | safe: dd3b3.....4e8c2 | finalized: dd3b3.....4e8c2
[m[2m2026-09-24 20:10:55.326+0200[m[2m | [m[2mengine-ordered-execution-0[m[2m | [m[32mINFO [m[2m | [m[2mEngineNewPayloadV2[m[2m | [m[32mImported #27  (d5973.....75ce8)|    0 tx|  0 ws|  86,82 mwei bfee|           0 (  0,0%) gas used| 0,6ms exec|   0,00 Mgas/s|  1 peers
[m[2m2026-09-24 20:10:55.327+0200[m[2m | [m[2mengine-ordered-execution-0[m[2m | [m[32mINFO [m[2m | [m[2mEngineForkchoiceUpdatedV2[m[2m | [m[32mFCU(VALID) | head: d5973.....75ce8 | safe: d5973.....75ce8 | finalized: d5973.....75ce8
[m[2m2026-09-24 20:10:56.342+0200[m[2m | [m[2mengine-ordered-execution-0[m[2m | [m[32mINFO [m[2m | [m[2mEngineNewPayloadV2[m[2m | [m[32mImported #28  (6a58d.....26108)|    0 tx|  0 ws|  75,97 mwei bfee|           0 (  0,0%) gas used| 0,4ms exec|   0,00 Mgas/s|  1 peers
[m[2m2026-09-24 20:10:56.343+0200[m[2m | [m[2mengine-ordered-execution-0[m[2m | [m[32mINFO [m[2m | [m[2mEngineForkchoiceUpdatedV2[m[2m | [m[32mFCU(VALID) | head: 6a58d.....26108 | safe: 6a58d.....26108 | finalized: 6a58d.....26108
[m[2m2026-09-24 20:10:57.370+0200[m[2m | [m[2mengine-ordered-execution-0[m[2m | [m[32mINFO [m[2m | [m[2mEngineNewPayloadV2[m[2m | [m[32mImported #29  (53b1b.....00a94)|    0 tx|  0 ws|  66,47 mwei bfee|           0 (  0,0%) gas used| 0,8ms exec|   0,00 Mgas/s|  1 peers
[m[2m2026-09-24 20:10:57.372+0200[m[2m | [m[2mengine-ordered-execution-0[m[2m | [m[32mINFO [m[2m | [m[2mEngineForkchoiceUpdatedV2[m[2m | [m[32mFCU(VALID) | head: 53b1b.....00a94 | safe: 53b1b.....00a94 | finalized: 53b1b.....00a94
[m[2m2026-09-24 20:10:58.421+0200[m[2m | [m[2mengine-ordered-execution-0[m[2m | [m[32mINFO [m[2m | [m[2mEngineNewPayloadV2[m[2m | [m[32mImported #30  (3bce9.....bc958)|    0 tx|  0 ws|  58,16 mwei bfee|           0 (  0,0%) gas used| 3,6ms exec|   0,00 Mgas/s|  1 peers
[m[2m2026-09-24 20:10:58.424+0200[m[2m | [m[2mengine-ordered-execution-0[m[2m | [m[32mINFO [m[2m | [m[2mEngineForkchoiceUpdatedV2[m[2m | [m[32mFCU(VALID) | head: 3bce9.....bc958 | safe: 3bce9.....bc958 | finalized: 3bce9.....bc958
[m[2m2026-09-24 20:10:59.458+0200[m[2m | [m[2mengine-ordered-execution-0[m[2m | [m[32mINFO [m[2m | [m[2mEngineNewPayloadV2[m[2m | [m[32mImported #31  (12fb9.....0e4be)|    0 tx|  0 ws|  50,89 mwei bfee|           0 (  0,0%) gas used| 2,2ms exec|   0,00 Mgas/s|  1 peers
[m[2m2026-09-24 20:10:59.464+0200[m[2m | [m[2mengine-ordered-execution-0[m[2m | [m[32mINFO [m[2m | [m[2mEngineForkchoiceUpdatedV2[m[2m | [m[32mFCU(VALID) | head: 12fb9.....0e4be | safe: 12fb9.....0e4be | finalized: 12fb9.....0e4be
[m[2m2026-09-24 20:11:00.486+0200[m[2m | [m[2mengine-ordered-execution-0[m[2m | [m[32mINFO [m[2m | [m[2mEngineNewPayloadV2[m[2m | [m[32mImported #32  (2a646.....746b6)|    0 tx|  0 ws|  44,53 mwei bfee|           0 (  0,0%) gas used| 0,4ms exec|   0,00 Mgas/s|  1 peers
[m[2m2026-09-24 20:11:00.487+0200[m[2m | [m[2mengine-ordered-execution-0[m[2m | [m[32mINFO [m[2m | [m[2mEngineForkchoiceUpdatedV2[m[2m | [m[32mFCU(VALID) | head: 2a646.....746b6 | safe: 2a646.....746b6 | finalized: 2a646.....746b6
[m[2m2026-09-24 20:11:01.513+0200[m[2m | [m[2mengine-ordered-execution-0[m[2m | [m[32mINFO [m[2m | [m[2mEngineNewPayloadV2[m[2m | [m[32mImported #33  (adc0b.....83cd5)|    0 tx|  0 ws|  38,97 mwei bfee|           0 (  0,0%) gas used| 0,5ms exec|   0,00 Mgas/s|  1 peers
[m[2m2026-09-24 20:11:01.514+0200[m[2m | [m[2mengine-ordered-execution-0[m[2m | [m[32mINFO [m[2m | [m[2mEngineForkchoiceUpdatedV2[m[2m | [m[32mFCU(VALID) | head: adc0b.....83cd5 | safe: adc0b.....83cd5 | finalized: adc0b.....83cd5
[m[2m2026-09-24 20:11:02.539+0200[m[2m | [m[2mengine-ordered-execution-0[m[2m | [m[32mINFO [m[2m | [m[2mEngineNewPayloadV2[m[2m | [m[32mImported #34  (8d38f.....97a9b)|    0 tx|  0 ws|  34,10 mwei bfee|           0 (  0,0%) gas used| 0,4ms exec|   0,00 Mgas/s|  1 peers
[m[2m2026-09-24 20:11:02.540+0200[m[2m | [m[2mengine-ordered-execution-0[m[2m | [m[32mINFO [m[2m | [m[2mEngineForkchoiceUpdatedV2[m[2m | [m[32mFCU(VALID) | head: 8d38f.....97a9b | safe: 8d38f.....97a9b | finalized: 8d38f.....97a9b
[m[2m2026-09-24 20:11:03.570+0200[m[2m | [m[2mengine-ordered-execution-0[m[2m | [m[32mINFO [m[2m | [m[2mEngineNewPayloadV2[m[2m | [m[32mImported #35  (9705d.....16204)|    0 tx|  0 ws|  29,83 mwei bfee|           0 (  0,0%) gas used| 1,0ms exec|   0,00 Mgas/s|  1 peers
[m[2m2026-09-24 20:11:03.573+0200[m[2m | [m[2mengine-ordered-execution-0[m[2m | [m[32mINFO [m[2m | [m[2mEngineForkchoiceUpdatedV2[m[2m | [m[32mFCU(VALID) | head: 9705d.....16204 | safe: 9705d.....16204 | finalized: 9705d.....16204
[m[2m2026-09-24 20:11:04.599+0200[m[2m | [m[2mengine-ordered-execution-0[m[2m | [m[32mINFO [m[2m | [m[2mEngineNewPayloadV2[m[2m | [m[32mImported #36  (ab55e.....97e63)|    0 tx|  0 ws|  26,10 mwei bfee|           0 (  0,0%) gas used| 0,6ms exec|   0,00 Mgas/s|  1 peers
[m[2m2026-09-24 20:11:04.601+0200[m[2m | [m[2mengine-ordered-execution-0[m[2m | [m[32mINFO [m[2m | [m[2mEngineForkchoiceUpdatedV2[m[2m | [m[32mFCU(VALID) | head: ab55e.....97e63 | safe: ab55e.....97e63 | finalized: ab55e.....97e63
[m[2m2026-09-24 20:11:05.442+0200[m[2m | [m[2mengine-ordered-execution-0[m[2m | [m[32mINFO [m[2m | [m[2mEngineNewPayloadV2[m[2m | [m[32mImported #37  (d5413.....ef2c8)|  438 tx|  0 ws|  22,84 mwei bfee|   9.198.000 ( 30,7%) gas used| 7,3ms exec| 1253,51 Mgas/s|  1 peers
[m[2m2026-09-24 20:11:05.448+0200[m[2m | [m[2mengine-ordered-execution-0[m[2m | [m[32mINFO [m[2m | [m[2mEngineForkchoiceUpdatedV2[m[2m | [m[32mFCU(VALID) | head: d5413.....ef2c8 | safe: d5413.....ef2c8 | finalized: d5413.....ef2c8
[m[2m2026-09-24 20:11:06.479+0200[m[2m | [m[2mengine-ordered-execution-0[m[2m | [m[32mINFO [m[2m | [m[2mEngineNewPayloadV2[m[2m | [m[32mImported #38  (ff268.....17a51)|  522 tx|  0 ws|  21,74 mwei bfee|  10.962.000 ( 36,5%) gas used| 8,8ms exec| 1245,57 Mgas/s|  1 peers
[m[2m2026-09-24 20:11:06.486+0200[m[2m | [m[2mengine-ordered-execution-0[m[2m | [m[32mINFO [m[2m | [m[2mEngineForkchoiceUpdatedV2[m[2m | [m[32mFCU(VALID) | head: ff268.....17a51 | safe: ff268.....17a51 | finalized: ff268.....17a51
[m[2m2026-09-24 20:11:07.442+0200[m[2m | [m[2mengine-ordered-execution-0[m[2m | [m[32mINFO [m[2m | [m[2mEngineNewPayloadV2[m[2m | [m[32mImported #39  (6be7f.....1e343)|  480 tx|  0 ws|  21,01 mwei bfee|  10.080.000 ( 33,6%) gas used| 11,3ms exec| 890,00 Mgas/s|  1 peers
[m[2m2026-09-24 20:11:07.448+0200[m[2m | [m[2mengine-ordered-execution-0[m[2m | [m[32mINFO [m[2m | [m[2mEngineForkchoiceUpdatedV2[m[2m | [m[32mFCU(VALID) | head: 6be7f.....1e343 | safe: 6be7f.....1e343 | finalized: 6be7f.....1e343
[m[2m2026-09-24 20:11:08.446+0200[m[2m | [m[2mengine-ordered-execution-0[m[2m | [m[32mINFO [m[2m | [m[2mEngineNewPayloadV2[m[2m | [m[32mImported #40  (fdb85.....516b7)|  498 tx|  0 ws|  20,14 mwei bfee|  10.458.000 ( 34,9%) gas used| 9,1ms exec| 1152,75 Mgas/s|  1 peers
[m[2m2026-09-24 20:11:08.455+0200[m[2m | [m[2mengine-ordered-execution-0[m[2m | [m[32mINFO [m[2m | [m[2mEngineForkchoiceUpdatedV2[m[2m | [m[32mFCU(VALID) | head: fdb85.....516b7 | safe: fdb85.....516b7 | finalized: fdb85.....516b7
[m[2m2026-09-24 20:11:09.468+0200[m[2m | [m[2mengine-ordered-execution-0[m[2m | [m[32mINFO [m[2m | [m[2mEngineNewPayloadV2[m[2m | [m[32mImported #41  (115a8.....a3d47)|  522 tx|  0 ws|  19,38 mwei bfee|  10.962.000 ( 36,5%) gas used| 6,7ms exec| 1638,65 Mgas/s|  1 peers
[m[2m2026-09-24 20:11:09.474+0200[m[2m | [m[2mengine-ordered-execution-0[m[2m | [m[32mINFO [m[2m | [m[2mEngineForkchoiceUpdatedV2[m[2m | [m[32mFCU(VALID) | head: 115a8.....a3d47 | safe: 115a8.....a3d47 | finalized: 115a8.....a3d47
[m[2m2026-09-24 20:11:10.448+0200[m[2m | [m[2mengine-ordered-execution-0[m[2m | [m[32mINFO [m[2m | [m[2mEngineNewPayloadV2[m[2m | [m[32mImported #42  (1c963.....ba7b3)|  480 tx|  0 ws|  18,73 mwei bfee|  10.080.000 ( 33,6%) gas used| 8,0ms exec| 1267,11 Mgas/s|  1 peers
[m[2m2026-09-24 20:11:10.455+0200[m[2m | [m[2mengine-ordered-execution-0[m[2m | [m[32mINFO [m[2m | [m[2mEngineForkchoiceUpdatedV2[m[2m | [m[32mFCU(VALID) | head: 1c963.....ba7b3 | safe: 1c963.....ba7b3 | finalized: 1c963.....ba7b3
[m[2m2026-09-24 20:11:11.499+0200[m[2m | [m[2mengine-ordered-execution-0[m[2m | [m[32mINFO [m[2m | [m[2mEngineNewPayloadV2[m[2m | [m[32mImported #43  (c624e.....4421e)|  540 tx|  0 ws|  17,96 mwei bfee|  11.340.000 ( 37,8%) gas used| 10,4ms exec| 1086,00 Mgas/s|  1 peers
[m[2m2026-09-24 20:11:11.505+0200[m[2m | [m[2mengine-ordered-execution-0[m[2m | [m[32mINFO [m[2m | [m[2mEngineForkchoiceUpdatedV2[m[2m | [m[32mFCU(VALID) | head: c624e.....4421e | safe: c624e.....4421e | finalized: c624e.....4421e
[m[2m2026-09-24 20:11:12.470+0200[m[2m | [m[2mengine-ordered-execution-0[m[2m | [m[32mINFO [m[2m | [m[2mEngineNewPayloadV2[m[2m | [m[32mImported #44  (5759c.....14cd9)|  480 tx|  0 ws|  17,41 mwei bfee|  10.080.000 ( 33,6%) gas used| 7,0ms exec| 1431,84 Mgas/s|  1 peers
[m[2m2026-09-24 20:11:12.478+0200[m[2m | [m[2mengine-ordered-execution-0[m[2m | [m[32mINFO [m[2m | [m[2mEngineForkchoiceUpdatedV2[m[2m | [m[32mFCU(VALID) | head: 5759c.....14cd9 | safe: 5759c.....14cd9 | finalized: 5759c.....14cd9
[m[2m2026-09-24 20:11:13.462+0200[m[2m | [m[2mengine-ordered-execution-0[m[2m | [m[32mINFO [m[2m | [m[2mEngineNewPayloadV2[m[2m | [m[32mImported #45  (99c80.....88573)|  480 tx|  0 ws|  16,70 mwei bfee|  10.080.000 ( 33,6%) gas used| 7,9ms exec| 1282,13 Mgas/s|  1 peers
[m[2m2026-09-24 20:11:13.468+0200[m[2m | [m[2mengine-ordered-execution-0[m[2m | [m[32mINFO [m[2m | [m[2mEngineForkchoiceUpdatedV2[m[2m | [m[32mFCU(VALID) | head: 99c80.....88573 | safe: 99c80.....88573 | finalized: 99c80.....88573
[m[2m2026-09-24 20:11:14.470+0200[m[2m | [m[2mengine-ordered-execution-0[m[2m | [m[32mINFO [m[2m | [m[2mEngineNewPayloadV2[m[2m | [m[32mImported #46  (5e960.....4e977)|  540 tx|  0 ws|  16,02 mwei bfee|  11.340.000 ( 37,8%) gas used| 11,5ms exec| 987,06 Mgas/s|  1 peers
[m[2m2026-09-24 20:11:14.490+0200[m[2m | [m[2mengine-ordered-execution-0[m[2m | [m[32mINFO [m[2m | [m[2mEngineForkchoiceUpdatedV2[m[2m | [m[32mFCU(VALID) | head: 5e960.....4e977 | safe: 5e960.....4e977 | finalized: 5e960.....4e977
[m[2m2026-09-24 20:11:15.472+0200[m[2m | [m[2mengine-ordered-execution-0[m[2m | [m[32mINFO [m[2m | [m[2mEngineNewPayloadV2[m[2m | [m[32mImported #47  (3b0f8.....18cfa)|  480 tx|  0 ws|  15,53 mwei bfee|  10.080.000 ( 33,6%) gas used| 6,8ms exec| 1488,23 Mgas/s|  1 peers
[m[2m2026-09-24 20:11:15.477+0200[m[2m | [m[2mengine-ordered-execution-0[m[2m | [m[32mINFO [m[2m | [m[2mEngineForkchoiceUpdatedV2[m[2m | [m[32mFCU(VALID) | head: 3b0f8.....18cfa | safe: 3b0f8.....18cfa | finalized: 3b0f8.....18cfa
[m[2m2026-09-24 20:11:16.474+0200[m[2m | [m[2mengine-ordered-execution-0[m[2m | [m[32mINFO [m[2m | [m[2mEngineNewPayloadV2[m[2m | [m[32mImported #48  (8c540.....0987c)|  498 tx|  0 ws|  14,89 mwei bfee|  10.458.000 ( 34,9%) gas used| 7,2ms exec| 1455,68 Mgas/s|  1 peers
[m[2m2026-09-24 20:11:16.480+0200[m[2m | [m[2mengine-ordered-execution-0[m[2m | [m[32mINFO [m[2m | [m[2mEngineForkchoiceUpdatedV2[m[2m | [m[32mFCU(VALID) | head: 8c540.....0987c | safe: 8c540.....0987c | finalized: 8c540.....0987c
[m[2m2026-09-24 20:11:17.518+0200[m[2m | [m[2mengine-ordered-execution-0[m[2m | [m[32mINFO [m[2m | [m[2mEngineNewPayloadV2[m[2m | [m[32mImported #49  (d2e0a.....c01cc)|  522 tx|  0 ws|  14,33 mwei bfee|  10.962.000 ( 36,5%) gas used| 7,2ms exec| 1528,83 Mgas/s|  1 peers
[m[2m2026-09-24 20:11:17.524+0200[m[2m | [m[2mengine-ordered-execution-0[m[2m | [m[32mINFO [m[2m | [m[2mEngineForkchoiceUpdatedV2[m[2m | [m[32mFCU(VALID) | head: d2e0a.....c01cc | safe: d2e0a.....c01cc | finalized: d2e0a.....c01cc
[m[2m2026-09-24 20:11:18.495+0200[m[2m | [m[2mengine-ordered-execution-0[m[2m | [m[32mINFO [m[2m | [m[2mEngineNewPayloadV2[m[2m | [m[32mImported #50  (58792.....c9ebf)|  480 tx|  0 ws|  13,84 mwei bfee|  10.080.000 ( 33,6%) gas used| 6,9ms exec| 1457,37 Mgas/s|  1 peers
[m[2m2026-09-24 20:11:18.501+0200[m[2m | [m[2mengine-ordered-execution-0[m[2m | [m[32mINFO [m[2m | [m[2mEngineForkchoiceUpdatedV2[m[2m | [m[32mFCU(VALID) | head: 58792.....c9ebf | safe: 58792.....c9ebf | finalized: 58792.....c9ebf
[m[2m2026-09-24 20:11:19.537+0200[m[2m | [m[2mengine-ordered-execution-0[m[2m | [m[32mINFO [m[2m | [m[2mEngineNewPayloadV2[m[2m | [m[32mImported #51  (e9719.....f2380)|  487 tx|  0 ws|  13,28 mwei bfee|  10.227.000 ( 34,1%) gas used| 36,9ms exec| 277,36 Mgas/s|  1 peers
[m[2m2026-09-24 20:11:19.550+0200[m[2m | [m[2mengine-ordered-execution-0[m[2m | [m[32mINFO [m[2m | [m[2mEngineForkchoiceUpdatedV2[m[2m | [m[32mFCU(VALID) | head: e9719.....f2380 | safe: e9719.....f2380 | finalized: e9719.....f2380
[m[2m2026-09-24 20:11:20.517+0200[m[2m | [m[2mengine-ordered-execution-0[m[2m | [m[32mINFO [m[2m | [m[2mEngineNewPayloadV2[m[2m | [m[32mImported #52  (fcf20.....9a907)|  533 tx|  0 ws|  12,75 mwei bfee|  11.193.000 ( 37,3%) gas used| 9,8ms exec| 1140,64 Mgas/s|  1 peers
[m[2m2026-09-24 20:11:20.524+0200[m[2m | [m[2mengine-ordered-execution-0[m[2m | [m[32mINFO [m[2m | [m[2mEngineForkchoiceUpdatedV2[m[2m | [m[32mFCU(VALID) | head: fcf20.....9a907 | safe: fcf20.....9a907 | finalized: fcf20.....9a907
[m[2m2026-09-24 20:11:21.526+0200[m[2m | [m[2mengine-ordered-execution-0[m[2m | [m[32mINFO [m[2m | [m[2mEngineNewPayloadV2[m[2m | [m[32mImported #53  (a4c27.....78bfe)|  515 tx|  0 ws|  12,34 mwei bfee|  10.815.000 ( 36,1%) gas used| 7,0ms exec| 1539,84 Mgas/s|  1 peers
[m[2m2026-09-24 20:11:21.532+0200[m[2m | [m[2mengine-ordered-execution-0[m[2m | [m[32mINFO [m[2m | [m[2mEngineForkchoiceUpdatedV2[m[2m | [m[32mFCU(VALID) | head: a4c27.....78bfe | safe: a4c27.....78bfe | finalized: a4c27.....78bfe
[m[2m2026-09-24 20:11:22.594+0200[m[2m | [m[2mengine-ordered-execution-0[m[2m | [m[32mINFO [m[2m | [m[2mEngineNewPayloadV2[m[2m | [m[32mImported #54  (2e9ee.....890a1)|  504 tx|  0 ws|  11,91 mwei bfee|  10.584.000 ( 35,3%) gas used| 7,0ms exec| 1516,85 Mgas/s|  1 peers
[m[2m2026-09-24 20:11:22.600+0200[m[2m | [m[2mengine-ordered-execution-0[m[2m | [m[32mINFO [m[2m | [m[2mEngineForkchoiceUpdatedV2[m[2m | [m[32mFCU(VALID) | head: 2e9ee.....890a1 | safe: 2e9ee.....890a1 | finalized: 2e9ee.....890a1
[m[2m2026-09-24 20:11:23.541+0200[m[2m | [m[2mengine-ordered-execution-0[m[2m | [m[32mINFO [m[2m | [m[2mEngineNewPayloadV2[m[2m | [m[32mImported #55  (6ae58.....35ed3)|  480 tx|  0 ws|  11,48 mwei bfee|  10.080.000 ( 33,6%) gas used| 6,6ms exec| 1533,59 Mgas/s|  1 peers
[m[2m2026-09-24 20:11:23.547+0200[m[2m | [m[2mengine-ordered-execution-0[m[2m | [m[32mINFO [m[2m | [m[2mEngineForkchoiceUpdatedV2[m[2m | [m[32mFCU(VALID) | head: 6ae58.....35ed3 | safe: 6ae58.....35ed3 | finalized: 6ae58.....35ed3
[m[2m2026-09-24 20:11:24.585+0200[m[2m | [m[2mengine-ordered-execution-0[m[2m | [m[32mINFO [m[2m | [m[2mEngineNewPayloadV2[m[2m | [m[32mImported #56  (5e9b2.....1546c)|  500 tx|  0 ws|  11,00 mwei bfee|  10.500.000 ( 35,0%) gas used| 7,3ms exec| 1431,09 Mgas/s|  1 peers
[m[2m2026-09-24 20:11:24.591+0200[m[2m | [m[2mengine-ordered-execution-0[m[2m | [m[32mINFO [m[2m | [m[2mEngineForkchoiceUpdatedV2[m[2m | [m[32mFCU(VALID) | head: 5e9b2.....1546c | safe: 5e9b2.....1546c | finalized: 5e9b2.....1546c
[m[2m2026-09-24 20:11:25.718+0200[m[2m | [m[2mengine-ordered-execution-0[m[2m | [m[32mINFO [m[2m | [m[2mEngineNewPayloadV2[m[2m | [m[32mImported #57  (45507.....949f2)|    0 tx|  0 ws|  10,59 mwei bfee|           0 (  0,0%) gas used| 0,5ms exec|   0,00 Mgas/s|  1 peers
[m[2m2026-09-24 20:11:25.720+0200[m[2m | [m[2mengine-ordered-execution-0[m[2m | [m[32mINFO [m[2m | [m[2mEngineForkchoiceUpdatedV2[m[2m | [m[32mFCU(VALID) | head: 45507.....949f2 | safe: 45507.....949f2 | finalized: 45507.....949f2
[m[2m2026-09-24 20:11:26.748+0200[m[2m | [m[2mengine-ordered-execution-0[m[2m | [m[32mINFO [m[2m | [m[2mEngineNewPayloadV2[m[2m | [m[32mImported #58  (e486a.....55c3a)|    0 tx|  0 ws|   9,27 mwei bfee|           0 (  0,0%) gas used| 0,6ms exec|   0,00 Mgas/s|  1 peers
[m[2m2026-09-24 20:11:26.750+0200[m[2m | [m[2mengine-ordered-execution-0[m[2m | [m[32mINFO [m[2m | [m[2mEngineForkchoiceUpdatedV2[m[2m | [m[32mFCU(VALID) | head: e486a.....55c3a | safe: e486a.....55c3a | finalized: e486a.....55c3a
[m[2m2026-09-24 20:11:27.784+0200[m[2m | [m[2mengine-ordered-execution-0[m[2m | [m[32mINFO [m[2m | [m[2mEngineNewPayloadV2[m[2m | [m[32mImported #59  (90aa9.....4df94)|    0 tx|  0 ws|   8,11 mwei bfee|           0 (  0,0%) gas used| 2,4ms exec|   0,00 Mgas/s|  1 peers
[m[2m2026-09-24 20:11:27.791+0200[m[2m | [m[2mengine-ordered-execution-0[m[2m | [m[32mINFO [m[2m | [m[2mEngineForkchoiceUpdatedV2[m[2m | [m[32mFCU(VALID) | head: 90aa9.....4df94 | safe: 90aa9.....4df94 | finalized: 90aa9.....4df94
[m[2m2026-09-24 20:11:28.831+0200[m[2m | [m[2mengine-ordered-execution-0[m[2m | [m[32mINFO [m[2m | [m[2mEngineNewPayloadV2[m[2m | [m[32mImported #60  (71e64.....833b5)|    0 tx|  0 ws|   7,10 mwei bfee|           0 (  0,0%) gas used| 3,0ms exec|   0,00 Mgas/s|  1 peers
[m[2m2026-09-24 20:11:28.837+0200[m[2m | [m[2mengine-ordered-execution-0[m[2m | [m[32mINFO [m[2m | [m[2mEngineForkchoiceUpdatedV2[m[2m | [m[32mFCU(VALID) | head: 71e64.....833b5 | safe: 71e64.....833b5 | finalized: 71e64.....833b5
[m[2m2026-09-24 20:11:29.879+0200[m[2m | [m[2mengine-ordered-execution-0[m[2m | [m[32mINFO [m[2m | [m[2mEngineNewPayloadV2[m[2m | [m[32mImported #61  (c32c6.....4ad69)|    0 tx|  0 ws|   6,21 mwei bfee|           0 (  0,0%) gas used| 1,3ms exec|   0,00 Mgas/s|  1 peers
[m[2m2026-09-24 20:11:29.885+0200[m[2m | [m[2mengine-ordered-execution-0[m[2m | [m[32mINFO [m[2m | [m[2mEngineForkchoiceUpdatedV2[m[2m | [m[32mFCU(VALID) | head: c32c6.....4ad69 | safe: c32c6.....4ad69 | finalized: c32c6.....4ad69
[m[2m2026-09-24 20:11:30.904+0200[m[2m | [m[2mengine-ordered-execution-0[m[2m | [m[32mINFO [m[2m | [m[2mEngineNewPayloadV2[m[2m | [m[32mImported #62  (64439.....02e38)|    0 tx|  0 ws|   5,43 mwei bfee|           0 (  0,0%) gas used| 0,4ms exec|   0,00 Mgas/s|  1 peers
[m[2m2026-09-24 20:11:30.905+0200[m[2m | [m[2mengine-ordered-execution-0[m[2m | [m[32mINFO [m[2m | [m[2mEngineForkchoiceUpdatedV2[m[2m | [m[32mFCU(VALID) | head: 64439.....02e38 | safe: 64439.....02e38 | finalized: 64439.....02e38
[m[2m2026-09-24 20:11:31.925+0200[m[2m | [m[2mengine-ordered-execution-0[m[2m | [m[32mINFO [m[2m | [m[2mEngineNewPayloadV2[m[2m | [m[32mImported #63  (af072.....9ab5d)|    0 tx|  0 ws|   4,75 mwei bfee|           0 (  0,0%) gas used| 0,5ms exec|   0,00 Mgas/s|  1 peers
[m[2m2026-09-24 20:11:31.926+0200[m[2m | [m[2mengine-ordered-execution-0[m[2m | [m[32mINFO [m[2m | [m[2mEngineForkchoiceUpdatedV2[m[2m | [m[32mFCU(VALID) | head: af072.....9ab5d | safe: af072.....9ab5d | finalized: af072.....9ab5d
[m[2m2026-09-24 20:11:32.943+0200[m[2m | [m[2mengine-ordered-execution-0[m[2m | [m[32mINFO [m[2m | [m[2mEngineNewPayloadV2[m[2m | [m[32mImported #64  (28b0f.....19341)|    0 tx|  0 ws|   4,16 mwei bfee|           0 (  0,0%) gas used| 1,1ms exec|   0,00 Mgas/s|  1 peers
[m[2m2026-09-24 20:11:32.946+0200[m[2m | [m[2mengine-ordered-execution-0[m[2m | [m[32mINFO [m[2m | [m[2mEngineForkchoiceUpdatedV2[m[2m | [m[32mFCU(VALID) | head: 28b0f.....19341 | safe: 28b0f.....19341 | finalized: 28b0f.....19341
[m[2m2026-09-24 20:11:33.984+0200[m[2m | [m[2mengine-ordered-execution-0[m[2m | [m[32mINFO [m[2m | [m[2mEngineNewPayloadV2[m[2m | [m[32mImported #65  (34c49.....aa78f)|    0 tx|  0 ws|   3,64 mwei bfee|           0 (  0,0%) gas used| 2,6ms exec|   0,00 Mgas/s|  1 peers
[m[2m2026-09-24 20:11:33.994+0200[m[2m | [m[2mengine-ordered-execution-0[m[2m | [m[32mINFO [m[2m | [m[2mEngineForkchoiceUpdatedV2[m[2m | [m[32mFCU(VALID) | head: 34c49.....aa78f | safe: 34c49.....aa78f | finalized: 34c49.....aa78f
[m[2m2026-09-24 20:11:35.016+0200[m[2m | [m[2mengine-ordered-execution-0[m[2m | [m[32mINFO [m[2m | [m[2mEngineNewPayloadV2[m[2m | [m[32mImported #66  (6d35d.....11fc5)|    0 tx|  0 ws|   3,18 mwei bfee|           0 (  0,0%) gas used| 0,9ms exec|   0,00 Mgas/s|  1 peers
[m[2m2026-09-24 20:11:35.019+0200[m[2m | [m[2mengine-ordered-execution-0[m[2m | [m[32mINFO [m[2m | [m[2mEngineForkchoiceUpdatedV2[m[2m | [m[32mFCU(VALID) | head: 6d35d.....11fc5 | safe: 6d35d.....11fc5 | finalized: 6d35d.....11fc5
[m[2m2026-09-24 20:11:36.045+0200[m[2m | [m[2mengine-ordered-execution-0[m[2m | [m[32mINFO [m[2m | [m[2mEngineNewPayloadV2[m[2m | [m[32mImported #67  (d7972.....41883)|    0 tx|  0 ws|   2,79 mwei bfee|           0 (  0,0%) gas used| 0,5ms exec|   0,00 Mgas/s|  1 peers
[m[2m2026-09-24 20:11:36.046+0200[m[2m | [m[2mengine-ordered-execution-0[m[2m | [m[32mINFO [m[2m | [m[2mEngineForkchoiceUpdatedV2[m[2m | [m[32mFCU(VALID) | head: d7972.....41883 | safe: d7972.....41883 | finalized: d7972.....41883
[m[2m2026-09-24 20:11:37.068+0200[m[2m | [m[2mengine-ordered-execution-0[m[2m | [m[32mINFO [m[2m | [m[2mEngineNewPayloadV2[m[2m | [m[32mImported #68  (c7d77.....e2f7f)|    0 tx|  0 ws|   2,44 mwei bfee|           0 (  0,0%) gas used| 0,4ms exec|   0,00 Mgas/s|  1 peers
[m[2m2026-09-24 20:11:37.070+0200[m[2m | [m[2mengine-ordered-execution-0[m[2m | [m[32mINFO [m[2m | [m[2mEngineForkchoiceUpdatedV2[m[2m | [m[32mFCU(VALID) | head: c7d77.....e2f7f | safe: c7d77.....e2f7f | finalized: c7d77.....e2f7f
[m[2m2026-09-24 20:11:38.090+0200[m[2m | [m[2mengine-ordered-execution-0[m[2m | [m[32mINFO [m[2m | [m[2mEngineNewPayloadV2[m[2m | [m[32mImported #69  (f30e9.....57d5c)|    0 tx|  0 ws|   2,13 mwei bfee|           0 (  0,0%) gas used| 0,4ms exec|   0,00 Mgas/s|  1 peers
[m[2m2026-09-24 20:11:38.091+0200[m[2m | [m[2mengine-ordered-execution-0[m[2m | [m[32mINFO [m[2m | [m[2mEngineForkchoiceUpdatedV2[m[2m | [m[32mFCU(VALID) | head: f30e9.....57d5c | safe: f30e9.....57d5c | finalized: f30e9.....57d5c
[m[2m2026-09-24 20:11:39.115+0200[m[2m | [m[2mengine-ordered-execution-0[m[2m | [m[32mINFO [m[2m | [m[2mEngineNewPayloadV2[m[2m | [m[32mImported #70  (96bc1.....a6145)|    0 tx|  0 ws|   1,87 mwei bfee|           0 (  0,0%) gas used| 0,4ms exec|   0,00 Mgas/s|  1 peers
[m[2m2026-09-24 20:11:39.117+0200[m[2m | [m[2mengine-ordered-execution-0[m[2m | [m[32mINFO [m[2m | [m[2mEngineForkchoiceUpdatedV2[m[2m | [m[32mFCU(VALID) | head: 96bc1.....a6145 | safe: 96bc1.....a6145 | finalized: 96bc1.....a6145
[m[2m2026-09-24 20:11:40.141+0200[m[2m | [m[2mengine-ordered-execution-0[m[2m | [m[32mINFO [m[2m | [m[2mEngineNewPayloadV2[m[2m | [m[32mImported #71  (e6d1e.....b8387)|    0 tx|  0 ws|   1,63 mwei bfee|           0 (  0,0%) gas used| 0,4ms exec|   0,00 Mgas/s|  1 peers
[m[2m2026-09-24 20:11:40.142+0200[m[2m | [m[2mengine-ordered-execution-0[m[2m | [m[32mINFO [m[2m | [m[2mEngineForkchoiceUpdatedV2[m[2m | [m[32mFCU(VALID) | head: e6d1e.....b8387 | safe: e6d1e.....b8387 | finalized: e6d1e.....b8387
[m[2m2026-09-24 20:11:41.153+0200[m[2m | [m[2mengine-ordered-execution-0[m[2m | [m[32mINFO [m[2m | [m[2mEngineNewPayloadV2[m[2m | [m[32mImported #72  (5fdf5.....87963)|    0 tx|  0 ws|   1,43 mwei bfee|           0 (  0,0%) gas used| 0,4ms exec|   0,00 Mgas/s|  1 peers
[m[2m2026-09-24 20:11:41.154+0200[m[2m | [m[2mengine-ordered-execution-0[m[2m | [m[32mINFO [m[2m | [m[2mEngineForkchoiceUpdatedV2[m[2m | [m[32mFCU(VALID) | head: 5fdf5.....87963 | safe: 5fdf5.....87963 | finalized: 5fdf5.....87963
[m[2m2026-09-24 20:11:42.172+0200[m[2m | [m[2mengine-ordered-execution-0[m[2m | [m[32mINFO [m[2m | [m[2mEngineNewPayloadV2[m[2m | [m[32mImported #73  (45fc0.....2ef35)|    0 tx|  0 ws|   1,25 mwei bfee|           0 (  0,0%) gas used| 0,4ms exec|   0,00 Mgas/s|  1 peers
[m[2m2026-09-24 20:11:42.174+0200[m[2m | [m[2mengine-ordered-execution-0[m[2m | [m[32mINFO [m[2m | [m[2mEngineForkchoiceUpdatedV2[m[2m | [m[32mFCU(VALID) | head: 45fc0.....2ef35 | safe: 45fc0.....2ef35 | finalized: 45fc0.....2ef35
[m[2m2026-09-24 20:11:42.960+0200[m[2m | [m[2mBesuCommand-Shutdown-Hook[m[2m | [m[32mINFO [m[2m | [m[2mNetworkRunner[m[2m | [m[32mStopping Network.
[m[2m2026-09-24 20:11:42.961+0200[m[2m | [m[2mBesuCommand-Shutdown-Hook[m[2m | [m[32mINFO [m[2m | [m[2mCompositePeerDiscoveryAgent[m[2m | [m[32mStopping discovery ...
[m[2m2026-09-24 20:11:42.961+0200[m[2m | [m[2mBesuCommand-Shutdown-Hook[m[2m | [m[32mINFO [m[2m | [m[2mNettyPeerDiscoveryAgent[m[2m | [m[32mStopping peer discovery agent
[m[2m2026-09-24 20:11:42.961+0200[m[2m | [m[2mBesuCommand-Shutdown-Hook[m[2m | [m[32mINFO [m[2m | [m[2mNettyTransport[m[2m | [m[32mStopping DiscV4 UDP transport
[m[2m2026-09-24 20:11:42.961+0200[m[2m | [m[2mBesuCommand-Shutdown-Hook[m[2m | [m[32mINFO [m[2m | [m[2mNettyTransport[m[2m | [m[32mDiscV4 UDP transport was never started; nothing to stop
[m[2m2026-09-24 20:11:42.961+0200[m[2m | [m[2mBesuCommand-Shutdown-Hook[m[2m | [m[32mINFO [m[2m | [m[2mNettyPeerDiscoveryAgent[m[2m | [m[32mDiscV4 transport stopped
[m[2m2026-09-24 20:11:42.961+0200[m[2m | [m[2mBesuCommand-Shutdown-Hook[m[2m | [m[32mINFO [m[2m | [m[2mNettyPeerDiscoveryAgent[m[2m | [m[32mPeer discovery controller stopped; shutting down executors
[m[2m2026-09-24 20:11:42.961+0200[m[2m | [m[2mBesuCommand-Shutdown-Hook[m[2m | [m[32mINFO [m[2m | [m[2mNettyPeerDiscoveryAgent[m[2m | [m[32mPeer discovery agent stopped
[m[2m2026-09-24 20:11:42.965+0200[m[2m | [m[2mBesuCommand-Shutdown-Hook[m[2m | [m[32mINFO [m[2m | [m[2mEthProtocolManager[m[2m | [m[32mStopping eth Subprotocol.
[m[2m2026-09-24 20:11:42.966+0200[m[2m | [m[2mBesuCommand-Shutdown-Hook[m[2m | [m[32mINFO [m[2m | [m[2mEthProtocolManager[m[2m | [m[32meth Subprotocol stopped.
[m[2m2026-09-24 20:11:42.966+0200[m[2m | [m[2mBesuCommand-Shutdown-Hook[m[2m | [m[32mINFO [m[2m | [m[2mNetworkRunner[m[2m | [m[32mNetwork stopped.
[m[2m2026-09-24 20:11:42.966+0200[m[2m | [m[2mBesuCommand-Shutdown-Hook[m[2m | [m[32mINFO [m[2m | [m[2mAutoTransactionLogBloomCachingService[m[2m | [m[32mShutting down Auto transaction logs caching service.
[m[2m2026-09-24 20:11:42.966+0200[m[2m | [m[2mBesuCommand-Shutdown-Hook[m[2m | [m[32mINFO [m[2m | [m[2mNatService[m[2m | [m[32mNo NAT environment detected so no service could be stopped
[m