[2m2026-09-14 21:45:19.886+0200[m[2m | [m[2mmain[m[2m | [m[33mWARN [m[2m | [m[2mPluginVerifier[m[2m | [m[33mArtifact <repo>/.tmp/besu-dist/besu-26.8.1/plugins/ops-besu-approvals.jar containing plugins [OpsApprovalPlugin] is without a catalog
[m[2m2026-09-14 21:45:19.887+0200[m[2m | [m[2mmain[m[2m | [m[33mWARN [m[2m | [m[2mPluginVerifier[m[2m | [m[33mPlugin artifact <repo>/.tmp/besu-dist/besu-26.8.1/plugins/linea-tracer-linea-8bb72b4.jar is built against Besu version 26.8.0-f2557d7 while current running Besu version is 26.8.1
[m[2m2026-09-14 21:45:19.897+0200[m[2m | [m[2mmain[m[2m | [m[32mINFO [m[2m | [m[2mBesuPluginContextImpl[m[2m | [m[32mRegistered plugin of type ops.approvals.OpsApprovalPlugin.
[m[2m2026-09-14 21:45:19.923+0200[m[2m | [m[2mmain[m[2m | [m[32mINFO [m[2m | [m[2mAbstractLineaRequiredPlugin[m[2m | [m[32mRegistering Linea plugin lineth.sequencer.txselection.LineaTransactionSelectorPlugin
[m[2m2026-09-14 21:45:19.924+0200[m[2m | [m[2mmain[m[2m | [m[32mINFO [m[2m | [m[2mBesuPluginContextImpl[m[2m | [m[32mRegistered plugin of type lineth.sequencer.txselection.LineaTransactionSelectorPlugin.
[mSetting logging level to INFO
[2m2026-09-14 21:45:19.951+0200[m[2m | [m[2mmain[m[2m | [m[32mINFO [m[2m | [m[2mBesu[m[2m | [m[32mStarting Besu
[m[2m2026-09-14 21:45:20.431+0200[m[2m | [m[2mmain[m[2m | [m[33mWARN [m[2m | [m[2mBesu[m[2m | [m[33m--discovery-enabled has been ignored because --p2p-enabled was not defined on the command line.
[m[2m2026-09-14 21:45:21.112+0200[m[2m | [m[2mmain[m[2m | [m[32mINFO [m[2m | [m[2mBesu[m[2m | [m[32mRPC HTTP JSON-RPC config: JsonRpcConfiguration{enabled=true, port=62156, host=127.0.0.1, corsAllowedDomains=[], hostsAllowlist=[localhost, 127.0.0.1], rpcApis=[ETH, NET, WEB3, DEBUG, TXPOOL, ADMIN, OPS], authenticationEnabled=false, authenticationCredentialsFile=null, authenticationPublicKeyFile=null, tlsConfiguration=Optional.empty, httpTimeoutSec=30, maxActiveConnections=80, maxBatchSize=1024}
[m[2m2026-09-14 21:45:21.115+0200[m[2m | [m[2mmain[m[2m | [m[32mINFO [m[2m | [m[2mBesu[m[2m | [m[32mEngine JSON-RPC config: JsonRpcConfiguration{enabled=true, port=62157, host=127.0.0.1, corsAllowedDomains=[], hostsAllowlist=[*], rpcApis=[ENGINE, ETH], authenticationEnabled=true, authenticationCredentialsFile=null, authenticationPublicKeyFile=<repo>/.tmp/besu-approval-runs/lineth-selector-osaka-66962-1789415118/jwt.hex, tlsConfiguration=Optional.empty, httpTimeoutSec=30, maxActiveConnections=80, maxBatchSize=1024}
[m[2m2026-09-14 21:45:21.120+0200[m[2m | [m[2mmain[m[2m | [m[33mWARN [m[2m | [m[2mBesu[m[2m | [m[33mForcing --bonsai-limit-trie-logs-enabled=false, since it cannot be enabled with --sync-mode=FULL and --data-storage-format=BONSAI.
[m[2m2026-09-14 21:45:21.120+0200[m[2m | [m[2mmain[m[2m | [m[32mINFO [m[2m | [m[2mBesu[m[2m | [m[32mConnecting to 0 static nodes.
[m[2m2026-09-14 21:45:21.126+0200[m[2m | [m[2mmain[m[2m | [m[33mWARN [m[2m | [m[2mBesu[m[2m | [m[33mForcing price bump for transaction replacement to 0, since min-gas-price is set to 0
[m[2m2026-09-14 21:45:21.127+0200[m[2m | [m[2mmain[m[2m | [m[33mWARN [m[2m | [m[2mBesu[m[2m | [m[33mForcing tx-pool-min-gas-price=0, since it cannot be greater than the value of min-gas-price
[m[2m2026-09-14 21:45:21.160+0200[m[2m | [m[2mmain[m[2m | [m[32mINFO [m[2m | [m[2mBesu[m[2m | [m[32m
####################################################################################################
#                                                                                                  #
# Besu version 26.8.1                                                                              #
#                                                                                                  #
# Configuration:                                                                                   #
# Network: Custom genesis file                                                                     #
# <repo>/.tmp/worktrees/ops-besu-signed-appr                     #
# ovals/poc/besu-signed-approvals/evidence/genesis-osaka.json                                      #
# Network Id: 31337                                                                                #
# Data storage: Bonsai                                                                             #
# RocksDB max open files: 1024 (derived from available resources)                                  #
# Sync mode: Full                                                                                  #
# Sync min peers: 5                                                                                #
# P2P Discovery: disabled                                                                          #
# RPC HTTP APIs: ETH,NET,WEB3,DEBUG,TXPOOL,ADMIN,OPS                                               #
# RPC HTTP port: 62156                                                                             #
# Engine APIs: ENGINE,ETH                                                                          #
# Engine port: 62157                                                                               #
# Engine JWT: <repo>/.tmp/worktrees/ops-besu                     #
# -signed-approvals/.tmp/besu-approval-runs/lineth-selector-osaka-66962-178941                     #
# 5118/jwt.hex                                                                                     #
# Using LAYERED transaction pool implementation                                                    #
# Using STACKED worldstate update mode                                                             #
# Opcode optimizations enabled                                                                     #
# Parallel transaction processing enabled                                                          #
# BAL pruning enabled (retained BALs: 113056)                                                      #
#                                                                                                  #
# Host:                                                                                            #
# Java: openjdk-java-25                                                                            #
# Maximum heap size: 2,00 GB                                                                       #
# OS: osx-aarch_64                                                                                 #
# Total memory: 32,00 GB                                                                           #
# CPU cores: 12                                                                                    #
#                                                                                                  #
# Plugin Registration Summary:                                                                     #
# Registered Plugins:                                                                              #
#  - OpsApprovalPlugin (ops-besu-approvals/0.1.0-poc)                                              #
#  - LineaTransactionSelectorPlugin (linea-sequencer/linea-8bb72b4)                                #
# Detected but not registered:                                                                     #
#  - BesuShomeiRpcPlugin (besu-shomei-plugin/v1.0.7)                                               #
#  - ZkTrieLogPlugin (besu-shomei-plugin/v1.0.7)                                                   #
#  - ForwardBundlesPlugin (linea-sequencer/linea-8bb72b4)                                          #
#  - LineaExtraDataPlugin (linea-sequencer/linea-8bb72b4)                                          #
#  - LineaBundleEndpointsPlugin (linea-sequencer/linea-8bb72b4)                                    #
#  - LineaEstimateGasEndpointPlugin (linea-sequencer/linea-8bb72b4)                                #
#  - LineaForcedTransactionEndpointsPlugin (linea-sequencer/linea-8bb72b4)                         #
#  - LineaSetExtraDataEndpointPlugin (linea-sequencer/linea-8bb72b4)                               #
#  - LineaTransactionPoolValidatorPlugin (linea-sequencer/linea-8bb72b4)                           #
#  - LineaBlockTransactionValidatorPlugin (linea-sequencer/linea-8bb72b4)                          #
#  - TracerReadinessPlugin (linea-tracer/linea-8bb72b4)                                            #
#  - ConflatedLineCountsEndpointServicePlugin (linea-tracer/linea-8bb72b4)                         #
#  - CaptureEndpointServicePlugin (linea-tracer/linea-8bb72b4)                                     #
#  - LineCountsEndpointServicePlugin (linea-tracer/linea-8bb72b4)                                  #
#  - TracesEndpointServicePlugin (linea-tracer/linea-8bb72b4)                                      #
# TOTAL = 2 of 17 plugins successfully registered.                                                 #
#                                                                                                  #
####################################################################################################
[m[2m2026-09-14 21:45:21.161+0200[m[2m | [m[2mmain[m[2m | [m[32mINFO [m[2m | [m[2mBesu[m[2m | [m[32mSecurity Module: localfile
[m[2m2026-09-14 21:45:21.161+0200[m[2m | [m[2mmain[m[2m | [m[32mINFO [m[2m | [m[2mVersionMetadata[m[2m | [m[32mLookup version metadata file in data directory: <repo>/.tmp/besu-approval-runs/lineth-selector-osaka-66962-1789415118/data
[m[2m2026-09-14 21:45:21.161+0200[m[2m | [m[2mmain[m[2m | [m[32mINFO [m[2m | [m[2mVersionMetadata[m[2m | [m[32mData directory <repo>/.tmp/besu-approval-runs/lineth-selector-osaka-66962-1789415118/data does not exist - creating it
[m[2m2026-09-14 21:45:21.161+0200[m[2m | [m[2mmain[m[2m | [m[32mINFO [m[2m | [m[2mVersionMetadata[m[2m | [m[32mNo version data detected. Writing Besu version 26.8.1 to metadata file
[m[2m2026-09-14 21:45:21.394+0200[m[2m | [m[2mmain[m[2m | [m[32mINFO [m[2m | [m[2mBesu[m[2m | [m[32mUsing the native implementation of alt bn128
[m[2m2026-09-14 21:45:21.394+0200[m[2m | [m[2mmain[m[2m | [m[32mINFO [m[2m | [m[2mBesu[m[2m | [m[32mUsing the Java implementation of modexp
[m[2m2026-09-14 21:45:21.401+0200[m[2m | [m[2mmain[m[2m | [m[32mINFO [m[2m | [m[2mBesu[m[2m | [m[32mUsing the native implementation of the signature algorithm
[m[2m2026-09-14 21:45:21.404+0200[m[2m | [m[2mmain[m[2m | [m[32mINFO [m[2m | [m[2mBesu[m[2m | [m[32mUsing the Java implementation of the blake2bf algorithm
[m[2m2026-09-14 21:45:21.854+0200[m[2m | [m[2mmain[m[2m | [m[32mINFO [m[2m | [m[2mBesu[m[2m | [m[32mUsing the native BoringSSL implementation of p256verify
[m[2m2026-09-14 21:45:22.172+0200[m[2m | [m[2mmain[m[2m | [m[32mINFO [m[2m | [m[2mKZGPointEvalPrecompiledContract[m[2m | [m[32mLoading network trusted setup from classpath resource /kzg-trusted-setups/mainnet.txt
[m[2m2026-09-14 21:45:23.837+0200[m[2m | [m[2mmain[m[2m | [m[33mWARN [m[2m | [m[2mBesuController[m[2m | [m[33mNo consensus mechanism detected in genesis config, using PoS
[m[2m2026-09-14 21:45:23.843+0200[m[2m | [m[2mmain[m[2m | [m[33mWARN [m[2m | [m[2mBesu[m[2m | [m[33mForcing price bump for transaction replacement to 0, since min-gas-price is set to 0
[m[2m2026-09-14 21:45:23.843+0200[m[2m | [m[2mmain[m[2m | [m[33mWARN [m[2m | [m[2mBesu[m[2m | [m[33mForcing tx-pool-min-gas-price=0, since it cannot be greater than the value of min-gas-price
[m[2m2026-09-14 21:45:23.844+0200[m[2m | [m[2mmain[m[2m | [m[32mINFO [m[2m | [m[2mKeyPairUtil[m[2m | [m[32mAttempting to load public key from <repo>/.tmp/besu-approval-runs/lineth-selector-osaka-66962-1789415118/key
[m[2m2026-09-14 21:45:23.850+0200[m[2m | [m[2mmain[m[2m | [m[32mINFO [m[2m | [m[2mKeyPairUtil[m[2m | [m[32mLoaded public key 0x8318535b54105d4a7aae60c08fc45f9687181b4fdfc625bd1a753fa7397fed753547f11ca8696646f2f3acb08e31016afac23e630c5d11f59f61fef57b0d2aa5 from <repo>/.tmp/besu-approval-runs/lineth-selector-osaka-66962-1789415118/key
[m[2m2026-09-14 21:45:23.905+0200[m[2m | [m[2mmain[m[2m | [m[32mINFO [m[2m | [m[2mProtocolScheduleBuilder[m[2m | [m[32mProtocol schedule created with milestones: [Osaka:0]
[m[2m2026-09-14 21:45:23.906+0200[m[2m | [m[2mmain[m[2m | [m[32mINFO [m[2m | [m[2mRocksDBKeyValueStorageFactory[m[2m | [m[32mNo existing database at <repo>/.tmp/besu-approval-runs/lineth-selector-osaka-66962-1789415118/data. Using default metadata for new db versionedStorageFormat=BaseVersionedStorageFormat{format=BONSAI, version=3}
[m[2m2026-09-14 21:45:24.404+0200[m[2m | [m[2mmain[m[2m | [m[32mINFO [m[2m | [m[2mFlatDbStrategyProvider[m[2m | [m[32mFlat db mode found FULL
[m[2m2026-09-14 21:45:24.405+0200[m[2m | [m[2mmain[m[2m | [m[32mINFO [m[2m | [m[2mFlatDbStrategyProvider[m[2m | [m[32mDB mode with code stored using code hash enabled = true
[m[2m2026-09-14 21:45:24.416+0200[m[2m | [m[2mmain[m[2m | [m[32mINFO [m[2m | [m[2mFlatDbStrategyProvider[m[2m | [m[32mFlat db mode found FULL
[m[2m2026-09-14 21:45:24.417+0200[m[2m | [m[2mmain[m[2m | [m[32mINFO [m[2m | [m[2mFlatDbStrategyProvider[m[2m | [m[32mDB mode with code stored using code hash enabled = true
[m[2m2026-09-14 21:45:24.480+0200[m[2m | [m[2mmain[m[2m | [m[32mINFO [m[2m | [m[2mBesuControllerBuilder[m[2m | [m[32mAdding ChainDataPruner to observe block added events
[m[2m2026-09-14 21:45:24.481+0200[m[2m | [m[2mmain[m[2m | [m[32mINFO [m[2m | [m[2mBesuControllerBuilder[m[2m | [m[32mBAL pruning enabled | BALs retained: 113056 | Frequency: 256
[m[2m2026-09-14 21:45:24.494+0200[m[2m | [m[2mmain[m[2m | [m[32mINFO [m[2m | [m[2mTransactionPoolFactory[m[2m | [m[32mEnabling transaction pool
[m[2m2026-09-14 21:45:24.503+0200[m[2m | [m[2mmain[m[2m | [m[32mINFO [m[2m | [m[2mEthPeers[m[2m | [m[32mUpdating the default best peer comparator
[m[2m2026-09-14 21:45:24.507+0200[m[2m | [m[2mmain[m[2m | [m[32mINFO [m[2m | [m[2mBesuControllerBuilder[m[2m | [m[32mTTD difficulty is present, creating initial sync for PoS
[m[2m2026-09-14 21:45:24.553+0200[m[2m | [m[2mmain[m[2m | [m[32mINFO [m[2m | [m[2mRunnerBuilder[m[2m | [m[32mDetecting NAT service.
[m[2m2026-09-14 21:45:24.629+0200[m[2m | [m[2mmain[m[2m | [m[32mINFO [m[2m | [m[2mRunner[m[2m | [m[32mStarting external services ... 
[m[2m2026-09-14 21:45:24.629+0200[m[2m | [m[2mmain[m[2m | [m[32mINFO [m[2m | [m[2mJsonRpcHttpService[m[2m | [m[32mStarting JSON-RPC service on 127.0.0.1:62156
[m[2m2026-09-14 21:45:24.661+0200[m[2m | [m[2mvert.x-eventloop-thread-1[m[2m | [m[32mINFO [m[2m | [m[2mJsonRpcHttpService[m[2m | [m[32mJSON-RPC service started and listening on 127.0.0.1:62156
[m[2m2026-09-14 21:45:24.661+0200[m[2m | [m[2mmain[m[2m | [m[32mINFO [m[2m | [m[2mEngineJsonRpcService[m[2m | [m[32mStarting JSON-RPC service on 127.0.0.1:62157
[m[2m2026-09-14 21:45:24.662+0200[m[2m | [m[2mvert.x-eventloop-thread-1[m[2m | [m[32mINFO [m[2m | [m[2mEngineJsonRpcService[m[2m | [m[32mJSON-RPC service started and listening on 127.0.0.1:62157
[m[2m2026-09-14 21:45:24.663+0200[m[2m | [m[2mmain[m[2m | [m[32mINFO [m[2m | [m[2mAutoTransactionLogBloomCachingService[m[2m | [m[32mStarting auto transaction log bloom caching service.
[m[2m2026-09-14 21:45:24.664+0200[m[2m | [m[2mmain[m[2m | [m[32mINFO [m[2m | [m[2mLogBloomCacheMetadata[m[2m | [m[32mLookup cache metadata file in data directory: <repo>/.tmp/besu-approval-runs/lineth-selector-osaka-66962-1789415118/data/caches
[m[2m2026-09-14 21:45:24.675+0200[m[2m | [m[2mmain[m[2m | [m[32mINFO [m[2m | [m[2mOpsApprovalPlugin[m[2m | [m[32mOPS approval gate active: listen=127.0.0.1:62158 chain=31337 wait_ms=2000 capacity=100000
[m[2m2026-09-14 21:45:25.009+0200[m[2m | [m[2mmain[m[2m | [m[32mINFO [m[2m | [m[2mAbstractLineaRequiredPlugin[m[2m | [m[32mStarting Linea plugin lineth.sequencer.txselection.LineaTransactionSelectorPlugin
[m[2m2026-09-14 21:45:25.011+0200[m[2m | [m[2mmain[m[2m | [m[32mINFO [m[2m | [m[2mRunner[m[2m | [m[32mStarting Ethereum main loop ... 
[m[2m2026-09-14 21:45:25.011+0200[m[2m | [m[2mmain[m[2m | [m[32mINFO [m[2m | [m[2mNatService[m[2m | [m[32mNo NAT environment detected so no service could be started
[m[2m2026-09-14 21:45:25.011+0200[m[2m | [m[2mmain[m[2m | [m[32mINFO [m[2m | [m[2mNetworkRunner[m[2m | [m[32mStarting Network.
[m[2m2026-09-14 21:45:25.014+0200[m[2m | [m[2mmain[m[2m | [m[32mINFO [m[2m | [m[2mNetworkRunner[m[2m | [m[32mSupported capabilities: [eth/68, eth/69, eth/70, eth/71], [snap/1]
[m[2m2026-09-14 21:45:25.014+0200[m[2m | [m[2mmain[m[2m | [m[32mINFO [m[2m | [m[2mRunner[m[2m | [m[32mEthereum main loop is up.
[m[2m2026-09-14 21:45:25.392+0200[m[2m | [m[2mengine-ordered-execution-0[m[2m | [m[32mINFO [m[2m | [m[2mPublicInputs[m[2m | [m[32m[ZkTracer] No public input provided, assuming line counting only or testing.
[m[2m2026-09-14 21:45:25.393+0200[m[2m | [m[2mengine-ordered-execution-0[m[2m | [m[32mINFO [m[2m | [m[2mZkTracer[m[2m | [m[32mMissing part of the public inputs, assuming line counting only, testing, or tracing very specific conflation. Tracing might fail. 
historical blockhashes size = 0
blob base fees size = 0
[m[2m2026-09-14 21:45:25.518+0200[m[2m | [m[2mengine-ordered-execution-0[m[2m | [m[32mINFO [m[2m | [m[2mMergeCoordinator[m[2m | [m[32mStart building proposals for block 1 identified by 0x7d430a5020bad501
[m[2m2026-09-14 21:45:25.519+0200[m[2m | [m[2mengine-ordered-execution-0[m[2m | [m[32mINFO [m[2m | [m[2mEngineForkchoiceUpdatedV3[m[2m | [m[32mFCU(VALID) | head: efe4a.....09d0f | safe: efe4a.....09d0f | finalized: efe4a.....09d0f
[m[2m2026-09-14 21:45:25.519+0200[m[2m | [m[2mEthScheduler-BlockCreation-0-1[m[2m | [m[32mINFO [m[2m | [m[2mPublicInputs[m[2m | [m[32m[ZkTracer] No public input provided, assuming line counting only or testing.
[m[2m2026-09-14 21:45:25.519+0200[m[2m | [m[2mEthScheduler-BlockCreation-0-1[m[2m | [m[32mINFO [m[2m | [m[2mZkTracer[m[2m | [m[32mMissing part of the public inputs, assuming line counting only, testing, or tracing very specific conflation. Tracing might fail. 
historical blockhashes size = 0
blob base fees size = 0
[m[2m2026-09-14 21:45:25.570+0200[m[2m | [m[2mEthScheduler-BlockCreation-1-1[m[2m | [m[32mINFO [m[2m | [m[2mApprovalSelector[m[2m | [m[32mOPS_APPROVAL_DECISION allow tx=0xfa3253a361c80322d621da809489519b564601e311d871a57f5ee102e6090042 calls=3
[m[2m2026-09-14 21:45:25.584+0200[m[2m | [m[2mEthScheduler-BlockCreation-0-1[m[2m | [m[32mINFO [m[2m | [m[2mPostMergeContext[m[2m | [m[32mNew proposal for payloadId 0x7d430a5020bad501 block 1 (0xfd28b1bf0193753e1f9fef57a47edf90c2c4876f19b7fdb3f5e908e661b3717a) gas used 141713 transactions 1 reward 141,71 szabo is better than the previous one by 141,71 szabo
[m[2m2026-09-14 21:45:26.026+0200[m[2m | [m[2mEthScheduler-BlockCreation-0-1[m[2m | [m[32mINFO [m[2m | [m[2mPublicInputs[m[2m | [m[32m[ZkTracer] No public input provided, assuming line counting only or testing.
[m[2m2026-09-14 21:45:26.027+0200[m[2m | [m[2mEthScheduler-BlockCreation-0-1[m[2m | [m[32mINFO [m[2m | [m[2mZkTracer[m[2m | [m[32mMissing part of the public inputs, assuming line counting only, testing, or tracing very specific conflation. Tracing might fail. 
historical blockhashes size = 0
blob base fees size = 0
[m[2m2026-09-14 21:45:26.047+0200[m[2m | [m[2mEthScheduler-BlockCreation-1-1[m[2m | [m[32mINFO [m[2m | [m[2mApprovalSelector[m[2m | [m[32mOPS_APPROVAL_DECISION allow tx=0xfa3253a361c80322d621da809489519b564601e311d871a57f5ee102e6090042 calls=3
[m[2m2026-09-14 21:45:26.530+0200[m[2m | [m[2mEthScheduler-BlockCreation-0-1[m[2m | [m[32mINFO [m[2m | [m[2mPublicInputs[m[2m | [m[32m[ZkTracer] No public input provided, assuming line counting only or testing.
[m[2m2026-09-14 21:45:26.530+0200[m[2m | [m[2mEthScheduler-BlockCreation-0-1[m[2m | [m[32mINFO [m[2m | [m[2mZkTracer[m[2m | [m[32mMissing part of the public inputs, assuming line counting only, testing, or tracing very specific conflation. Tracing might fail. 
historical blockhashes size = 0
blob base fees size = 0
[m[2m2026-09-14 21:45:26.536+0200[m[2m | [m[2mEthScheduler-BlockCreation-1-1[m[2m | [m[32mINFO [m[2m | [m[2mZkTracer[m[2m | [m[32mTransaction bundle has been popped, assuming block building. Tracing might fail.
[m[2m2026-09-14 21:45:26.536+0200[m[2m | [m[2mvert.x-worker-thread-7[m[2m | [m[32mINFO [m[2m | [m[2mEngineGetPayloadV5[m[2m | [m[32mProduced #1  (fd28b.....3717a)|    1 tx | 0 ws | 141.713 (0,5%) gas in 1,016s | Timing(started at 2026-09-14T19:45:25.519511Z, duplicateWorldState=0ms, preTxsSelection=1ms, txsSelection=52ms, selectedTxsEvaluation=47ms, blockAssembled=2ms, awaitingRetrieval=960ms) | PayloadId 0x7d430a5020bad501
[m[2m2026-09-14 21:45:26.560+0200[m[2m | [m[2mengine-ordered-execution-0[m[2m | [m[32mINFO [m[2m | [m[2mEngineNewPayloadV4[m[2m | [m[32mImported #1  (fd28b.....3717a)|    1 tx|  0 ws|  0 blobs| 875,00 mwei bfee|     141.713 (  0,5%) gas used| 5,9ms exec|  24,15 Mgas/s|  0 peers
[m[2m2026-09-14 21:45:26.570+0200[m[2m | [m[2mengine-ordered-execution-0[m[2m | [m[32mINFO [m[2m | [m[2mEngineForkchoiceUpdatedV3[m[2m | [m[32mFCU(VALID) | head: fd28b.....3717a | safe: fd28b.....3717a | finalized: fd28b.....3717a
[m[2m2026-09-14 21:45:28.920+0200[m[2m | [m[2mengine-ordered-execution-0[m[2m | [m[32mINFO [m[2m | [m[2mPublicInputs[m[2m | [m[32m[ZkTracer] No public input provided, assuming line counting only or testing.
[m[2m2026-09-14 21:45:28.920+0200[m[2m | [m[2mengine-ordered-execution-0[m[2m | [m[32mINFO [m[2m | [m[2mZkTracer[m[2m | [m[32mMissing part of the public inputs, assuming line counting only, testing, or tracing very specific conflation. Tracing might fail. 
historical blockhashes size = 0
blob base fees size = 0
[m[2m2026-09-14 21:45:28.925+0200[m[2m | [m[2mengine-ordered-execution-0[m[2m | [m[32mINFO [m[2m | [m[2mMergeCoordinator[m[2m | [m[32mStart building proposals for block 2 identified by 0x7d430a312698ecfe
[m[2m2026-09-14 21:45:28.925+0200[m[2m | [m[2mengine-ordered-execution-0[m[2m | [m[32mINFO [m[2m | [m[2mEngineForkchoiceUpdatedV3[m[2m | [m[32mFCU(VALID) | head: fd28b.....3717a | safe: fd28b.....3717a | finalized: fd28b.....3717a
[m[2m2026-09-14 21:45:28.926+0200[m[2m | [m[2mEthScheduler-BlockCreation-0-2[m[2m | [m[32mINFO [m[2m | [m[2mPublicInputs[m[2m | [m[32m[ZkTracer] No public input provided, assuming line counting only or testing.
[m[2m2026-09-14 21:45:28.926+0200[m[2m | [m[2mEthScheduler-BlockCreation-0-2[m[2m | [m[32mINFO [m[2m | [m[2mZkTracer[m[2m | [m[32mMissing part of the public inputs, assuming line counting only, testing, or tracing very specific conflation. Tracing might fail. 
historical blockhashes size = 0
blob base fees size = 0
[m[2m2026-09-14 21:45:28.927+0200[m[2m | [m[2mEthScheduler-BlockCreation-1-2[m[2m | [m[32mINFO [m[2m | [m[2mApprovalSelector[m[2m | [m[32mOPS_APPROVAL_DECISION drop tx=0x4f553704149a330440859c2d54d8161f1e7345b42de5e1a270397ceef3f9fadb waited_ms=2322
[m[2m2026-09-14 21:45:28.927+0200[m[2m | [m[2mEthScheduler-BlockCreation-1-2[m[2m | [m[32mINFO [m[2m | [m[2mZkTracer[m[2m | [m[32mTransaction bundle has been popped, assuming block building. Tracing might fail.
[m[2m2026-09-14 21:45:29.431+0200[m[2m | [m[2mEthScheduler-BlockCreation-0-2[m[2m | [m[32mINFO [m[2m | [m[2mPublicInputs[m[2m | [m[32m[ZkTracer] No public input provided, assuming line counting only or testing.
[m[2m2026-09-14 21:45:29.432+0200[m[2m | [m[2mEthScheduler-BlockCreation-0-2[m[2m | [m[32mINFO [m[2m | [m[2mZkTracer[m[2m | [m[32mMissing part of the public inputs, assuming line counting only, testing, or tracing very specific conflation. Tracing might fail. 
historical blockhashes size = 0
blob base fees size = 0
[m[2m2026-09-14 21:45:29.939+0200[m[2m | [m[2mEthScheduler-BlockCreation-0-2[m[2m | [m[32mINFO [m[2m | [m[2mPublicInputs[m[2m | [m[32m[ZkTracer] No public input provided, assuming line counting only or testing.
[m[2m2026-09-14 21:45:29.940+0200[m[2m | [m[2mEthScheduler-BlockCreation-0-2[m[2m | [m[32mINFO [m[2m | [m[2mZkTracer[m[2m | [m[32mMissing part of the public inputs, assuming line counting only, testing, or tracing very specific conflation. Tracing might fail. 
historical blockhashes size = 0
blob base fees size = 0
[m[2m2026-09-14 21:45:30.440+0200[m[2m | [m[2mvert.x-worker-thread-17[m[2m | [m[32mINFO [m[2m | [m[2mEngineGetPayloadV5[m[2m | [m[32mProduced #2  (33bee.....fc50c)|    0 tx | 0 ws | 0 (0,0%) gas in 0,000s | Timing(started at 2026-09-14T19:45:25.386058Z, empty-block-created=0ms, awaitingRetrieval=0ms) | PayloadId 0x7d430a312698ecfe
[m[2m2026-09-14 21:45:30.450+0200[m[2m | [m[2mengine-ordered-execution-0[m[2m | [m[32mINFO [m[2m | [m[2mEngineNewPayloadV4[m[2m | [m[32mImported #2  (33bee.....fc50c)|    0 tx|  0 ws|  0 blobs| 766,66 mwei bfee|           0 (  0,0%) gas used| 2,3ms exec|   0,00 Mgas/s|  0 peers
[m[2m2026-09-14 21:45:30.455+0200[m[2m | [m[2mengine-ordered-execution-0[m[2m | [m[32mINFO [m[2m | [m[2mEngineForkchoiceUpdatedV3[m[2m | [m[32mFCU(VALID) | head: 33bee.....fc50c | safe: 33bee.....fc50c | finalized: 33bee.....fc50c
[m[2m2026-09-14 21:45:30.480+0200[m[2m | [m[2mBesuCommand-Shutdown-Hook[m[2m | [m[32mINFO [m[2m | [m[2mNetworkRunner[m[2m | [m[32mStopping Network.
[m[2m2026-09-14 21:45:30.480+0200[m[2m | [m[2mBesuCommand-Shutdown-Hook[m[2m | [m[32mINFO [m[2m | [m[2mEthProtocolManager[m[2m | [m[32mStopping eth Subprotocol.
[m[2m2026-09-14 21:45:30.480+0200[m[2m | [m[2mBesuCommand-Shutdown-Hook[m[2m | [m[32mINFO [m[2m | [m[2mEthProtocolManager[m[2m | [m[32meth Subprotocol stopped.
[m[2m2026-09-14 21:45:30.480+0200[m[2m | [m[2mBesuCommand-Shutdown-Hook[m[2m | [m[32mINFO [m[2m | [m[2mNetworkRunner[m[2m | [m[32mNetwork stopped.
[m[2m2026-09-14 21:45:30.480+0200[m[2m | [m[2mBesuCommand-Shutdown-Hook[m[2m | [m[32mINFO [m[2m | [m[2mAutoTransactionLogBloomCachingService[m[2m | [m[32mShutting down Auto transaction logs caching service.
[m[2m2026-09-14 21:45:30.480+0200[m[2m | [m[2mBesuCommand-Shutdown-Hook[m[2m | [m[32mINFO [m[2m | [m[2mNatService[m[2m | [m[32mNo NAT environment detected so no service could be stopped
[m