[2m2026-09-14 18:12:43.260+0200[m[2m | [m[2mmain[m[2m | [m[33mWARN [m[2m | [m[2mPluginVerifier[m[2m | [m[33mArtifact <repo>/.tmp/besu-dist/besu-26.8.1/plugins/ops-besu-approvals.jar containing plugins [OpsApprovalPlugin] is without a catalog
[m[2m2026-09-14 18:12:43.261+0200[m[2m | [m[2mmain[m[2m | [m[33mWARN [m[2m | [m[2mPluginVerifier[m[2m | [m[33mPlugin artifact <repo>/.tmp/besu-dist/besu-26.8.1/plugins/ops-besu-approvals.jar is built against Besu version unknown while current running Besu version is 26.8.1
[m[2m2026-09-14 18:12:43.301+0200[m[2m | [m[2mmain[m[2m | [m[32mINFO [m[2m | [m[2mBesuPluginContextImpl[m[2m | [m[32mRegistered plugin of type ops.approvals.OpsApprovalPlugin.
[mSetting logging level to INFO
[2m2026-09-14 18:12:43.331+0200[m[2m | [m[2mmain[m[2m | [m[32mINFO [m[2m | [m[2mBesu[m[2m | [m[32mStarting Besu
[m[2m2026-09-14 18:12:43.803+0200[m[2m | [m[2mmain[m[2m | [m[33mWARN [m[2m | [m[2mBesu[m[2m | [m[33m--discovery-enabled has been ignored because --p2p-enabled was not defined on the command line.
[m[2m2026-09-14 18:12:44.519+0200[m[2m | [m[2mmain[m[2m | [m[32mINFO [m[2m | [m[2mBesu[m[2m | [m[32mRPC HTTP JSON-RPC config: JsonRpcConfiguration{enabled=true, port=58342, host=127.0.0.1, corsAllowedDomains=[], hostsAllowlist=[localhost, 127.0.0.1], rpcApis=[ETH, NET, WEB3, DEBUG, TXPOOL, ADMIN, OPS], authenticationEnabled=false, authenticationCredentialsFile=null, authenticationPublicKeyFile=null, tlsConfiguration=Optional.empty, httpTimeoutSec=30, maxActiveConnections=80, maxBatchSize=1024}
[m[2m2026-09-14 18:12:44.522+0200[m[2m | [m[2mmain[m[2m | [m[32mINFO [m[2m | [m[2mBesu[m[2m | [m[32mEngine JSON-RPC config: JsonRpcConfiguration{enabled=true, port=58343, host=127.0.0.1, corsAllowedDomains=[], hostsAllowlist=[*], rpcApis=[ENGINE, ETH], authenticationEnabled=true, authenticationCredentialsFile=null, authenticationPublicKeyFile=<repo>/.tmp/besu-approval-runs/precompile-value-99354-1789402362/jwt.hex, tlsConfiguration=Optional.empty, httpTimeoutSec=30, maxActiveConnections=80, maxBatchSize=1024}
[m[2m2026-09-14 18:12:44.527+0200[m[2m | [m[2mmain[m[2m | [m[33mWARN [m[2m | [m[2mBesu[m[2m | [m[33mForcing --bonsai-limit-trie-logs-enabled=false, since it cannot be enabled with --sync-mode=FULL and --data-storage-format=BONSAI.
[m[2m2026-09-14 18:12:44.527+0200[m[2m | [m[2mmain[m[2m | [m[32mINFO [m[2m | [m[2mBesu[m[2m | [m[32mConnecting to 0 static nodes.
[m[2m2026-09-14 18:12:44.534+0200[m[2m | [m[2mmain[m[2m | [m[33mWARN [m[2m | [m[2mBesu[m[2m | [m[33mForcing price bump for transaction replacement to 0, since min-gas-price is set to 0
[m[2m2026-09-14 18:12:44.534+0200[m[2m | [m[2mmain[m[2m | [m[33mWARN [m[2m | [m[2mBesu[m[2m | [m[33mForcing tx-pool-min-gas-price=0, since it cannot be greater than the value of min-gas-price
[m[2m2026-09-14 18:12:44.567+0200[m[2m | [m[2mmain[m[2m | [m[32mINFO [m[2m | [m[2mBesu[m[2m | [m[32m
####################################################################################################
#                                                                                                  #
# Besu version 26.8.1                                                                              #
#                                                                                                  #
# Configuration:                                                                                   #
# Network: Custom genesis file                                                                     #
# <repo>/.tmp/worktrees/ops-besu-signed-appr                     #
# ovals/poc/besu-signed-approvals/evidence/genesis.json                                            #
# Network Id: 31337                                                                                #
# Data storage: Bonsai                                                                             #
# RocksDB max open files: 1024 (derived from available resources)                                  #
# Sync mode: Full                                                                                  #
# Sync min peers: 5                                                                                #
# P2P Discovery: disabled                                                                          #
# RPC HTTP APIs: ETH,NET,WEB3,DEBUG,TXPOOL,ADMIN,OPS                                               #
# RPC HTTP port: 58342                                                                             #
# Engine APIs: ENGINE,ETH                                                                          #
# Engine port: 58343                                                                               #
# Engine JWT: <repo>/.tmp/worktrees/ops-besu                     #
# -signed-approvals/.tmp/besu-approval-runs/precompile-value-99354-1789402362/                     #
# jwt.hex                                                                                          #
# Using LAYERED transaction pool implementation                                                    #
# Using STACKED worldstate update mode                                                             #
# Opcode optimizations enabled                                                                     #
# Parallel transaction processing enabled                                                          #
# BAL pruning enabled (retained BALs: 113056)                                                      #
#                                                                                                  #
# Host:                                                                                            #
# Java: openjdk-java-25                                                                            #
# Maximum heap size: 2,00 GB                                                                       #
# OS: osx-aarch_64                                                                                 #
# Total memory: 32,00 GB                                                                           #
# CPU cores: 12                                                                                    #
#                                                                                                  #
# Plugin Registration Summary:                                                                     #
# Registered Plugins:                                                                              #
#  - OpsApprovalPlugin (ops-besu-approvals/0.1.0-poc)                                              #
# TOTAL = 1 of 1 plugins successfully registered.                                                  #
#                                                                                                  #
####################################################################################################
[m[2m2026-09-14 18:12:44.568+0200[m[2m | [m[2mmain[m[2m | [m[32mINFO [m[2m | [m[2mBesu[m[2m | [m[32mSecurity Module: localfile
[m[2m2026-09-14 18:12:44.568+0200[m[2m | [m[2mmain[m[2m | [m[32mINFO [m[2m | [m[2mVersionMetadata[m[2m | [m[32mLookup version metadata file in data directory: <repo>/.tmp/besu-approval-runs/precompile-value-99354-1789402362/data
[m[2m2026-09-14 18:12:44.568+0200[m[2m | [m[2mmain[m[2m | [m[32mINFO [m[2m | [m[2mVersionMetadata[m[2m | [m[32mData directory <repo>/.tmp/besu-approval-runs/precompile-value-99354-1789402362/data does not exist - creating it
[m[2m2026-09-14 18:12:44.569+0200[m[2m | [m[2mmain[m[2m | [m[32mINFO [m[2m | [m[2mVersionMetadata[m[2m | [m[32mNo version data detected. Writing Besu version 26.8.1 to metadata file
[m[2m2026-09-14 18:12:44.805+0200[m[2m | [m[2mmain[m[2m | [m[32mINFO [m[2m | [m[2mBesu[m[2m | [m[32mUsing the native implementation of alt bn128
[m[2m2026-09-14 18:12:44.805+0200[m[2m | [m[2mmain[m[2m | [m[32mINFO [m[2m | [m[2mBesu[m[2m | [m[32mUsing the Java implementation of modexp
[m[2m2026-09-14 18:12:44.811+0200[m[2m | [m[2mmain[m[2m | [m[32mINFO [m[2m | [m[2mBesu[m[2m | [m[32mUsing the native implementation of the signature algorithm
[m[2m2026-09-14 18:12:44.814+0200[m[2m | [m[2mmain[m[2m | [m[32mINFO [m[2m | [m[2mBesu[m[2m | [m[32mUsing the Java implementation of the blake2bf algorithm
[m[2m2026-09-14 18:12:45.265+0200[m[2m | [m[2mmain[m[2m | [m[32mINFO [m[2m | [m[2mBesu[m[2m | [m[32mUsing the native BoringSSL implementation of p256verify
[m[2m2026-09-14 18:12:45.316+0200[m[2m | [m[2mmain[m[2m | [m[33mWARN [m[2m | [m[2mBesuController[m[2m | [m[33mNo consensus mechanism detected in genesis config, using PoS
[m[2m2026-09-14 18:12:45.325+0200[m[2m | [m[2mmain[m[2m | [m[33mWARN [m[2m | [m[2mBesu[m[2m | [m[33mForcing price bump for transaction replacement to 0, since min-gas-price is set to 0
[m[2m2026-09-14 18:12:45.326+0200[m[2m | [m[2mmain[m[2m | [m[33mWARN [m[2m | [m[2mBesu[m[2m | [m[33mForcing tx-pool-min-gas-price=0, since it cannot be greater than the value of min-gas-price
[m[2m2026-09-14 18:12:45.326+0200[m[2m | [m[2mmain[m[2m | [m[32mINFO [m[2m | [m[2mKeyPairUtil[m[2m | [m[32mAttempting to load public key from <repo>/.tmp/besu-approval-runs/precompile-value-99354-1789402362/key
[m[2m2026-09-14 18:12:45.332+0200[m[2m | [m[2mmain[m[2m | [m[32mINFO [m[2m | [m[2mKeyPairUtil[m[2m | [m[32mLoaded public key 0x8318535b54105d4a7aae60c08fc45f9687181b4fdfc625bd1a753fa7397fed753547f11ca8696646f2f3acb08e31016afac23e630c5d11f59f61fef57b0d2aa5 from <repo>/.tmp/besu-approval-runs/precompile-value-99354-1789402362/key
[m[2m2026-09-14 18:12:45.381+0200[m[2m | [m[2mmain[m[2m | [m[32mINFO [m[2m | [m[2mProtocolScheduleBuilder[m[2m | [m[32mProtocol schedule created with milestones: [Shanghai:0]
[m[2m2026-09-14 18:12:45.382+0200[m[2m | [m[2mmain[m[2m | [m[32mINFO [m[2m | [m[2mRocksDBKeyValueStorageFactory[m[2m | [m[32mNo existing database at <repo>/.tmp/besu-approval-runs/precompile-value-99354-1789402362/data. Using default metadata for new db versionedStorageFormat=BaseVersionedStorageFormat{format=BONSAI, version=3}
[m[2m2026-09-14 18:12:45.889+0200[m[2m | [m[2mmain[m[2m | [m[32mINFO [m[2m | [m[2mFlatDbStrategyProvider[m[2m | [m[32mFlat db mode found FULL
[m[2m2026-09-14 18:12:45.891+0200[m[2m | [m[2mmain[m[2m | [m[32mINFO [m[2m | [m[2mFlatDbStrategyProvider[m[2m | [m[32mDB mode with code stored using code hash enabled = true
[m[2m2026-09-14 18:12:45.897+0200[m[2m | [m[2mmain[m[2m | [m[32mINFO [m[2m | [m[2mFlatDbStrategyProvider[m[2m | [m[32mFlat db mode found FULL
[m[2m2026-09-14 18:12:45.898+0200[m[2m | [m[2mmain[m[2m | [m[32mINFO [m[2m | [m[2mFlatDbStrategyProvider[m[2m | [m[32mDB mode with code stored using code hash enabled = true
[m[2m2026-09-14 18:12:45.944+0200[m[2m | [m[2mmain[m[2m | [m[32mINFO [m[2m | [m[2mBesuControllerBuilder[m[2m | [m[32mAdding ChainDataPruner to observe block added events
[m[2m2026-09-14 18:12:45.945+0200[m[2m | [m[2mmain[m[2m | [m[32mINFO [m[2m | [m[2mBesuControllerBuilder[m[2m | [m[32mBAL pruning enabled | BALs retained: 113056 | Frequency: 256
[m[2m2026-09-14 18:12:45.955+0200[m[2m | [m[2mmain[m[2m | [m[32mINFO [m[2m | [m[2mTransactionPoolFactory[m[2m | [m[32mEnabling transaction pool
[m[2m2026-09-14 18:12:45.961+0200[m[2m | [m[2mmain[m[2m | [m[32mINFO [m[2m | [m[2mEthPeers[m[2m | [m[32mUpdating the default best peer comparator
[m[2m2026-09-14 18:12:45.965+0200[m[2m | [m[2mmain[m[2m | [m[32mINFO [m[2m | [m[2mBesuControllerBuilder[m[2m | [m[32mTTD difficulty is present, creating initial sync for PoS
[m[2m2026-09-14 18:12:45.977+0200[m[2m | [m[2mmain[m[2m | [m[32mINFO [m[2m | [m[2mRunnerBuilder[m[2m | [m[32mDetecting NAT service.
[m[2m2026-09-14 18:12:46.053+0200[m[2m | [m[2mmain[m[2m | [m[32mINFO [m[2m | [m[2mRunner[m[2m | [m[32mStarting external services ... 
[m[2m2026-09-14 18:12:46.053+0200[m[2m | [m[2mmain[m[2m | [m[32mINFO [m[2m | [m[2mJsonRpcHttpService[m[2m | [m[32mStarting JSON-RPC service on 127.0.0.1:58342
[m[2m2026-09-14 18:12:46.086+0200[m[2m | [m[2mvert.x-eventloop-thread-1[m[2m | [m[32mINFO [m[2m | [m[2mJsonRpcHttpService[m[2m | [m[32mJSON-RPC service started and listening on 127.0.0.1:58342
[m[2m2026-09-14 18:12:46.086+0200[m[2m | [m[2mmain[m[2m | [m[32mINFO [m[2m | [m[2mEngineJsonRpcService[m[2m | [m[32mStarting JSON-RPC service on 127.0.0.1:58343
[m[2m2026-09-14 18:12:46.087+0200[m[2m | [m[2mvert.x-eventloop-thread-1[m[2m | [m[32mINFO [m[2m | [m[2mEngineJsonRpcService[m[2m | [m[32mJSON-RPC service started and listening on 127.0.0.1:58343
[m[2m2026-09-14 18:12:46.088+0200[m[2m | [m[2mmain[m[2m | [m[32mINFO [m[2m | [m[2mAutoTransactionLogBloomCachingService[m[2m | [m[32mStarting auto transaction log bloom caching service.
[m[2m2026-09-14 18:12:46.088+0200[m[2m | [m[2mmain[m[2m | [m[32mINFO [m[2m | [m[2mLogBloomCacheMetadata[m[2m | [m[32mLookup cache metadata file in data directory: <repo>/.tmp/besu-approval-runs/precompile-value-99354-1789402362/data/caches
[m[2m2026-09-14 18:12:46.098+0200[m[2m | [m[2mmain[m[2m | [m[32mINFO [m[2m | [m[2mOpsApprovalPlugin[m[2m | [m[32mOPS approval gate active: listen=127.0.0.1:58344 chain=31337 wait_ms=5000 capacity=100000
[m[2m2026-09-14 18:12:46.098+0200[m[2m | [m[2mmain[m[2m | [m[32mINFO [m[2m | [m[2mRunner[m[2m | [m[32mStarting Ethereum main loop ... 
[m[2m2026-09-14 18:12:46.098+0200[m[2m | [m[2mmain[m[2m | [m[32mINFO [m[2m | [m[2mNatService[m[2m | [m[32mNo NAT environment detected so no service could be started
[m[2m2026-09-14 18:12:46.098+0200[m[2m | [m[2mmain[m[2m | [m[32mINFO [m[2m | [m[2mNetworkRunner[m[2m | [m[32mStarting Network.
[m[2m2026-09-14 18:12:46.101+0200[m[2m | [m[2mmain[m[2m | [m[32mINFO [m[2m | [m[2mNetworkRunner[m[2m | [m[32mSupported capabilities: [eth/68, eth/69, eth/70, eth/71], [snap/1]
[m[2m2026-09-14 18:12:46.101+0200[m[2m | [m[2mmain[m[2m | [m[32mINFO [m[2m | [m[2mRunner[m[2m | [m[32mEthereum main loop is up.
[m[2m2026-09-14 18:12:46.624+0200[m[2m | [m[2mengine-ordered-execution-0[m[2m | [m[32mINFO [m[2m | [m[2mMergeCoordinator[m[2m | [m[32mStart building proposals for block 1 identified by 0x0094b6536c934601
[m[2m2026-09-14 18:12:46.625+0200[m[2m | [m[2mengine-ordered-execution-0[m[2m | [m[32mINFO [m[2m | [m[2mEngineForkchoiceUpdatedV2[m[2m | [m[32mFCU(VALID) | head: 206d0.....3fa10 | safe: 206d0.....3fa10 | finalized: 206d0.....3fa10
[m[2m2026-09-14 18:12:46.631+0200[m[2m | [m[2mEthScheduler-BlockCreation-1-1[m[2m | [m[32mINFO [m[2m | [m[2mApprovalSelector[m[2m | [m[32mOPS_APPROVAL_DECISION allow tx=0x6a6c67075896f5b8db52848a0768b37bb1db2531362aec6b8a13b0b60b4d037c calls=2
[m[2m2026-09-14 18:12:46.639+0200[m[2m | [m[2mEthScheduler-BlockCreation-0-1[m[2m | [m[32mINFO [m[2m | [m[2mPostMergeContext[m[2m | [m[32mNew proposal for payloadId 0x0094b6536c934601 block 1 (0xa202b7cc2810d9d3cd649b6ca0f996ebe8d862125fff9873119c55eed2cd1209) gas used 21947 transactions 1 reward 24,69 szabo is better than the previous one by 24,69 szabo
[m[2m2026-09-14 18:12:47.130+0200[m[2m | [m[2mEthScheduler-BlockCreation-1-1[m[2m | [m[32mINFO [m[2m | [m[2mApprovalSelector[m[2m | [m[32mOPS_APPROVAL_DECISION allow tx=0x6a6c67075896f5b8db52848a0768b37bb1db2531362aec6b8a13b0b60b4d037c calls=2
[m[2m2026-09-14 18:12:47.635+0200[m[2m | [m[2mEthScheduler-BlockCreation-1-1[m[2m | [m[32mINFO [m[2m | [m[2mApprovalSelector[m[2m | [m[32mOPS_APPROVAL_DECISION allow tx=0x6a6c67075896f5b8db52848a0768b37bb1db2531362aec6b8a13b0b60b4d037c calls=2
[m[2m2026-09-14 18:12:47.641+0200[m[2m | [m[2mvert.x-worker-thread-8[m[2m | [m[32mINFO [m[2m | [m[2mEngineGetPayloadV2[m[2m | [m[32mProduced #1  (a202b.....d1209)|    1 tx | 0 ws | 21.947 (0,1%) gas in 1,015s | Timing(started at 2026-09-14T16:12:46.625911Z, duplicateWorldState=0ms, preTxsSelection=0ms, txsSelection=6ms, selectedTxsEvaluation=2ms, blockAssembled=1ms, awaitingRetrieval=1006ms) | PayloadId 0x0094b6536c934601
[m[2m2026-09-14 18:12:47.660+0200[m[2m | [m[2mengine-ordered-execution-0[m[2m | [m[32mINFO [m[2m | [m[2mEngineNewPayloadV2[m[2m | [m[32mImported #1  (a202b.....d1209)|    1 tx|  0 ws| 875,00 mwei bfee|      21.947 (  0,1%) gas used| 5,1ms exec|   4,27 Mgas/s|  0 peers
[m[2m2026-09-14 18:12:47.671+0200[m[2m | [m[2mengine-ordered-execution-0[m[2m | [m[32mINFO [m[2m | [m[2mEngineForkchoiceUpdatedV2[m[2m | [m[32mFCU(VALID) | head: a202b.....d1209 | safe: a202b.....d1209 | finalized: a202b.....d1209
[m[2m2026-09-14 18:12:47.711+0200[m[2m | [m[2mengine-ordered-execution-0[m[2m | [m[33mWARN [m[2m | [m[2mMergeCoordinator[m[2m | [m[33mNew payloadId 0x0094b6686334ff02 received so cancelling block creation tasks for the following payloadIds: 0x0094b6536c934601
[m[2m2026-09-14 18:12:47.712+0200[m[2m | [m[2mengine-ordered-execution-0[m[2m | [m[32mINFO [m[2m | [m[2mMergeCoordinator[m[2m | [m[32mStart building proposals for block 2 identified by 0x0094b6686334ff02
[m[2m2026-09-14 18:12:47.712+0200[m[2m | [m[2mengine-ordered-execution-0[m[2m | [m[32mINFO [m[2m | [m[2mEngineForkchoiceUpdatedV2[m[2m | [m[32mFCU(VALID) | head: a202b.....d1209 | safe: a202b.....d1209 | finalized: a202b.....d1209
[m[2m2026-09-14 18:12:47.713+0200[m[2m | [m[2mEthScheduler-BlockCreation-2-2[m[2m | [m[32mINFO [m[2m | [m[2mApprovalSelector[m[2m | [m[32mOPS_APPROVAL_DECISION allow tx=0x44ff0c2947051dc64a371fe2bf15eb79fc07d40a66a17e8326b8ae30e63ad383 calls=1
[m[2m2026-09-14 18:12:47.714+0200[m[2m | [m[2mEthScheduler-BlockCreation-1-2[m[2m | [m[32mINFO [m[2m | [m[2mPostMergeContext[m[2m | [m[32mNew proposal for payloadId 0x0094b6686334ff02 block 2 (0xe8ecb32f03021e271c2ed447f951e3326495e41ebb53afa7680580bce39bff0a) gas used 21000 transactions 1 reward 25,92 szabo is better than the previous one by 25,92 szabo
[m[2m2026-09-14 18:12:48.219+0200[m[2m | [m[2mEthScheduler-BlockCreation-0-2[m[2m | [m[32mINFO [m[2m | [m[2mApprovalSelector[m[2m | [m[32mOPS_APPROVAL_DECISION allow tx=0x44ff0c2947051dc64a371fe2bf15eb79fc07d40a66a17e8326b8ae30e63ad383 calls=1
[m[2m2026-09-14 18:12:48.728+0200[m[2m | [m[2mEthScheduler-BlockCreation-0-2[m[2m | [m[32mINFO [m[2m | [m[2mApprovalSelector[m[2m | [m[32mOPS_APPROVAL_DECISION allow tx=0x44ff0c2947051dc64a371fe2bf15eb79fc07d40a66a17e8326b8ae30e63ad383 calls=1
[m[2m2026-09-14 18:12:48.735+0200[m[2m | [m[2mvert.x-worker-thread-18[m[2m | [m[32mINFO [m[2m | [m[2mEngineGetPayloadV2[m[2m | [m[32mProduced #2  (e8ecb.....bff0a)|    1 tx | 0 ws | 21.000 (0,1%) gas in 1,022s | Timing(started at 2026-09-14T16:12:47.712556Z, duplicateWorldState=0ms, preTxsSelection=0ms, txsSelection=0ms, selectedTxsEvaluation=0ms, blockAssembled=0ms, awaitingRetrieval=1021ms) | PayloadId 0x0094b6686334ff02
[m[2m2026-09-14 18:12:48.748+0200[m[2m | [m[2mengine-ordered-execution-0[m[2m | [m[32mINFO [m[2m | [m[2mEngineNewPayloadV2[m[2m | [m[32mImported #2  (e8ecb.....bff0a)|    1 tx|  0 ws| 765,79 mwei bfee|      21.000 (  0,1%) gas used| 2,5ms exec|   8,55 Mgas/s|  0 peers
[m[2m2026-09-14 18:12:48.754+0200[m[2m | [m[2mengine-ordered-execution-0[m[2m | [m[32mINFO [m[2m | [m[2mEngineForkchoiceUpdatedV2[m[2m | [m[32mFCU(VALID) | head: e8ecb.....bff0a | safe: e8ecb.....bff0a | finalized: e8ecb.....bff0a
[m[2m2026-09-14 18:12:48.772+0200[m[2m | [m[2mBesuCommand-Shutdown-Hook[m[2m | [m[32mINFO [m[2m | [m[2mNetworkRunner[m[2m | [m[32mStopping Network.
[m[2m2026-09-14 18:12:48.772+0200[m[2m | [m[2mBesuCommand-Shutdown-Hook[m[2m | [m[32mINFO [m[2m | [m[2mEthProtocolManager[m[2m | [m[32mStopping eth Subprotocol.
[m[2m2026-09-14 18:12:48.773+0200[m[2m | [m[2mBesuCommand-Shutdown-Hook[m[2m | [m[32mINFO [m[2m | [m[2mEthProtocolManager[m[2m | [m[32meth Subprotocol stopped.
[m[2m2026-09-14 18:12:48.773+0200[m[2m | [m[2mBesuCommand-Shutdown-Hook[m[2m | [m[32mINFO [m[2m | [m[2mNetworkRunner[m[2m | [m[32mNetwork stopped.
[m[2m2026-09-14 18:12:48.773+0200[m[2m | [m[2mBesuCommand-Shutdown-Hook[m[2m | [m[32mINFO [m[2m | [m[2mAutoTransactionLogBloomCachingService[m[2m | [m[32mShutting down Auto transaction logs caching service.
[m[2m2026-09-14 18:12:48.773+0200[m[2m | [m[2mBesuCommand-Shutdown-Hook[m[2m | [m[32mINFO [m[2m | [m[2mNatService[m[2m | [m[32mNo NAT environment detected so no service could be stopped
[m