[2m2026-09-24 18:16:11.730+0200[m[2m | [m[2mmain[m[2m | [m[33mWARN [m[2m | [m[2mPluginVerifier[m[2m | [m[33mArtifact <repo>/.tmp/besu-home/plugins/ops-besu-approvals.jar containing plugins [OpsApprovalPlugin] is without a catalog
[m[2m2026-09-24 18:16:11.732+0200[m[2m | [m[2mmain[m[2m | [m[33mWARN [m[2m | [m[2mPluginVerifier[m[2m | [m[33mPlugin artifact <repo>/.tmp/besu-home/plugins/besu-shomei-plugin-v1.0.7.jar is built against Besu version 26.6.1-3fd233a while current running Besu version is 26.8.1
[m[2m2026-09-24 18:16:11.743+0200[m[2m | [m[2mmain[m[2m | [m[32mINFO [m[2m | [m[2mBesuPluginContextImpl[m[2m | [m[32mRegistered plugin of type ops.approvals.OpsApprovalPlugin.
[mSetting logging level to INFO
[2m2026-09-24 18:16:11.775+0200[m[2m | [m[2mmain[m[2m | [m[32mINFO [m[2m | [m[2mBesu[m[2m | [m[32mStarting Besu
[m[2m2026-09-24 18:16:12.289+0200[m[2m | [m[2mmain[m[2m | [m[33mWARN [m[2m | [m[2mBesu[m[2m | [m[33m--discovery-enabled has been ignored because --p2p-enabled was not defined on the command line.
[m[2m2026-09-24 18:16:12.954+0200[m[2m | [m[2mmain[m[2m | [m[32mINFO [m[2m | [m[2mBesu[m[2m | [m[32mRPC HTTP JSON-RPC config: JsonRpcConfiguration{enabled=true, port=60320, host=127.0.0.1, corsAllowedDomains=[], hostsAllowlist=[localhost, 127.0.0.1], rpcApis=[ETH, NET, WEB3, DEBUG, TXPOOL, ADMIN, OPS], authenticationEnabled=false, authenticationCredentialsFile=null, authenticationPublicKeyFile=null, tlsConfiguration=Optional.empty, httpTimeoutSec=30, maxActiveConnections=4096, maxBatchSize=1024}
[m[2m2026-09-24 18:16:12.956+0200[m[2m | [m[2mmain[m[2m | [m[32mINFO [m[2m | [m[2mBesu[m[2m | [m[32mEngine JSON-RPC config: JsonRpcConfiguration{enabled=true, port=60321, host=127.0.0.1, corsAllowedDomains=[], hostsAllowlist=[*], rpcApis=[ENGINE, ETH], authenticationEnabled=true, authenticationCredentialsFile=null, authenticationPublicKeyFile=<repo>/.tmp/besu-approval-runs/reorg-60588-1790266570/jwt.hex, tlsConfiguration=Optional.empty, httpTimeoutSec=30, maxActiveConnections=4096, maxBatchSize=1024}
[m[2m2026-09-24 18:16:12.961+0200[m[2m | [m[2mmain[m[2m | [m[33mWARN [m[2m | [m[2mBesu[m[2m | [m[33mForcing --bonsai-limit-trie-logs-enabled=false, since it cannot be enabled with --sync-mode=FULL and --data-storage-format=BONSAI.
[m[2m2026-09-24 18:16:12.962+0200[m[2m | [m[2mmain[m[2m | [m[32mINFO [m[2m | [m[2mBesu[m[2m | [m[32mConnecting to 0 static nodes.
[m[2m2026-09-24 18:16:12.966+0200[m[2m | [m[2mmain[m[2m | [m[33mWARN [m[2m | [m[2mBesu[m[2m | [m[33mForcing price bump for transaction replacement to 0, since min-gas-price is set to 0
[m[2m2026-09-24 18:16:12.967+0200[m[2m | [m[2mmain[m[2m | [m[33mWARN [m[2m | [m[2mBesu[m[2m | [m[33mForcing tx-pool-min-gas-price=0, since it cannot be greater than the value of min-gas-price
[m[2m2026-09-24 18:16:13.004+0200[m[2m | [m[2mmain[m[2m | [m[32mINFO [m[2m | [m[2mBesu[m[2m | [m[32m
####################################################################################################
#                                                                                                  #
# Besu version 26.8.1                                                                              #
#                                                                                                  #
# Configuration:                                                                                   #
# Network: Custom genesis file                                                                     #
# <repo>                     #
# 96d2b9/poc/besu-signed-approvals/evidence/genesis.json                                           #
# Network Id: 31337                                                                                #
# Data storage: Bonsai                                                                             #
# RocksDB max open files: 1024 (derived from available resources)                                  #
# Sync mode: Full                                                                                  #
# Sync min peers: 5                                                                                #
# P2P Discovery: disabled                                                                          #
# RPC HTTP APIs: ETH,NET,WEB3,DEBUG,TXPOOL,ADMIN,OPS                                               #
# RPC HTTP port: 60320                                                                             #
# Engine APIs: ENGINE,ETH                                                                          #
# Engine port: 60321                                                                               #
# Engine JWT: <repo>                     #
# -a7217f5d8fe96d2b9/.tmp/besu-approval-runs/reorg-60588-1790266570/jwt.hex                        #
# Using LAYERED transaction pool implementation                                                    #
# Using STACKED worldstate update mode                                                             #
# Opcode optimizations enabled                                                                     #
# Parallel transaction processing enabled                                                          #
# BAL pruning enabled (retained BALs: 113056)                                                      #
#                                                                                                  #
# Host:                                                                                            #
# Java: openjdk-java-25                                                                            #
# Maximum heap size: 2,00 GB                                                                       #
# OS: osx-aarch_64                                                                                 #
# Total memory: 32,00 GB                                                                           #
# CPU cores: 12                                                                                    #
#                                                                                                  #
# Plugin Registration Summary:                                                                     #
# Registered Plugins:                                                                              #
#  - OpsApprovalPlugin (ops-besu-approvals/0.1.0-poc)                                              #
# Detected but not registered:                                                                     #
#  - BesuShomeiRpcPlugin (besu-shomei-plugin/v1.0.7)                                               #
#  - ZkTrieLogPlugin (besu-shomei-plugin/v1.0.7)                                                   #
#  - ForwardBundlesPlugin (linea-sequencer/linea-8bb72b4)                                          #
#  - LineaExtraDataPlugin (linea-sequencer/linea-8bb72b4)                                          #
#  - LineaBundleEndpointsPlugin (linea-sequencer/linea-8bb72b4)                                    #
#  - LineaEstimateGasEndpointPlugin (linea-sequencer/linea-8bb72b4)                                #
#  - LineaForcedTransactionEndpointsPlugin (linea-sequencer/linea-8bb72b4)                         #
#  - LineaSetExtraDataEndpointPlugin (linea-sequencer/linea-8bb72b4)                               #
#  - LineaTransactionPoolValidatorPlugin (linea-sequencer/linea-8bb72b4)                           #
#  - LineaTransactionSelectorPlugin (linea-sequencer/linea-8bb72b4)                                #
#  - LineaBlockTransactionValidatorPlugin (linea-sequencer/linea-8bb72b4)                          #
#  - TracerReadinessPlugin (linea-tracer/linea-8bb72b4)                                            #
#  - ConflatedLineCountsEndpointServicePlugin (linea-tracer/linea-8bb72b4)                         #
#  - CaptureEndpointServicePlugin (linea-tracer/linea-8bb72b4)                                     #
#  - LineCountsEndpointServicePlugin (linea-tracer/linea-8bb72b4)                                  #
#  - TracesEndpointServicePlugin (linea-tracer/linea-8bb72b4)                                      #
# TOTAL = 1 of 17 plugins successfully registered.                                                 #
#                                                                                                  #
####################################################################################################
[m[2m2026-09-24 18:16:13.005+0200[m[2m | [m[2mmain[m[2m | [m[32mINFO [m[2m | [m[2mBesu[m[2m | [m[32mSecurity Module: localfile
[m[2m2026-09-24 18:16:13.005+0200[m[2m | [m[2mmain[m[2m | [m[32mINFO [m[2m | [m[2mVersionMetadata[m[2m | [m[32mLookup version metadata file in data directory: <repo>/.tmp/besu-approval-runs/reorg-60588-1790266570/data
[m[2m2026-09-24 18:16:13.005+0200[m[2m | [m[2mmain[m[2m | [m[32mINFO [m[2m | [m[2mVersionMetadata[m[2m | [m[32mData directory <repo>/.tmp/besu-approval-runs/reorg-60588-1790266570/data does not exist - creating it
[m[2m2026-09-24 18:16:13.005+0200[m[2m | [m[2mmain[m[2m | [m[32mINFO [m[2m | [m[2mVersionMetadata[m[2m | [m[32mNo version data detected. Writing Besu version 26.8.1 to metadata file
[m[2m2026-09-24 18:16:13.222+0200[m[2m | [m[2mmain[m[2m | [m[32mINFO [m[2m | [m[2mBesu[m[2m | [m[32mUsing the native implementation of alt bn128
[m[2m2026-09-24 18:16:13.223+0200[m[2m | [m[2mmain[m[2m | [m[32mINFO [m[2m | [m[2mBesu[m[2m | [m[32mUsing the Java implementation of modexp
[m[2m2026-09-24 18:16:13.229+0200[m[2m | [m[2mmain[m[2m | [m[32mINFO [m[2m | [m[2mBesu[m[2m | [m[32mUsing the native implementation of the signature algorithm
[m[2m2026-09-24 18:16:13.231+0200[m[2m | [m[2mmain[m[2m | [m[32mINFO [m[2m | [m[2mBesu[m[2m | [m[32mUsing the Java implementation of the blake2bf algorithm
[m[2m2026-09-24 18:16:13.663+0200[m[2m | [m[2mmain[m[2m | [m[32mINFO [m[2m | [m[2mBesu[m[2m | [m[32mUsing the native BoringSSL implementation of p256verify
[m[2m2026-09-24 18:16:13.709+0200[m[2m | [m[2mmain[m[2m | [m[33mWARN [m[2m | [m[2mBesuController[m[2m | [m[33mNo consensus mechanism detected in genesis config, using PoS
[m[2m2026-09-24 18:16:13.720+0200[m[2m | [m[2mmain[m[2m | [m[33mWARN [m[2m | [m[2mBesu[m[2m | [m[33mForcing price bump for transaction replacement to 0, since min-gas-price is set to 0
[m[2m2026-09-24 18:16:13.720+0200[m[2m | [m[2mmain[m[2m | [m[33mWARN [m[2m | [m[2mBesu[m[2m | [m[33mForcing tx-pool-min-gas-price=0, since it cannot be greater than the value of min-gas-price
[m[2m2026-09-24 18:16:13.721+0200[m[2m | [m[2mmain[m[2m | [m[32mINFO [m[2m | [m[2mKeyPairUtil[m[2m | [m[32mAttempting to load public key from <repo>/.tmp/besu-approval-runs/reorg-60588-1790266570/key
[m[2m2026-09-24 18:16:13.727+0200[m[2m | [m[2mmain[m[2m | [m[32mINFO [m[2m | [m[2mKeyPairUtil[m[2m | [m[32mLoaded public key 0x8318535b54105d4a7aae60c08fc45f9687181b4fdfc625bd1a753fa7397fed753547f11ca8696646f2f3acb08e31016afac23e630c5d11f59f61fef57b0d2aa5 from <repo>/.tmp/besu-approval-runs/reorg-60588-1790266570/key
[m[2m2026-09-24 18:16:13.777+0200[m[2m | [m[2mmain[m[2m | [m[32mINFO [m[2m | [m[2mProtocolScheduleBuilder[m[2m | [m[32mProtocol schedule created with milestones: [Shanghai:0]
[m[2m2026-09-24 18:16:13.779+0200[m[2m | [m[2mmain[m[2m | [m[32mINFO [m[2m | [m[2mRocksDBKeyValueStorageFactory[m[2m | [m[32mNo existing database at <repo>/.tmp/besu-approval-runs/reorg-60588-1790266570/data. Using default metadata for new db versionedStorageFormat=BaseVersionedStorageFormat{format=BONSAI, version=3}
[m[2m2026-09-24 18:16:14.262+0200[m[2m | [m[2mmain[m[2m | [m[32mINFO [m[2m | [m[2mFlatDbStrategyProvider[m[2m | [m[32mFlat db mode found FULL
[m[2m2026-09-24 18:16:14.263+0200[m[2m | [m[2mmain[m[2m | [m[32mINFO [m[2m | [m[2mFlatDbStrategyProvider[m[2m | [m[32mDB mode with code stored using code hash enabled = true
[m[2m2026-09-24 18:16:14.269+0200[m[2m | [m[2mmain[m[2m | [m[32mINFO [m[2m | [m[2mFlatDbStrategyProvider[m[2m | [m[32mFlat db mode found FULL
[m[2m2026-09-24 18:16:14.269+0200[m[2m | [m[2mmain[m[2m | [m[32mINFO [m[2m | [m[2mFlatDbStrategyProvider[m[2m | [m[32mDB mode with code stored using code hash enabled = true
[m[2m2026-09-24 18:16:14.316+0200[m[2m | [m[2mmain[m[2m | [m[32mINFO [m[2m | [m[2mBesuControllerBuilder[m[2m | [m[32mAdding ChainDataPruner to observe block added events
[m[2m2026-09-24 18:16:14.318+0200[m[2m | [m[2mmain[m[2m | [m[32mINFO [m[2m | [m[2mBesuControllerBuilder[m[2m | [m[32mBAL pruning enabled | BALs retained: 113056 | Frequency: 256
[m[2m2026-09-24 18:16:14.331+0200[m[2m | [m[2mmain[m[2m | [m[32mINFO [m[2m | [m[2mTransactionPoolFactory[m[2m | [m[32mEnabling transaction pool
[m[2m2026-09-24 18:16:14.337+0200[m[2m | [m[2mmain[m[2m | [m[32mINFO [m[2m | [m[2mEthPeers[m[2m | [m[32mUpdating the default best peer comparator
[m[2m2026-09-24 18:16:14.342+0200[m[2m | [m[2mmain[m[2m | [m[32mINFO [m[2m | [m[2mBesuControllerBuilder[m[2m | [m[32mTTD difficulty is present, creating initial sync for PoS
[m[2m2026-09-24 18:16:14.355+0200[m[2m | [m[2mmain[m[2m | [m[32mINFO [m[2m | [m[2mRunnerBuilder[m[2m | [m[32mDetecting NAT service.
[m[2m2026-09-24 18:16:14.430+0200[m[2m | [m[2mmain[m[2m | [m[32mINFO [m[2m | [m[2mRunner[m[2m | [m[32mStarting external services ... 
[m[2m2026-09-24 18:16:14.431+0200[m[2m | [m[2mmain[m[2m | [m[32mINFO [m[2m | [m[2mMetricsHttpService[m[2m | [m[32mStarting metrics http service on 127.0.0.1:60322
[m[2m2026-09-24 18:16:14.441+0200[m[2m | [m[2mmain[m[2m | [m[32mINFO [m[2m | [m[2mJsonRpcHttpService[m[2m | [m[32mStarting JSON-RPC service on 127.0.0.1:60320
[m[2m2026-09-24 18:16:14.474+0200[m[2m | [m[2mvert.x-eventloop-thread-1[m[2m | [m[32mINFO [m[2m | [m[2mJsonRpcHttpService[m[2m | [m[32mJSON-RPC service started and listening on 127.0.0.1:60320
[m[2m2026-09-24 18:16:14.474+0200[m[2m | [m[2mmain[m[2m | [m[32mINFO [m[2m | [m[2mEngineJsonRpcService[m[2m | [m[32mStarting JSON-RPC service on 127.0.0.1:60321
[m[2m2026-09-24 18:16:14.475+0200[m[2m | [m[2mvert.x-eventloop-thread-1[m[2m | [m[32mINFO [m[2m | [m[2mEngineJsonRpcService[m[2m | [m[32mJSON-RPC service started and listening on 127.0.0.1:60321
[m[2m2026-09-24 18:16:14.476+0200[m[2m | [m[2mmain[m[2m | [m[32mINFO [m[2m | [m[2mAutoTransactionLogBloomCachingService[m[2m | [m[32mStarting auto transaction log bloom caching service.
[m[2m2026-09-24 18:16:14.476+0200[m[2m | [m[2mmain[m[2m | [m[32mINFO [m[2m | [m[2mLogBloomCacheMetadata[m[2m | [m[32mLookup cache metadata file in data directory: <repo>/.tmp/besu-approval-runs/reorg-60588-1790266570/data/caches
[m[2m2026-09-24 18:16:14.532+0200[m[2m | [m[2mmain[m[2m | [m[32mINFO [m[2m | [m[2mOpsApprovalPlugin[m[2m | [m[32mOPS approval gate active: listen=127.0.0.1:60323 port=60323 boot_id=84099d0a300f748682932061021c1928 chain=31337 trusted_keys=[default] wait_ms=5000 capacity=100000 max_ttl_ms=3600000 allowed_sources=127.0.0.1/32 max_connections=32
[m[2m2026-09-24 18:16:14.533+0200[m[2m | [m[2mmain[m[2m | [m[32mINFO [m[2m | [m[2mRunner[m[2m | [m[32mStarting Ethereum main loop ... 
[m[2m2026-09-24 18:16:14.533+0200[m[2m | [m[2mmain[m[2m | [m[32mINFO [m[2m | [m[2mNatService[m[2m | [m[32mNo NAT environment detected so no service could be started
[m[2m2026-09-24 18:16:14.533+0200[m[2m | [m[2mmain[m[2m | [m[32mINFO [m[2m | [m[2mNetworkRunner[m[2m | [m[32mStarting Network.
[m[2m2026-09-24 18:16:14.535+0200[m[2m | [m[2mmain[m[2m | [m[32mINFO [m[2m | [m[2mNetworkRunner[m[2m | [m[32mSupported capabilities: [eth/68, eth/69, eth/70, eth/71], [snap/1]
[m[2m2026-09-24 18:16:14.536+0200[m[2m | [m[2mmain[m[2m | [m[32mINFO [m[2m | [m[2mRunner[m[2m | [m[32mEthereum main loop is up.
[m[2m2026-09-24 18:16:15.091+0200[m[2m | [m[2mengine-ordered-execution-0[m[2m | [m[32mINFO [m[2m | [m[2mMergeCoordinator[m[2m | [m[32mStart building proposals for block 1 identified by 0x0094b6536c934601
[m[2m2026-09-24 18:16:15.093+0200[m[2m | [m[2mengine-ordered-execution-0[m[2m | [m[32mINFO [m[2m | [m[2mEngineForkchoiceUpdatedV2[m[2m | [m[32mFCU(VALID) | head: 206d0.....3fa10 | safe: 206d0.....3fa10 | finalized: 206d0.....3fa10
[m[2m2026-09-24 18:16:15.099+0200[m[2m | [m[2mEthScheduler-BlockCreation-1-1[m[2m | [m[32mINFO [m[2m | [m[2mApprovalSelector[m[2m | [m[32mOPS_APPROVAL_DECISION allow tx=0x6a043a1667ad307c143462bd590d142e28a7ea71e53aa1deb5d9c8ebdfcffb35 calls=3
[m[2m2026-09-24 18:16:15.099+0200[m[2m | [m[2mEthScheduler-BlockCreation-1-1[m[2m | [m[32mINFO [m[2m | [m[2mApprovalSelector[m[2m | [m[32mOPS_APPROVAL_TIMING {"tx":"0x6a043a1667ad307c143462bd590d142e28a7ea71e53aa1deb5d9c8ebdfcffb35","mode":3,"calls":3,"gate_ns":270541}
[m[2m2026-09-24 18:16:15.102+0200[m[2m | [m[2mEthScheduler-BlockCreation-1-1[m[2m | [m[32mINFO [m[2m | [m[2mApprovalSelector[m[2m | [m[32mOPS_APPROVAL_DECISION allow tx=0xc6afc33029599365e1015b665ebcb8ad0cbb25303de732b4d432f89ac1f5564d calls=3
[m[2m2026-09-24 18:16:15.102+0200[m[2m | [m[2mEthScheduler-BlockCreation-1-1[m[2m | [m[32mINFO [m[2m | [m[2mApprovalSelector[m[2m | [m[32mOPS_APPROVAL_TIMING {"tx":"0xc6afc33029599365e1015b665ebcb8ad0cbb25303de732b4d432f89ac1f5564d","mode":3,"calls":3,"gate_ns":120499}
[m[2m2026-09-24 18:16:15.116+0200[m[2m | [m[2mEthScheduler-BlockCreation-0-1[m[2m | [m[32mINFO [m[2m | [m[2mPostMergeContext[m[2m | [m[32mNew proposal for payloadId 0x0094b6536c934601 block 1 (0x43d0ba8e380df73fabf91c2eb3e5bc27cd93410316429015e4123b41e5996d53) gas used 197926 transactions 2 reward 222,67 szabo is better than the previous one by 222,67 szabo
[m[2m2026-09-24 18:16:15.600+0200[m[2m | [m[2mEthScheduler-BlockCreation-1-1[m[2m | [m[32mINFO [m[2m | [m[2mApprovalSelector[m[2m | [m[32mOPS_APPROVAL_DECISION allow tx=0x6a043a1667ad307c143462bd590d142e28a7ea71e53aa1deb5d9c8ebdfcffb35 calls=3
[m[2m2026-09-24 18:16:15.600+0200[m[2m | [m[2mEthScheduler-BlockCreation-1-1[m[2m | [m[32mINFO [m[2m | [m[2mApprovalSelector[m[2m | [m[32mOPS_APPROVAL_TIMING {"tx":"0x6a043a1667ad307c143462bd590d142e28a7ea71e53aa1deb5d9c8ebdfcffb35","mode":3,"calls":3,"gate_ns":319917}
[m[2m2026-09-24 18:16:15.601+0200[m[2m | [m[2mEthScheduler-BlockCreation-1-1[m[2m | [m[32mINFO [m[2m | [m[2mApprovalSelector[m[2m | [m[32mOPS_APPROVAL_DECISION allow tx=0xc6afc33029599365e1015b665ebcb8ad0cbb25303de732b4d432f89ac1f5564d calls=3
[m[2m2026-09-24 18:16:15.601+0200[m[2m | [m[2mEthScheduler-BlockCreation-1-1[m[2m | [m[32mINFO [m[2m | [m[2mApprovalSelector[m[2m | [m[32mOPS_APPROVAL_TIMING {"tx":"0xc6afc33029599365e1015b665ebcb8ad0cbb25303de732b4d432f89ac1f5564d","mode":3,"calls":3,"gate_ns":135791}
[m[2m2026-09-24 18:16:16.101+0200[m[2m | [m[2mEthScheduler-BlockCreation-1-1[m[2m | [m[32mINFO [m[2m | [m[2mApprovalSelector[m[2m | [m[32mOPS_APPROVAL_DECISION allow tx=0x6a043a1667ad307c143462bd590d142e28a7ea71e53aa1deb5d9c8ebdfcffb35 calls=3
[m[2m2026-09-24 18:16:16.102+0200[m[2m | [m[2mEthScheduler-BlockCreation-1-1[m[2m | [m[32mINFO [m[2m | [m[2mApprovalSelector[m[2m | [m[32mOPS_APPROVAL_TIMING {"tx":"0x6a043a1667ad307c143462bd590d142e28a7ea71e53aa1deb5d9c8ebdfcffb35","mode":3,"calls":3,"gate_ns":278542}
[m[2m2026-09-24 18:16:16.103+0200[m[2m | [m[2mEthScheduler-BlockCreation-1-1[m[2m | [m[32mINFO [m[2m | [m[2mApprovalSelector[m[2m | [m[32mOPS_APPROVAL_DECISION allow tx=0xc6afc33029599365e1015b665ebcb8ad0cbb25303de732b4d432f89ac1f5564d calls=3
[m[2m2026-09-24 18:16:16.103+0200[m[2m | [m[2mEthScheduler-BlockCreation-1-1[m[2m | [m[32mINFO [m[2m | [m[2mApprovalSelector[m[2m | [m[32mOPS_APPROVAL_TIMING {"tx":"0xc6afc33029599365e1015b665ebcb8ad0cbb25303de732b4d432f89ac1f5564d","mode":3,"calls":3,"gate_ns":117417}
[m[2m2026-09-24 18:16:16.108+0200[m[2m | [m[2mvert.x-worker-thread-10[m[2m | [m[32mINFO [m[2m | [m[2mEngineGetPayloadV2[m[2m | [m[32mProduced #1  (43d0b.....96d53)|    2 tx | 0 ws | 197.926 (0,7%) gas in 1,015s | Timing(started at 2026-09-24T16:16:15.092918Z, duplicateWorldState=0ms, preTxsSelection=0ms, txsSelection=9ms, selectedTxsEvaluation=5ms, blockAssembled=2ms, awaitingRetrieval=1003ms) | PayloadId 0x0094b6536c934601
[m[2m2026-09-24 18:16:16.124+0200[m[2m | [m[2mengine-ordered-execution-0[m[2m | [m[32mINFO [m[2m | [m[2mEngineNewPayloadV2[m[2m | [m[32mImported #1  (43d0b.....96d53)|    2 tx|  0 ws| 875,00 mwei bfee|     197.926 (  0,7%) gas used| 5,4ms exec|  36,34 Mgas/s|  0 peers
[m[2m2026-09-24 18:16:16.134+0200[m[2m | [m[2mengine-ordered-execution-0[m[2m | [m[32mINFO [m[2m | [m[2mEngineForkchoiceUpdatedV2[m[2m | [m[32mFCU(VALID) | head: 43d0b.....96d53 | safe: 206d0.....3fa10 | finalized: 206d0.....3fa10
[m[2m2026-09-24 18:16:16.146+0200[m[2m | [m[2mengine-ordered-execution-0[m[2m | [m[33mWARN [m[2m | [m[2mMergeCoordinator[m[2m | [m[33mNew payloadId 0x0094da70ce934601 received so cancelling block creation tasks for the following payloadIds: 0x0094b6536c934601
[m[2m2026-09-24 18:16:16.147+0200[m[2m | [m[2mengine-ordered-execution-0[m[2m | [m[32mINFO [m[2m | [m[2mMergeCoordinator[m[2m | [m[32mStart building proposals for block 1 identified by 0x0094da70ce934601
[m[2m2026-09-24 18:16:16.147+0200[m[2m | [m[2mengine-ordered-execution-0[m[2m | [m[32mINFO [m[2m | [m[2mEngineForkchoiceUpdatedV2[m[2m | [m[32mFCU(VALID) | head: 206d0.....3fa10 | safe: 206d0.....3fa10 | finalized: 206d0.....3fa10
[m[2m2026-09-24 18:16:17.657+0200[m[2m | [m[2mvert.x-worker-thread-19[m[2m | [m[32mINFO [m[2m | [m[2mEngineGetPayloadV2[m[2m | [m[32mProduced #1  (e614d.....07939)|    0 tx | 0 ws | 0 (0,0%) gas in 0,000s | Timing(started at 2026-09-24T16:16:15.081531Z, empty-block-created=0ms, awaitingRetrieval=0ms) | PayloadId 0x0094da70ce934601
[m[2m2026-09-24 18:16:17.661+0200[m[2m | [m[2mengine-ordered-execution-0[m[2m | [m[32mINFO [m[2m | [m[2mEngineNewPayloadV2[m[2m | [m[32mImported #1  (e614d.....07939)|    0 tx|  0 ws| 875,00 mwei bfee|           0 (  0,0%) gas used| 0,6ms exec|   0,00 Mgas/s|  0 peers
[m[2m2026-09-24 18:16:17.664+0200[m[2m | [m[2mengine-ordered-execution-0[m[2m | [m[32mINFO [m[2m | [m[2mEngineForkchoiceUpdatedV2[m[2m | [m[32mFCU(VALID) | head: e614d.....07939 | safe: 206d0.....3fa10 | finalized: 206d0.....3fa10
[m[2m2026-09-24 18:16:18.678+0200[m[2m | [m[2mengine-ordered-execution-0[m[2m | [m[32mINFO [m[2m | [m[2mMergeCoordinator[m[2m | [m[32mStart building proposals for block 2 identified by 0x0094b61342604b02
[m[2m2026-09-24 18:16:18.678+0200[m[2m | [m[2mengine-ordered-execution-0[m[2m | [m[32mINFO [m[2m | [m[2mEngineForkchoiceUpdatedV2[m[2m | [m[32mFCU(VALID) | head: e614d.....07939 | safe: 206d0.....3fa10 | finalized: 206d0.....3fa10
[m[2m2026-09-24 18:16:18.680+0200[m[2m | [m[2mEthScheduler-BlockCreation-0-2[m[2m | [m[32mINFO [m[2m | [m[2mApprovalSelector[m[2m | [m[32mOPS_APPROVAL_DECISION allow tx=0x6a043a1667ad307c143462bd590d142e28a7ea71e53aa1deb5d9c8ebdfcffb35 calls=3
[m[2m2026-09-24 18:16:18.680+0200[m[2m | [m[2mEthScheduler-BlockCreation-0-2[m[2m | [m[32mINFO [m[2m | [m[2mApprovalSelector[m[2m | [m[32mOPS_APPROVAL_TIMING {"tx":"0x6a043a1667ad307c143462bd590d142e28a7ea71e53aa1deb5d9c8ebdfcffb35","mode":3,"calls":3,"gate_ns":218875}
[m[2m2026-09-24 18:16:18.681+0200[m[2m | [m[2mEthScheduler-BlockCreation-0-2[m[2m | [m[32mINFO [m[2m | [m[2mApprovalSelector[m[2m | [m[32mOPS_APPROVAL_DECISION allow tx=0xc6afc33029599365e1015b665ebcb8ad0cbb25303de732b4d432f89ac1f5564d calls=3
[m[2m2026-09-24 18:16:18.681+0200[m[2m | [m[2mEthScheduler-BlockCreation-0-2[m[2m | [m[32mINFO [m[2m | [m[2mApprovalSelector[m[2m | [m[32mOPS_APPROVAL_TIMING {"tx":"0xc6afc33029599365e1015b665ebcb8ad0cbb25303de732b4d432f89ac1f5564d","mode":3,"calls":3,"gate_ns":116083}
[m[2m2026-09-24 18:16:18.684+0200[m[2m | [m[2mEthScheduler-BlockCreation-1-2[m[2m | [m[32mINFO [m[2m | [m[2mPostMergeContext[m[2m | [m[32mNew proposal for payloadId 0x0094b61342604b02 block 2 (0x2a5fbb9e89d77dd94758d5cd0f1f7693ca84af758dd545db1aa98f2c94582833) gas used 197926 transactions 2 reward 244,31 szabo is better than the previous one by 244,31 szabo
[m[2m2026-09-24 18:16:19.186+0200[m[2m | [m[2mEthScheduler-BlockCreation-0-2[m[2m | [m[32mINFO [m[2m | [m[2mApprovalSelector[m[2m | [m[32mOPS_APPROVAL_DECISION allow tx=0x6a043a1667ad307c143462bd590d142e28a7ea71e53aa1deb5d9c8ebdfcffb35 calls=3
[m[2m2026-09-24 18:16:19.186+0200[m[2m | [m[2mEthScheduler-BlockCreation-0-2[m[2m | [m[32mINFO [m[2m | [m[2mApprovalSelector[m[2m | [m[32mOPS_APPROVAL_TIMING {"tx":"0x6a043a1667ad307c143462bd590d142e28a7ea71e53aa1deb5d9c8ebdfcffb35","mode":3,"calls":3,"gate_ns":243334}
[m[2m2026-09-24 18:16:19.187+0200[m[2m | [m[2mEthScheduler-BlockCreation-0-2[m[2m | [m[32mINFO [m[2m | [m[2mApprovalSelector[m[2m | [m[32mOPS_APPROVAL_DECISION allow tx=0xc6afc33029599365e1015b665ebcb8ad0cbb25303de732b4d432f89ac1f5564d calls=3
[m[2m2026-09-24 18:16:19.187+0200[m[2m | [m[2mEthScheduler-BlockCreation-0-2[m[2m | [m[32mINFO [m[2m | [m[2mApprovalSelector[m[2m | [m[32mOPS_APPROVAL_TIMING {"tx":"0xc6afc33029599365e1015b665ebcb8ad0cbb25303de732b4d432f89ac1f5564d","mode":3,"calls":3,"gate_ns":117166}
[m[2m2026-09-24 18:16:19.482+0200[m[2m | [m[2mvert.x-worker-thread-11[m[2m | [m[32mINFO [m[2m | [m[2mEngineGetPayloadV2[m[2m | [m[32mProduced #2  (2a5fb.....82833)|    2 tx | 0 ws | 197.926 (0,7%) gas in 0,803s | Timing(started at 2026-09-24T16:16:18.678641Z, duplicateWorldState=0ms, preTxsSelection=0ms, txsSelection=3ms, selectedTxsEvaluation=2ms, blockAssembled=0ms, awaitingRetrieval=800ms) | PayloadId 0x0094b61342604b02
[m[2m2026-09-24 18:16:19.487+0200[m[2m | [m[2mengine-ordered-execution-0[m[2m | [m[32mINFO [m[2m | [m[2mEngineNewPayloadV2[m[2m | [m[32mImported #2  (2a5fb.....82833)|    2 tx|  0 ws| 765,63 mwei bfee|     197.926 (  0,7%) gas used| 2,6ms exec|  75,63 Mgas/s|  0 peers
[m[2m2026-09-24 18:16:19.491+0200[m[2m | [m[2mengine-ordered-execution-0[m[2m | [m[32mINFO [m[2m | [m[2mEngineForkchoiceUpdatedV2[m[2m | [m[32mFCU(VALID) | head: 2a5fb.....82833 | safe: e614d.....07939 | finalized: e614d.....07939
[m[2m2026-09-24 18:16:19.507+0200[m[2m | [m[2mBesuCommand-Shutdown-Hook[m[2m | [m[32mINFO [m[2m | [m[2mNetworkRunner[m[2m | [m[32mStopping Network.
[m[2m2026-09-24 18:16:19.507+0200[m[2m | [m[2mBesuCommand-Shutdown-Hook[m[2m | [m[32mINFO [m[2m | [m[2mEthProtocolManager[m[2m | [m[32mStopping eth Subprotocol.
[m[2m2026-09-24 18:16:19.507+0200[m[2m | [m[2mBesuCommand-Shutdown-Hook[m[2m | [m[32mINFO [m[2m | [m[2mEthProtocolManager[m[2m | [m[32meth Subprotocol stopped.
[m[2m2026-09-24 18:16:19.507+0200[m[2m | [m[2mBesuCommand-Shutdown-Hook[m[2m | [m[32mINFO [m[2m | [m[2mNetworkRunner[m[2m | [m[32mNetwork stopped.
[m[2m2026-09-24 18:16:19.508+0200[m[2m | [m[2mBesuCommand-Shutdown-Hook[m[2m | [m[32mINFO [m[2m | [m[2mAutoTransactionLogBloomCachingService[m[2m | [m[32mShutting down Auto transaction logs caching service.
[m[2m2026-09-24 18:16:19.508+0200[m[2m | [m[2mBesuCommand-Shutdown-Hook[m[2m | [m[32mINFO [m[2m | [m[2mNatService[m[2m | [m[32mNo NAT environment detected so no service could be stopped
[m