[2m2026-09-24T18:18:12.808853Z[0m [32m INFO[0m [2mreth::cli[0m[2m:[0m Initialized tracing, debug log directory: <repo>/.tmp/approval-runs/allow-7vehcp_x/logs/anvil-hardhat
[2m2026-09-24T18:18:13.009726Z[0m [32m INFO[0m [2mreth::cli[0m[2m:[0m Starting Reth [3mversion[0m[2m=[0m"2.5.2 (5a6940e)"
[2m2026-09-24T18:18:13.009826Z[0m [32m INFO[0m [2mreth::cli[0m[2m:[0m Opening database [3mpath[0m[2m=[0m"<repo>/.tmp/approval-runs/allow-7vehcp_x/data/db"
[2m2026-09-24T18:18:13.014683Z[0m [32m INFO[0m [2mops_reth_approvals_poc[0m[2m:[0m OPS approval delivery [3mlisten[0m[2m=[0m127.0.0.1:55365 [3mboot_id[0m[2m=[0ma83205a7d9de35f6de167d55d29e2c11
[2m2026-09-24T18:18:13.015699Z[0m [32m INFO[0m [2mreth::cli[0m[2m:[0m Configuration loaded [3mpath[0m[2m=[0m"<repo>/.tmp/approval-runs/allow-7vehcp_x/data/reth.toml"
[2m2026-09-24T18:18:13.016308Z[0m [33m WARN[0m [2mproviders::rocksdb[0m[2m:[0m RocksDB will not keep all files open; performance may be reduced [3mfile_descriptor_limit[0m[2m=[0mSome(122880) [3mthreshold[0m[2m=[0m131072 [3mmax_open_files[0m[2m=[0m512
[2m2026-09-24T18:18:13.030029Z[0m [32m INFO[0m [1mcheck_consistency[0m[2m:[0m [2mreth::cli[0m[2m:[0m Healing static file inconsistencies.
[2m2026-09-24T18:18:13.107376Z[0m [32m INFO[0m [1mcheck_consistency[0m[2m:[0m[1mcheck_consistency[0m[1m{[0m[3mread_only[0m[2m=[0mfalse[1m}[0m[2m:[0m [2mreth::cli[0m[2m:[0m Verifying storage consistency.
[2m2026-09-24T18:18:13.107747Z[0m [32m INFO[0m [2mreth::cli[0m[2m:[0m Database opened
[2m2026-09-24T18:18:13.311302Z[0m [32m INFO[0m [2mreth::cli[0m[2m:[0m 
Pre-merge hard forks (block based):
- Frontier                         @0
- Homestead                        @0
- Tangerine                        @0
- SpuriousDragon                   @0
- Byzantium                        @0
- Constantinople                   @0
- Petersburg                       @0
- Istanbul                         @0
- Berlin                           @0
- London                           @0
Merge hard forks:
- Paris                            @0 (network is known to be merged)
Post-merge hard forks (timestamp based):
- Shanghai                         @0
[2m2026-09-24T18:18:13.311499Z[0m [32m INFO[0m [2mreth::cli[0m[2m:[0m Loaded storage settings [3msettings[0m[2m=[0mStorageSettings { storage_v2: true } [3mpruning_mode[0m[2m=[0m"archive"
[2m2026-09-24T18:18:13.314209Z[0m [32m INFO[0m [2mreth::cli[0m[2m:[0m Transaction pool initialized
[2m2026-09-24T18:18:13.341458Z[0m [32m INFO[0m [2mreth::cli[0m[2m:[0m P2P networking initialized [3menode[0m[2m=[0menode://c0c5406765d24feba9825ad0e539e0ac1dc977c3b7e91bdf3790dd6b02738d16d6891d9df4efdc4722418afb35e69ca4c3b794b3effd4fe6c996be8ebf664e43@127.0.0.1:55416
[2m2026-09-24T18:18:13.342790Z[0m [32m INFO[0m [2mreth::cli[0m[2m:[0m StaticFileProducer initialized
[2m2026-09-24T18:18:13.343942Z[0m [32m INFO[0m [2mreth::cli[0m[2m:[0m Pruner initialized [3mprune_config[0m[2m=[0mPruneConfig { block_interval: 5, segments: PruneModes { sender_recovery: None, transaction_lookup: None, receipts: None, account_history: None, storage_history: None, bodies_history: None, receipts_log_filter: ReceiptsLogPruneConfig({}) }, minimum_pruning_distance: 10064 }
[2m2026-09-24T18:18:13.345597Z[0m [32m INFO[0m [2mreth::cli[0m[2m:[0m Consensus engine initialized
[2m2026-09-24T18:18:13.346056Z[0m [32m INFO[0m [2mreth::cli[0m[2m:[0m Engine API handler initialized
[2m2026-09-24T18:18:13.348445Z[0m [32m INFO[0m [2mreth::cli[0m[2m:[0m RPC HTTP server started [3murl[0m[2m=[0m127.0.0.1:55363
[2m2026-09-24T18:18:13.348607Z[0m [32m INFO[0m [2mreth::cli[0m[2m:[0m RPC auth server started [3murl[0m[2m=[0m127.0.0.1:55364
[2m2026-09-24T18:18:13.348761Z[0m [32m INFO[0m [2mreth::cli[0m[2m:[0m Starting consensus engine
[2m2026-09-24T18:18:14.036691Z[0m [32m INFO[0m [2mreth_node_events::node[0m[2m:[0m Forkchoice updated [3mhead_block_hash[0m[2m=[0m0x9a1cd5c6489853b937d2ef5c0cce1d522ffee126f0112a5f7ce594e1574feda4 [3msafe_block_hash[0m[2m=[0m0x9a1cd5c6489853b937d2ef5c0cce1d522ffee126f0112a5f7ce594e1574feda4 [3mfinalized_block_hash[0m[2m=[0m0x9a1cd5c6489853b937d2ef5c0cce1d522ffee126f0112a5f7ce594e1574feda4
[2m2026-09-24T18:18:14.036698Z[0m [32m INFO[0m [2mpayload_builder[0m[2m:[0m New payload job created [3mid[0m[2m=[0m0xeb7c93c2b00b06f7 [3mparent[0m[2m=[0m0x9a1cd5c6489853b937d2ef5c0cce1d522ffee126f0112a5f7ce594e1574feda4
[2m2026-09-24T18:18:14.148188Z[0m [32m INFO[0m [2mreth_node_events::node[0m[2m:[0m Received new payload from consensus engine [3mnumber[0m[2m=[0m1 [3mhash[0m[2m=[0m0x139212096feabcd554960c618f41c2139aabc1fb85ea4d56d4b038ef8af89461
[2m2026-09-24T18:18:14.347866Z[0m [32m INFO[0m [2mengine::tree::payload_validator[0m[2m:[0m State root job finished [3mstrategy[0m[2m=[0m"sparse-trie" [3mstate_root[0m[2m=[0m0x3dd3e1cacde0f70d99a80c8a630b5568c98e945bbc8ea5229a9210d62ddbb556 [3melapsed[0m[2m=[0m796.168µs
[2m2026-09-24T18:18:14.348145Z[0m [32m INFO[0m [2mreth_node_events::node[0m[2m:[0m Block added to canonical chain [3mnumber[0m[2m=[0m1 [3mhash[0m[2m=[0m0x139212096feabcd554960c618f41c2139aabc1fb85ea4d56d4b038ef8af89461 [3mpeers[0m[2m=[0m0 [3mtxs[0m[2m=[0m1 [3mgas_used[0m[2m=[0m141.71Kgas [3mgas_throughput[0m[2m=[0m708.98Kgas/second [3mgas_limit[0m[2m=[0m30.03Mgas [3mfull[0m[2m=[0m0.5% [3mbase_fee[0m[2m=[0m0.88Gwei [3mblobs[0m[2m=[0m0 [3mexcess_blobs[0m[2m=[0m0 [3melapsed[0m[2m=[0m199.882125ms
[2m2026-09-24T18:18:14.349100Z[0m [32m INFO[0m [2mreth_node_events::node[0m[2m:[0m Canonical chain committed [3mnumber[0m[2m=[0m1 [3mhash[0m[2m=[0m0x139212096feabcd554960c618f41c2139aabc1fb85ea4d56d4b038ef8af89461 [3melapsed[0m[2m=[0m46.083µs
[2m2026-09-24T18:18:14.349130Z[0m [32m INFO[0m [2mreth_node_events::node[0m[2m:[0m Forkchoice updated [3mhead_block_hash[0m[2m=[0m0x139212096feabcd554960c618f41c2139aabc1fb85ea4d56d4b038ef8af89461 [3msafe_block_hash[0m[2m=[0m0x139212096feabcd554960c618f41c2139aabc1fb85ea4d56d4b038ef8af89461 [3mfinalized_block_hash[0m[2m=[0m0x139212096feabcd554960c618f41c2139aabc1fb85ea4d56d4b038ef8af89461
[2m2026-09-24T18:18:14.389307Z[0m [32m INFO[0m [2mpayload_builder[0m[2m:[0m New payload job created [3mid[0m[2m=[0m0xdb53339048cf227d [3mparent[0m[2m=[0m0x139212096feabcd554960c618f41c2139aabc1fb85ea4d56d4b038ef8af89461
[2m2026-09-24T18:18:14.499405Z[0m [32m INFO[0m [2mreth_node_events::node[0m[2m:[0m Received new payload from consensus engine [3mnumber[0m[2m=[0m2 [3mhash[0m[2m=[0m0xe914ddf800246aba1755097292dbc6ae8317f68a381a000858eaf1964d025345
[2m2026-09-24T18:18:14.499967Z[0m [32m INFO[0m [2mengine::tree::payload_validator[0m[2m:[0m State root job finished [3mstrategy[0m[2m=[0m"sparse-trie" [3mstate_root[0m[2m=[0m0x88931068149917dcca81aecf73490f2626b5ea8b0ce7511b109d69175017f0c6 [3melapsed[0m[2m=[0m1.876µs
[2m2026-09-24T18:18:14.500142Z[0m [32m INFO[0m [2mreth_node_events::node[0m[2m:[0m Block added to canonical chain [3mnumber[0m[2m=[0m2 [3mhash[0m[2m=[0m0xe914ddf800246aba1755097292dbc6ae8317f68a381a000858eaf1964d025345 [3mpeers[0m[2m=[0m0 [3mtxs[0m[2m=[0m1 [3mgas_used[0m[2m=[0m36.59Kgas [3mgas_throughput[0m[2m=[0m50.29Mgas/second [3mgas_limit[0m[2m=[0m30.06Mgas [3mfull[0m[2m=[0m0.1% [3mbase_fee[0m[2m=[0m0.77Gwei [3mblobs[0m[2m=[0m0 [3mexcess_blobs[0m[2m=[0m0 [3melapsed[0m[2m=[0m727.418µs
[2m2026-09-24T18:18:14.500709Z[0m [32m INFO[0m [2mreth_node_events::node[0m[2m:[0m Canonical chain committed [3mnumber[0m[2m=[0m2 [3mhash[0m[2m=[0m0xe914ddf800246aba1755097292dbc6ae8317f68a381a000858eaf1964d025345 [3melapsed[0m[2m=[0m18.458µs
[2m2026-09-24T18:18:14.500725Z[0m [32m INFO[0m [2mreth_node_events::node[0m[2m:[0m Forkchoice updated [3mhead_block_hash[0m[2m=[0m0xe914ddf800246aba1755097292dbc6ae8317f68a381a000858eaf1964d025345 [3msafe_block_hash[0m[2m=[0m0xe914ddf800246aba1755097292dbc6ae8317f68a381a000858eaf1964d025345 [3mfinalized_block_hash[0m[2m=[0m0xe914ddf800246aba1755097292dbc6ae8317f68a381a000858eaf1964d025345
[2m2026-09-24T18:18:14.527771Z[0m [32m INFO[0m [2mpayload_builder[0m[2m:[0m New payload job created [3mid[0m[2m=[0m0x2e8bccfa42a991fa [3mparent[0m[2m=[0m0xe914ddf800246aba1755097292dbc6ae8317f68a381a000858eaf1964d025345
[2m2026-09-24T18:18:14.639185Z[0m [32m INFO[0m [2mreth_node_events::node[0m[2m:[0m Received new payload from consensus engine [3mnumber[0m[2m=[0m3 [3mhash[0m[2m=[0m0xcbbca16e169e4896601e5c4d33d91c18e2e60f70e8d4da53dbbdb162791fc3f0
[2m2026-09-24T18:18:14.639753Z[0m [32m INFO[0m [2mengine::tree::payload_validator[0m[2m:[0m State root job finished [3mstrategy[0m[2m=[0m"sparse-trie" [3mstate_root[0m[2m=[0m0x8f271b14158f2e9c637eee8c8cc5a2225930800251967c9581a54a10d08cb742 [3melapsed[0m[2m=[0m284µs
[2m2026-09-24T18:18:14.640051Z[0m [32m INFO[0m [2mreth_node_events::node[0m[2m:[0m Block added to canonical chain [3mnumber[0m[2m=[0m3 [3mhash[0m[2m=[0m0xcbbca16e169e4896601e5c4d33d91c18e2e60f70e8d4da53dbbdb162791fc3f0 [3mpeers[0m[2m=[0m0 [3mtxs[0m[2m=[0m1 [3mgas_used[0m[2m=[0m43.73Kgas [3mgas_throughput[0m[2m=[0m69.38Mgas/second [3mgas_limit[0m[2m=[0m30.09Mgas [3mfull[0m[2m=[0m0.1% [3mbase_fee[0m[2m=[0m0.67Gwei [3mblobs[0m[2m=[0m0 [3mexcess_blobs[0m[2m=[0m0 [3melapsed[0m[2m=[0m630.209µs
[2m2026-09-24T18:18:14.640576Z[0m [32m INFO[0m [2mreth_node_events::node[0m[2m:[0m Canonical chain committed [3mnumber[0m[2m=[0m3 [3mhash[0m[2m=[0m0xcbbca16e169e4896601e5c4d33d91c18e2e60f70e8d4da53dbbdb162791fc3f0 [3melapsed[0m[2m=[0m14.792µs
[2m2026-09-24T18:18:14.640586Z[0m [32m INFO[0m [2mreth_node_events::node[0m[2m:[0m Forkchoice updated [3mhead_block_hash[0m[2m=[0m0xcbbca16e169e4896601e5c4d33d91c18e2e60f70e8d4da53dbbdb162791fc3f0 [3msafe_block_hash[0m[2m=[0m0xcbbca16e169e4896601e5c4d33d91c18e2e60f70e8d4da53dbbdb162791fc3f0 [3mfinalized_block_hash[0m[2m=[0m0xcbbca16e169e4896601e5c4d33d91c18e2e60f70e8d4da53dbbdb162791fc3f0
[2m2026-09-24T18:18:14.642973Z[0m [32m INFO[0m [2mreth::cli[0m[2m:[0m Received SIGTERM
[2m2026-09-24T18:18:14.643388Z[0m [32m INFO[0m [2mreth::cli[0m[2m:[0m Wrote network peers to file [3mpeers_file[0m[2m=[0m"<repo>/.tmp/approval-runs/allow-7vehcp_x/data/known-peers.json"
