[2m2026-09-24T18:18:15.870384Z[0m [32m INFO[0m [2mreth::cli[0m[2m:[0m Initialized tracing, debug log directory: <repo>/.tmp/approval-runs/caught_call_cannot_bypass-ema56s4r/logs/anvil-hardhat
[2m2026-09-24T18:18:16.070612Z[0m [32m INFO[0m [2mreth::cli[0m[2m:[0m Starting Reth [3mversion[0m[2m=[0m"2.5.2 (5a6940e)"
[2m2026-09-24T18:18:16.070667Z[0m [32m INFO[0m [2mreth::cli[0m[2m:[0m Opening database [3mpath[0m[2m=[0m"<repo>/.tmp/approval-runs/caught_call_cannot_bypass-ema56s4r/data/db"
[2m2026-09-24T18:18:16.074852Z[0m [32m INFO[0m [2mops_reth_approvals_poc[0m[2m:[0m OPS approval delivery [3mlisten[0m[2m=[0m127.0.0.1:55529 [3mboot_id[0m[2m=[0m55eb8eb6ef107315a5613e9c68d98b0c
[2m2026-09-24T18:18:16.075281Z[0m [32m INFO[0m [2mreth::cli[0m[2m:[0m Configuration loaded [3mpath[0m[2m=[0m"<repo>/.tmp/approval-runs/caught_call_cannot_bypass-ema56s4r/data/reth.toml"
[2m2026-09-24T18:18:16.075607Z[0m [33m WARN[0m [2mproviders::rocksdb[0m[2m:[0m RocksDB will not keep all files open; performance may be reduced [3mfile_descriptor_limit[0m[2m=[0mSome(122880) [3mthreshold[0m[2m=[0m131072 [3mmax_open_files[0m[2m=[0m512
[2m2026-09-24T18:18:16.088690Z[0m [32m INFO[0m [1mcheck_consistency[0m[2m:[0m [2mreth::cli[0m[2m:[0m Healing static file inconsistencies.
[2m2026-09-24T18:18:16.168362Z[0m [32m INFO[0m [1mcheck_consistency[0m[2m:[0m[1mcheck_consistency[0m[1m{[0m[3mread_only[0m[2m=[0mfalse[1m}[0m[2m:[0m [2mreth::cli[0m[2m:[0m Verifying storage consistency.
[2m2026-09-24T18:18:16.168487Z[0m [32m INFO[0m [2mreth::cli[0m[2m:[0m Database opened
[2m2026-09-24T18:18:16.371648Z[0m [32m INFO[0m [2mreth::cli[0m[2m:[0m 
Pre-merge hard forks (block based):
- Frontier                         @0
- Homestead                        @0
- Tangerine                        @0
- SpuriousDragon                   @0
- Byzantium                        @0
- Constantinople                   @0
- Petersburg                       @0
- Istanbul                         @0
- Berlin                           @0
- London                           @0
Merge hard forks:
- Paris                            @0 (network is known to be merged)
Post-merge hard forks (timestamp based):
- Shanghai                         @0
[2m2026-09-24T18:18:16.371726Z[0m [32m INFO[0m [2mreth::cli[0m[2m:[0m Loaded storage settings [3msettings[0m[2m=[0mStorageSettings { storage_v2: true } [3mpruning_mode[0m[2m=[0m"archive"
[2m2026-09-24T18:18:16.372569Z[0m [32m INFO[0m [2mreth::cli[0m[2m:[0m Transaction pool initialized
[2m2026-09-24T18:18:16.391818Z[0m [32m INFO[0m [2mreth::cli[0m[2m:[0m P2P networking initialized [3menode[0m[2m=[0menode://edd539f596ac3a9dc7e64d9760bfae1aacbaad54a9f3bf030ea3094f25c56626223c297aa7a3a0f79bd648349c2c8cf0bdf7a6f6230e20453c31539211548dca@127.0.0.1:55548
[2m2026-09-24T18:18:16.392205Z[0m [32m INFO[0m [2mreth::cli[0m[2m:[0m StaticFileProducer initialized
[2m2026-09-24T18:18:16.392567Z[0m [32m INFO[0m [2mreth::cli[0m[2m:[0m Pruner initialized [3mprune_config[0m[2m=[0mPruneConfig { block_interval: 5, segments: PruneModes { sender_recovery: None, transaction_lookup: None, receipts: None, account_history: None, storage_history: None, bodies_history: None, receipts_log_filter: ReceiptsLogPruneConfig({}) }, minimum_pruning_distance: 10064 }
[2m2026-09-24T18:18:16.393469Z[0m [32m INFO[0m [2mreth::cli[0m[2m:[0m Consensus engine initialized
[2m2026-09-24T18:18:16.393613Z[0m [32m INFO[0m [2mreth::cli[0m[2m:[0m Engine API handler initialized
[2m2026-09-24T18:18:16.395131Z[0m [32m INFO[0m [2mreth::cli[0m[2m:[0m RPC HTTP server started [3murl[0m[2m=[0m127.0.0.1:55527
[2m2026-09-24T18:18:16.395178Z[0m [32m INFO[0m [2mreth::cli[0m[2m:[0m RPC auth server started [3murl[0m[2m=[0m127.0.0.1:55528
[2m2026-09-24T18:18:16.395297Z[0m [32m INFO[0m [2mreth::cli[0m[2m:[0m Starting consensus engine
[2m2026-09-24T18:18:16.471515Z[0m [32m INFO[0m [2mpayload_builder[0m[2m:[0m New payload job created [3mid[0m[2m=[0m0x4c22d03144c18c6c [3mparent[0m[2m=[0m0x2f857211ba394a6de2d48307bf102b1a1feb8d9d1373ce524fabffdb9502c141
[2m2026-09-24T18:18:16.471541Z[0m [32m INFO[0m [2mreth_node_events::node[0m[2m:[0m Forkchoice updated [3mhead_block_hash[0m[2m=[0m0x2f857211ba394a6de2d48307bf102b1a1feb8d9d1373ce524fabffdb9502c141 [3msafe_block_hash[0m[2m=[0m0x2f857211ba394a6de2d48307bf102b1a1feb8d9d1373ce524fabffdb9502c141 [3mfinalized_block_hash[0m[2m=[0m0x2f857211ba394a6de2d48307bf102b1a1feb8d9d1373ce524fabffdb9502c141
[2m2026-09-24T18:18:16.574070Z[0m [32m INFO[0m [2mreth_node_events::node[0m[2m:[0m Received new payload from consensus engine [3mnumber[0m[2m=[0m1 [3mhash[0m[2m=[0m0x58b48d89305cd1c7b57021cbc3d04422645ac1d7b1643b65dbdb7ce49dfb59f4
[2m2026-09-24T18:18:16.726458Z[0m [32m INFO[0m [2mengine::tree::payload_validator[0m[2m:[0m State root job finished [3mstrategy[0m[2m=[0m"sparse-trie" [3mstate_root[0m[2m=[0m0xf8529850f5bd595ae7d0b3835f00378a340fd058d46157c2473c1a7beb7e05aa [3melapsed[0m[2m=[0m178.583µs
[2m2026-09-24T18:18:16.726564Z[0m [32m INFO[0m [2mreth_node_events::node[0m[2m:[0m Block added to canonical chain [3mnumber[0m[2m=[0m1 [3mhash[0m[2m=[0m0x58b48d89305cd1c7b57021cbc3d04422645ac1d7b1643b65dbdb7ce49dfb59f4 [3mpeers[0m[2m=[0m0 [3mtxs[0m[2m=[0m1 [3mgas_used[0m[2m=[0m26.55Kgas [3mgas_throughput[0m[2m=[0m174.12Kgas/second [3mgas_limit[0m[2m=[0m30.03Mgas [3mfull[0m[2m=[0m0.1% [3mbase_fee[0m[2m=[0m0.88Gwei [3mblobs[0m[2m=[0m0 [3mexcess_blobs[0m[2m=[0m0 [3melapsed[0m[2m=[0m152.460744ms
[2m2026-09-24T18:18:16.727505Z[0m [32m INFO[0m [2mreth_node_events::node[0m[2m:[0m Canonical chain committed [3mnumber[0m[2m=[0m1 [3mhash[0m[2m=[0m0x58b48d89305cd1c7b57021cbc3d04422645ac1d7b1643b65dbdb7ce49dfb59f4 [3melapsed[0m[2m=[0m22.292µs
[2m2026-09-24T18:18:16.727522Z[0m [32m INFO[0m [2mreth_node_events::node[0m[2m:[0m Forkchoice updated [3mhead_block_hash[0m[2m=[0m0x58b48d89305cd1c7b57021cbc3d04422645ac1d7b1643b65dbdb7ce49dfb59f4 [3msafe_block_hash[0m[2m=[0m0x58b48d89305cd1c7b57021cbc3d04422645ac1d7b1643b65dbdb7ce49dfb59f4 [3mfinalized_block_hash[0m[2m=[0m0x58b48d89305cd1c7b57021cbc3d04422645ac1d7b1643b65dbdb7ce49dfb59f4
[2m2026-09-24T18:18:16.733262Z[0m [32m INFO[0m [2mreth::cli[0m[2m:[0m Received SIGTERM
[2m2026-09-24T18:18:16.733373Z[0m [32m INFO[0m [2mtxpool[0m[2m:[0m Saving current local transactions [3mtxs_file[0m[2m=[0m"<repo>/.tmp/approval-runs/caught_call_cannot_bypass-ema56s4r/data/txpool-transactions-backup.rlp" [3mnum_txs[0m[2m=[0m1
[2m2026-09-24T18:18:16.733599Z[0m [32m INFO[0m [2mtxpool[0m[2m:[0m Wrote local transactions to file [3mtxs_file[0m[2m=[0m"<repo>/.tmp/approval-runs/caught_call_cannot_bypass-ema56s4r/data/txpool-transactions-backup.rlp"
[2m2026-09-24T18:18:16.733657Z[0m [32m INFO[0m [2mreth::cli[0m[2m:[0m Wrote network peers to file [3mpeers_file[0m[2m=[0m"<repo>/.tmp/approval-runs/caught_call_cannot_bypass-ema56s4r/data/known-peers.json"
