[2m2026-09-24T18:18:29.341157Z[0m [32m INFO[0m [2mreth::cli[0m[2m:[0m Initialized tracing, debug log directory: <repo>/.tmp/approval-runs/expiry-imth9p_d/logs/anvil-hardhat
[2m2026-09-24T18:18:29.541315Z[0m [32m INFO[0m [2mreth::cli[0m[2m:[0m Starting Reth [3mversion[0m[2m=[0m"2.5.2 (5a6940e)"
[2m2026-09-24T18:18:29.541363Z[0m [32m INFO[0m [2mreth::cli[0m[2m:[0m Opening database [3mpath[0m[2m=[0m"<repo>/.tmp/approval-runs/expiry-imth9p_d/data/db"
[2m2026-09-24T18:18:29.545643Z[0m [32m INFO[0m [2mops_reth_approvals_poc[0m[2m:[0m OPS approval delivery [3mlisten[0m[2m=[0m127.0.0.1:56149 [3mboot_id[0m[2m=[0m6e38b3c9ae1cf45f1451f4d2ae2682a5
[2m2026-09-24T18:18:29.546044Z[0m [32m INFO[0m [2mreth::cli[0m[2m:[0m Configuration loaded [3mpath[0m[2m=[0m"<repo>/.tmp/approval-runs/expiry-imth9p_d/data/reth.toml"
[2m2026-09-24T18:18:29.546345Z[0m [33m WARN[0m [2mproviders::rocksdb[0m[2m:[0m RocksDB will not keep all files open; performance may be reduced [3mfile_descriptor_limit[0m[2m=[0mSome(122880) [3mthreshold[0m[2m=[0m131072 [3mmax_open_files[0m[2m=[0m512
[2m2026-09-24T18:18:29.558757Z[0m [32m INFO[0m [1mcheck_consistency[0m[2m:[0m [2mreth::cli[0m[2m:[0m Healing static file inconsistencies.
[2m2026-09-24T18:18:29.638906Z[0m [32m INFO[0m [1mcheck_consistency[0m[2m:[0m[1mcheck_consistency[0m[1m{[0m[3mread_only[0m[2m=[0mfalse[1m}[0m[2m:[0m [2mreth::cli[0m[2m:[0m Verifying storage consistency.
[2m2026-09-24T18:18:29.639133Z[0m [32m INFO[0m [2mreth::cli[0m[2m:[0m Database opened
[2m2026-09-24T18:18:29.839987Z[0m [32m INFO[0m [2mreth::cli[0m[2m:[0m 
Pre-merge hard forks (block based):
- Frontier                         @0
- Homestead                        @0
- Tangerine                        @0
- SpuriousDragon                   @0
- Byzantium                        @0
- Constantinople                   @0
- Petersburg                       @0
- Istanbul                         @0
- Berlin                           @0
- London                           @0
Merge hard forks:
- Paris                            @0 (network is known to be merged)
Post-merge hard forks (timestamp based):
- Shanghai                         @0
[2m2026-09-24T18:18:29.840031Z[0m [32m INFO[0m [2mreth::cli[0m[2m:[0m Loaded storage settings [3msettings[0m[2m=[0mStorageSettings { storage_v2: true } [3mpruning_mode[0m[2m=[0m"archive"
[2m2026-09-24T18:18:29.840567Z[0m [32m INFO[0m [2mreth::cli[0m[2m:[0m Transaction pool initialized
[2m2026-09-24T18:18:29.852051Z[0m [32m INFO[0m [2mreth::cli[0m[2m:[0m P2P networking initialized [3menode[0m[2m=[0menode://f0157db68fbe29ba65c6c2cc5d2fb718b3b6b545c69619b98f5d95f919dd27db4e68090125a22242bdd73603991ccc427d72bfd6ad09dfa4824aad8bdbd9c98b@127.0.0.1:56170
[2m2026-09-24T18:18:29.852271Z[0m [32m INFO[0m [2mreth::cli[0m[2m:[0m StaticFileProducer initialized
[2m2026-09-24T18:18:29.852459Z[0m [32m INFO[0m [2mreth::cli[0m[2m:[0m Pruner initialized [3mprune_config[0m[2m=[0mPruneConfig { block_interval: 5, segments: PruneModes { sender_recovery: None, transaction_lookup: None, receipts: None, account_history: None, storage_history: None, bodies_history: None, receipts_log_filter: ReceiptsLogPruneConfig({}) }, minimum_pruning_distance: 10064 }
[2m2026-09-24T18:18:29.853098Z[0m [32m INFO[0m [2mreth::cli[0m[2m:[0m Consensus engine initialized
[2m2026-09-24T18:18:29.853174Z[0m [32m INFO[0m [2mreth::cli[0m[2m:[0m Engine API handler initialized
[2m2026-09-24T18:18:29.854025Z[0m [32m INFO[0m [2mreth::cli[0m[2m:[0m RPC HTTP server started [3murl[0m[2m=[0m127.0.0.1:56147
[2m2026-09-24T18:18:29.854062Z[0m [32m INFO[0m [2mreth::cli[0m[2m:[0m RPC auth server started [3murl[0m[2m=[0m127.0.0.1:56148
[2m2026-09-24T18:18:29.854129Z[0m [32m INFO[0m [2mreth::cli[0m[2m:[0m Starting consensus engine
[2m2026-09-24T18:18:31.205669Z[0m [32m INFO[0m [2mpayload_builder[0m[2m:[0m New payload job created [3mid[0m[2m=[0m0xeb7c93c2b00b06f7 [3mparent[0m[2m=[0m0x9a1cd5c6489853b937d2ef5c0cce1d522ffee126f0112a5f7ce594e1574feda4
[2m2026-09-24T18:18:31.205674Z[0m [32m INFO[0m [2mreth_node_events::node[0m[2m:[0m Forkchoice updated [3mhead_block_hash[0m[2m=[0m0x9a1cd5c6489853b937d2ef5c0cce1d522ffee126f0112a5f7ce594e1574feda4 [3msafe_block_hash[0m[2m=[0m0x9a1cd5c6489853b937d2ef5c0cce1d522ffee126f0112a5f7ce594e1574feda4 [3mfinalized_block_hash[0m[2m=[0m0x9a1cd5c6489853b937d2ef5c0cce1d522ffee126f0112a5f7ce594e1574feda4
[2m2026-09-24T18:18:31.317046Z[0m [32m INFO[0m [2mreth_node_events::node[0m[2m:[0m Received new payload from consensus engine [3mnumber[0m[2m=[0m1 [3mhash[0m[2m=[0m0xf3155b36cf2f4b2a8341f7de5feb1e3f977f6d4aae5beae519c793e12fe96795
[2m2026-09-24T18:18:31.468132Z[0m [32m INFO[0m [2mengine::tree::payload_validator[0m[2m:[0m State root job finished [3mstrategy[0m[2m=[0m"sparse-trie" [3mstate_root[0m[2m=[0m0x4638b586d186e1e7e1bff5d3deee4d078fbcf3037fe509b1420c0310c4831182 [3melapsed[0m[2m=[0m1.417µs
[2m2026-09-24T18:18:31.468300Z[0m [32m INFO[0m [2mreth_node_events::node[0m[2m:[0m Block added to canonical chain [3mnumber[0m[2m=[0m1 [3mhash[0m[2m=[0m0xf3155b36cf2f4b2a8341f7de5feb1e3f977f6d4aae5beae519c793e12fe96795 [3mpeers[0m[2m=[0m0 [3mtxs[0m[2m=[0m0 [3mgas_used[0m[2m=[0m0.00Kgas [3mgas_throughput[0m[2m=[0m0.00Kgas/second [3mgas_limit[0m[2m=[0m30.03Mgas [3mfull[0m[2m=[0m0.0% [3mbase_fee[0m[2m=[0m0.88Gwei [3mblobs[0m[2m=[0m0 [3mexcess_blobs[0m[2m=[0m0 [3melapsed[0m[2m=[0m151.187972ms
[2m2026-09-24T18:18:31.469126Z[0m [32m INFO[0m [2mreth_node_events::node[0m[2m:[0m Canonical chain committed [3mnumber[0m[2m=[0m1 [3mhash[0m[2m=[0m0xf3155b36cf2f4b2a8341f7de5feb1e3f977f6d4aae5beae519c793e12fe96795 [3melapsed[0m[2m=[0m12.666µs
[2m2026-09-24T18:18:31.469146Z[0m [32m INFO[0m [2mreth_node_events::node[0m[2m:[0m Forkchoice updated [3mhead_block_hash[0m[2m=[0m0xf3155b36cf2f4b2a8341f7de5feb1e3f977f6d4aae5beae519c793e12fe96795 [3msafe_block_hash[0m[2m=[0m0xf3155b36cf2f4b2a8341f7de5feb1e3f977f6d4aae5beae519c793e12fe96795 [3mfinalized_block_hash[0m[2m=[0m0xf3155b36cf2f4b2a8341f7de5feb1e3f977f6d4aae5beae519c793e12fe96795
[2m2026-09-24T18:18:31.471070Z[0m [32m INFO[0m [2mpayload_builder[0m[2m:[0m New payload job created [3mid[0m[2m=[0m0x5bd40a383f079c5d [3mparent[0m[2m=[0m0xf3155b36cf2f4b2a8341f7de5feb1e3f977f6d4aae5beae519c793e12fe96795
[2m2026-09-24T18:18:31.582467Z[0m [32m INFO[0m [2mreth_node_events::node[0m[2m:[0m Received new payload from consensus engine [3mnumber[0m[2m=[0m2 [3mhash[0m[2m=[0m0xf0cc3ac3ceb5c8b50ee34b337088b7e82a81939ccd2dd0428f5cf3b2bebf7b56
[2m2026-09-24T18:18:31.583187Z[0m [32m INFO[0m [2mengine::tree::payload_validator[0m[2m:[0m State root job finished [3mstrategy[0m[2m=[0m"sparse-trie" [3mstate_root[0m[2m=[0m0x3c56fae7c473660441cbc09386927c8b10a8a29410282387ec3232c8bdf3ec9c [3melapsed[0m[2m=[0m301.084µs
[2m2026-09-24T18:18:31.583268Z[0m [32m INFO[0m [2mreth_node_events::node[0m[2m:[0m Block added to canonical chain [3mnumber[0m[2m=[0m2 [3mhash[0m[2m=[0m0xf0cc3ac3ceb5c8b50ee34b337088b7e82a81939ccd2dd0428f5cf3b2bebf7b56 [3mpeers[0m[2m=[0m0 [3mtxs[0m[2m=[0m1 [3mgas_used[0m[2m=[0m43.73Kgas [3mgas_throughput[0m[2m=[0m56.82Mgas/second [3mgas_limit[0m[2m=[0m30.06Mgas [3mfull[0m[2m=[0m0.1% [3mbase_fee[0m[2m=[0m0.77Gwei [3mblobs[0m[2m=[0m0 [3mexcess_blobs[0m[2m=[0m0 [3melapsed[0m[2m=[0m769.585µs
[2m2026-09-24T18:18:31.583764Z[0m [32m INFO[0m [2mreth_node_events::node[0m[2m:[0m Canonical chain committed [3mnumber[0m[2m=[0m2 [3mhash[0m[2m=[0m0xf0cc3ac3ceb5c8b50ee34b337088b7e82a81939ccd2dd0428f5cf3b2bebf7b56 [3melapsed[0m[2m=[0m18.042µs
[2m2026-09-24T18:18:31.583779Z[0m [32m INFO[0m [2mreth_node_events::node[0m[2m:[0m Forkchoice updated [3mhead_block_hash[0m[2m=[0m0xf0cc3ac3ceb5c8b50ee34b337088b7e82a81939ccd2dd0428f5cf3b2bebf7b56 [3msafe_block_hash[0m[2m=[0m0xf0cc3ac3ceb5c8b50ee34b337088b7e82a81939ccd2dd0428f5cf3b2bebf7b56 [3mfinalized_block_hash[0m[2m=[0m0xf0cc3ac3ceb5c8b50ee34b337088b7e82a81939ccd2dd0428f5cf3b2bebf7b56
[2m2026-09-24T18:18:32.855195Z[0m [32m INFO[0m [2mreth::cli[0m[2m:[0m Status [3mconnected_peers[0m[2m=[0m0 [3mlatest_block[0m[2m=[0m2
[2m2026-09-24T18:18:35.125467Z[0m [32m INFO[0m [2mpayload_builder[0m[2m:[0m New payload job created [3mid[0m[2m=[0m0x3d8fe8cd9fad2e95 [3mparent[0m[2m=[0m0xf0cc3ac3ceb5c8b50ee34b337088b7e82a81939ccd2dd0428f5cf3b2bebf7b56
[2m2026-09-24T18:18:35.232106Z[0m [32m INFO[0m [2mreth_node_events::node[0m[2m:[0m Received new payload from consensus engine [3mnumber[0m[2m=[0m3 [3mhash[0m[2m=[0m0x40c2584c085616a39eb62c632b3bc415013c35824b46f4344da10f6e585d39c5
[2m2026-09-24T18:18:35.232555Z[0m [32m INFO[0m [2mengine::tree::payload_validator[0m[2m:[0m State root job finished [3mstrategy[0m[2m=[0m"sparse-trie" [3mstate_root[0m[2m=[0m0x3c56fae7c473660441cbc09386927c8b10a8a29410282387ec3232c8bdf3ec9c [3melapsed[0m[2m=[0m3.5µs
[2m2026-09-24T18:18:35.232851Z[0m [32m INFO[0m [2mreth_node_events::node[0m[2m:[0m Block added to canonical chain [3mnumber[0m[2m=[0m3 [3mhash[0m[2m=[0m0x40c2584c085616a39eb62c632b3bc415013c35824b46f4344da10f6e585d39c5 [3mpeers[0m[2m=[0m0 [3mtxs[0m[2m=[0m0 [3mgas_used[0m[2m=[0m0.00Kgas [3mgas_throughput[0m[2m=[0m0.00Kgas/second [3mgas_limit[0m[2m=[0m30.09Mgas [3mfull[0m[2m=[0m0.0% [3mbase_fee[0m[2m=[0m0.67Gwei [3mblobs[0m[2m=[0m0 [3mexcess_blobs[0m[2m=[0m0 [3melapsed[0m[2m=[0m722.877µs
[2m2026-09-24T18:18:35.233603Z[0m [32m INFO[0m [2mreth_node_events::node[0m[2m:[0m Canonical chain committed [3mnumber[0m[2m=[0m3 [3mhash[0m[2m=[0m0x40c2584c085616a39eb62c632b3bc415013c35824b46f4344da10f6e585d39c5 [3melapsed[0m[2m=[0m26.75µs
[2m2026-09-24T18:18:35.233617Z[0m [32m INFO[0m [2mreth_node_events::node[0m[2m:[0m Forkchoice updated [3mhead_block_hash[0m[2m=[0m0x40c2584c085616a39eb62c632b3bc415013c35824b46f4344da10f6e585d39c5 [3msafe_block_hash[0m[2m=[0m0x40c2584c085616a39eb62c632b3bc415013c35824b46f4344da10f6e585d39c5 [3mfinalized_block_hash[0m[2m=[0m0x40c2584c085616a39eb62c632b3bc415013c35824b46f4344da10f6e585d39c5
[2m2026-09-24T18:18:35.547330Z[0m [32m INFO[0m [2mpayload_builder[0m[2m:[0m New payload job created [3mid[0m[2m=[0m0x2e14516bcf84e34d [3mparent[0m[2m=[0m0x40c2584c085616a39eb62c632b3bc415013c35824b46f4344da10f6e585d39c5
[2m2026-09-24T18:18:35.656028Z[0m [32m INFO[0m [2mreth_node_events::node[0m[2m:[0m Received new payload from consensus engine [3mnumber[0m[2m=[0m4 [3mhash[0m[2m=[0m0x3b9d56b4a191155a6e570dfa1f86edd4af85f013c60f280813a99e6ff4a72450
[2m2026-09-24T18:18:35.656382Z[0m [32m INFO[0m [2mengine::tree::payload_validator[0m[2m:[0m State root job finished [3mstrategy[0m[2m=[0m"sparse-trie" [3mstate_root[0m[2m=[0m0x3c56fae7c473660441cbc09386927c8b10a8a29410282387ec3232c8bdf3ec9c [3melapsed[0m[2m=[0m2.166µs
[2m2026-09-24T18:18:35.656491Z[0m [32m INFO[0m [2mreth_node_events::node[0m[2m:[0m Block added to canonical chain [3mnumber[0m[2m=[0m4 [3mhash[0m[2m=[0m0x3b9d56b4a191155a6e570dfa1f86edd4af85f013c60f280813a99e6ff4a72450 [3mpeers[0m[2m=[0m0 [3mtxs[0m[2m=[0m0 [3mgas_used[0m[2m=[0m0.00Kgas [3mgas_throughput[0m[2m=[0m0.00Kgas/second [3mgas_limit[0m[2m=[0m30.12Mgas [3mfull[0m[2m=[0m0.0% [3mbase_fee[0m[2m=[0m0.59Gwei [3mblobs[0m[2m=[0m0 [3mexcess_blobs[0m[2m=[0m0 [3melapsed[0m[2m=[0m435.626µs
[2m2026-09-24T18:18:35.657199Z[0m [32m INFO[0m [2mreth_node_events::node[0m[2m:[0m Canonical chain committed [3mnumber[0m[2m=[0m4 [3mhash[0m[2m=[0m0x3b9d56b4a191155a6e570dfa1f86edd4af85f013c60f280813a99e6ff4a72450 [3melapsed[0m[2m=[0m17.125µs
[2m2026-09-24T18:18:35.657258Z[0m [32m INFO[0m [2mreth_node_events::node[0m[2m:[0m Forkchoice updated [3mhead_block_hash[0m[2m=[0m0x3b9d56b4a191155a6e570dfa1f86edd4af85f013c60f280813a99e6ff4a72450 [3msafe_block_hash[0m[2m=[0m0x3b9d56b4a191155a6e570dfa1f86edd4af85f013c60f280813a99e6ff4a72450 [3mfinalized_block_hash[0m[2m=[0m0x3b9d56b4a191155a6e570dfa1f86edd4af85f013c60f280813a99e6ff4a72450
[2m2026-09-24T18:18:35.659283Z[0m [32m INFO[0m [2mpayload_builder[0m[2m:[0m New payload job created [3mid[0m[2m=[0m0x628b38d0873cb86c [3mparent[0m[2m=[0m0x3b9d56b4a191155a6e570dfa1f86edd4af85f013c60f280813a99e6ff4a72450
[2m2026-09-24T18:18:35.771059Z[0m [32m INFO[0m [2mreth_node_events::node[0m[2m:[0m Received new payload from consensus engine [3mnumber[0m[2m=[0m5 [3mhash[0m[2m=[0m0x7adc6efd1fbb492d36e4d3252a6f372e5a73385e7d3da272a5571ea794736100
[2m2026-09-24T18:18:35.772334Z[0m [32m INFO[0m [2mengine::tree::payload_validator[0m[2m:[0m State root job finished [3mstrategy[0m[2m=[0m"sparse-trie" [3mstate_root[0m[2m=[0m0x85da287b013a593e71330110f0dd27e22a6f5970210a9fe60706dc2a7879de1d [3melapsed[0m[2m=[0m309.334µs
[2m2026-09-24T18:18:35.772491Z[0m [32m INFO[0m [2mreth_node_events::node[0m[2m:[0m Block added to canonical chain [3mnumber[0m[2m=[0m5 [3mhash[0m[2m=[0m0x7adc6efd1fbb492d36e4d3252a6f372e5a73385e7d3da272a5571ea794736100 [3mpeers[0m[2m=[0m0 [3mtxs[0m[2m=[0m1 [3mgas_used[0m[2m=[0m43.73Kgas [3mgas_throughput[0m[2m=[0m31.78Mgas/second [3mgas_limit[0m[2m=[0m30.15Mgas [3mfull[0m[2m=[0m0.1% [3mbase_fee[0m[2m=[0m0.51Gwei [3mblobs[0m[2m=[0m0 [3mexcess_blobs[0m[2m=[0m0 [3melapsed[0m[2m=[0m1.375712ms
[2m2026-09-24T18:18:35.773779Z[0m [32m INFO[0m [2mreth_node_events::node[0m[2m:[0m Canonical chain committed [3mnumber[0m[2m=[0m5 [3mhash[0m[2m=[0m0x7adc6efd1fbb492d36e4d3252a6f372e5a73385e7d3da272a5571ea794736100 [3melapsed[0m[2m=[0m43.792µs
[2m2026-09-24T18:18:35.773803Z[0m [32m INFO[0m [2mreth_node_events::node[0m[2m:[0m Forkchoice updated [3mhead_block_hash[0m[2m=[0m0x7adc6efd1fbb492d36e4d3252a6f372e5a73385e7d3da272a5571ea794736100 [3msafe_block_hash[0m[2m=[0m0x7adc6efd1fbb492d36e4d3252a6f372e5a73385e7d3da272a5571ea794736100 [3mfinalized_block_hash[0m[2m=[0m0x7adc6efd1fbb492d36e4d3252a6f372e5a73385e7d3da272a5571ea794736100
[2m2026-09-24T18:18:35.780626Z[0m [32m INFO[0m [2mreth::cli[0m[2m:[0m Received SIGTERM
[2m2026-09-24T18:18:35.781179Z[0m [32m INFO[0m [2mreth::cli[0m[2m:[0m Wrote network peers to file [3mpeers_file[0m[2m=[0m"<repo>/.tmp/approval-runs/expiry-imth9p_d/data/known-peers.json"
