[2m2026-09-24T18:18:19.978257Z[0m [32m INFO[0m [2mreth::cli[0m[2m:[0m Initialized tracing, debug log directory: <repo>/.tmp/approval-runs/fingerprint-cases-hli6bbv7/logs/anvil-hardhat
[2m2026-09-24T18:18:20.178427Z[0m [32m INFO[0m [2mreth::cli[0m[2m:[0m Starting Reth [3mversion[0m[2m=[0m"2.5.2 (5a6940e)"
[2m2026-09-24T18:18:20.178470Z[0m [32m INFO[0m [2mreth::cli[0m[2m:[0m Opening database [3mpath[0m[2m=[0m"<repo>/.tmp/approval-runs/fingerprint-cases-hli6bbv7/data/db"
[2m2026-09-24T18:18:20.182809Z[0m [32m INFO[0m [2mops_reth_approvals_poc[0m[2m:[0m OPS approval delivery [3mlisten[0m[2m=[0m127.0.0.1:55742 [3mboot_id[0m[2m=[0m641ac522ca2670755244f75c148c7565
[2m2026-09-24T18:18:20.183223Z[0m [32m INFO[0m [2mreth::cli[0m[2m:[0m Configuration loaded [3mpath[0m[2m=[0m"<repo>/.tmp/approval-runs/fingerprint-cases-hli6bbv7/data/reth.toml"
[2m2026-09-24T18:18:20.183531Z[0m [33m WARN[0m [2mproviders::rocksdb[0m[2m:[0m RocksDB will not keep all files open; performance may be reduced [3mfile_descriptor_limit[0m[2m=[0mSome(122880) [3mthreshold[0m[2m=[0m131072 [3mmax_open_files[0m[2m=[0m512
[2m2026-09-24T18:18:20.196598Z[0m [32m INFO[0m [1mcheck_consistency[0m[2m:[0m [2mreth::cli[0m[2m:[0m Healing static file inconsistencies.
[2m2026-09-24T18:18:20.277124Z[0m [32m INFO[0m [1mcheck_consistency[0m[2m:[0m[1mcheck_consistency[0m[1m{[0m[3mread_only[0m[2m=[0mfalse[1m}[0m[2m:[0m [2mreth::cli[0m[2m:[0m Verifying storage consistency.
[2m2026-09-24T18:18:20.277257Z[0m [32m INFO[0m [2mreth::cli[0m[2m:[0m Database opened
[2m2026-09-24T18:18:20.479447Z[0m [32m INFO[0m [2mreth::cli[0m[2m:[0m 
Pre-merge hard forks (block based):
- Frontier                         @0
- Homestead                        @0
- Tangerine                        @0
- SpuriousDragon                   @0
- Byzantium                        @0
- Constantinople                   @0
- Petersburg                       @0
- Istanbul                         @0
- Berlin                           @0
- London                           @0
Merge hard forks:
- Paris                            @0 (network is known to be merged)
Post-merge hard forks (timestamp based):
- Shanghai                         @0
[2m2026-09-24T18:18:20.479532Z[0m [32m INFO[0m [2mreth::cli[0m[2m:[0m Loaded storage settings [3msettings[0m[2m=[0mStorageSettings { storage_v2: true } [3mpruning_mode[0m[2m=[0m"archive"
[2m2026-09-24T18:18:20.481032Z[0m [32m INFO[0m [2mreth::cli[0m[2m:[0m Transaction pool initialized
[2m2026-09-24T18:18:20.500641Z[0m [32m INFO[0m [2mreth::cli[0m[2m:[0m P2P networking initialized [3menode[0m[2m=[0menode://4aec17911bc5fcf8c5316a12b8d9fa002c1118d0b96e1af83859e53ef181a013749a3312dad37fbb3caea9f8a0b5e934b9a549f342dee764c2e5181897026af1@127.0.0.1:55761
[2m2026-09-24T18:18:20.501098Z[0m [32m INFO[0m [2mreth::cli[0m[2m:[0m StaticFileProducer initialized
[2m2026-09-24T18:18:20.501381Z[0m [32m INFO[0m [2mreth::cli[0m[2m:[0m Pruner initialized [3mprune_config[0m[2m=[0mPruneConfig { block_interval: 5, segments: PruneModes { sender_recovery: None, transaction_lookup: None, receipts: None, account_history: None, storage_history: None, bodies_history: None, receipts_log_filter: ReceiptsLogPruneConfig({}) }, minimum_pruning_distance: 10064 }
[2m2026-09-24T18:18:20.502389Z[0m [32m INFO[0m [2mreth::cli[0m[2m:[0m Consensus engine initialized
[2m2026-09-24T18:18:20.502519Z[0m [32m INFO[0m [2mreth::cli[0m[2m:[0m Engine API handler initialized
[2m2026-09-24T18:18:20.504002Z[0m [32m INFO[0m [2mreth::cli[0m[2m:[0m RPC HTTP server started [3murl[0m[2m=[0m127.0.0.1:55740
[2m2026-09-24T18:18:20.504093Z[0m [32m INFO[0m [2mreth::cli[0m[2m:[0m RPC auth server started [3murl[0m[2m=[0m127.0.0.1:55741
[2m2026-09-24T18:18:20.504308Z[0m [32m INFO[0m [2mreth::cli[0m[2m:[0m Starting consensus engine
[2m2026-09-24T18:18:20.642320Z[0m [32m INFO[0m [2mreth_node_events::node[0m[2m:[0m Forkchoice updated [3mhead_block_hash[0m[2m=[0m0x9a1cd5c6489853b937d2ef5c0cce1d522ffee126f0112a5f7ce594e1574feda4 [3msafe_block_hash[0m[2m=[0m0x9a1cd5c6489853b937d2ef5c0cce1d522ffee126f0112a5f7ce594e1574feda4 [3mfinalized_block_hash[0m[2m=[0m0x9a1cd5c6489853b937d2ef5c0cce1d522ffee126f0112a5f7ce594e1574feda4
[2m2026-09-24T18:18:20.642328Z[0m [32m INFO[0m [2mpayload_builder[0m[2m:[0m New payload job created [3mid[0m[2m=[0m0xeb7c93c2b00b06f7 [3mparent[0m[2m=[0m0x9a1cd5c6489853b937d2ef5c0cce1d522ffee126f0112a5f7ce594e1574feda4
[2m2026-09-24T18:18:20.744955Z[0m [32m INFO[0m [2mreth_node_events::node[0m[2m:[0m Received new payload from consensus engine [3mnumber[0m[2m=[0m1 [3mhash[0m[2m=[0m0xe9711726b614441eaafd9995e3c7e79285023bc4d35a1338674fb0000b68d2e6
[2m2026-09-24T18:18:20.896618Z[0m [32m INFO[0m [2mengine::tree::payload_validator[0m[2m:[0m State root job finished [3mstrategy[0m[2m=[0m"sparse-trie" [3mstate_root[0m[2m=[0m0x0fc9234e8778ce74cf3bb5c8b8e68bb7c4c962724d0d9cda3fa1b278cf386d29 [3melapsed[0m[2m=[0m205.083µs
[2m2026-09-24T18:18:20.896747Z[0m [32m INFO[0m [2mreth_node_events::node[0m[2m:[0m Block added to canonical chain [3mnumber[0m[2m=[0m1 [3mhash[0m[2m=[0m0xe9711726b614441eaafd9995e3c7e79285023bc4d35a1338674fb0000b68d2e6 [3mpeers[0m[2m=[0m0 [3mtxs[0m[2m=[0m1 [3mgas_used[0m[2m=[0m43.74Kgas [3mgas_throughput[0m[2m=[0m288.21Kgas/second [3mgas_limit[0m[2m=[0m30.03Mgas [3mfull[0m[2m=[0m0.1% [3mbase_fee[0m[2m=[0m0.88Gwei [3mblobs[0m[2m=[0m0 [3mexcess_blobs[0m[2m=[0m0 [3melapsed[0m[2m=[0m151.754455ms
[2m2026-09-24T18:18:20.897616Z[0m [32m INFO[0m [2mreth_node_events::node[0m[2m:[0m Canonical chain committed [3mnumber[0m[2m=[0m1 [3mhash[0m[2m=[0m0xe9711726b614441eaafd9995e3c7e79285023bc4d35a1338674fb0000b68d2e6 [3melapsed[0m[2m=[0m21.667µs
[2m2026-09-24T18:18:20.897635Z[0m [32m INFO[0m [2mreth_node_events::node[0m[2m:[0m Forkchoice updated [3mhead_block_hash[0m[2m=[0m0xe9711726b614441eaafd9995e3c7e79285023bc4d35a1338674fb0000b68d2e6 [3msafe_block_hash[0m[2m=[0m0xe9711726b614441eaafd9995e3c7e79285023bc4d35a1338674fb0000b68d2e6 [3mfinalized_block_hash[0m[2m=[0m0xe9711726b614441eaafd9995e3c7e79285023bc4d35a1338674fb0000b68d2e6
[2m2026-09-24T18:18:20.929976Z[0m [32m INFO[0m [2mpayload_builder[0m[2m:[0m New payload job created [3mid[0m[2m=[0m0xb9a1b1d3e39e1c3f [3mparent[0m[2m=[0m0xe9711726b614441eaafd9995e3c7e79285023bc4d35a1338674fb0000b68d2e6
[2m2026-09-24T18:18:21.041141Z[0m [32m INFO[0m [2mreth_node_events::node[0m[2m:[0m Received new payload from consensus engine [3mnumber[0m[2m=[0m2 [3mhash[0m[2m=[0m0x93877f3179132f29fd5454fba4d98f443571388f0c3cbc89965d75dbfee244c1
[2m2026-09-24T18:18:21.041585Z[0m [32m INFO[0m [2mengine::tree::payload_validator[0m[2m:[0m State root job finished [3mstrategy[0m[2m=[0m"sparse-trie" [3mstate_root[0m[2m=[0m0xec4a38030d2136699d556d623ebc8e56a64e3eed1eac6d4c15bd97df01cc95aa [3melapsed[0m[2m=[0m116.208µs
[2m2026-09-24T18:18:21.041671Z[0m [32m INFO[0m [2mreth_node_events::node[0m[2m:[0m Block added to canonical chain [3mnumber[0m[2m=[0m2 [3mhash[0m[2m=[0m0x93877f3179132f29fd5454fba4d98f443571388f0c3cbc89965d75dbfee244c1 [3mpeers[0m[2m=[0m0 [3mtxs[0m[2m=[0m1 [3mgas_used[0m[2m=[0m21.82Kgas [3mgas_throughput[0m[2m=[0m43.69Mgas/second [3mgas_limit[0m[2m=[0m30.06Mgas [3mfull[0m[2m=[0m0.1% [3mbase_fee[0m[2m=[0m0.77Gwei [3mblobs[0m[2m=[0m0 [3mexcess_blobs[0m[2m=[0m0 [3melapsed[0m[2m=[0m499.541µs
[2m2026-09-24T18:18:21.042179Z[0m [32m INFO[0m [2mreth_node_events::node[0m[2m:[0m Canonical chain committed [3mnumber[0m[2m=[0m2 [3mhash[0m[2m=[0m0x93877f3179132f29fd5454fba4d98f443571388f0c3cbc89965d75dbfee244c1 [3melapsed[0m[2m=[0m11.166µs
[2m2026-09-24T18:18:21.042198Z[0m [32m INFO[0m [2mreth_node_events::node[0m[2m:[0m Forkchoice updated [3mhead_block_hash[0m[2m=[0m0x93877f3179132f29fd5454fba4d98f443571388f0c3cbc89965d75dbfee244c1 [3msafe_block_hash[0m[2m=[0m0x93877f3179132f29fd5454fba4d98f443571388f0c3cbc89965d75dbfee244c1 [3mfinalized_block_hash[0m[2m=[0m0x93877f3179132f29fd5454fba4d98f443571388f0c3cbc89965d75dbfee244c1
[2m2026-09-24T18:18:21.067816Z[0m [32m INFO[0m [2mpayload_builder[0m[2m:[0m New payload job created [3mid[0m[2m=[0m0x478da2eaba116078 [3mparent[0m[2m=[0m0x93877f3179132f29fd5454fba4d98f443571388f0c3cbc89965d75dbfee244c1
[2m2026-09-24T18:18:21.179050Z[0m [32m INFO[0m [2mreth_node_events::node[0m[2m:[0m Received new payload from consensus engine [3mnumber[0m[2m=[0m3 [3mhash[0m[2m=[0m0x7a6277d96c135d8a18b894fa973413e32ce28d9c585067b6424fdc81bdc0f6fd
[2m2026-09-24T18:18:21.179561Z[0m [32m INFO[0m [2mengine::tree::payload_validator[0m[2m:[0m State root job finished [3mstrategy[0m[2m=[0m"sparse-trie" [3mstate_root[0m[2m=[0m0x8b40f25a41adca491645b913ca05354efa526b5ef5c8aba33c7c2be0a70ffcd3 [3melapsed[0m[2m=[0m244.208µs
[2m2026-09-24T18:18:21.179713Z[0m [32m INFO[0m [2mreth_node_events::node[0m[2m:[0m Block added to canonical chain [3mnumber[0m[2m=[0m3 [3mhash[0m[2m=[0m0x7a6277d96c135d8a18b894fa973413e32ce28d9c585067b6424fdc81bdc0f6fd [3mpeers[0m[2m=[0m0 [3mtxs[0m[2m=[0m1 [3mgas_used[0m[2m=[0m23.82Kgas [3mgas_throughput[0m[2m=[0m36.16Mgas/second [3mgas_limit[0m[2m=[0m30.09Mgas [3mfull[0m[2m=[0m0.1% [3mbase_fee[0m[2m=[0m0.67Gwei [3mblobs[0m[2m=[0m0 [3mexcess_blobs[0m[2m=[0m0 [3melapsed[0m[2m=[0m658.79µs
[2m2026-09-24T18:18:21.180238Z[0m [32m INFO[0m [2mreth_node_events::node[0m[2m:[0m Canonical chain committed [3mnumber[0m[2m=[0m3 [3mhash[0m[2m=[0m0x7a6277d96c135d8a18b894fa973413e32ce28d9c585067b6424fdc81bdc0f6fd [3melapsed[0m[2m=[0m12.041µs
[2m2026-09-24T18:18:21.180250Z[0m [32m INFO[0m [2mreth_node_events::node[0m[2m:[0m Forkchoice updated [3mhead_block_hash[0m[2m=[0m0x7a6277d96c135d8a18b894fa973413e32ce28d9c585067b6424fdc81bdc0f6fd [3msafe_block_hash[0m[2m=[0m0x7a6277d96c135d8a18b894fa973413e32ce28d9c585067b6424fdc81bdc0f6fd [3mfinalized_block_hash[0m[2m=[0m0x7a6277d96c135d8a18b894fa973413e32ce28d9c585067b6424fdc81bdc0f6fd
[2m2026-09-24T18:18:21.204885Z[0m [32m INFO[0m [2mpayload_builder[0m[2m:[0m New payload job created [3mid[0m[2m=[0m0xe845939dea134d50 [3mparent[0m[2m=[0m0x7a6277d96c135d8a18b894fa973413e32ce28d9c585067b6424fdc81bdc0f6fd
[2m2026-09-24T18:18:21.315073Z[0m [32m INFO[0m [2mreth_node_events::node[0m[2m:[0m Received new payload from consensus engine [3mnumber[0m[2m=[0m4 [3mhash[0m[2m=[0m0x3b686ba72cdcf310a9de557101d6d041b38f3f7130a9b8cd2db07c33f291f3da
[2m2026-09-24T18:18:21.315508Z[0m [32m INFO[0m [2mengine::tree::payload_validator[0m[2m:[0m State root job finished [3mstrategy[0m[2m=[0m"sparse-trie" [3mstate_root[0m[2m=[0m0x6af535ca7c64e81431a0ac37b51526f6e9ca8f6997252e3ed55ae09dbaee853a [3melapsed[0m[2m=[0m180.792µs
[2m2026-09-24T18:18:21.315578Z[0m [32m INFO[0m [2mreth_node_events::node[0m[2m:[0m Block added to canonical chain [3mnumber[0m[2m=[0m4 [3mhash[0m[2m=[0m0x3b686ba72cdcf310a9de557101d6d041b38f3f7130a9b8cd2db07c33f291f3da [3mpeers[0m[2m=[0m0 [3mtxs[0m[2m=[0m1 [3mgas_used[0m[2m=[0m23.64Kgas [3mgas_throughput[0m[2m=[0m47.56Mgas/second [3mgas_limit[0m[2m=[0m30.12Mgas [3mfull[0m[2m=[0m0.1% [3mbase_fee[0m[2m=[0m0.59Gwei [3mblobs[0m[2m=[0m0 [3mexcess_blobs[0m[2m=[0m0 [3melapsed[0m[2m=[0m497.082µs
[2m2026-09-24T18:18:21.316085Z[0m [32m INFO[0m [2mreth_node_events::node[0m[2m:[0m Canonical chain committed [3mnumber[0m[2m=[0m4 [3mhash[0m[2m=[0m0x3b686ba72cdcf310a9de557101d6d041b38f3f7130a9b8cd2db07c33f291f3da [3melapsed[0m[2m=[0m17.208µs
[2m2026-09-24T18:18:21.316097Z[0m [32m INFO[0m [2mreth_node_events::node[0m[2m:[0m Forkchoice updated [3mhead_block_hash[0m[2m=[0m0x3b686ba72cdcf310a9de557101d6d041b38f3f7130a9b8cd2db07c33f291f3da [3msafe_block_hash[0m[2m=[0m0x3b686ba72cdcf310a9de557101d6d041b38f3f7130a9b8cd2db07c33f291f3da [3mfinalized_block_hash[0m[2m=[0m0x3b686ba72cdcf310a9de557101d6d041b38f3f7130a9b8cd2db07c33f291f3da
[2m2026-09-24T18:18:21.341160Z[0m [32m INFO[0m [2mpayload_builder[0m[2m:[0m New payload job created [3mid[0m[2m=[0m0xf586c0b0017fc756 [3mparent[0m[2m=[0m0x3b686ba72cdcf310a9de557101d6d041b38f3f7130a9b8cd2db07c33f291f3da
[2m2026-09-24T18:18:21.450407Z[0m [32m INFO[0m [2mreth_node_events::node[0m[2m:[0m Received new payload from consensus engine [3mnumber[0m[2m=[0m5 [3mhash[0m[2m=[0m0xd8ed4aaf4244fdb911be02115e821aac5384a6d7638a734fa5c42c94167d6f59
[2m2026-09-24T18:18:21.450871Z[0m [32m INFO[0m [2mengine::tree::payload_validator[0m[2m:[0m State root job finished [3mstrategy[0m[2m=[0m"sparse-trie" [3mstate_root[0m[2m=[0m0x8b24b0cbf9d938bdfaa871f4f6b7a281122ae01fe084120810b7571eb803fd34 [3melapsed[0m[2m=[0m108.375µs
[2m2026-09-24T18:18:21.450936Z[0m [32m INFO[0m [2mreth_node_events::node[0m[2m:[0m Block added to canonical chain [3mnumber[0m[2m=[0m5 [3mhash[0m[2m=[0m0xd8ed4aaf4244fdb911be02115e821aac5384a6d7638a734fa5c42c94167d6f59 [3mpeers[0m[2m=[0m0 [3mtxs[0m[2m=[0m1 [3mgas_used[0m[2m=[0m30.05Kgas [3mgas_throughput[0m[2m=[0m57.55Mgas/second [3mgas_limit[0m[2m=[0m30.15Mgas [3mfull[0m[2m=[0m0.1% [3mbase_fee[0m[2m=[0m0.51Gwei [3mblobs[0m[2m=[0m0 [3mexcess_blobs[0m[2m=[0m0 [3melapsed[0m[2m=[0m522.124µs
[2m2026-09-24T18:18:21.451393Z[0m [32m INFO[0m [2mreth_node_events::node[0m[2m:[0m Canonical chain committed [3mnumber[0m[2m=[0m5 [3mhash[0m[2m=[0m0xd8ed4aaf4244fdb911be02115e821aac5384a6d7638a734fa5c42c94167d6f59 [3melapsed[0m[2m=[0m17.084µs
[2m2026-09-24T18:18:21.451403Z[0m [32m INFO[0m [2mreth_node_events::node[0m[2m:[0m Forkchoice updated [3mhead_block_hash[0m[2m=[0m0xd8ed4aaf4244fdb911be02115e821aac5384a6d7638a734fa5c42c94167d6f59 [3msafe_block_hash[0m[2m=[0m0xd8ed4aaf4244fdb911be02115e821aac5384a6d7638a734fa5c42c94167d6f59 [3mfinalized_block_hash[0m[2m=[0m0xd8ed4aaf4244fdb911be02115e821aac5384a6d7638a734fa5c42c94167d6f59
[2m2026-09-24T18:18:21.454096Z[0m [32m INFO[0m [2mreth::cli[0m[2m:[0m Received SIGTERM
[2m2026-09-24T18:18:21.454398Z[0m [32m INFO[0m [2mreth::cli[0m[2m:[0m Wrote network peers to file [3mpeers_file[0m[2m=[0m"<repo>/.tmp/approval-runs/fingerprint-cases-hli6bbv7/data/known-peers.json"
