[2m2026-09-24T18:18:47.311861Z[0m [32m INFO[0m [2mreth::cli[0m[2m:[0m Initialized tracing, debug log directory: <repo>/.tmp/approval-runs/history-producer-oup1ctm9/logs/anvil-hardhat
[2m2026-09-24T18:18:47.512082Z[0m [32m INFO[0m [2mreth::cli[0m[2m:[0m Starting Reth [3mversion[0m[2m=[0m"2.5.2 (5a6940e)"
[2m2026-09-24T18:18:47.512135Z[0m [32m INFO[0m [2mreth::cli[0m[2m:[0m Opening database [3mpath[0m[2m=[0m"<repo>/.tmp/approval-runs/history-producer-oup1ctm9/data/db"
[2m2026-09-24T18:18:47.516183Z[0m [32m INFO[0m [2mops_reth_approvals_poc[0m[2m:[0m OPS approval delivery [3mlisten[0m[2m=[0m127.0.0.1:56626 [3mboot_id[0m[2m=[0m0d0aaa36794917dd1fdf2f976785e946
[2m2026-09-24T18:18:47.516633Z[0m [32m INFO[0m [2mreth::cli[0m[2m:[0m Configuration loaded [3mpath[0m[2m=[0m"<repo>/.tmp/approval-runs/history-producer-oup1ctm9/data/reth.toml"
[2m2026-09-24T18:18:47.516958Z[0m [33m WARN[0m [2mproviders::rocksdb[0m[2m:[0m RocksDB will not keep all files open; performance may be reduced [3mfile_descriptor_limit[0m[2m=[0mSome(122880) [3mthreshold[0m[2m=[0m131072 [3mmax_open_files[0m[2m=[0m512
[2m2026-09-24T18:18:47.529765Z[0m [32m INFO[0m [1mcheck_consistency[0m[2m:[0m [2mreth::cli[0m[2m:[0m Healing static file inconsistencies.
[2m2026-09-24T18:18:47.619661Z[0m [32m INFO[0m [1mcheck_consistency[0m[2m:[0m[1mcheck_consistency[0m[1m{[0m[3mread_only[0m[2m=[0mfalse[1m}[0m[2m:[0m [2mreth::cli[0m[2m:[0m Verifying storage consistency.
[2m2026-09-24T18:18:47.619821Z[0m [32m INFO[0m [2mreth::cli[0m[2m:[0m Database opened
[2m2026-09-24T18:18:47.858816Z[0m [32m INFO[0m [2mreth::cli[0m[2m:[0m 
Pre-merge hard forks (block based):
- Frontier                         @0
- Homestead                        @0
- Tangerine                        @0
- SpuriousDragon                   @0
- Byzantium                        @0
- Constantinople                   @0
- Petersburg                       @0
- Istanbul                         @0
- Berlin                           @0
- London                           @0
Merge hard forks:
- Paris                            @0 (network is known to be merged)
Post-merge hard forks (timestamp based):
- Shanghai                         @0
[2m2026-09-24T18:18:47.858919Z[0m [32m INFO[0m [2mreth::cli[0m[2m:[0m Loaded storage settings [3msettings[0m[2m=[0mStorageSettings { storage_v2: true } [3mpruning_mode[0m[2m=[0m"archive"
[2m2026-09-24T18:18:47.860191Z[0m [32m INFO[0m [2mreth::cli[0m[2m:[0m Transaction pool initialized
[2m2026-09-24T18:18:47.876226Z[0m [32m INFO[0m [2mreth::cli[0m[2m:[0m P2P networking initialized [3menode[0m[2m=[0menode://8e156736719d174fec8628dc689fa51355e90dac7317c2631f0a05974873fa5bc2c50f37cc3ba353a28f9b51749c8b2383c571c2d176706ab3de056e2a2b72cb@127.0.0.1:56645
[2m2026-09-24T18:18:47.876562Z[0m [32m INFO[0m [2mreth::cli[0m[2m:[0m StaticFileProducer initialized
[2m2026-09-24T18:18:47.876812Z[0m [32m INFO[0m [2mreth::cli[0m[2m:[0m Pruner initialized [3mprune_config[0m[2m=[0mPruneConfig { block_interval: 5, segments: PruneModes { sender_recovery: None, transaction_lookup: None, receipts: None, account_history: None, storage_history: None, bodies_history: None, receipts_log_filter: ReceiptsLogPruneConfig({}) }, minimum_pruning_distance: 10064 }
[2m2026-09-24T18:18:47.877619Z[0m [32m INFO[0m [2mreth::cli[0m[2m:[0m Consensus engine initialized
[2m2026-09-24T18:18:47.877792Z[0m [32m INFO[0m [2mreth::cli[0m[2m:[0m Engine API handler initialized
[2m2026-09-24T18:18:47.879144Z[0m [32m INFO[0m [2mreth::cli[0m[2m:[0m RPC HTTP server started [3murl[0m[2m=[0m127.0.0.1:56624
[2m2026-09-24T18:18:47.879214Z[0m [32m INFO[0m [2mreth::cli[0m[2m:[0m RPC auth server started [3murl[0m[2m=[0m127.0.0.1:56625
[2m2026-09-24T18:18:47.879337Z[0m [32m INFO[0m [2mreth::cli[0m[2m:[0m Starting consensus engine
[2m2026-09-24T18:18:47.964424Z[0m [32m INFO[0m [2mreth_node_events::node[0m[2m:[0m Forkchoice updated [3mhead_block_hash[0m[2m=[0m0x9a1cd5c6489853b937d2ef5c0cce1d522ffee126f0112a5f7ce594e1574feda4 [3msafe_block_hash[0m[2m=[0m0x9a1cd5c6489853b937d2ef5c0cce1d522ffee126f0112a5f7ce594e1574feda4 [3mfinalized_block_hash[0m[2m=[0m0x9a1cd5c6489853b937d2ef5c0cce1d522ffee126f0112a5f7ce594e1574feda4
[2m2026-09-24T18:18:47.964430Z[0m [32m INFO[0m [2mpayload_builder[0m[2m:[0m New payload job created [3mid[0m[2m=[0m0xeb7c93c2b00b06f7 [3mparent[0m[2m=[0m0x9a1cd5c6489853b937d2ef5c0cce1d522ffee126f0112a5f7ce594e1574feda4
[2m2026-09-24T18:18:48.075556Z[0m [32m INFO[0m [2mreth_node_events::node[0m[2m:[0m Received new payload from consensus engine [3mnumber[0m[2m=[0m1 [3mhash[0m[2m=[0m0x139212096feabcd554960c618f41c2139aabc1fb85ea4d56d4b038ef8af89461
[2m2026-09-24T18:18:48.227334Z[0m [32m INFO[0m [2mengine::tree::payload_validator[0m[2m:[0m State root job finished [3mstrategy[0m[2m=[0m"sparse-trie" [3mstate_root[0m[2m=[0m0x3dd3e1cacde0f70d99a80c8a630b5568c98e945bbc8ea5229a9210d62ddbb556 [3melapsed[0m[2m=[0m313.541µs
[2m2026-09-24T18:18:48.227534Z[0m [32m INFO[0m [2mreth_node_events::node[0m[2m:[0m Block added to canonical chain [3mnumber[0m[2m=[0m1 [3mhash[0m[2m=[0m0x139212096feabcd554960c618f41c2139aabc1fb85ea4d56d4b038ef8af89461 [3mpeers[0m[2m=[0m0 [3mtxs[0m[2m=[0m1 [3mgas_used[0m[2m=[0m141.71Kgas [3mgas_throughput[0m[2m=[0m933.34Kgas/second [3mgas_limit[0m[2m=[0m30.03Mgas [3mfull[0m[2m=[0m0.5% [3mbase_fee[0m[2m=[0m0.88Gwei [3mblobs[0m[2m=[0m0 [3mexcess_blobs[0m[2m=[0m0 [3melapsed[0m[2m=[0m151.834271ms
[2m2026-09-24T18:18:48.228237Z[0m [32m INFO[0m [2mreth_node_events::node[0m[2m:[0m Canonical chain committed [3mnumber[0m[2m=[0m1 [3mhash[0m[2m=[0m0x139212096feabcd554960c618f41c2139aabc1fb85ea4d56d4b038ef8af89461 [3melapsed[0m[2m=[0m18.791µs
[2m2026-09-24T18:18:48.228253Z[0m [32m INFO[0m [2mreth_node_events::node[0m[2m:[0m Forkchoice updated [3mhead_block_hash[0m[2m=[0m0x139212096feabcd554960c618f41c2139aabc1fb85ea4d56d4b038ef8af89461 [3msafe_block_hash[0m[2m=[0m0x139212096feabcd554960c618f41c2139aabc1fb85ea4d56d4b038ef8af89461 [3mfinalized_block_hash[0m[2m=[0m0x139212096feabcd554960c618f41c2139aabc1fb85ea4d56d4b038ef8af89461
[2m2026-09-24T18:18:48.230351Z[0m [32m INFO[0m [2mreth::cli[0m[2m:[0m Received SIGTERM
[2m2026-09-24T18:18:48.230736Z[0m [32m INFO[0m [2mreth::cli[0m[2m:[0m Wrote network peers to file [3mpeers_file[0m[2m=[0m"<repo>/.tmp/approval-runs/history-producer-oup1ctm9/data/known-peers.json"
