[2m2026-09-24T18:18:43.484613Z[0m [32m INFO[0m [2mreth::cli[0m[2m:[0m Initialized tracing, debug log directory: <repo>/.tmp/approval-runs/reorg-rival-0lvt15k2/logs/anvil-hardhat
[2m2026-09-24T18:18:43.684820Z[0m [32m INFO[0m [2mreth::cli[0m[2m:[0m Starting Reth [3mversion[0m[2m=[0m"2.5.2 (5a6940e)"
[2m2026-09-24T18:18:43.684862Z[0m [32m INFO[0m [2mreth::cli[0m[2m:[0m Opening database [3mpath[0m[2m=[0m"<repo>/.tmp/approval-runs/reorg-rival-0lvt15k2/data/db"
[2m2026-09-24T18:18:43.689256Z[0m [32m INFO[0m [2mreth::cli[0m[2m:[0m Configuration loaded [3mpath[0m[2m=[0m"<repo>/.tmp/approval-runs/reorg-rival-0lvt15k2/data/reth.toml"
[2m2026-09-24T18:18:43.689561Z[0m [33m WARN[0m [2mproviders::rocksdb[0m[2m:[0m RocksDB will not keep all files open; performance may be reduced [3mfile_descriptor_limit[0m[2m=[0mSome(122880) [3mthreshold[0m[2m=[0m131072 [3mmax_open_files[0m[2m=[0m512
[2m2026-09-24T18:18:43.702440Z[0m [32m INFO[0m [1mcheck_consistency[0m[2m:[0m [2mreth::cli[0m[2m:[0m Healing static file inconsistencies.
[2m2026-09-24T18:18:43.786363Z[0m [32m INFO[0m [1mcheck_consistency[0m[2m:[0m[1mcheck_consistency[0m[1m{[0m[3mread_only[0m[2m=[0mfalse[1m}[0m[2m:[0m [2mreth::cli[0m[2m:[0m Verifying storage consistency.
[2m2026-09-24T18:18:43.786478Z[0m [32m INFO[0m [2mreth::cli[0m[2m:[0m Database opened
[2m2026-09-24T18:18:43.970037Z[0m [32m INFO[0m [2mreth::cli[0m[2m:[0m 
Pre-merge hard forks (block based):
- Frontier                         @0
- Homestead                        @0
- Tangerine                        @0
- SpuriousDragon                   @0
- Byzantium                        @0
- Constantinople                   @0
- Petersburg                       @0
- Istanbul                         @0
- Berlin                           @0
- London                           @0
Merge hard forks:
- Paris                            @0 (network is known to be merged)
Post-merge hard forks (timestamp based):
- Shanghai                         @0
[2m2026-09-24T18:18:43.970068Z[0m [32m INFO[0m [2mreth::cli[0m[2m:[0m Loaded storage settings [3msettings[0m[2m=[0mStorageSettings { storage_v2: true } [3mpruning_mode[0m[2m=[0m"archive"
[2m2026-09-24T18:18:43.970406Z[0m [32m INFO[0m [2mreth::cli[0m[2m:[0m Transaction pool initialized
[2m2026-09-24T18:18:43.978390Z[0m [32m INFO[0m [2mreth::cli[0m[2m:[0m P2P networking initialized [3menode[0m[2m=[0menode://16427e675c8558f499f0c4c3280858f72dc29583e6ad9257a389985ee04923d027f115f7444b5e9f6a985163c29f38387fee6ae1e10a5db4e088525d58bbf9fa@127.0.0.1:56552
[2m2026-09-24T18:18:43.978501Z[0m [32m INFO[0m [2mreth::cli[0m[2m:[0m StaticFileProducer initialized
[2m2026-09-24T18:18:43.978612Z[0m [32m INFO[0m [2mreth::cli[0m[2m:[0m Pruner initialized [3mprune_config[0m[2m=[0mPruneConfig { block_interval: 5, segments: PruneModes { sender_recovery: None, transaction_lookup: None, receipts: None, account_history: None, storage_history: None, bodies_history: None, receipts_log_filter: ReceiptsLogPruneConfig({}) }, minimum_pruning_distance: 10064 }
[2m2026-09-24T18:18:43.978961Z[0m [32m INFO[0m [2mreth::cli[0m[2m:[0m Consensus engine initialized
[2m2026-09-24T18:18:43.979018Z[0m [32m INFO[0m [2mreth::cli[0m[2m:[0m Engine API handler initialized
[2m2026-09-24T18:18:43.979659Z[0m [32m INFO[0m [2mreth::cli[0m[2m:[0m RPC HTTP server started [3murl[0m[2m=[0m127.0.0.1:56544
[2m2026-09-24T18:18:43.979689Z[0m [32m INFO[0m [2mreth::cli[0m[2m:[0m RPC auth server started [3murl[0m[2m=[0m127.0.0.1:56545
[2m2026-09-24T18:18:43.979738Z[0m [32m INFO[0m [2mreth::cli[0m[2m:[0m Starting consensus engine
[2m2026-09-24T18:18:46.306318Z[0m [32m INFO[0m [2mreth_node_events::node[0m[2m:[0m Forkchoice updated [3mhead_block_hash[0m[2m=[0m0x9a1cd5c6489853b937d2ef5c0cce1d522ffee126f0112a5f7ce594e1574feda4 [3msafe_block_hash[0m[2m=[0m0x9a1cd5c6489853b937d2ef5c0cce1d522ffee126f0112a5f7ce594e1574feda4 [3mfinalized_block_hash[0m[2m=[0m0x9a1cd5c6489853b937d2ef5c0cce1d522ffee126f0112a5f7ce594e1574feda4
[2m2026-09-24T18:18:46.306325Z[0m [32m INFO[0m [2mpayload_builder[0m[2m:[0m New payload job created [3mid[0m[2m=[0m0xc858259fc78836ec [3mparent[0m[2m=[0m0x9a1cd5c6489853b937d2ef5c0cce1d522ffee126f0112a5f7ce594e1574feda4
[2m2026-09-24T18:18:46.419428Z[0m [32m INFO[0m [2mreth_node_events::node[0m[2m:[0m Received new payload from consensus engine [3mnumber[0m[2m=[0m1 [3mhash[0m[2m=[0m0x70a204741d6fcf94d8d75def207f6aafb3f10d09be40e089279311e13c9829c9
[2m2026-09-24T18:18:46.833665Z[0m [32m INFO[0m [2mengine::tree::payload_validator[0m[2m:[0m State root job finished [3mstrategy[0m[2m=[0m"sparse-trie" [3mstate_root[0m[2m=[0m0x4638b586d186e1e7e1bff5d3deee4d078fbcf3037fe509b1420c0310c4831182 [3melapsed[0m[2m=[0m35.167µs
[2m2026-09-24T18:18:46.833873Z[0m [32m INFO[0m [2mreth_node_events::node[0m[2m:[0m Block added to canonical chain [3mnumber[0m[2m=[0m1 [3mhash[0m[2m=[0m0x70a204741d6fcf94d8d75def207f6aafb3f10d09be40e089279311e13c9829c9 [3mpeers[0m[2m=[0m0 [3mtxs[0m[2m=[0m0 [3mgas_used[0m[2m=[0m0.00Kgas [3mgas_throughput[0m[2m=[0m0.00Kgas/second [3mgas_limit[0m[2m=[0m30.03Mgas [3mfull[0m[2m=[0m0.0% [3mbase_fee[0m[2m=[0m0.88Gwei [3mblobs[0m[2m=[0m0 [3mexcess_blobs[0m[2m=[0m0 [3melapsed[0m[2m=[0m414.282303ms
[2m2026-09-24T18:18:46.838226Z[0m [32m INFO[0m [2mreth_node_events::node[0m[2m:[0m Canonical chain committed [3mnumber[0m[2m=[0m1 [3mhash[0m[2m=[0m0x70a204741d6fcf94d8d75def207f6aafb3f10d09be40e089279311e13c9829c9 [3melapsed[0m[2m=[0m18.542µs
[2m2026-09-24T18:18:46.838245Z[0m [32m INFO[0m [2mreth_node_events::node[0m[2m:[0m Forkchoice updated [3mhead_block_hash[0m[2m=[0m0x70a204741d6fcf94d8d75def207f6aafb3f10d09be40e089279311e13c9829c9 [3msafe_block_hash[0m[2m=[0m0x70a204741d6fcf94d8d75def207f6aafb3f10d09be40e089279311e13c9829c9 [3mfinalized_block_hash[0m[2m=[0m0x70a204741d6fcf94d8d75def207f6aafb3f10d09be40e089279311e13c9829c9
[2m2026-09-24T18:18:46.950658Z[0m [32m INFO[0m [2mreth::cli[0m[2m:[0m Received SIGTERM
[2m2026-09-24T18:18:46.951032Z[0m [32m INFO[0m [2mreth::cli[0m[2m:[0m Wrote network peers to file [3mpeers_file[0m[2m=[0m"<repo>/.tmp/approval-runs/reorg-rival-0lvt15k2/data/known-peers.json"
