[2m2026-09-24T18:18:42.836321Z[0m [32m INFO[0m [2mreth::cli[0m[2m:[0m Initialized tracing, debug log directory: <repo>/.tmp/approval-runs/reorg-producer-29ogty2x/logs/anvil-hardhat
[2m2026-09-24T18:18:43.036538Z[0m [32m INFO[0m [2mreth::cli[0m[2m:[0m Starting Reth [3mversion[0m[2m=[0m"2.5.2 (5a6940e)"
[2m2026-09-24T18:18:43.036595Z[0m [32m INFO[0m [2mreth::cli[0m[2m:[0m Opening database [3mpath[0m[2m=[0m"<repo>/.tmp/approval-runs/reorg-producer-29ogty2x/data/db"
[2m2026-09-24T18:18:43.040859Z[0m [32m INFO[0m [2mops_reth_approvals_poc[0m[2m:[0m OPS approval delivery [3mlisten[0m[2m=[0m127.0.0.1:56520 [3mboot_id[0m[2m=[0m7f997b748fc6b6cdef5e0bc066cf502e
[2m2026-09-24T18:18:43.041264Z[0m [32m INFO[0m [2mreth::cli[0m[2m:[0m Configuration loaded [3mpath[0m[2m=[0m"<repo>/.tmp/approval-runs/reorg-producer-29ogty2x/data/reth.toml"
[2m2026-09-24T18:18:43.041581Z[0m [33m WARN[0m [2mproviders::rocksdb[0m[2m:[0m RocksDB will not keep all files open; performance may be reduced [3mfile_descriptor_limit[0m[2m=[0mSome(122880) [3mthreshold[0m[2m=[0m131072 [3mmax_open_files[0m[2m=[0m512
[2m2026-09-24T18:18:43.054363Z[0m [32m INFO[0m [1mcheck_consistency[0m[2m:[0m [2mreth::cli[0m[2m:[0m Healing static file inconsistencies.
[2m2026-09-24T18:18:43.145310Z[0m [32m INFO[0m [1mcheck_consistency[0m[2m:[0m[1mcheck_consistency[0m[1m{[0m[3mread_only[0m[2m=[0mfalse[1m}[0m[2m:[0m [2mreth::cli[0m[2m:[0m Verifying storage consistency.
[2m2026-09-24T18:18:43.145467Z[0m [32m INFO[0m [2mreth::cli[0m[2m:[0m Database opened
[2m2026-09-24T18:18:43.363473Z[0m [32m INFO[0m [2mreth::cli[0m[2m:[0m 
Pre-merge hard forks (block based):
- Frontier                         @0
- Homestead                        @0
- Tangerine                        @0
- SpuriousDragon                   @0
- Byzantium                        @0
- Constantinople                   @0
- Petersburg                       @0
- Istanbul                         @0
- Berlin                           @0
- London                           @0
Merge hard forks:
- Paris                            @0 (network is known to be merged)
Post-merge hard forks (timestamp based):
- Shanghai                         @0
[2m2026-09-24T18:18:43.363623Z[0m [32m INFO[0m [2mreth::cli[0m[2m:[0m Loaded storage settings [3msettings[0m[2m=[0mStorageSettings { storage_v2: true } [3mpruning_mode[0m[2m=[0m"archive"
[2m2026-09-24T18:18:43.364865Z[0m [32m INFO[0m [2mreth::cli[0m[2m:[0m Transaction pool initialized
[2m2026-09-24T18:18:43.386028Z[0m [32m INFO[0m [2mreth::cli[0m[2m:[0m P2P networking initialized [3menode[0m[2m=[0menode://3d18db95284d44dd9ed7d420d140d840b31bbb24f10d3d2e7900a3e4713146340d6fb687d5daa73ac42358e1a0d0b82e41781b422222e14b6aef1ec59a9ba169@127.0.0.1:56541
[2m2026-09-24T18:18:43.386397Z[0m [32m INFO[0m [2mreth::cli[0m[2m:[0m StaticFileProducer initialized
[2m2026-09-24T18:18:43.386872Z[0m [32m INFO[0m [2mreth::cli[0m[2m:[0m Pruner initialized [3mprune_config[0m[2m=[0mPruneConfig { block_interval: 5, segments: PruneModes { sender_recovery: None, transaction_lookup: None, receipts: None, account_history: None, storage_history: None, bodies_history: None, receipts_log_filter: ReceiptsLogPruneConfig({}) }, minimum_pruning_distance: 10064 }
[2m2026-09-24T18:18:43.387805Z[0m [32m INFO[0m [2mreth::cli[0m[2m:[0m Consensus engine initialized
[2m2026-09-24T18:18:43.387948Z[0m [32m INFO[0m [2mreth::cli[0m[2m:[0m Engine API handler initialized
[2m2026-09-24T18:18:43.389430Z[0m [32m INFO[0m [2mreth::cli[0m[2m:[0m RPC HTTP server started [3murl[0m[2m=[0m127.0.0.1:56518
[2m2026-09-24T18:18:43.389557Z[0m [32m INFO[0m [2mreth::cli[0m[2m:[0m RPC auth server started [3murl[0m[2m=[0m127.0.0.1:56519
[2m2026-09-24T18:18:43.389744Z[0m [32m INFO[0m [2mreth::cli[0m[2m:[0m Starting consensus engine
[2m2026-09-24T18:18:44.038783Z[0m [32m INFO[0m [2mreth_node_events::node[0m[2m:[0m Forkchoice updated [3mhead_block_hash[0m[2m=[0m0x9a1cd5c6489853b937d2ef5c0cce1d522ffee126f0112a5f7ce594e1574feda4 [3msafe_block_hash[0m[2m=[0m0x9a1cd5c6489853b937d2ef5c0cce1d522ffee126f0112a5f7ce594e1574feda4 [3mfinalized_block_hash[0m[2m=[0m0x9a1cd5c6489853b937d2ef5c0cce1d522ffee126f0112a5f7ce594e1574feda4
[2m2026-09-24T18:18:44.038790Z[0m [32m INFO[0m [2mpayload_builder[0m[2m:[0m New payload job created [3mid[0m[2m=[0m0xeb7c93c2b00b06f7 [3mparent[0m[2m=[0m0x9a1cd5c6489853b937d2ef5c0cce1d522ffee126f0112a5f7ce594e1574feda4
[2m2026-09-24T18:18:44.148904Z[0m [32m INFO[0m [2mreth_node_events::node[0m[2m:[0m Received new payload from consensus engine [3mnumber[0m[2m=[0m1 [3mhash[0m[2m=[0m0x139212096feabcd554960c618f41c2139aabc1fb85ea4d56d4b038ef8af89461
[2m2026-09-24T18:18:44.301704Z[0m [32m INFO[0m [2mengine::tree::payload_validator[0m[2m:[0m State root job finished [3mstrategy[0m[2m=[0m"sparse-trie" [3mstate_root[0m[2m=[0m0x3dd3e1cacde0f70d99a80c8a630b5568c98e945bbc8ea5229a9210d62ddbb556 [3melapsed[0m[2m=[0m351.209µs
[2m2026-09-24T18:18:44.301822Z[0m [32m INFO[0m [2mreth_node_events::node[0m[2m:[0m Block added to canonical chain [3mnumber[0m[2m=[0m1 [3mhash[0m[2m=[0m0x139212096feabcd554960c618f41c2139aabc1fb85ea4d56d4b038ef8af89461 [3mpeers[0m[2m=[0m0 [3mtxs[0m[2m=[0m1 [3mgas_used[0m[2m=[0m141.71Kgas [3mgas_throughput[0m[2m=[0m926.95Kgas/second [3mgas_limit[0m[2m=[0m30.03Mgas [3mfull[0m[2m=[0m0.5% [3mbase_fee[0m[2m=[0m0.88Gwei [3mblobs[0m[2m=[0m0 [3mexcess_blobs[0m[2m=[0m0 [3melapsed[0m[2m=[0m152.881345ms
[2m2026-09-24T18:18:44.302672Z[0m [32m INFO[0m [2mreth_node_events::node[0m[2m:[0m Canonical chain committed [3mnumber[0m[2m=[0m1 [3mhash[0m[2m=[0m0x139212096feabcd554960c618f41c2139aabc1fb85ea4d56d4b038ef8af89461 [3melapsed[0m[2m=[0m15.417µs
[2m2026-09-24T18:18:46.389599Z[0m [32m INFO[0m [2mreth::cli[0m[2m:[0m Status [3mconnected_peers[0m[2m=[0m0 [3mlatest_block[0m[2m=[0m1
[2m2026-09-24T18:18:46.839344Z[0m [32m INFO[0m [2mreth_node_events::node[0m[2m:[0m Received new payload from consensus engine [3mnumber[0m[2m=[0m1 [3mhash[0m[2m=[0m0x70a204741d6fcf94d8d75def207f6aafb3f10d09be40e089279311e13c9829c9
[2m2026-09-24T18:18:46.839777Z[0m [32m INFO[0m [2mengine::tree::payload_validator[0m[2m:[0m State root job finished [3mstrategy[0m[2m=[0m"sparse-trie" [3mstate_root[0m[2m=[0m0x4638b586d186e1e7e1bff5d3deee4d078fbcf3037fe509b1420c0310c4831182 [3melapsed[0m[2m=[0m959ns
[2m2026-09-24T18:18:46.839830Z[0m [32m INFO[0m [2mreth_node_events::node[0m[2m:[0m Block added to fork chain [3mnumber[0m[2m=[0m1 [3mhash[0m[2m=[0m0x70a204741d6fcf94d8d75def207f6aafb3f10d09be40e089279311e13c9829c9 [3melapsed[0m[2m=[0m456.208µs
[2m2026-09-24T18:18:46.840282Z[0m [32m INFO[0m [2mreth_node_events::node[0m[2m:[0m Canonical chain committed [3mnumber[0m[2m=[0m1 [3mhash[0m[2m=[0m0x70a204741d6fcf94d8d75def207f6aafb3f10d09be40e089279311e13c9829c9 [3melapsed[0m[2m=[0m28.292µs
[2m2026-09-24T18:18:46.841307Z[0m [32m INFO[0m [2mreth_node_events::node[0m[2m:[0m Forkchoice updated [3mhead_block_hash[0m[2m=[0m0x70a204741d6fcf94d8d75def207f6aafb3f10d09be40e089279311e13c9829c9 [3msafe_block_hash[0m[2m=[0m0x70a204741d6fcf94d8d75def207f6aafb3f10d09be40e089279311e13c9829c9 [3mfinalized_block_hash[0m[2m=[0m0x70a204741d6fcf94d8d75def207f6aafb3f10d09be40e089279311e13c9829c9
[2m2026-09-24T18:18:46.841311Z[0m [32m INFO[0m [2mpayload_builder[0m[2m:[0m New payload job created [3mid[0m[2m=[0m0x27fd0b6b6173822f [3mparent[0m[2m=[0m0x70a204741d6fcf94d8d75def207f6aafb3f10d09be40e089279311e13c9829c9
[2m2026-09-24T18:18:46.945475Z[0m [32m INFO[0m [2mreth_node_events::node[0m[2m:[0m Received new payload from consensus engine [3mnumber[0m[2m=[0m2 [3mhash[0m[2m=[0m0x2a748a46e1931f745aa605594df9fe3e46899283804abc2110ef3e4bc2574462
[2m2026-09-24T18:18:46.946193Z[0m [32m INFO[0m [2mengine::tree::payload_validator[0m[2m:[0m State root job finished [3mstrategy[0m[2m=[0m"sparse-trie" [3mstate_root[0m[2m=[0m0x788a9d98161d6b6a3feb52a25c938d1036caf4b4789002051631217e6f4e7a94 [3melapsed[0m[2m=[0m387.917µs
[2m2026-09-24T18:18:46.946343Z[0m [32m INFO[0m [2mreth_node_events::node[0m[2m:[0m Block added to canonical chain [3mnumber[0m[2m=[0m2 [3mhash[0m[2m=[0m0x2a748a46e1931f745aa605594df9fe3e46899283804abc2110ef3e4bc2574462 [3mpeers[0m[2m=[0m0 [3mtxs[0m[2m=[0m1 [3mgas_used[0m[2m=[0m141.71Kgas [3mgas_throughput[0m[2m=[0m172.72Mgas/second [3mgas_limit[0m[2m=[0m30.06Mgas [3mfull[0m[2m=[0m0.5% [3mbase_fee[0m[2m=[0m0.77Gwei [3mblobs[0m[2m=[0m0 [3mexcess_blobs[0m[2m=[0m0 [3melapsed[0m[2m=[0m820.5µs
[2m2026-09-24T18:18:46.947003Z[0m [32m INFO[0m [2mreth_node_events::node[0m[2m:[0m Canonical chain committed [3mnumber[0m[2m=[0m2 [3mhash[0m[2m=[0m0x2a748a46e1931f745aa605594df9fe3e46899283804abc2110ef3e4bc2574462 [3melapsed[0m[2m=[0m23.542µs
[2m2026-09-24T18:18:46.947014Z[0m [32m INFO[0m [2mreth_node_events::node[0m[2m:[0m Forkchoice updated [3mhead_block_hash[0m[2m=[0m0x2a748a46e1931f745aa605594df9fe3e46899283804abc2110ef3e4bc2574462 [3msafe_block_hash[0m[2m=[0m0x2a748a46e1931f745aa605594df9fe3e46899283804abc2110ef3e4bc2574462 [3mfinalized_block_hash[0m[2m=[0m0x2a748a46e1931f745aa605594df9fe3e46899283804abc2110ef3e4bc2574462
[2m2026-09-24T18:18:47.152877Z[0m [32m INFO[0m [2mreth::cli[0m[2m:[0m Received SIGTERM
[2m2026-09-24T18:18:47.153213Z[0m [32m INFO[0m [2mreth::cli[0m[2m:[0m Wrote network peers to file [3mpeers_file[0m[2m=[0m"<repo>/.tmp/approval-runs/reorg-producer-29ogty2x/data/known-peers.json"
