[2m2026-09-24T18:18:38.770290Z[0m [32m INFO[0m [2mreth::cli[0m[2m:[0m Initialized tracing, debug log directory: <repo>/.tmp/approval-runs/resend-before-1ppxz3vz/logs/anvil-hardhat
[2m2026-09-24T18:18:38.970467Z[0m [32m INFO[0m [2mreth::cli[0m[2m:[0m Starting Reth [3mversion[0m[2m=[0m"2.5.2 (5a6940e)"
[2m2026-09-24T18:18:38.970514Z[0m [32m INFO[0m [2mreth::cli[0m[2m:[0m Opening database [3mpath[0m[2m=[0m"<repo>/.tmp/approval-runs/resend-before-1ppxz3vz/data/db"
[2m2026-09-24T18:18:38.986219Z[0m [32m INFO[0m [2mops_reth_approvals_poc[0m[2m:[0m OPS approval delivery [3mlisten[0m[2m=[0m127.0.0.1:56448 [3mboot_id[0m[2m=[0me64e8c584c287ddd92e7fe40b6ecbd16
[2m2026-09-24T18:18:38.986673Z[0m [32m INFO[0m [2mreth::cli[0m[2m:[0m Configuration loaded [3mpath[0m[2m=[0m"<repo>/.tmp/approval-runs/resend-before-1ppxz3vz/data/reth.toml"
[2m2026-09-24T18:18:38.992349Z[0m [33m WARN[0m [2mproviders::rocksdb[0m[2m:[0m RocksDB will not keep all files open; performance may be reduced [3mfile_descriptor_limit[0m[2m=[0mSome(122880) [3mthreshold[0m[2m=[0m131072 [3mmax_open_files[0m[2m=[0m512
[2m2026-09-24T18:18:39.005529Z[0m [32m INFO[0m [1mcheck_consistency[0m[2m:[0m [2mreth::cli[0m[2m:[0m Healing static file inconsistencies.
[2m2026-09-24T18:18:39.208426Z[0m [32m INFO[0m [1mcheck_consistency[0m[2m:[0m[1mcheck_consistency[0m[1m{[0m[3mread_only[0m[2m=[0mfalse[1m}[0m[2m:[0m [2mreth::cli[0m[2m:[0m Verifying storage consistency.
[2m2026-09-24T18:18:39.208755Z[0m [32m INFO[0m [2mreth::cli[0m[2m:[0m Database opened
[2m2026-09-24T18:18:39.208895Z[0m [32m INFO[0m [2mreth::cli[0m[2m:[0m 
Pre-merge hard forks (block based):
- Frontier                         @0
- Homestead                        @0
- Tangerine                        @0
- SpuriousDragon                   @0
- Byzantium                        @0
- Constantinople                   @0
- Petersburg                       @0
- Istanbul                         @0
- Berlin                           @0
- London                           @0
Merge hard forks:
- Paris                            @0 (network is known to be merged)
Post-merge hard forks (timestamp based):
- Shanghai                         @0
[2m2026-09-24T18:18:39.208948Z[0m [32m INFO[0m [2mreth::cli[0m[2m:[0m Loaded storage settings [3msettings[0m[2m=[0mStorageSettings { storage_v2: true } [3mpruning_mode[0m[2m=[0m"archive"
[2m2026-09-24T18:18:39.209774Z[0m [32m INFO[0m [2mreth::cli[0m[2m:[0m Transaction pool initialized
[2m2026-09-24T18:18:39.209995Z[0m [32m INFO[0m [2mnet::peers[0m[2m:[0m Loading saved peers [3mfile[0m[2m=[0m<repo>/.tmp/approval-runs/resend-before-1ppxz3vz/data/known-peers.json
[2m2026-09-24T18:18:39.210018Z[0m [32m INFO[0m [2mnet::peers[0m[2m:[0m Loaded persisted peers [3mcount[0m[2m=[0m0
[2m2026-09-24T18:18:39.210396Z[0m [32m INFO[0m [2mtxpool[0m[2m:[0m Successfully reinserted local transactions from file [3mtxs_file[0m[2m=[0m"<repo>/.tmp/approval-runs/resend-before-1ppxz3vz/data/txpool-transactions-backup.rlp" [3mnum_txs[0m[2m=[0m1
[2m2026-09-24T18:18:39.227052Z[0m [32m INFO[0m [2mreth::cli[0m[2m:[0m P2P networking initialized [3menode[0m[2m=[0menode://293f666f3e9abe10f7bc0bbc27d9664332cf4ec4eee51647913999007becd301f670daf36fa0152f3c6782489ab2a555a6c8753518390e67388c52ccc086b6e0@127.0.0.1:56455
[2m2026-09-24T18:18:39.227344Z[0m [32m INFO[0m [2mreth::cli[0m[2m:[0m StaticFileProducer initialized
[2m2026-09-24T18:18:39.227587Z[0m [32m INFO[0m [2mreth::cli[0m[2m:[0m Pruner initialized [3mprune_config[0m[2m=[0mPruneConfig { block_interval: 5, segments: PruneModes { sender_recovery: None, transaction_lookup: None, receipts: None, account_history: None, storage_history: None, bodies_history: None, receipts_log_filter: ReceiptsLogPruneConfig({}) }, minimum_pruning_distance: 10064 }
[2m2026-09-24T18:18:39.228158Z[0m [32m INFO[0m [2mreth::cli[0m[2m:[0m Consensus engine initialized
[2m2026-09-24T18:18:39.228265Z[0m [32m INFO[0m [2mreth::cli[0m[2m:[0m Engine API handler initialized
[2m2026-09-24T18:18:39.229360Z[0m [32m INFO[0m [2mreth::cli[0m[2m:[0m RPC HTTP server started [3murl[0m[2m=[0m127.0.0.1:56446
[2m2026-09-24T18:18:39.229400Z[0m [32m INFO[0m [2mreth::cli[0m[2m:[0m RPC auth server started [3murl[0m[2m=[0m127.0.0.1:56447
[2m2026-09-24T18:18:39.229492Z[0m [32m INFO[0m [2mreth::cli[0m[2m:[0m Starting consensus engine
[2m2026-09-24T18:18:42.229217Z[0m [32m INFO[0m [2mreth::cli[0m[2m:[0m Status [3mconnected_peers[0m[2m=[0m0 [3mlatest_block[0m[2m=[0m0
[2m2026-09-24T18:18:42.349750Z[0m [32m INFO[0m [2mreth_node_events::node[0m[2m:[0m Forkchoice updated [3mhead_block_hash[0m[2m=[0m0x9a1cd5c6489853b937d2ef5c0cce1d522ffee126f0112a5f7ce594e1574feda4 [3msafe_block_hash[0m[2m=[0m0x9a1cd5c6489853b937d2ef5c0cce1d522ffee126f0112a5f7ce594e1574feda4 [3mfinalized_block_hash[0m[2m=[0m0x9a1cd5c6489853b937d2ef5c0cce1d522ffee126f0112a5f7ce594e1574feda4
[2m2026-09-24T18:18:42.349764Z[0m [32m INFO[0m [2mpayload_builder[0m[2m:[0m New payload job created [3mid[0m[2m=[0m0xeb7c93c2b00b06f7 [3mparent[0m[2m=[0m0x9a1cd5c6489853b937d2ef5c0cce1d522ffee126f0112a5f7ce594e1574feda4
[2m2026-09-24T18:18:42.463758Z[0m [32m INFO[0m [2mreth_node_events::node[0m[2m:[0m Received new payload from consensus engine [3mnumber[0m[2m=[0m1 [3mhash[0m[2m=[0m0xb01c4796f896c5496e0ecd8e9c3515d56b81ccaf8088228f44c6b49175481969
[2m2026-09-24T18:18:42.675133Z[0m [32m INFO[0m [2mengine::tree::payload_validator[0m[2m:[0m State root job finished [3mstrategy[0m[2m=[0m"sparse-trie" [3mstate_root[0m[2m=[0m0x117975cda5d988e58af9c239eab819cab56617bfb9751e904b80eec7d094c415 [3melapsed[0m[2m=[0m388.125µs
[2m2026-09-24T18:18:42.675283Z[0m [32m INFO[0m [2mreth_node_events::node[0m[2m:[0m Block added to canonical chain [3mnumber[0m[2m=[0m1 [3mhash[0m[2m=[0m0xb01c4796f896c5496e0ecd8e9c3515d56b81ccaf8088228f44c6b49175481969 [3mpeers[0m[2m=[0m0 [3mtxs[0m[2m=[0m1 [3mgas_used[0m[2m=[0m141.71Kgas [3mgas_throughput[0m[2m=[0m670.21Kgas/second [3mgas_limit[0m[2m=[0m30.03Mgas [3mfull[0m[2m=[0m0.5% [3mbase_fee[0m[2m=[0m0.88Gwei [3mblobs[0m[2m=[0m0 [3mexcess_blobs[0m[2m=[0m0 [3melapsed[0m[2m=[0m211.446949ms
[2m2026-09-24T18:18:42.676151Z[0m [32m INFO[0m [2mreth_node_events::node[0m[2m:[0m Canonical chain committed [3mnumber[0m[2m=[0m1 [3mhash[0m[2m=[0m0xb01c4796f896c5496e0ecd8e9c3515d56b81ccaf8088228f44c6b49175481969 [3melapsed[0m[2m=[0m19.125µs
[2m2026-09-24T18:18:42.676164Z[0m [32m INFO[0m [2mreth_node_events::node[0m[2m:[0m Forkchoice updated [3mhead_block_hash[0m[2m=[0m0xb01c4796f896c5496e0ecd8e9c3515d56b81ccaf8088228f44c6b49175481969 [3msafe_block_hash[0m[2m=[0m0xb01c4796f896c5496e0ecd8e9c3515d56b81ccaf8088228f44c6b49175481969 [3mfinalized_block_hash[0m[2m=[0m0xb01c4796f896c5496e0ecd8e9c3515d56b81ccaf8088228f44c6b49175481969
[2m2026-09-24T18:18:42.679017Z[0m [32m INFO[0m [2mreth::cli[0m[2m:[0m Received SIGTERM
[2m2026-09-24T18:18:42.679305Z[0m [32m INFO[0m [2mreth::cli[0m[2m:[0m Wrote network peers to file [3mpeers_file[0m[2m=[0m"<repo>/.tmp/approval-runs/resend-before-1ppxz3vz/data/known-peers.json"
