[2m2026-09-24T18:18:36.503861Z[0m [32m INFO[0m [2mreth::cli[0m[2m:[0m Initialized tracing, debug log directory: <repo>/.tmp/approval-runs/restart-before-hfzdbzyr/logs/anvil-hardhat
[2m2026-09-24T18:18:36.704037Z[0m [32m INFO[0m [2mreth::cli[0m[2m:[0m Starting Reth [3mversion[0m[2m=[0m"2.5.2 (5a6940e)"
[2m2026-09-24T18:18:36.704069Z[0m [32m INFO[0m [2mreth::cli[0m[2m:[0m Opening database [3mpath[0m[2m=[0m"<repo>/.tmp/approval-runs/restart-before-hfzdbzyr/data/db"
[2m2026-09-24T18:18:36.722088Z[0m [32m INFO[0m [2mops_reth_approvals_poc[0m[2m:[0m OPS approval delivery [3mlisten[0m[2m=[0m127.0.0.1:56369 [3mboot_id[0m[2m=[0m6632591e40950d99882ca32187b72d64
[2m2026-09-24T18:18:36.722657Z[0m [32m INFO[0m [2mreth::cli[0m[2m:[0m Configuration loaded [3mpath[0m[2m=[0m"<repo>/.tmp/approval-runs/restart-before-hfzdbzyr/data/reth.toml"
[2m2026-09-24T18:18:36.729148Z[0m [33m WARN[0m [2mproviders::rocksdb[0m[2m:[0m RocksDB will not keep all files open; performance may be reduced [3mfile_descriptor_limit[0m[2m=[0mSome(122880) [3mthreshold[0m[2m=[0m131072 [3mmax_open_files[0m[2m=[0m512
[2m2026-09-24T18:18:36.743168Z[0m [32m INFO[0m [1mcheck_consistency[0m[2m:[0m [2mreth::cli[0m[2m:[0m Healing static file inconsistencies.
[2m2026-09-24T18:18:36.931957Z[0m [32m INFO[0m [1mcheck_consistency[0m[2m:[0m[1mcheck_consistency[0m[1m{[0m[3mread_only[0m[2m=[0mfalse[1m}[0m[2m:[0m [2mreth::cli[0m[2m:[0m Verifying storage consistency.
[2m2026-09-24T18:18:36.932279Z[0m [32m INFO[0m [2mreth::cli[0m[2m:[0m Database opened
[2m2026-09-24T18:18:36.932425Z[0m [32m INFO[0m [2mreth::cli[0m[2m:[0m 
Pre-merge hard forks (block based):
- Frontier                         @0
- Homestead                        @0
- Tangerine                        @0
- SpuriousDragon                   @0
- Byzantium                        @0
- Constantinople                   @0
- Petersburg                       @0
- Istanbul                         @0
- Berlin                           @0
- London                           @0
Merge hard forks:
- Paris                            @0 (network is known to be merged)
Post-merge hard forks (timestamp based):
- Shanghai                         @0
[2m2026-09-24T18:18:36.932470Z[0m [32m INFO[0m [2mreth::cli[0m[2m:[0m Loaded storage settings [3msettings[0m[2m=[0mStorageSettings { storage_v2: true } [3mpruning_mode[0m[2m=[0m"archive"
[2m2026-09-24T18:18:36.933206Z[0m [32m INFO[0m [2mreth::cli[0m[2m:[0m Transaction pool initialized
[2m2026-09-24T18:18:36.933399Z[0m [32m INFO[0m [2mnet::peers[0m[2m:[0m Loading saved peers [3mfile[0m[2m=[0m<repo>/.tmp/approval-runs/restart-before-hfzdbzyr/data/known-peers.json
[2m2026-09-24T18:18:36.933420Z[0m [32m INFO[0m [2mnet::peers[0m[2m:[0m Loaded persisted peers [3mcount[0m[2m=[0m0
[2m2026-09-24T18:18:36.933825Z[0m [32m INFO[0m [2mtxpool[0m[2m:[0m Successfully reinserted local transactions from file [3mtxs_file[0m[2m=[0m"<repo>/.tmp/approval-runs/restart-before-hfzdbzyr/data/txpool-transactions-backup.rlp" [3mnum_txs[0m[2m=[0m1
[2m2026-09-24T18:18:36.948355Z[0m [32m INFO[0m [2mreth::cli[0m[2m:[0m P2P networking initialized [3menode[0m[2m=[0menode://5a28cf64021d860a164e4dadb044133dbe6f421f1d93427ce6f3c66b76281fee6c5645c63985766bebcd90ae9fabc2ac64a4d0c58dd2820344e0a92b61ccb3dd@127.0.0.1:56375
[2m2026-09-24T18:18:36.948625Z[0m [32m INFO[0m [2mreth::cli[0m[2m:[0m StaticFileProducer initialized
[2m2026-09-24T18:18:36.948869Z[0m [32m INFO[0m [2mreth::cli[0m[2m:[0m Pruner initialized [3mprune_config[0m[2m=[0mPruneConfig { block_interval: 5, segments: PruneModes { sender_recovery: None, transaction_lookup: None, receipts: None, account_history: None, storage_history: None, bodies_history: None, receipts_log_filter: ReceiptsLogPruneConfig({}) }, minimum_pruning_distance: 10064 }
[2m2026-09-24T18:18:36.949432Z[0m [32m INFO[0m [2mreth::cli[0m[2m:[0m Consensus engine initialized
[2m2026-09-24T18:18:36.949528Z[0m [32m INFO[0m [2mreth::cli[0m[2m:[0m Engine API handler initialized
[2m2026-09-24T18:18:36.950565Z[0m [32m INFO[0m [2mreth::cli[0m[2m:[0m RPC HTTP server started [3murl[0m[2m=[0m127.0.0.1:56367
[2m2026-09-24T18:18:36.950611Z[0m [32m INFO[0m [2mreth::cli[0m[2m:[0m RPC auth server started [3murl[0m[2m=[0m127.0.0.1:56368
[2m2026-09-24T18:18:36.950717Z[0m [32m INFO[0m [2mreth::cli[0m[2m:[0m Starting consensus engine
[2m2026-09-24T18:18:37.538284Z[0m [32m INFO[0m [2mreth_node_events::node[0m[2m:[0m Forkchoice updated [3mhead_block_hash[0m[2m=[0m0x9a1cd5c6489853b937d2ef5c0cce1d522ffee126f0112a5f7ce594e1574feda4 [3msafe_block_hash[0m[2m=[0m0x9a1cd5c6489853b937d2ef5c0cce1d522ffee126f0112a5f7ce594e1574feda4 [3mfinalized_block_hash[0m[2m=[0m0x9a1cd5c6489853b937d2ef5c0cce1d522ffee126f0112a5f7ce594e1574feda4
[2m2026-09-24T18:18:37.538287Z[0m [32m INFO[0m [2mpayload_builder[0m[2m:[0m New payload job created [3mid[0m[2m=[0m0xeb7c93c2b00b06f7 [3mparent[0m[2m=[0m0x9a1cd5c6489853b937d2ef5c0cce1d522ffee126f0112a5f7ce594e1574feda4
[2m2026-09-24T18:18:37.644545Z[0m [32m INFO[0m [2mreth_node_events::node[0m[2m:[0m Received new payload from consensus engine [3mnumber[0m[2m=[0m1 [3mhash[0m[2m=[0m0xf3155b36cf2f4b2a8341f7de5feb1e3f977f6d4aae5beae519c793e12fe96795
[2m2026-09-24T18:18:37.799484Z[0m [32m INFO[0m [2mengine::tree::payload_validator[0m[2m:[0m State root job finished [3mstrategy[0m[2m=[0m"sparse-trie" [3mstate_root[0m[2m=[0m0x4638b586d186e1e7e1bff5d3deee4d078fbcf3037fe509b1420c0310c4831182 [3melapsed[0m[2m=[0m26.334µs
[2m2026-09-24T18:18:37.799604Z[0m [32m INFO[0m [2mreth_node_events::node[0m[2m:[0m Block added to canonical chain [3mnumber[0m[2m=[0m1 [3mhash[0m[2m=[0m0xf3155b36cf2f4b2a8341f7de5feb1e3f977f6d4aae5beae519c793e12fe96795 [3mpeers[0m[2m=[0m0 [3mtxs[0m[2m=[0m0 [3mgas_used[0m[2m=[0m0.00Kgas [3mgas_throughput[0m[2m=[0m0.00Kgas/second [3mgas_limit[0m[2m=[0m30.03Mgas [3mfull[0m[2m=[0m0.0% [3mbase_fee[0m[2m=[0m0.88Gwei [3mblobs[0m[2m=[0m0 [3mexcess_blobs[0m[2m=[0m0 [3melapsed[0m[2m=[0m155.009133ms
[2m2026-09-24T18:18:37.800377Z[0m [32m INFO[0m [2mreth_node_events::node[0m[2m:[0m Canonical chain committed [3mnumber[0m[2m=[0m1 [3mhash[0m[2m=[0m0xf3155b36cf2f4b2a8341f7de5feb1e3f977f6d4aae5beae519c793e12fe96795 [3melapsed[0m[2m=[0m15.875µs
[2m2026-09-24T18:18:37.800392Z[0m [32m INFO[0m [2mreth_node_events::node[0m[2m:[0m Forkchoice updated [3mhead_block_hash[0m[2m=[0m0xf3155b36cf2f4b2a8341f7de5feb1e3f977f6d4aae5beae519c793e12fe96795 [3msafe_block_hash[0m[2m=[0m0xf3155b36cf2f4b2a8341f7de5feb1e3f977f6d4aae5beae519c793e12fe96795 [3mfinalized_block_hash[0m[2m=[0m0xf3155b36cf2f4b2a8341f7de5feb1e3f977f6d4aae5beae519c793e12fe96795
[2m2026-09-24T18:18:37.804458Z[0m [32m INFO[0m [2mpayload_builder[0m[2m:[0m New payload job created [3mid[0m[2m=[0m0x5bd40a383f079c5d [3mparent[0m[2m=[0m0xf3155b36cf2f4b2a8341f7de5feb1e3f977f6d4aae5beae519c793e12fe96795
[2m2026-09-24T18:18:37.914079Z[0m [32m INFO[0m [2mreth_node_events::node[0m[2m:[0m Received new payload from consensus engine [3mnumber[0m[2m=[0m2 [3mhash[0m[2m=[0m0xf966d07cb8d0acda79db180394a548d5e2bb0a64b8a00eb0f180dfa247acf868
[2m2026-09-24T18:18:37.915076Z[0m [32m INFO[0m [2mengine::tree::payload_validator[0m[2m:[0m State root job finished [3mstrategy[0m[2m=[0m"sparse-trie" [3mstate_root[0m[2m=[0m0x788a9d98161d6b6a3feb52a25c938d1036caf4b4789002051631217e6f4e7a94 [3melapsed[0m[2m=[0m669.71µs
[2m2026-09-24T18:18:37.915140Z[0m [32m INFO[0m [2mreth_node_events::node[0m[2m:[0m Block added to canonical chain [3mnumber[0m[2m=[0m2 [3mhash[0m[2m=[0m0xf966d07cb8d0acda79db180394a548d5e2bb0a64b8a00eb0f180dfa247acf868 [3mpeers[0m[2m=[0m0 [3mtxs[0m[2m=[0m1 [3mgas_used[0m[2m=[0m141.71Kgas [3mgas_throughput[0m[2m=[0m135.84Mgas/second [3mgas_limit[0m[2m=[0m30.06Mgas [3mfull[0m[2m=[0m0.5% [3mbase_fee[0m[2m=[0m0.77Gwei [3mblobs[0m[2m=[0m0 [3mexcess_blobs[0m[2m=[0m0 [3melapsed[0m[2m=[0m1.04321ms
[2m2026-09-24T18:18:37.915578Z[0m [32m INFO[0m [2mreth_node_events::node[0m[2m:[0m Canonical chain committed [3mnumber[0m[2m=[0m2 [3mhash[0m[2m=[0m0xf966d07cb8d0acda79db180394a548d5e2bb0a64b8a00eb0f180dfa247acf868 [3melapsed[0m[2m=[0m11.334µs
[2m2026-09-24T18:18:37.915585Z[0m [32m INFO[0m [2mreth_node_events::node[0m[2m:[0m Forkchoice updated [3mhead_block_hash[0m[2m=[0m0xf966d07cb8d0acda79db180394a548d5e2bb0a64b8a00eb0f180dfa247acf868 [3msafe_block_hash[0m[2m=[0m0xf966d07cb8d0acda79db180394a548d5e2bb0a64b8a00eb0f180dfa247acf868 [3mfinalized_block_hash[0m[2m=[0m0xf966d07cb8d0acda79db180394a548d5e2bb0a64b8a00eb0f180dfa247acf868
[2m2026-09-24T18:18:37.918095Z[0m [32m INFO[0m [2mreth::cli[0m[2m:[0m Received SIGTERM
[2m2026-09-24T18:18:37.918337Z[0m [32m INFO[0m [2mreth::cli[0m[2m:[0m Wrote network peers to file [3mpeers_file[0m[2m=[0m"<repo>/.tmp/approval-runs/restart-before-hfzdbzyr/data/known-peers.json"
