[2m2026-09-11T13:11:47.272222Z[0m [32m INFO[0m [2mreth::cli[0m[2m:[0m Initialized tracing, debug log directory: <repo>/.tmp/approval-runs/bench-three_calls-0-1-2le6_266/logs/anvil-hardhat
[2m2026-09-11T13:11:47.472404Z[0m [32m INFO[0m [2mreth::cli[0m[2m:[0m Starting Reth [3mversion[0m[2m=[0m"2.5.2 (5a6940e)"
[2m2026-09-11T13:11:47.472448Z[0m [32m INFO[0m [2mreth::cli[0m[2m:[0m Opening database [3mpath[0m[2m=[0m"<repo>/.tmp/approval-runs/bench-three_calls-0-1-2le6_266/data/db"
[2m2026-09-11T13:11:47.477496Z[0m [32m INFO[0m [2mreth::cli[0m[2m:[0m Configuration loaded [3mpath[0m[2m=[0m"<repo>/.tmp/approval-runs/bench-three_calls-0-1-2le6_266/data/reth.toml"
[2m2026-09-11T13:11:47.478056Z[0m [33m WARN[0m [2mproviders::rocksdb[0m[2m:[0m RocksDB will not keep all files open; performance may be reduced [3mfile_descriptor_limit[0m[2m=[0mSome(122880) [3mthreshold[0m[2m=[0m131072 [3mmax_open_files[0m[2m=[0m512
[2m2026-09-11T13:11:47.491191Z[0m [32m INFO[0m [1mcheck_consistency[0m[2m:[0m [2mreth::cli[0m[2m:[0m Healing static file inconsistencies.
[2m2026-09-11T13:11:47.572170Z[0m [32m INFO[0m [1mcheck_consistency[0m[2m:[0m[1mcheck_consistency[0m[1m{[0m[3mread_only[0m[2m=[0mfalse[1m}[0m[2m:[0m [2mreth::cli[0m[2m:[0m Verifying storage consistency.
[2m2026-09-11T13:11:47.572413Z[0m [32m INFO[0m [2mreth::cli[0m[2m:[0m Database opened
[2m2026-09-11T13:11:47.764600Z[0m [32m INFO[0m [2mreth::cli[0m[2m:[0m 
Pre-merge hard forks (block based):
- Frontier                         @0
- Homestead                        @0
- Tangerine                        @0
- SpuriousDragon                   @0
- Byzantium                        @0
- Constantinople                   @0
- Petersburg                       @0
- Istanbul                         @0
- Berlin                           @0
- London                           @0
Merge hard forks:
- Paris                            @0 (network is known to be merged)
Post-merge hard forks (timestamp based):
- Shanghai                         @0
[2m2026-09-11T13:11:47.764645Z[0m [32m INFO[0m [2mreth::cli[0m[2m:[0m Loaded storage settings [3msettings[0m[2m=[0mStorageSettings { storage_v2: true } [3mpruning_mode[0m[2m=[0m"archive"
[2m2026-09-11T13:11:47.765020Z[0m [32m INFO[0m [2mreth::cli[0m[2m:[0m Transaction pool initialized
[2m2026-09-11T13:11:47.775728Z[0m [32m INFO[0m [2mreth::cli[0m[2m:[0m P2P networking initialized [3menode[0m[2m=[0menode://8815c2a5eb17fecd53f27a7c0320ba118bc3e0f6d9eaadca99bf933fe4945f55673642ce386de791c6599d090217e8c8a4001c9394925759e0b2b03647961c13@127.0.0.1:64273
[2m2026-09-11T13:11:47.775917Z[0m [32m INFO[0m [2mreth::cli[0m[2m:[0m StaticFileProducer initialized
[2m2026-09-11T13:11:47.776061Z[0m [32m INFO[0m [2mreth::cli[0m[2m:[0m Pruner initialized [3mprune_config[0m[2m=[0mPruneConfig { block_interval: 5, segments: PruneModes { sender_recovery: None, transaction_lookup: None, receipts: None, account_history: None, storage_history: None, bodies_history: None, receipts_log_filter: ReceiptsLogPruneConfig({}) }, minimum_pruning_distance: 10064 }
[2m2026-09-11T13:11:47.776619Z[0m [32m INFO[0m [2mreth::cli[0m[2m:[0m Consensus engine initialized
[2m2026-09-11T13:11:47.776684Z[0m [32m INFO[0m [2mreth::cli[0m[2m:[0m Engine API handler initialized
[2m2026-09-11T13:11:47.777405Z[0m [32m INFO[0m [2mreth::cli[0m[2m:[0m RPC HTTP server started [3murl[0m[2m=[0m127.0.0.1:64265
[2m2026-09-11T13:11:47.777438Z[0m [32m INFO[0m [2mreth::cli[0m[2m:[0m RPC auth server started [3murl[0m[2m=[0m127.0.0.1:64266
[2m2026-09-11T13:11:47.777514Z[0m [32m INFO[0m [2mreth::cli[0m[2m:[0m Starting consensus engine
[2m2026-09-11T13:11:48.501301Z[0m [32m INFO[0m [2mreth_node_events::node[0m[2m:[0m Forkchoice updated [3mhead_block_hash[0m[2m=[0m0xf922e99fea18f376212f348d6ac663c5313d3c6d0237797d9cb74d62109d5139 [3msafe_block_hash[0m[2m=[0m0xf922e99fea18f376212f348d6ac663c5313d3c6d0237797d9cb74d62109d5139 [3mfinalized_block_hash[0m[2m=[0m0xf922e99fea18f376212f348d6ac663c5313d3c6d0237797d9cb74d62109d5139
[2m2026-09-11T13:11:48.501304Z[0m [32m INFO[0m [2mpayload_builder[0m[2m:[0m New payload job created [3mid[0m[2m=[0m0x7b3bcb11fbddc976 [3mparent[0m[2m=[0m0xf922e99fea18f376212f348d6ac663c5313d3c6d0237797d9cb74d62109d5139
OPS_BUILD_TIMING {"approval_stats":{"ready_on_first_seen":32,"verification_ns":1410165,"verified":32,"waiting_on_first_seen":0},"block_hash":"0x4b57b76fc7dd2a857723b8574d92ebec2f8c7319b7aee75810365cd8adfa1392","elapsed_ns":1480416,"module":true,"transactions":32}
[2m2026-09-11T13:11:48.607965Z[0m [32m INFO[0m [2mreth_node_events::node[0m[2m:[0m Received new payload from consensus engine [3mnumber[0m[2m=[0m1 [3mhash[0m[2m=[0m0x4b57b76fc7dd2a857723b8574d92ebec2f8c7319b7aee75810365cd8adfa1392
[2m2026-09-11T13:11:48.761544Z[0m [32m INFO[0m [2mengine::tree::payload_validator[0m[2m:[0m State root job finished [3mstrategy[0m[2m=[0m"sparse-trie" [3mstate_root[0m[2m=[0m0x363eb395d020f8cec17960762bd178790f60802e13a82d35e229eb3328b06396 [3melapsed[0m[2m=[0m94.418µs
[2m2026-09-11T13:11:48.761644Z[0m [32m INFO[0m [2mreth_node_events::node[0m[2m:[0m Block added to canonical chain [3mnumber[0m[2m=[0m1 [3mhash[0m[2m=[0m0x4b57b76fc7dd2a857723b8574d92ebec2f8c7319b7aee75810365cd8adfa1392 [3mpeers[0m[2m=[0m0 [3mtxs[0m[2m=[0m32 [3mgas_used[0m[2m=[0m1.60Mgas [3mgas_throughput[0m[2m=[0m10.43Mgas/second [3mgas_limit[0m[2m=[0m30.03Mgas [3mfull[0m[2m=[0m5.3% [3mbase_fee[0m[2m=[0m0.88Gwei [3mblobs[0m[2m=[0m0 [3mexcess_blobs[0m[2m=[0m0 [3melapsed[0m[2m=[0m153.638927ms
[2m2026-09-11T13:11:48.762631Z[0m [32m INFO[0m [2mreth_node_events::node[0m[2m:[0m Canonical chain committed [3mnumber[0m[2m=[0m1 [3mhash[0m[2m=[0m0x4b57b76fc7dd2a857723b8574d92ebec2f8c7319b7aee75810365cd8adfa1392 [3melapsed[0m[2m=[0m27.375µs
[2m2026-09-11T13:11:48.762643Z[0m [32m INFO[0m [2mreth_node_events::node[0m[2m:[0m Forkchoice updated [3mhead_block_hash[0m[2m=[0m0x4b57b76fc7dd2a857723b8574d92ebec2f8c7319b7aee75810365cd8adfa1392 [3msafe_block_hash[0m[2m=[0m0x4b57b76fc7dd2a857723b8574d92ebec2f8c7319b7aee75810365cd8adfa1392 [3mfinalized_block_hash[0m[2m=[0m0x4b57b76fc7dd2a857723b8574d92ebec2f8c7319b7aee75810365cd8adfa1392
[2m2026-09-11T13:11:49.475939Z[0m [32m INFO[0m [2mpayload_builder[0m[2m:[0m New payload job created [3mid[0m[2m=[0m0x6eca8c447517fe07 [3mparent[0m[2m=[0m0x4b57b76fc7dd2a857723b8574d92ebec2f8c7319b7aee75810365cd8adfa1392
OPS_BUILD_TIMING {"approval_stats":{"ready_on_first_seen":64,"verification_ns":2814955,"verified":64,"waiting_on_first_seen":0},"block_hash":"0x6473e792850879a5e4568edd7fd618fd0031df4f1f9d7377620fb7af807c8f6c","elapsed_ns":1350417,"module":true,"transactions":32}
[2m2026-09-11T13:11:49.582760Z[0m [32m INFO[0m [2mreth_node_events::node[0m[2m:[0m Received new payload from consensus engine [3mnumber[0m[2m=[0m2 [3mhash[0m[2m=[0m0x6473e792850879a5e4568edd7fd618fd0031df4f1f9d7377620fb7af807c8f6c
[2m2026-09-11T13:11:49.584476Z[0m [32m INFO[0m [2mengine::tree::payload_validator[0m[2m:[0m State root job finished [3mstrategy[0m[2m=[0m"sparse-trie" [3mstate_root[0m[2m=[0m0x82cc10f0afc15d17ac56e4713cf616da4586d6818a7e47eda1c4232b8c5735ec [3melapsed[0m[2m=[0m1.75µs
[2m2026-09-11T13:11:49.584778Z[0m [32m INFO[0m [2mreth_node_events::node[0m[2m:[0m Block added to canonical chain [3mnumber[0m[2m=[0m2 [3mhash[0m[2m=[0m0x6473e792850879a5e4568edd7fd618fd0031df4f1f9d7377620fb7af807c8f6c [3mpeers[0m[2m=[0m0 [3mtxs[0m[2m=[0m32 [3mgas_used[0m[2m=[0m1.60Mgas [3mgas_throughput[0m[2m=[0m836.41Mgas/second [3mgas_limit[0m[2m=[0m30.06Mgas [3mfull[0m[2m=[0m5.3% [3mbase_fee[0m[2m=[0m0.78Gwei [3mblobs[0m[2m=[0m0 [3mexcess_blobs[0m[2m=[0m0 [3melapsed[0m[2m=[0m1.916861ms
[2m2026-09-11T13:11:49.585313Z[0m [32m INFO[0m [2mreth_node_events::node[0m[2m:[0m Canonical chain committed [3mnumber[0m[2m=[0m2 [3mhash[0m[2m=[0m0x6473e792850879a5e4568edd7fd618fd0031df4f1f9d7377620fb7af807c8f6c [3melapsed[0m[2m=[0m16.125µs
[2m2026-09-11T13:11:49.585334Z[0m [32m INFO[0m [2mreth_node_events::node[0m[2m:[0m Forkchoice updated [3mhead_block_hash[0m[2m=[0m0x6473e792850879a5e4568edd7fd618fd0031df4f1f9d7377620fb7af807c8f6c [3msafe_block_hash[0m[2m=[0m0x6473e792850879a5e4568edd7fd618fd0031df4f1f9d7377620fb7af807c8f6c [3mfinalized_block_hash[0m[2m=[0m0x6473e792850879a5e4568edd7fd618fd0031df4f1f9d7377620fb7af807c8f6c
[2m2026-09-11T13:11:50.307842Z[0m [32m INFO[0m [2mpayload_builder[0m[2m:[0m New payload job created [3mid[0m[2m=[0m0x92e4ba131c9f074a [3mparent[0m[2m=[0m0x6473e792850879a5e4568edd7fd618fd0031df4f1f9d7377620fb7af807c8f6c
OPS_BUILD_TIMING {"approval_stats":{"ready_on_first_seen":96,"verification_ns":4217077,"verified":96,"waiting_on_first_seen":0},"block_hash":"0x5b81ad9d5ab8c0e0379ac74fb72f2786d0329f159a7d6bc01baefe7b2ec9c692","elapsed_ns":1349333,"module":true,"transactions":32}
[2m2026-09-11T13:11:50.411252Z[0m [32m INFO[0m [2mreth_node_events::node[0m[2m:[0m Received new payload from consensus engine [3mnumber[0m[2m=[0m3 [3mhash[0m[2m=[0m0x5b81ad9d5ab8c0e0379ac74fb72f2786d0329f159a7d6bc01baefe7b2ec9c692
[2m2026-09-11T13:11:50.412564Z[0m [32m INFO[0m [2mengine::tree::payload_validator[0m[2m:[0m State root job finished [3mstrategy[0m[2m=[0m"sparse-trie" [3mstate_root[0m[2m=[0m0x5baa0024b84aca5767442ee166d41dc0e27013afa69f007a3fa6cec0a591e874 [3melapsed[0m[2m=[0m1.709µs
[2m2026-09-11T13:11:50.412642Z[0m [32m INFO[0m [2mreth_node_events::node[0m[2m:[0m Block added to canonical chain [3mnumber[0m[2m=[0m3 [3mhash[0m[2m=[0m0x5b81ad9d5ab8c0e0379ac74fb72f2786d0329f159a7d6bc01baefe7b2ec9c692 [3mpeers[0m[2m=[0m0 [3mtxs[0m[2m=[0m32 [3mgas_used[0m[2m=[0m1.60Mgas [3mgas_throughput[0m[2m=[0m1.17Ggas/second [3mgas_limit[0m[2m=[0m30.09Mgas [3mfull[0m[2m=[0m5.3% [3mbase_fee[0m[2m=[0m0.69Gwei [3mblobs[0m[2m=[0m0 [3mexcess_blobs[0m[2m=[0m0 [3melapsed[0m[2m=[0m1.370728ms
[2m2026-09-11T13:11:50.413261Z[0m [32m INFO[0m [2mreth_node_events::node[0m[2m:[0m Canonical chain committed [3mnumber[0m[2m=[0m3 [3mhash[0m[2m=[0m0x5b81ad9d5ab8c0e0379ac74fb72f2786d0329f159a7d6bc01baefe7b2ec9c692 [3melapsed[0m[2m=[0m17.75µs
[2m2026-09-11T13:11:50.413273Z[0m [32m INFO[0m [2mreth_node_events::node[0m[2m:[0m Forkchoice updated [3mhead_block_hash[0m[2m=[0m0x5b81ad9d5ab8c0e0379ac74fb72f2786d0329f159a7d6bc01baefe7b2ec9c692 [3msafe_block_hash[0m[2m=[0m0x5b81ad9d5ab8c0e0379ac74fb72f2786d0329f159a7d6bc01baefe7b2ec9c692 [3mfinalized_block_hash[0m[2m=[0m0x5b81ad9d5ab8c0e0379ac74fb72f2786d0329f159a7d6bc01baefe7b2ec9c692
[2m2026-09-11T13:11:50.776995Z[0m [32m INFO[0m [2mreth::cli[0m[2m:[0m Status [3mconnected_peers[0m[2m=[0m0 [3mlatest_block[0m[2m=[0m3
[2m2026-09-11T13:11:51.128273Z[0m [32m INFO[0m [2mpayload_builder[0m[2m:[0m New payload job created [3mid[0m[2m=[0m0xcf26cf584e6e7e36 [3mparent[0m[2m=[0m0x5b81ad9d5ab8c0e0379ac74fb72f2786d0329f159a7d6bc01baefe7b2ec9c692
OPS_BUILD_TIMING {"approval_stats":{"ready_on_first_seen":128,"verification_ns":5616367,"verified":128,"waiting_on_first_seen":0},"block_hash":"0x91e5e78c3d36e2c3e5ac96c5d2000d8bf38b81ec38b0e2538ec06d696b07edcd","elapsed_ns":1353709,"module":true,"transactions":32}
[2m2026-09-11T13:11:51.234259Z[0m [32m INFO[0m [2mreth_node_events::node[0m[2m:[0m Received new payload from consensus engine [3mnumber[0m[2m=[0m4 [3mhash[0m[2m=[0m0x91e5e78c3d36e2c3e5ac96c5d2000d8bf38b81ec38b0e2538ec06d696b07edcd
[2m2026-09-11T13:11:51.235815Z[0m [32m INFO[0m [2mengine::tree::payload_validator[0m[2m:[0m State root job finished [3mstrategy[0m[2m=[0m"sparse-trie" [3mstate_root[0m[2m=[0m0xf6acc31389fe89782d86014b93d81419addca8ce7e60562fefd183f769eba8f0 [3melapsed[0m[2m=[0m36.542µs
[2m2026-09-11T13:11:51.236003Z[0m [32m INFO[0m [2mreth_node_events::node[0m[2m:[0m Block added to canonical chain [3mnumber[0m[2m=[0m4 [3mhash[0m[2m=[0m0x91e5e78c3d36e2c3e5ac96c5d2000d8bf38b81ec38b0e2538ec06d696b07edcd [3mpeers[0m[2m=[0m0 [3mtxs[0m[2m=[0m32 [3mgas_used[0m[2m=[0m1.60Mgas [3mgas_throughput[0m[2m=[0m945.53Mgas/second [3mgas_limit[0m[2m=[0m30.12Mgas [3mfull[0m[2m=[0m5.3% [3mbase_fee[0m[2m=[0m0.61Gwei [3mblobs[0m[2m=[0m0 [3mexcess_blobs[0m[2m=[0m0 [3melapsed[0m[2m=[0m1.695649ms
[2m2026-09-11T13:11:51.236799Z[0m [32m INFO[0m [2mreth_node_events::node[0m[2m:[0m Canonical chain committed [3mnumber[0m[2m=[0m4 [3mhash[0m[2m=[0m0x91e5e78c3d36e2c3e5ac96c5d2000d8bf38b81ec38b0e2538ec06d696b07edcd [3melapsed[0m[2m=[0m15.626µs
[2m2026-09-11T13:11:51.236815Z[0m [32m INFO[0m [2mreth_node_events::node[0m[2m:[0m Forkchoice updated [3mhead_block_hash[0m[2m=[0m0x91e5e78c3d36e2c3e5ac96c5d2000d8bf38b81ec38b0e2538ec06d696b07edcd [3msafe_block_hash[0m[2m=[0m0x91e5e78c3d36e2c3e5ac96c5d2000d8bf38b81ec38b0e2538ec06d696b07edcd [3mfinalized_block_hash[0m[2m=[0m0x91e5e78c3d36e2c3e5ac96c5d2000d8bf38b81ec38b0e2538ec06d696b07edcd
[2m2026-09-11T13:11:51.238933Z[0m [32m INFO[0m [2mreth::cli[0m[2m:[0m Received SIGTERM
[2m2026-09-11T13:11:51.240405Z[0m [32m INFO[0m [2mreth::cli[0m[2m:[0m Wrote network peers to file [3mpeers_file[0m[2m=[0m"<repo>/.tmp/approval-runs/bench-three_calls-0-1-2le6_266/data/known-peers.json"
