[2m2026-09-11T13:11:17.386714Z[0m [32m INFO[0m [2mreth::cli[0m[2m:[0m Initialized tracing, debug log directory: <repo>/.tmp/approval-runs/bench-single_storage_write-0-0-zt1arq_j/logs/anvil-hardhat
[2m2026-09-11T13:11:17.586947Z[0m [32m INFO[0m [2mreth::cli[0m[2m:[0m Starting Reth [3mversion[0m[2m=[0m"2.5.2 (5a6940e)"
[2m2026-09-11T13:11:17.587022Z[0m [32m INFO[0m [2mreth::cli[0m[2m:[0m Opening database [3mpath[0m[2m=[0m"<repo>/.tmp/approval-runs/bench-single_storage_write-0-0-zt1arq_j/data/db"
[2m2026-09-11T13:11:17.591686Z[0m [32m INFO[0m [2mreth::cli[0m[2m:[0m Configuration loaded [3mpath[0m[2m=[0m"<repo>/.tmp/approval-runs/bench-single_storage_write-0-0-zt1arq_j/data/reth.toml"
[2m2026-09-11T13:11:17.592032Z[0m [33m WARN[0m [2mproviders::rocksdb[0m[2m:[0m RocksDB will not keep all files open; performance may be reduced [3mfile_descriptor_limit[0m[2m=[0mSome(122880) [3mthreshold[0m[2m=[0m131072 [3mmax_open_files[0m[2m=[0m512
[2m2026-09-11T13:11:17.606304Z[0m [32m INFO[0m [1mcheck_consistency[0m[2m:[0m [2mreth::cli[0m[2m:[0m Healing static file inconsistencies.
[2m2026-09-11T13:11:17.721620Z[0m [32m INFO[0m [1mcheck_consistency[0m[2m:[0m[1mcheck_consistency[0m[1m{[0m[3mread_only[0m[2m=[0mfalse[1m}[0m[2m:[0m [2mreth::cli[0m[2m:[0m Verifying storage consistency.
[2m2026-09-11T13:11:17.721765Z[0m [32m INFO[0m [2mreth::cli[0m[2m:[0m Database opened
[2m2026-09-11T13:11:17.913353Z[0m [32m INFO[0m [2mreth::cli[0m[2m:[0m 
Pre-merge hard forks (block based):
- Frontier                         @0
- Homestead                        @0
- Tangerine                        @0
- SpuriousDragon                   @0
- Byzantium                        @0
- Constantinople                   @0
- Petersburg                       @0
- Istanbul                         @0
- Berlin                           @0
- London                           @0
Merge hard forks:
- Paris                            @0 (network is known to be merged)
Post-merge hard forks (timestamp based):
- Shanghai                         @0
[2m2026-09-11T13:11:17.913389Z[0m [32m INFO[0m [2mreth::cli[0m[2m:[0m Loaded storage settings [3msettings[0m[2m=[0mStorageSettings { storage_v2: true } [3mpruning_mode[0m[2m=[0m"archive"
[2m2026-09-11T13:11:17.913833Z[0m [32m INFO[0m [2mreth::cli[0m[2m:[0m Transaction pool initialized
[2m2026-09-11T13:11:17.924217Z[0m [32m INFO[0m [2mreth::cli[0m[2m:[0m P2P networking initialized [3menode[0m[2m=[0menode://24144fac25dc66e344f64bd673c324298af2a3fccebf6b99443e7a22850efb0a01f14a6bad4e36576f4136d993fafd3ed21ff99988e186e842b55c178584ba7e@127.0.0.1:63132
[2m2026-09-11T13:11:17.924377Z[0m [32m INFO[0m [2mreth::cli[0m[2m:[0m StaticFileProducer initialized
[2m2026-09-11T13:11:17.924520Z[0m [32m INFO[0m [2mreth::cli[0m[2m:[0m Pruner initialized [3mprune_config[0m[2m=[0mPruneConfig { block_interval: 5, segments: PruneModes { sender_recovery: None, transaction_lookup: None, receipts: None, account_history: None, storage_history: None, bodies_history: None, receipts_log_filter: ReceiptsLogPruneConfig({}) }, minimum_pruning_distance: 10064 }
[2m2026-09-11T13:11:17.925006Z[0m [32m INFO[0m [2mreth::cli[0m[2m:[0m Consensus engine initialized
[2m2026-09-11T13:11:17.925077Z[0m [32m INFO[0m [2mreth::cli[0m[2m:[0m Engine API handler initialized
[2m2026-09-11T13:11:17.925854Z[0m [32m INFO[0m [2mreth::cli[0m[2m:[0m RPC HTTP server started [3murl[0m[2m=[0m127.0.0.1:63123
[2m2026-09-11T13:11:17.925889Z[0m [32m INFO[0m [2mreth::cli[0m[2m:[0m RPC auth server started [3murl[0m[2m=[0m127.0.0.1:63124
[2m2026-09-11T13:11:17.925971Z[0m [32m INFO[0m [2mreth::cli[0m[2m:[0m Starting consensus engine
[2m2026-09-11T13:11:18.731303Z[0m [32m INFO[0m [2mpayload_builder[0m[2m:[0m New payload job created [3mid[0m[2m=[0m0x7b3bcb11fbddc976 [3mparent[0m[2m=[0m0xf922e99fea18f376212f348d6ac663c5313d3c6d0237797d9cb74d62109d5139
[2m2026-09-11T13:11:18.731323Z[0m [32m INFO[0m [2mreth_node_events::node[0m[2m:[0m Forkchoice updated [3mhead_block_hash[0m[2m=[0m0xf922e99fea18f376212f348d6ac663c5313d3c6d0237797d9cb74d62109d5139 [3msafe_block_hash[0m[2m=[0m0xf922e99fea18f376212f348d6ac663c5313d3c6d0237797d9cb74d62109d5139 [3mfinalized_block_hash[0m[2m=[0m0xf922e99fea18f376212f348d6ac663c5313d3c6d0237797d9cb74d62109d5139
OPS_BUILD_TIMING {"approval_stats":null,"block_hash":"0xe31866301ab76fce41c9d861a1ca0eb357b13fac94ebe34e30da009bf8d3bd44","elapsed_ns":352666,"module":false,"transactions":32}
[2m2026-09-11T13:11:18.836566Z[0m [32m INFO[0m [2mreth_node_events::node[0m[2m:[0m Received new payload from consensus engine [3mnumber[0m[2m=[0m1 [3mhash[0m[2m=[0m0xe31866301ab76fce41c9d861a1ca0eb357b13fac94ebe34e30da009bf8d3bd44
[2m2026-09-11T13:11:18.995488Z[0m [32m INFO[0m [2mengine::tree::payload_validator[0m[2m:[0m State root job finished [3mstrategy[0m[2m=[0m"sparse-trie" [3mstate_root[0m[2m=[0m0xb5ef900b6c82dbbf23f4a7a63e33257942de54f051e46294e73913fb4b1f1d32 [3melapsed[0m[2m=[0m239.629µs
[2m2026-09-11T13:11:18.995641Z[0m [32m INFO[0m [2mreth_node_events::node[0m[2m:[0m Block added to canonical chain [3mnumber[0m[2m=[0m1 [3mhash[0m[2m=[0m0xe31866301ab76fce41c9d861a1ca0eb357b13fac94ebe34e30da009bf8d3bd44 [3mpeers[0m[2m=[0m0 [3mtxs[0m[2m=[0m32 [3mgas_used[0m[2m=[0m1.40Mgas [3mgas_throughput[0m[2m=[0m8.80Mgas/second [3mgas_limit[0m[2m=[0m30.03Mgas [3mfull[0m[2m=[0m4.7% [3mbase_fee[0m[2m=[0m0.88Gwei [3mblobs[0m[2m=[0m0 [3mexcess_blobs[0m[2m=[0m0 [3melapsed[0m[2m=[0m159.030737ms
[2m2026-09-11T13:11:18.996614Z[0m [32m INFO[0m [2mreth_node_events::node[0m[2m:[0m Canonical chain committed [3mnumber[0m[2m=[0m1 [3mhash[0m[2m=[0m0xe31866301ab76fce41c9d861a1ca0eb357b13fac94ebe34e30da009bf8d3bd44 [3melapsed[0m[2m=[0m23.167µs
[2m2026-09-11T13:11:18.996666Z[0m [32m INFO[0m [2mreth_node_events::node[0m[2m:[0m Forkchoice updated [3mhead_block_hash[0m[2m=[0m0xe31866301ab76fce41c9d861a1ca0eb357b13fac94ebe34e30da009bf8d3bd44 [3msafe_block_hash[0m[2m=[0m0xe31866301ab76fce41c9d861a1ca0eb357b13fac94ebe34e30da009bf8d3bd44 [3mfinalized_block_hash[0m[2m=[0m0xe31866301ab76fce41c9d861a1ca0eb357b13fac94ebe34e30da009bf8d3bd44
[2m2026-09-11T13:11:19.736479Z[0m [32m INFO[0m [2mpayload_builder[0m[2m:[0m New payload job created [3mid[0m[2m=[0m0x93fac08dbd4aaa7f [3mparent[0m[2m=[0m0xe31866301ab76fce41c9d861a1ca0eb357b13fac94ebe34e30da009bf8d3bd44
OPS_BUILD_TIMING {"approval_stats":null,"block_hash":"0x56efb65f9fdc326a7759f835d658dd5cda922b4bf287f931508e38ca4e774f5f","elapsed_ns":375708,"module":false,"transactions":32}
[2m2026-09-11T13:11:19.842505Z[0m [32m INFO[0m [2mreth_node_events::node[0m[2m:[0m Received new payload from consensus engine [3mnumber[0m[2m=[0m2 [3mhash[0m[2m=[0m0x56efb65f9fdc326a7759f835d658dd5cda922b4bf287f931508e38ca4e774f5f
[2m2026-09-11T13:11:19.843830Z[0m [32m INFO[0m [2mengine::tree::payload_validator[0m[2m:[0m State root job finished [3mstrategy[0m[2m=[0m"sparse-trie" [3mstate_root[0m[2m=[0m0xf92e2ad50d5a254d9a172cf314c1c810d15bf694785f8b6cacf2e97a332300b1 [3melapsed[0m[2m=[0m54.625µs
[2m2026-09-11T13:11:19.843910Z[0m [32m INFO[0m [2mreth_node_events::node[0m[2m:[0m Block added to canonical chain [3mnumber[0m[2m=[0m2 [3mhash[0m[2m=[0m0x56efb65f9fdc326a7759f835d658dd5cda922b4bf287f931508e38ca4e774f5f [3mpeers[0m[2m=[0m0 [3mtxs[0m[2m=[0m32 [3mgas_used[0m[2m=[0m1.40Mgas [3mgas_throughput[0m[2m=[0m1.01Ggas/second [3mgas_limit[0m[2m=[0m30.06Mgas [3mfull[0m[2m=[0m4.7% [3mbase_fee[0m[2m=[0m0.78Gwei [3mblobs[0m[2m=[0m0 [3mexcess_blobs[0m[2m=[0m0 [3melapsed[0m[2m=[0m1.386852ms
[2m2026-09-11T13:11:19.844545Z[0m [32m INFO[0m [2mreth_node_events::node[0m[2m:[0m Canonical chain committed [3mnumber[0m[2m=[0m2 [3mhash[0m[2m=[0m0x56efb65f9fdc326a7759f835d658dd5cda922b4bf287f931508e38ca4e774f5f [3melapsed[0m[2m=[0m16.333µs
[2m2026-09-11T13:11:19.844582Z[0m [32m INFO[0m [2mreth_node_events::node[0m[2m:[0m Forkchoice updated [3mhead_block_hash[0m[2m=[0m0x56efb65f9fdc326a7759f835d658dd5cda922b4bf287f931508e38ca4e774f5f [3msafe_block_hash[0m[2m=[0m0x56efb65f9fdc326a7759f835d658dd5cda922b4bf287f931508e38ca4e774f5f [3mfinalized_block_hash[0m[2m=[0m0x56efb65f9fdc326a7759f835d658dd5cda922b4bf287f931508e38ca4e774f5f
[2m2026-09-11T13:11:20.564364Z[0m [32m INFO[0m [2mpayload_builder[0m[2m:[0m New payload job created [3mid[0m[2m=[0m0x2ed9feef441ed617 [3mparent[0m[2m=[0m0x56efb65f9fdc326a7759f835d658dd5cda922b4bf287f931508e38ca4e774f5f
OPS_BUILD_TIMING {"approval_stats":null,"block_hash":"0xb215ebc6121069e279ce187a900f7118fe6ace4db7ade933c15676ba2fdd1421","elapsed_ns":344708,"module":false,"transactions":32}
[2m2026-09-11T13:11:20.670950Z[0m [32m INFO[0m [2mreth_node_events::node[0m[2m:[0m Received new payload from consensus engine [3mnumber[0m[2m=[0m3 [3mhash[0m[2m=[0m0xb215ebc6121069e279ce187a900f7118fe6ace4db7ade933c15676ba2fdd1421
[2m2026-09-11T13:11:20.672370Z[0m [32m INFO[0m [2mengine::tree::payload_validator[0m[2m:[0m State root job finished [3mstrategy[0m[2m=[0m"sparse-trie" [3mstate_root[0m[2m=[0m0x55c720be772500abb87c459a0c7406fe2c2468cb89e442234ee12c4d2b7f8d2d [3melapsed[0m[2m=[0m61.459µs
[2m2026-09-11T13:11:20.672455Z[0m [32m INFO[0m [2mreth_node_events::node[0m[2m:[0m Block added to canonical chain [3mnumber[0m[2m=[0m3 [3mhash[0m[2m=[0m0xb215ebc6121069e279ce187a900f7118fe6ace4db7ade933c15676ba2fdd1421 [3mpeers[0m[2m=[0m0 [3mtxs[0m[2m=[0m32 [3mgas_used[0m[2m=[0m1.40Mgas [3mgas_throughput[0m[2m=[0m939.33Mgas/second [3mgas_limit[0m[2m=[0m30.09Mgas [3mfull[0m[2m=[0m4.7% [3mbase_fee[0m[2m=[0m0.69Gwei [3mblobs[0m[2m=[0m0 [3mexcess_blobs[0m[2m=[0m0 [3melapsed[0m[2m=[0m1.489937ms
[2m2026-09-11T13:11:20.673163Z[0m [32m INFO[0m [2mreth_node_events::node[0m[2m:[0m Canonical chain committed [3mnumber[0m[2m=[0m3 [3mhash[0m[2m=[0m0xb215ebc6121069e279ce187a900f7118fe6ace4db7ade933c15676ba2fdd1421 [3melapsed[0m[2m=[0m20.458µs
[2m2026-09-11T13:11:20.673185Z[0m [32m INFO[0m [2mreth_node_events::node[0m[2m:[0m Forkchoice updated [3mhead_block_hash[0m[2m=[0m0xb215ebc6121069e279ce187a900f7118fe6ace4db7ade933c15676ba2fdd1421 [3msafe_block_hash[0m[2m=[0m0xb215ebc6121069e279ce187a900f7118fe6ace4db7ade933c15676ba2fdd1421 [3mfinalized_block_hash[0m[2m=[0m0xb215ebc6121069e279ce187a900f7118fe6ace4db7ade933c15676ba2fdd1421
[2m2026-09-11T13:11:20.927255Z[0m [32m INFO[0m [2mreth::cli[0m[2m:[0m Status [3mconnected_peers[0m[2m=[0m0 [3mlatest_block[0m[2m=[0m3
[2m2026-09-11T13:11:21.370321Z[0m [32m INFO[0m [2mpayload_builder[0m[2m:[0m New payload job created [3mid[0m[2m=[0m0xa6f53cfe85ee5b25 [3mparent[0m[2m=[0m0xb215ebc6121069e279ce187a900f7118fe6ace4db7ade933c15676ba2fdd1421
OPS_BUILD_TIMING {"approval_stats":null,"block_hash":"0x6ff7d2a03286e1eea3221fb525e5acf101a3ae0869388b3681d7871da5e500b4","elapsed_ns":366166,"module":false,"transactions":32}
[2m2026-09-11T13:11:21.476828Z[0m [32m INFO[0m [2mreth_node_events::node[0m[2m:[0m Received new payload from consensus engine [3mnumber[0m[2m=[0m4 [3mhash[0m[2m=[0m0x6ff7d2a03286e1eea3221fb525e5acf101a3ae0869388b3681d7871da5e500b4
[2m2026-09-11T13:11:21.478169Z[0m [32m INFO[0m [2mengine::tree::payload_validator[0m[2m:[0m State root job finished [3mstrategy[0m[2m=[0m"sparse-trie" [3mstate_root[0m[2m=[0m0xff781fac863ce382f9ecef8b0087371c2f3aa60f79a39eb81b4a7830702a051a [3melapsed[0m[2m=[0m55.918µs
[2m2026-09-11T13:11:21.478239Z[0m [32m INFO[0m [2mreth_node_events::node[0m[2m:[0m Block added to canonical chain [3mnumber[0m[2m=[0m4 [3mhash[0m[2m=[0m0x6ff7d2a03286e1eea3221fb525e5acf101a3ae0869388b3681d7871da5e500b4 [3mpeers[0m[2m=[0m0 [3mtxs[0m[2m=[0m32 [3mgas_used[0m[2m=[0m1.40Mgas [3mgas_throughput[0m[2m=[0m994.89Mgas/second [3mgas_limit[0m[2m=[0m30.12Mgas [3mfull[0m[2m=[0m4.6% [3mbase_fee[0m[2m=[0m0.61Gwei [3mblobs[0m[2m=[0m0 [3mexcess_blobs[0m[2m=[0m0 [3melapsed[0m[2m=[0m1.406727ms
[2m2026-09-11T13:11:21.478989Z[0m [32m INFO[0m [2mreth_node_events::node[0m[2m:[0m Canonical chain committed [3mnumber[0m[2m=[0m4 [3mhash[0m[2m=[0m0x6ff7d2a03286e1eea3221fb525e5acf101a3ae0869388b3681d7871da5e500b4 [3melapsed[0m[2m=[0m15.75µs
[2m2026-09-11T13:11:21.479010Z[0m [32m INFO[0m [2mreth_node_events::node[0m[2m:[0m Forkchoice updated [3mhead_block_hash[0m[2m=[0m0x6ff7d2a03286e1eea3221fb525e5acf101a3ae0869388b3681d7871da5e500b4 [3msafe_block_hash[0m[2m=[0m0x6ff7d2a03286e1eea3221fb525e5acf101a3ae0869388b3681d7871da5e500b4 [3mfinalized_block_hash[0m[2m=[0m0x6ff7d2a03286e1eea3221fb525e5acf101a3ae0869388b3681d7871da5e500b4
[2m2026-09-11T13:11:21.481174Z[0m [32m INFO[0m [2mreth::cli[0m[2m:[0m Received SIGTERM
[2m2026-09-11T13:11:21.481516Z[0m [32m INFO[0m [2mreth::cli[0m[2m:[0m Wrote network peers to file [3mpeers_file[0m[2m=[0m"<repo>/.tmp/approval-runs/bench-single_storage_write-0-0-zt1arq_j/data/known-peers.json"
