[2m2026-09-11T13:11:51.428235Z[0m [32m INFO[0m [2mreth::cli[0m[2m:[0m Initialized tracing, debug log directory: <repo>/.tmp/approval-runs/bench-three_calls-1-1-hjfmqx7h/logs/anvil-hardhat
[2m2026-09-11T13:11:51.628442Z[0m [32m INFO[0m [2mreth::cli[0m[2m:[0m Starting Reth [3mversion[0m[2m=[0m"2.5.2 (5a6940e)"
[2m2026-09-11T13:11:51.628514Z[0m [32m INFO[0m [2mreth::cli[0m[2m:[0m Opening database [3mpath[0m[2m=[0m"<repo>/.tmp/approval-runs/bench-three_calls-1-1-hjfmqx7h/data/db"
[2m2026-09-11T13:11:51.635084Z[0m [32m INFO[0m [2mreth::cli[0m[2m:[0m Configuration loaded [3mpath[0m[2m=[0m"<repo>/.tmp/approval-runs/bench-three_calls-1-1-hjfmqx7h/data/reth.toml"
[2m2026-09-11T13:11:51.635442Z[0m [33m WARN[0m [2mproviders::rocksdb[0m[2m:[0m RocksDB will not keep all files open; performance may be reduced [3mfile_descriptor_limit[0m[2m=[0mSome(122880) [3mthreshold[0m[2m=[0m131072 [3mmax_open_files[0m[2m=[0m512
[2m2026-09-11T13:11:51.648688Z[0m [32m INFO[0m [1mcheck_consistency[0m[2m:[0m [2mreth::cli[0m[2m:[0m Healing static file inconsistencies.
[2m2026-09-11T13:11:51.723057Z[0m [32m INFO[0m [1mcheck_consistency[0m[2m:[0m[1mcheck_consistency[0m[1m{[0m[3mread_only[0m[2m=[0mfalse[1m}[0m[2m:[0m [2mreth::cli[0m[2m:[0m Verifying storage consistency.
[2m2026-09-11T13:11:51.723195Z[0m [32m INFO[0m [2mreth::cli[0m[2m:[0m Database opened
[2m2026-09-11T13:11:51.898913Z[0m [32m INFO[0m [2mreth::cli[0m[2m:[0m 
Pre-merge hard forks (block based):
- Frontier                         @0
- Homestead                        @0
- Tangerine                        @0
- SpuriousDragon                   @0
- Byzantium                        @0
- Constantinople                   @0
- Petersburg                       @0
- Istanbul                         @0
- Berlin                           @0
- London                           @0
Merge hard forks:
- Paris                            @0 (network is known to be merged)
Post-merge hard forks (timestamp based):
- Shanghai                         @0
[2m2026-09-11T13:11:51.898957Z[0m [32m INFO[0m [2mreth::cli[0m[2m:[0m Loaded storage settings [3msettings[0m[2m=[0mStorageSettings { storage_v2: true } [3mpruning_mode[0m[2m=[0m"archive"
[2m2026-09-11T13:11:51.899469Z[0m [32m INFO[0m [2mreth::cli[0m[2m:[0m Transaction pool initialized
[2m2026-09-11T13:11:51.909763Z[0m [32m INFO[0m [2mreth::cli[0m[2m:[0m P2P networking initialized [3menode[0m[2m=[0menode://c5d78eecfc97708d7e335d9c4da2824e9c4898b547b20ac87f6c8c337411018d9a74309fd128b01b4e80158aee58ded11fe5df237425270d2f9ce3fbfa0f9296@127.0.0.1:64435
[2m2026-09-11T13:11:51.909973Z[0m [32m INFO[0m [2mreth::cli[0m[2m:[0m StaticFileProducer initialized
[2m2026-09-11T13:11:51.910151Z[0m [32m INFO[0m [2mreth::cli[0m[2m:[0m Pruner initialized [3mprune_config[0m[2m=[0mPruneConfig { block_interval: 5, segments: PruneModes { sender_recovery: None, transaction_lookup: None, receipts: None, account_history: None, storage_history: None, bodies_history: None, receipts_log_filter: ReceiptsLogPruneConfig({}) }, minimum_pruning_distance: 10064 }
[2m2026-09-11T13:11:51.910776Z[0m [32m INFO[0m [2mreth::cli[0m[2m:[0m Consensus engine initialized
[2m2026-09-11T13:11:51.910838Z[0m [32m INFO[0m [2mreth::cli[0m[2m:[0m Engine API handler initialized
[2m2026-09-11T13:11:51.911574Z[0m [32m INFO[0m [2mreth::cli[0m[2m:[0m RPC HTTP server started [3murl[0m[2m=[0m127.0.0.1:64427
[2m2026-09-11T13:11:51.911601Z[0m [32m INFO[0m [2mreth::cli[0m[2m:[0m RPC auth server started [3murl[0m[2m=[0m127.0.0.1:64428
[2m2026-09-11T13:11:51.911659Z[0m [32m INFO[0m [2mreth::cli[0m[2m:[0m Starting consensus engine
[2m2026-09-11T13:11:52.643344Z[0m [32m INFO[0m [2mpayload_builder[0m[2m:[0m New payload job created [3mid[0m[2m=[0m0x7b3bcb11fbddc976 [3mparent[0m[2m=[0m0xf922e99fea18f376212f348d6ac663c5313d3c6d0237797d9cb74d62109d5139
[2m2026-09-11T13:11:52.643350Z[0m [32m INFO[0m [2mreth_node_events::node[0m[2m:[0m Forkchoice updated [3mhead_block_hash[0m[2m=[0m0xf922e99fea18f376212f348d6ac663c5313d3c6d0237797d9cb74d62109d5139 [3msafe_block_hash[0m[2m=[0m0xf922e99fea18f376212f348d6ac663c5313d3c6d0237797d9cb74d62109d5139 [3mfinalized_block_hash[0m[2m=[0m0xf922e99fea18f376212f348d6ac663c5313d3c6d0237797d9cb74d62109d5139
OPS_BUILD_TIMING {"approval_stats":{"ready_on_first_seen":32,"verification_ns":1381586,"verified":32,"waiting_on_first_seen":0},"block_hash":"0x4b57b76fc7dd2a857723b8574d92ebec2f8c7319b7aee75810365cd8adfa1392","elapsed_ns":1389417,"module":true,"transactions":32}
[2m2026-09-11T13:11:52.750081Z[0m [32m INFO[0m [2mreth_node_events::node[0m[2m:[0m Received new payload from consensus engine [3mnumber[0m[2m=[0m1 [3mhash[0m[2m=[0m0x4b57b76fc7dd2a857723b8574d92ebec2f8c7319b7aee75810365cd8adfa1392
[2m2026-09-11T13:11:52.907284Z[0m [32m INFO[0m [2mengine::tree::payload_validator[0m[2m:[0m State root job finished [3mstrategy[0m[2m=[0m"sparse-trie" [3mstate_root[0m[2m=[0m0x363eb395d020f8cec17960762bd178790f60802e13a82d35e229eb3328b06396 [3melapsed[0m[2m=[0m83.209µs
[2m2026-09-11T13:11:52.907548Z[0m [32m INFO[0m [2mreth_node_events::node[0m[2m:[0m Block added to canonical chain [3mnumber[0m[2m=[0m1 [3mhash[0m[2m=[0m0x4b57b76fc7dd2a857723b8574d92ebec2f8c7319b7aee75810365cd8adfa1392 [3mpeers[0m[2m=[0m0 [3mtxs[0m[2m=[0m32 [3mgas_used[0m[2m=[0m1.60Mgas [3mgas_throughput[0m[2m=[0m10.19Mgas/second [3mgas_limit[0m[2m=[0m30.03Mgas [3mfull[0m[2m=[0m5.3% [3mbase_fee[0m[2m=[0m0.88Gwei [3mblobs[0m[2m=[0m0 [3mexcess_blobs[0m[2m=[0m0 [3melapsed[0m[2m=[0m157.318038ms
[2m2026-09-11T13:11:52.908478Z[0m [32m INFO[0m [2mreth_node_events::node[0m[2m:[0m Canonical chain committed [3mnumber[0m[2m=[0m1 [3mhash[0m[2m=[0m0x4b57b76fc7dd2a857723b8574d92ebec2f8c7319b7aee75810365cd8adfa1392 [3melapsed[0m[2m=[0m29.209µs
[2m2026-09-11T13:11:52.908493Z[0m [32m INFO[0m [2mreth_node_events::node[0m[2m:[0m Forkchoice updated [3mhead_block_hash[0m[2m=[0m0x4b57b76fc7dd2a857723b8574d92ebec2f8c7319b7aee75810365cd8adfa1392 [3msafe_block_hash[0m[2m=[0m0x4b57b76fc7dd2a857723b8574d92ebec2f8c7319b7aee75810365cd8adfa1392 [3mfinalized_block_hash[0m[2m=[0m0x4b57b76fc7dd2a857723b8574d92ebec2f8c7319b7aee75810365cd8adfa1392
[2m2026-09-11T13:11:53.662386Z[0m [32m INFO[0m [2mpayload_builder[0m[2m:[0m New payload job created [3mid[0m[2m=[0m0x6eca8c447517fe07 [3mparent[0m[2m=[0m0x4b57b76fc7dd2a857723b8574d92ebec2f8c7319b7aee75810365cd8adfa1392
OPS_BUILD_TIMING {"approval_stats":{"ready_on_first_seen":64,"verification_ns":2782880,"verified":64,"waiting_on_first_seen":0},"block_hash":"0x6473e792850879a5e4568edd7fd618fd0031df4f1f9d7377620fb7af807c8f6c","elapsed_ns":1334500,"module":true,"transactions":32}
[2m2026-09-11T13:11:53.764622Z[0m [32m INFO[0m [2mreth_node_events::node[0m[2m:[0m Received new payload from consensus engine [3mnumber[0m[2m=[0m2 [3mhash[0m[2m=[0m0x6473e792850879a5e4568edd7fd618fd0031df4f1f9d7377620fb7af807c8f6c
[2m2026-09-11T13:11:53.765974Z[0m [32m INFO[0m [2mengine::tree::payload_validator[0m[2m:[0m State root job finished [3mstrategy[0m[2m=[0m"sparse-trie" [3mstate_root[0m[2m=[0m0x82cc10f0afc15d17ac56e4713cf616da4586d6818a7e47eda1c4232b8c5735ec [3melapsed[0m[2m=[0m82.709µs
[2m2026-09-11T13:11:53.766045Z[0m [32m INFO[0m [2mreth_node_events::node[0m[2m:[0m Block added to canonical chain [3mnumber[0m[2m=[0m2 [3mhash[0m[2m=[0m0x6473e792850879a5e4568edd7fd618fd0031df4f1f9d7377620fb7af807c8f6c [3mpeers[0m[2m=[0m0 [3mtxs[0m[2m=[0m32 [3mgas_used[0m[2m=[0m1.60Mgas [3mgas_throughput[0m[2m=[0m1.15Ggas/second [3mgas_limit[0m[2m=[0m30.06Mgas [3mfull[0m[2m=[0m5.3% [3mbase_fee[0m[2m=[0m0.78Gwei [3mblobs[0m[2m=[0m0 [3mexcess_blobs[0m[2m=[0m0 [3melapsed[0m[2m=[0m1.396728ms
[2m2026-09-11T13:11:53.766800Z[0m [32m INFO[0m [2mreth_node_events::node[0m[2m:[0m Canonical chain committed [3mnumber[0m[2m=[0m2 [3mhash[0m[2m=[0m0x6473e792850879a5e4568edd7fd618fd0031df4f1f9d7377620fb7af807c8f6c [3melapsed[0m[2m=[0m14.083µs
[2m2026-09-11T13:11:53.766818Z[0m [32m INFO[0m [2mreth_node_events::node[0m[2m:[0m Forkchoice updated [3mhead_block_hash[0m[2m=[0m0x6473e792850879a5e4568edd7fd618fd0031df4f1f9d7377620fb7af807c8f6c [3msafe_block_hash[0m[2m=[0m0x6473e792850879a5e4568edd7fd618fd0031df4f1f9d7377620fb7af807c8f6c [3mfinalized_block_hash[0m[2m=[0m0x6473e792850879a5e4568edd7fd618fd0031df4f1f9d7377620fb7af807c8f6c
[2m2026-09-11T13:11:54.559366Z[0m [32m INFO[0m [2mpayload_builder[0m[2m:[0m New payload job created [3mid[0m[2m=[0m0x92e4ba131c9f074a [3mparent[0m[2m=[0m0x6473e792850879a5e4568edd7fd618fd0031df4f1f9d7377620fb7af807c8f6c
OPS_BUILD_TIMING {"approval_stats":{"ready_on_first_seen":96,"verification_ns":4192378,"verified":96,"waiting_on_first_seen":0},"block_hash":"0x5b81ad9d5ab8c0e0379ac74fb72f2786d0329f159a7d6bc01baefe7b2ec9c692","elapsed_ns":1390625,"module":true,"transactions":32}
[2m2026-09-11T13:11:54.663784Z[0m [32m INFO[0m [2mreth_node_events::node[0m[2m:[0m Received new payload from consensus engine [3mnumber[0m[2m=[0m3 [3mhash[0m[2m=[0m0x5b81ad9d5ab8c0e0379ac74fb72f2786d0329f159a7d6bc01baefe7b2ec9c692
[2m2026-09-11T13:11:54.665007Z[0m [32m INFO[0m [2mengine::tree::payload_validator[0m[2m:[0m State root job finished [3mstrategy[0m[2m=[0m"sparse-trie" [3mstate_root[0m[2m=[0m0x5baa0024b84aca5767442ee166d41dc0e27013afa69f007a3fa6cec0a591e874 [3melapsed[0m[2m=[0m19.625µs
[2m2026-09-11T13:11:54.665085Z[0m [32m INFO[0m [2mreth_node_events::node[0m[2m:[0m Block added to canonical chain [3mnumber[0m[2m=[0m3 [3mhash[0m[2m=[0m0x5b81ad9d5ab8c0e0379ac74fb72f2786d0329f159a7d6bc01baefe7b2ec9c692 [3mpeers[0m[2m=[0m0 [3mtxs[0m[2m=[0m32 [3mgas_used[0m[2m=[0m1.60Mgas [3mgas_throughput[0m[2m=[0m1.24Ggas/second [3mgas_limit[0m[2m=[0m30.09Mgas [3mfull[0m[2m=[0m5.3% [3mbase_fee[0m[2m=[0m0.69Gwei [3mblobs[0m[2m=[0m0 [3mexcess_blobs[0m[2m=[0m0 [3melapsed[0m[2m=[0m1.291018ms
[2m2026-09-11T13:11:54.665808Z[0m [32m INFO[0m [2mreth_node_events::node[0m[2m:[0m Canonical chain committed [3mnumber[0m[2m=[0m3 [3mhash[0m[2m=[0m0x5b81ad9d5ab8c0e0379ac74fb72f2786d0329f159a7d6bc01baefe7b2ec9c692 [3melapsed[0m[2m=[0m13.709µs
[2m2026-09-11T13:11:54.665820Z[0m [32m INFO[0m [2mreth_node_events::node[0m[2m:[0m Forkchoice updated [3mhead_block_hash[0m[2m=[0m0x5b81ad9d5ab8c0e0379ac74fb72f2786d0329f159a7d6bc01baefe7b2ec9c692 [3msafe_block_hash[0m[2m=[0m0x5b81ad9d5ab8c0e0379ac74fb72f2786d0329f159a7d6bc01baefe7b2ec9c692 [3mfinalized_block_hash[0m[2m=[0m0x5b81ad9d5ab8c0e0379ac74fb72f2786d0329f159a7d6bc01baefe7b2ec9c692
[2m2026-09-11T13:11:54.911922Z[0m [32m INFO[0m [2mreth::cli[0m[2m:[0m Status [3mconnected_peers[0m[2m=[0m0 [3mlatest_block[0m[2m=[0m3
[2m2026-09-11T13:11:55.401704Z[0m [32m INFO[0m [2mpayload_builder[0m[2m:[0m New payload job created [3mid[0m[2m=[0m0xcf26cf584e6e7e36 [3mparent[0m[2m=[0m0x5b81ad9d5ab8c0e0379ac74fb72f2786d0329f159a7d6bc01baefe7b2ec9c692
OPS_BUILD_TIMING {"approval_stats":{"ready_on_first_seen":128,"verification_ns":5588043,"verified":128,"waiting_on_first_seen":0},"block_hash":"0x91e5e78c3d36e2c3e5ac96c5d2000d8bf38b81ec38b0e2538ec06d696b07edcd","elapsed_ns":1263917,"module":true,"transactions":32}
[2m2026-09-11T13:11:55.506508Z[0m [32m INFO[0m [2mreth_node_events::node[0m[2m:[0m Received new payload from consensus engine [3mnumber[0m[2m=[0m4 [3mhash[0m[2m=[0m0x91e5e78c3d36e2c3e5ac96c5d2000d8bf38b81ec38b0e2538ec06d696b07edcd
[2m2026-09-11T13:11:55.508024Z[0m [32m INFO[0m [2mengine::tree::payload_validator[0m[2m:[0m State root job finished [3mstrategy[0m[2m=[0m"sparse-trie" [3mstate_root[0m[2m=[0m0xf6acc31389fe89782d86014b93d81419addca8ce7e60562fefd183f769eba8f0 [3melapsed[0m[2m=[0m84.917µs
[2m2026-09-11T13:11:55.508167Z[0m [32m INFO[0m [2mreth_node_events::node[0m[2m:[0m Block added to canonical chain [3mnumber[0m[2m=[0m4 [3mhash[0m[2m=[0m0x91e5e78c3d36e2c3e5ac96c5d2000d8bf38b81ec38b0e2538ec06d696b07edcd [3mpeers[0m[2m=[0m0 [3mtxs[0m[2m=[0m32 [3mgas_used[0m[2m=[0m1.60Mgas [3mgas_throughput[0m[2m=[0m980.99Mgas/second [3mgas_limit[0m[2m=[0m30.12Mgas [3mfull[0m[2m=[0m5.3% [3mbase_fee[0m[2m=[0m0.61Gwei [3mblobs[0m[2m=[0m0 [3mexcess_blobs[0m[2m=[0m0 [3melapsed[0m[2m=[0m1.634355ms
[2m2026-09-11T13:11:55.508809Z[0m [32m INFO[0m [2mreth_node_events::node[0m[2m:[0m Canonical chain committed [3mnumber[0m[2m=[0m4 [3mhash[0m[2m=[0m0x91e5e78c3d36e2c3e5ac96c5d2000d8bf38b81ec38b0e2538ec06d696b07edcd [3melapsed[0m[2m=[0m15.167µs
[2m2026-09-11T13:11:55.508825Z[0m [32m INFO[0m [2mreth_node_events::node[0m[2m:[0m Forkchoice updated [3mhead_block_hash[0m[2m=[0m0x91e5e78c3d36e2c3e5ac96c5d2000d8bf38b81ec38b0e2538ec06d696b07edcd [3msafe_block_hash[0m[2m=[0m0x91e5e78c3d36e2c3e5ac96c5d2000d8bf38b81ec38b0e2538ec06d696b07edcd [3mfinalized_block_hash[0m[2m=[0m0x91e5e78c3d36e2c3e5ac96c5d2000d8bf38b81ec38b0e2538ec06d696b07edcd
[2m2026-09-11T13:11:55.510937Z[0m [32m INFO[0m [2mreth::cli[0m[2m:[0m Received SIGTERM
[2m2026-09-11T13:11:55.511331Z[0m [32m INFO[0m [2mreth::cli[0m[2m:[0m Wrote network peers to file [3mpeers_file[0m[2m=[0m"<repo>/.tmp/approval-runs/bench-three_calls-1-1-hjfmqx7h/data/known-peers.json"
