[2m2026-09-11T13:12:16.502937Z[0m [32m INFO[0m [2mreth::cli[0m[2m:[0m Initialized tracing, debug log directory: <repo>/.tmp/approval-runs/bench-eighteen_calls-1-1-hhf7y3n9/logs/anvil-hardhat
[2m2026-09-11T13:12:16.703191Z[0m [32m INFO[0m [2mreth::cli[0m[2m:[0m Starting Reth [3mversion[0m[2m=[0m"2.5.2 (5a6940e)"
[2m2026-09-11T13:12:16.703259Z[0m [32m INFO[0m [2mreth::cli[0m[2m:[0m Opening database [3mpath[0m[2m=[0m"<repo>/.tmp/approval-runs/bench-eighteen_calls-1-1-hhf7y3n9/data/db"
[2m2026-09-11T13:12:16.707970Z[0m [32m INFO[0m [2mreth::cli[0m[2m:[0m Configuration loaded [3mpath[0m[2m=[0m"<repo>/.tmp/approval-runs/bench-eighteen_calls-1-1-hhf7y3n9/data/reth.toml"
[2m2026-09-11T13:12:16.708295Z[0m [33m WARN[0m [2mproviders::rocksdb[0m[2m:[0m RocksDB will not keep all files open; performance may be reduced [3mfile_descriptor_limit[0m[2m=[0mSome(122880) [3mthreshold[0m[2m=[0m131072 [3mmax_open_files[0m[2m=[0m512
[2m2026-09-11T13:12:16.721828Z[0m [32m INFO[0m [1mcheck_consistency[0m[2m:[0m [2mreth::cli[0m[2m:[0m Healing static file inconsistencies.
[2m2026-09-11T13:12:16.796596Z[0m [32m INFO[0m [1mcheck_consistency[0m[2m:[0m[1mcheck_consistency[0m[1m{[0m[3mread_only[0m[2m=[0mfalse[1m}[0m[2m:[0m [2mreth::cli[0m[2m:[0m Verifying storage consistency.
[2m2026-09-11T13:12:16.796756Z[0m [32m INFO[0m [2mreth::cli[0m[2m:[0m Database opened
[2m2026-09-11T13:12:16.981181Z[0m [32m INFO[0m [2mreth::cli[0m[2m:[0m 
Pre-merge hard forks (block based):
- Frontier                         @0
- Homestead                        @0
- Tangerine                        @0
- SpuriousDragon                   @0
- Byzantium                        @0
- Constantinople                   @0
- Petersburg                       @0
- Istanbul                         @0
- Berlin                           @0
- London                           @0
Merge hard forks:
- Paris                            @0 (network is known to be merged)
Post-merge hard forks (timestamp based):
- Shanghai                         @0
[2m2026-09-11T13:12:16.981218Z[0m [32m INFO[0m [2mreth::cli[0m[2m:[0m Loaded storage settings [3msettings[0m[2m=[0mStorageSettings { storage_v2: true } [3mpruning_mode[0m[2m=[0m"archive"
[2m2026-09-11T13:12:16.981592Z[0m [32m INFO[0m [2mreth::cli[0m[2m:[0m Transaction pool initialized
[2m2026-09-11T13:12:16.991984Z[0m [32m INFO[0m [2mreth::cli[0m[2m:[0m P2P networking initialized [3menode[0m[2m=[0menode://ad4de5c7438f49eedb5c8c7fa6913b816f66dae011002a95c3f44cc84ed613bd78a198660e0157e0d9774703abf53e6f720679084e464d74184af80b0ffc6c28@127.0.0.1:65417
[2m2026-09-11T13:12:16.992160Z[0m [32m INFO[0m [2mreth::cli[0m[2m:[0m StaticFileProducer initialized
[2m2026-09-11T13:12:16.992301Z[0m [32m INFO[0m [2mreth::cli[0m[2m:[0m Pruner initialized [3mprune_config[0m[2m=[0mPruneConfig { block_interval: 5, segments: PruneModes { sender_recovery: None, transaction_lookup: None, receipts: None, account_history: None, storage_history: None, bodies_history: None, receipts_log_filter: ReceiptsLogPruneConfig({}) }, minimum_pruning_distance: 10064 }
[2m2026-09-11T13:12:16.992874Z[0m [32m INFO[0m [2mreth::cli[0m[2m:[0m Consensus engine initialized
[2m2026-09-11T13:12:16.992943Z[0m [32m INFO[0m [2mreth::cli[0m[2m:[0m Engine API handler initialized
[2m2026-09-11T13:12:16.993687Z[0m [32m INFO[0m [2mreth::cli[0m[2m:[0m RPC HTTP server started [3murl[0m[2m=[0m127.0.0.1:65409
[2m2026-09-11T13:12:16.993716Z[0m [32m INFO[0m [2mreth::cli[0m[2m:[0m RPC auth server started [3murl[0m[2m=[0m127.0.0.1:65410
[2m2026-09-11T13:12:16.993777Z[0m [32m INFO[0m [2mreth::cli[0m[2m:[0m Starting consensus engine
[2m2026-09-11T13:12:17.729683Z[0m [32m INFO[0m [2mreth_node_events::node[0m[2m:[0m Forkchoice updated [3mhead_block_hash[0m[2m=[0m0xf922e99fea18f376212f348d6ac663c5313d3c6d0237797d9cb74d62109d5139 [3msafe_block_hash[0m[2m=[0m0xf922e99fea18f376212f348d6ac663c5313d3c6d0237797d9cb74d62109d5139 [3mfinalized_block_hash[0m[2m=[0m0xf922e99fea18f376212f348d6ac663c5313d3c6d0237797d9cb74d62109d5139
[2m2026-09-11T13:12:17.729695Z[0m [32m INFO[0m [2mpayload_builder[0m[2m:[0m New payload job created [3mid[0m[2m=[0m0x7b3bcb11fbddc976 [3mparent[0m[2m=[0m0xf922e99fea18f376212f348d6ac663c5313d3c6d0237797d9cb74d62109d5139
OPS_BUILD_TIMING {"approval_stats":{"ready_on_first_seen":32,"verification_ns":1397084,"verified":32,"waiting_on_first_seen":0},"block_hash":"0xba35ce9a8a983daeb7a4f14a9780613f5ecf6133601d0153c8195ebf3cddcf41","elapsed_ns":6014917,"module":true,"transactions":32}
[2m2026-09-11T13:12:17.834961Z[0m [32m INFO[0m [2mreth_node_events::node[0m[2m:[0m Received new payload from consensus engine [3mnumber[0m[2m=[0m1 [3mhash[0m[2m=[0m0xba35ce9a8a983daeb7a4f14a9780613f5ecf6133601d0153c8195ebf3cddcf41
[2m2026-09-11T13:12:17.989923Z[0m [32m INFO[0m [2mengine::tree::payload_validator[0m[2m:[0m State root job finished [3mstrategy[0m[2m=[0m"sparse-trie" [3mstate_root[0m[2m=[0m0x1f1d2802d0e7306234ea58fe2a556712e50aefed9d93bf7283cb57c1d4fb5c29 [3melapsed[0m[2m=[0m801.049µs
[2m2026-09-11T13:12:17.990045Z[0m [32m INFO[0m [2mreth_node_events::node[0m[2m:[0m Block added to canonical chain [3mnumber[0m[2m=[0m1 [3mhash[0m[2m=[0m0xba35ce9a8a983daeb7a4f14a9780613f5ecf6133601d0153c8195ebf3cddcf41 [3mpeers[0m[2m=[0m0 [3mtxs[0m[2m=[0m32 [3mgas_used[0m[2m=[0m12.59Mgas [3mgas_throughput[0m[2m=[0m81.20Mgas/second [3mgas_limit[0m[2m=[0m30.03Mgas [3mfull[0m[2m=[0m41.9% [3mbase_fee[0m[2m=[0m0.88Gwei [3mblobs[0m[2m=[0m0 [3mexcess_blobs[0m[2m=[0m0 [3melapsed[0m[2m=[0m155.025152ms
[2m2026-09-11T13:12:17.990952Z[0m [32m INFO[0m [2mreth_node_events::node[0m[2m:[0m Canonical chain committed [3mnumber[0m[2m=[0m1 [3mhash[0m[2m=[0m0xba35ce9a8a983daeb7a4f14a9780613f5ecf6133601d0153c8195ebf3cddcf41 [3melapsed[0m[2m=[0m28.417µs
[2m2026-09-11T13:12:17.990977Z[0m [32m INFO[0m [2mreth_node_events::node[0m[2m:[0m Forkchoice updated [3mhead_block_hash[0m[2m=[0m0xba35ce9a8a983daeb7a4f14a9780613f5ecf6133601d0153c8195ebf3cddcf41 [3msafe_block_hash[0m[2m=[0m0xba35ce9a8a983daeb7a4f14a9780613f5ecf6133601d0153c8195ebf3cddcf41 [3mfinalized_block_hash[0m[2m=[0m0xba35ce9a8a983daeb7a4f14a9780613f5ecf6133601d0153c8195ebf3cddcf41
[2m2026-09-11T13:12:18.718073Z[0m [32m INFO[0m [2mpayload_builder[0m[2m:[0m New payload job created [3mid[0m[2m=[0m0x8d0783c6a99b448f [3mparent[0m[2m=[0m0xba35ce9a8a983daeb7a4f14a9780613f5ecf6133601d0153c8195ebf3cddcf41
OPS_BUILD_TIMING {"approval_stats":{"ready_on_first_seen":64,"verification_ns":2792581,"verified":64,"waiting_on_first_seen":0},"block_hash":"0x75190230cb95889a4a9e02ba656b38c168bda253c87adb0e4aaeb56ba9a82a43","elapsed_ns":6138416,"module":true,"transactions":32}
[2m2026-09-11T13:12:18.824659Z[0m [32m INFO[0m [2mreth_node_events::node[0m[2m:[0m Received new payload from consensus engine [3mnumber[0m[2m=[0m2 [3mhash[0m[2m=[0m0x75190230cb95889a4a9e02ba656b38c168bda253c87adb0e4aaeb56ba9a82a43
[2m2026-09-11T13:12:18.827540Z[0m [32m INFO[0m [2mengine::tree::payload_validator[0m[2m:[0m State root job finished [3mstrategy[0m[2m=[0m"sparse-trie" [3mstate_root[0m[2m=[0m0x08ee9855cede7bbcb5fe5fd6aecb134ee87454f6ca6989e720faae5e86d0759f [3melapsed[0m[2m=[0m640.381µs
[2m2026-09-11T13:12:18.827666Z[0m [32m INFO[0m [2mreth_node_events::node[0m[2m:[0m Block added to canonical chain [3mnumber[0m[2m=[0m2 [3mhash[0m[2m=[0m0x75190230cb95889a4a9e02ba656b38c168bda253c87adb0e4aaeb56ba9a82a43 [3mpeers[0m[2m=[0m0 [3mtxs[0m[2m=[0m32 [3mgas_used[0m[2m=[0m12.59Mgas [3mgas_throughput[0m[2m=[0m4.28Ggas/second [3mgas_limit[0m[2m=[0m30.06Mgas [3mfull[0m[2m=[0m41.9% [3mbase_fee[0m[2m=[0m0.86Gwei [3mblobs[0m[2m=[0m0 [3mexcess_blobs[0m[2m=[0m0 [3melapsed[0m[2m=[0m2.93832ms
[2m2026-09-11T13:12:18.828298Z[0m [32m INFO[0m [2mreth_node_events::node[0m[2m:[0m Canonical chain committed [3mnumber[0m[2m=[0m2 [3mhash[0m[2m=[0m0x75190230cb95889a4a9e02ba656b38c168bda253c87adb0e4aaeb56ba9a82a43 [3melapsed[0m[2m=[0m18.125µs
[2m2026-09-11T13:12:18.828313Z[0m [32m INFO[0m [2mreth_node_events::node[0m[2m:[0m Forkchoice updated [3mhead_block_hash[0m[2m=[0m0x75190230cb95889a4a9e02ba656b38c168bda253c87adb0e4aaeb56ba9a82a43 [3msafe_block_hash[0m[2m=[0m0x75190230cb95889a4a9e02ba656b38c168bda253c87adb0e4aaeb56ba9a82a43 [3mfinalized_block_hash[0m[2m=[0m0x75190230cb95889a4a9e02ba656b38c168bda253c87adb0e4aaeb56ba9a82a43
[2m2026-09-11T13:12:19.572296Z[0m [32m INFO[0m [2mpayload_builder[0m[2m:[0m New payload job created [3mid[0m[2m=[0m0x3ec686e9133a6a3d [3mparent[0m[2m=[0m0x75190230cb95889a4a9e02ba656b38c168bda253c87adb0e4aaeb56ba9a82a43
OPS_BUILD_TIMING {"approval_stats":{"ready_on_first_seen":96,"verification_ns":4173460,"verified":96,"waiting_on_first_seen":0},"block_hash":"0x428b3d5b18ee57bbb26afa028f17f943aae3fced1238f2337e845cab549312e9","elapsed_ns":6282375,"module":true,"transactions":32}
[2m2026-09-11T13:12:19.677193Z[0m [32m INFO[0m [2mreth_node_events::node[0m[2m:[0m Received new payload from consensus engine [3mnumber[0m[2m=[0m3 [3mhash[0m[2m=[0m0x428b3d5b18ee57bbb26afa028f17f943aae3fced1238f2337e845cab549312e9
[2m2026-09-11T13:12:19.679788Z[0m [32m INFO[0m [2mengine::tree::payload_validator[0m[2m:[0m State root job finished [3mstrategy[0m[2m=[0m"sparse-trie" [3mstate_root[0m[2m=[0m0xf308b9f2215ad0fadbbc1f6ddea922424201d38b5934f8fd373b5afd41b6d3f5 [3melapsed[0m[2m=[0m686.048µs
[2m2026-09-11T13:12:19.679896Z[0m [32m INFO[0m [2mreth_node_events::node[0m[2m:[0m Block added to canonical chain [3mnumber[0m[2m=[0m3 [3mhash[0m[2m=[0m0x428b3d5b18ee57bbb26afa028f17f943aae3fced1238f2337e845cab549312e9 [3mpeers[0m[2m=[0m0 [3mtxs[0m[2m=[0m32 [3mgas_used[0m[2m=[0m12.59Mgas [3mgas_throughput[0m[2m=[0m4.72Ggas/second [3mgas_limit[0m[2m=[0m30.09Mgas [3mfull[0m[2m=[0m41.8% [3mbase_fee[0m[2m=[0m0.84Gwei [3mblobs[0m[2m=[0m0 [3mexcess_blobs[0m[2m=[0m0 [3melapsed[0m[2m=[0m2.665234ms
[2m2026-09-11T13:12:19.680587Z[0m [32m INFO[0m [2mreth_node_events::node[0m[2m:[0m Canonical chain committed [3mnumber[0m[2m=[0m3 [3mhash[0m[2m=[0m0x428b3d5b18ee57bbb26afa028f17f943aae3fced1238f2337e845cab549312e9 [3melapsed[0m[2m=[0m32.584µs
[2m2026-09-11T13:12:19.680609Z[0m [32m INFO[0m [2mreth_node_events::node[0m[2m:[0m Forkchoice updated [3mhead_block_hash[0m[2m=[0m0x428b3d5b18ee57bbb26afa028f17f943aae3fced1238f2337e845cab549312e9 [3msafe_block_hash[0m[2m=[0m0x428b3d5b18ee57bbb26afa028f17f943aae3fced1238f2337e845cab549312e9 [3mfinalized_block_hash[0m[2m=[0m0x428b3d5b18ee57bbb26afa028f17f943aae3fced1238f2337e845cab549312e9
[2m2026-09-11T13:12:19.993728Z[0m [32m INFO[0m [2mreth::cli[0m[2m:[0m Status [3mconnected_peers[0m[2m=[0m0 [3mlatest_block[0m[2m=[0m3
[2m2026-09-11T13:12:20.432831Z[0m [32m INFO[0m [2mpayload_builder[0m[2m:[0m New payload job created [3mid[0m[2m=[0m0x643939dc220abf15 [3mparent[0m[2m=[0m0x428b3d5b18ee57bbb26afa028f17f943aae3fced1238f2337e845cab549312e9
OPS_BUILD_TIMING {"approval_stats":{"ready_on_first_seen":128,"verification_ns":5631003,"verified":128,"waiting_on_first_seen":0},"block_hash":"0xb478a1571bc6d2ffd87cccb8244966e91cf2b2422277bdc45d84261bbb4f6fb0","elapsed_ns":6660417,"module":true,"transactions":32}
[2m2026-09-11T13:12:20.535400Z[0m [32m INFO[0m [2mreth_node_events::node[0m[2m:[0m Received new payload from consensus engine [3mnumber[0m[2m=[0m4 [3mhash[0m[2m=[0m0xb478a1571bc6d2ffd87cccb8244966e91cf2b2422277bdc45d84261bbb4f6fb0
[2m2026-09-11T13:12:20.538394Z[0m [32m INFO[0m [2mengine::tree::payload_validator[0m[2m:[0m State root job finished [3mstrategy[0m[2m=[0m"sparse-trie" [3mstate_root[0m[2m=[0m0x6b9142c9bbd95dfc192799293e0e3f4f6f748d6824a89deba33664ddadd22998 [3melapsed[0m[2m=[0m747.84µs
[2m2026-09-11T13:12:20.538523Z[0m [32m INFO[0m [2mreth_node_events::node[0m[2m:[0m Block added to canonical chain [3mnumber[0m[2m=[0m4 [3mhash[0m[2m=[0m0xb478a1571bc6d2ffd87cccb8244966e91cf2b2422277bdc45d84261bbb4f6fb0 [3mpeers[0m[2m=[0m0 [3mtxs[0m[2m=[0m32 [3mgas_used[0m[2m=[0m12.59Mgas [3mgas_throughput[0m[2m=[0m4.08Ggas/second [3mgas_limit[0m[2m=[0m30.12Mgas [3mfull[0m[2m=[0m41.8% [3mbase_fee[0m[2m=[0m0.82Gwei [3mblobs[0m[2m=[0m0 [3mexcess_blobs[0m[2m=[0m0 [3melapsed[0m[2m=[0m3.084405ms
[2m2026-09-11T13:12:20.539280Z[0m [32m INFO[0m [2mreth_node_events::node[0m[2m:[0m Canonical chain committed [3mnumber[0m[2m=[0m4 [3mhash[0m[2m=[0m0xb478a1571bc6d2ffd87cccb8244966e91cf2b2422277bdc45d84261bbb4f6fb0 [3melapsed[0m[2m=[0m25.834µs
[2m2026-09-11T13:12:20.539293Z[0m [32m INFO[0m [2mreth_node_events::node[0m[2m:[0m Forkchoice updated [3mhead_block_hash[0m[2m=[0m0xb478a1571bc6d2ffd87cccb8244966e91cf2b2422277bdc45d84261bbb4f6fb0 [3msafe_block_hash[0m[2m=[0m0xb478a1571bc6d2ffd87cccb8244966e91cf2b2422277bdc45d84261bbb4f6fb0 [3mfinalized_block_hash[0m[2m=[0m0xb478a1571bc6d2ffd87cccb8244966e91cf2b2422277bdc45d84261bbb4f6fb0
[2m2026-09-11T13:12:20.541444Z[0m [32m INFO[0m [2mreth::cli[0m[2m:[0m Received SIGTERM
[2m2026-09-11T13:12:20.547657Z[0m [32m INFO[0m [2mreth::cli[0m[2m:[0m Wrote network peers to file [3mpeers_file[0m[2m=[0m"<repo>/.tmp/approval-runs/bench-eighteen_calls-1-1-hhf7y3n9/data/known-peers.json"
