[2m2026-09-11T13:12:20.735398Z[0m [32m INFO[0m [2mreth::cli[0m[2m:[0m Initialized tracing, debug log directory: <repo>/.tmp/approval-runs/bench-eighteen_calls-1-0-55b0jd3j/logs/anvil-hardhat
[2m2026-09-11T13:12:20.935570Z[0m [32m INFO[0m [2mreth::cli[0m[2m:[0m Starting Reth [3mversion[0m[2m=[0m"2.5.2 (5a6940e)"
[2m2026-09-11T13:12:20.935602Z[0m [32m INFO[0m [2mreth::cli[0m[2m:[0m Opening database [3mpath[0m[2m=[0m"<repo>/.tmp/approval-runs/bench-eighteen_calls-1-0-55b0jd3j/data/db"
[2m2026-09-11T13:12:20.941556Z[0m [32m INFO[0m [2mreth::cli[0m[2m:[0m Configuration loaded [3mpath[0m[2m=[0m"<repo>/.tmp/approval-runs/bench-eighteen_calls-1-0-55b0jd3j/data/reth.toml"
[2m2026-09-11T13:12:20.941891Z[0m [33m WARN[0m [2mproviders::rocksdb[0m[2m:[0m RocksDB will not keep all files open; performance may be reduced [3mfile_descriptor_limit[0m[2m=[0mSome(122880) [3mthreshold[0m[2m=[0m131072 [3mmax_open_files[0m[2m=[0m512
[2m2026-09-11T13:12:20.955824Z[0m [32m INFO[0m [1mcheck_consistency[0m[2m:[0m [2mreth::cli[0m[2m:[0m Healing static file inconsistencies.
[2m2026-09-11T13:12:21.031197Z[0m [32m INFO[0m [1mcheck_consistency[0m[2m:[0m[1mcheck_consistency[0m[1m{[0m[3mread_only[0m[2m=[0mfalse[1m}[0m[2m:[0m [2mreth::cli[0m[2m:[0m Verifying storage consistency.
[2m2026-09-11T13:12:21.031356Z[0m [32m INFO[0m [2mreth::cli[0m[2m:[0m Database opened
[2m2026-09-11T13:12:21.219178Z[0m [32m INFO[0m [2mreth::cli[0m[2m:[0m 
Pre-merge hard forks (block based):
- Frontier                         @0
- Homestead                        @0
- Tangerine                        @0
- SpuriousDragon                   @0
- Byzantium                        @0
- Constantinople                   @0
- Petersburg                       @0
- Istanbul                         @0
- Berlin                           @0
- London                           @0
Merge hard forks:
- Paris                            @0 (network is known to be merged)
Post-merge hard forks (timestamp based):
- Shanghai                         @0
[2m2026-09-11T13:12:21.219230Z[0m [32m INFO[0m [2mreth::cli[0m[2m:[0m Loaded storage settings [3msettings[0m[2m=[0mStorageSettings { storage_v2: true } [3mpruning_mode[0m[2m=[0m"archive"
[2m2026-09-11T13:12:21.219653Z[0m [32m INFO[0m [2mreth::cli[0m[2m:[0m Transaction pool initialized
[2m2026-09-11T13:12:21.230101Z[0m [32m INFO[0m [2mreth::cli[0m[2m:[0m P2P networking initialized [3menode[0m[2m=[0menode://5deedf8fe2dc58fabec0fc8b0c392df23ed8c23fce92b594de452bd81673b997aedfbab92042f89194025847a0a9358696f8583f17275fce8a8758522e841fd6@127.0.0.1:49195
[2m2026-09-11T13:12:21.230306Z[0m [32m INFO[0m [2mreth::cli[0m[2m:[0m StaticFileProducer initialized
[2m2026-09-11T13:12:21.230438Z[0m [32m INFO[0m [2mreth::cli[0m[2m:[0m Pruner initialized [3mprune_config[0m[2m=[0mPruneConfig { block_interval: 5, segments: PruneModes { sender_recovery: None, transaction_lookup: None, receipts: None, account_history: None, storage_history: None, bodies_history: None, receipts_log_filter: ReceiptsLogPruneConfig({}) }, minimum_pruning_distance: 10064 }
[2m2026-09-11T13:12:21.230939Z[0m [32m INFO[0m [2mreth::cli[0m[2m:[0m Consensus engine initialized
[2m2026-09-11T13:12:21.231002Z[0m [32m INFO[0m [2mreth::cli[0m[2m:[0m Engine API handler initialized
[2m2026-09-11T13:12:21.231769Z[0m [32m INFO[0m [2mreth::cli[0m[2m:[0m RPC HTTP server started [3murl[0m[2m=[0m127.0.0.1:49187
[2m2026-09-11T13:12:21.231808Z[0m [32m INFO[0m [2mreth::cli[0m[2m:[0m RPC auth server started [3murl[0m[2m=[0m127.0.0.1:49188
[2m2026-09-11T13:12:21.231873Z[0m [32m INFO[0m [2mreth::cli[0m[2m:[0m Starting consensus engine
[2m2026-09-11T13:12:21.981425Z[0m [32m INFO[0m [2mreth_node_events::node[0m[2m:[0m Forkchoice updated [3mhead_block_hash[0m[2m=[0m0xf922e99fea18f376212f348d6ac663c5313d3c6d0237797d9cb74d62109d5139 [3msafe_block_hash[0m[2m=[0m0xf922e99fea18f376212f348d6ac663c5313d3c6d0237797d9cb74d62109d5139 [3mfinalized_block_hash[0m[2m=[0m0xf922e99fea18f376212f348d6ac663c5313d3c6d0237797d9cb74d62109d5139
[2m2026-09-11T13:12:21.981424Z[0m [32m INFO[0m [2mpayload_builder[0m[2m:[0m New payload job created [3mid[0m[2m=[0m0x7b3bcb11fbddc976 [3mparent[0m[2m=[0m0xf922e99fea18f376212f348d6ac663c5313d3c6d0237797d9cb74d62109d5139
OPS_BUILD_TIMING {"approval_stats":null,"block_hash":"0xba35ce9a8a983daeb7a4f14a9780613f5ecf6133601d0153c8195ebf3cddcf41","elapsed_ns":1643959,"module":false,"transactions":32}
[2m2026-09-11T13:12:22.088230Z[0m [32m INFO[0m [2mreth_node_events::node[0m[2m:[0m Received new payload from consensus engine [3mnumber[0m[2m=[0m1 [3mhash[0m[2m=[0m0xba35ce9a8a983daeb7a4f14a9780613f5ecf6133601d0153c8195ebf3cddcf41
[2m2026-09-11T13:12:22.245171Z[0m [32m INFO[0m [2mengine::tree::payload_validator[0m[2m:[0m State root job finished [3mstrategy[0m[2m=[0m"sparse-trie" [3mstate_root[0m[2m=[0m0x1f1d2802d0e7306234ea58fe2a556712e50aefed9d93bf7283cb57c1d4fb5c29 [3melapsed[0m[2m=[0m446.588µs
[2m2026-09-11T13:12:22.245279Z[0m [32m INFO[0m [2mreth_node_events::node[0m[2m:[0m Block added to canonical chain [3mnumber[0m[2m=[0m1 [3mhash[0m[2m=[0m0xba35ce9a8a983daeb7a4f14a9780613f5ecf6133601d0153c8195ebf3cddcf41 [3mpeers[0m[2m=[0m0 [3mtxs[0m[2m=[0m32 [3mgas_used[0m[2m=[0m12.59Mgas [3mgas_throughput[0m[2m=[0m80.18Mgas/second [3mgas_limit[0m[2m=[0m30.03Mgas [3mfull[0m[2m=[0m41.9% [3mbase_fee[0m[2m=[0m0.88Gwei [3mblobs[0m[2m=[0m0 [3mexcess_blobs[0m[2m=[0m0 [3melapsed[0m[2m=[0m157.007302ms
[2m2026-09-11T13:12:22.246233Z[0m [32m INFO[0m [2mreth_node_events::node[0m[2m:[0m Canonical chain committed [3mnumber[0m[2m=[0m1 [3mhash[0m[2m=[0m0xba35ce9a8a983daeb7a4f14a9780613f5ecf6133601d0153c8195ebf3cddcf41 [3melapsed[0m[2m=[0m26.334µs
[2m2026-09-11T13:12:22.246251Z[0m [32m INFO[0m [2mreth_node_events::node[0m[2m:[0m Forkchoice updated [3mhead_block_hash[0m[2m=[0m0xba35ce9a8a983daeb7a4f14a9780613f5ecf6133601d0153c8195ebf3cddcf41 [3msafe_block_hash[0m[2m=[0m0xba35ce9a8a983daeb7a4f14a9780613f5ecf6133601d0153c8195ebf3cddcf41 [3mfinalized_block_hash[0m[2m=[0m0xba35ce9a8a983daeb7a4f14a9780613f5ecf6133601d0153c8195ebf3cddcf41
[2m2026-09-11T13:12:22.995809Z[0m [32m INFO[0m [2mpayload_builder[0m[2m:[0m New payload job created [3mid[0m[2m=[0m0x8d0783c6a99b448f [3mparent[0m[2m=[0m0xba35ce9a8a983daeb7a4f14a9780613f5ecf6133601d0153c8195ebf3cddcf41
OPS_BUILD_TIMING {"approval_stats":null,"block_hash":"0x75190230cb95889a4a9e02ba656b38c168bda253c87adb0e4aaeb56ba9a82a43","elapsed_ns":1927292,"module":false,"transactions":32}
[2m2026-09-11T13:12:23.101392Z[0m [32m INFO[0m [2mreth_node_events::node[0m[2m:[0m Received new payload from consensus engine [3mnumber[0m[2m=[0m2 [3mhash[0m[2m=[0m0x75190230cb95889a4a9e02ba656b38c168bda253c87adb0e4aaeb56ba9a82a43
[2m2026-09-11T13:12:23.104713Z[0m [32m INFO[0m [2mengine::tree::payload_validator[0m[2m:[0m State root job finished [3mstrategy[0m[2m=[0m"sparse-trie" [3mstate_root[0m[2m=[0m0x08ee9855cede7bbcb5fe5fd6aecb134ee87454f6ca6989e720faae5e86d0759f [3melapsed[0m[2m=[0m859.675µs
[2m2026-09-11T13:12:23.104819Z[0m [32m INFO[0m [2mreth_node_events::node[0m[2m:[0m Block added to canonical chain [3mnumber[0m[2m=[0m2 [3mhash[0m[2m=[0m0x75190230cb95889a4a9e02ba656b38c168bda253c87adb0e4aaeb56ba9a82a43 [3mpeers[0m[2m=[0m0 [3mtxs[0m[2m=[0m32 [3mgas_used[0m[2m=[0m12.59Mgas [3mgas_throughput[0m[2m=[0m3.71Ggas/second [3mgas_limit[0m[2m=[0m30.06Mgas [3mfull[0m[2m=[0m41.9% [3mbase_fee[0m[2m=[0m0.86Gwei [3mblobs[0m[2m=[0m0 [3mexcess_blobs[0m[2m=[0m0 [3melapsed[0m[2m=[0m3.397327ms
[2m2026-09-11T13:12:23.105480Z[0m [32m INFO[0m [2mreth_node_events::node[0m[2m:[0m Canonical chain committed [3mnumber[0m[2m=[0m2 [3mhash[0m[2m=[0m0x75190230cb95889a4a9e02ba656b38c168bda253c87adb0e4aaeb56ba9a82a43 [3melapsed[0m[2m=[0m21.667µs
[2m2026-09-11T13:12:23.105519Z[0m [32m INFO[0m [2mreth_node_events::node[0m[2m:[0m Forkchoice updated [3mhead_block_hash[0m[2m=[0m0x75190230cb95889a4a9e02ba656b38c168bda253c87adb0e4aaeb56ba9a82a43 [3msafe_block_hash[0m[2m=[0m0x75190230cb95889a4a9e02ba656b38c168bda253c87adb0e4aaeb56ba9a82a43 [3mfinalized_block_hash[0m[2m=[0m0x75190230cb95889a4a9e02ba656b38c168bda253c87adb0e4aaeb56ba9a82a43
[2m2026-09-11T13:12:23.850263Z[0m [32m INFO[0m [2mpayload_builder[0m[2m:[0m New payload job created [3mid[0m[2m=[0m0x3ec686e9133a6a3d [3mparent[0m[2m=[0m0x75190230cb95889a4a9e02ba656b38c168bda253c87adb0e4aaeb56ba9a82a43
OPS_BUILD_TIMING {"approval_stats":null,"block_hash":"0x428b3d5b18ee57bbb26afa028f17f943aae3fced1238f2337e845cab549312e9","elapsed_ns":2064583,"module":false,"transactions":32}
[2m2026-09-11T13:12:23.957183Z[0m [32m INFO[0m [2mreth_node_events::node[0m[2m:[0m Received new payload from consensus engine [3mnumber[0m[2m=[0m3 [3mhash[0m[2m=[0m0x428b3d5b18ee57bbb26afa028f17f943aae3fced1238f2337e845cab549312e9
[2m2026-09-11T13:12:23.960126Z[0m [32m INFO[0m [2mengine::tree::payload_validator[0m[2m:[0m State root job finished [3mstrategy[0m[2m=[0m"sparse-trie" [3mstate_root[0m[2m=[0m0xf308b9f2215ad0fadbbc1f6ddea922424201d38b5934f8fd373b5afd41b6d3f5 [3melapsed[0m[2m=[0m588.048µs
[2m2026-09-11T13:12:23.960229Z[0m [32m INFO[0m [2mreth_node_events::node[0m[2m:[0m Block added to canonical chain [3mnumber[0m[2m=[0m3 [3mhash[0m[2m=[0m0x428b3d5b18ee57bbb26afa028f17f943aae3fced1238f2337e845cab549312e9 [3mpeers[0m[2m=[0m0 [3mtxs[0m[2m=[0m32 [3mgas_used[0m[2m=[0m12.59Mgas [3mgas_throughput[0m[2m=[0m4.17Ggas/second [3mgas_limit[0m[2m=[0m30.09Mgas [3mfull[0m[2m=[0m41.8% [3mbase_fee[0m[2m=[0m0.84Gwei [3mblobs[0m[2m=[0m0 [3mexcess_blobs[0m[2m=[0m0 [3melapsed[0m[2m=[0m3.01824ms
[2m2026-09-11T13:12:23.961025Z[0m [32m INFO[0m [2mreth_node_events::node[0m[2m:[0m Canonical chain committed [3mnumber[0m[2m=[0m3 [3mhash[0m[2m=[0m0x428b3d5b18ee57bbb26afa028f17f943aae3fced1238f2337e845cab549312e9 [3melapsed[0m[2m=[0m24.416µs
[2m2026-09-11T13:12:23.961041Z[0m [32m INFO[0m [2mreth_node_events::node[0m[2m:[0m Forkchoice updated [3mhead_block_hash[0m[2m=[0m0x428b3d5b18ee57bbb26afa028f17f943aae3fced1238f2337e845cab549312e9 [3msafe_block_hash[0m[2m=[0m0x428b3d5b18ee57bbb26afa028f17f943aae3fced1238f2337e845cab549312e9 [3mfinalized_block_hash[0m[2m=[0m0x428b3d5b18ee57bbb26afa028f17f943aae3fced1238f2337e845cab549312e9
[2m2026-09-11T13:12:24.232483Z[0m [32m INFO[0m [2mreth::cli[0m[2m:[0m Status [3mconnected_peers[0m[2m=[0m0 [3mlatest_block[0m[2m=[0m3
[2m2026-09-11T13:12:24.707040Z[0m [32m INFO[0m [2mpayload_builder[0m[2m:[0m New payload job created [3mid[0m[2m=[0m0x643939dc220abf15 [3mparent[0m[2m=[0m0x428b3d5b18ee57bbb26afa028f17f943aae3fced1238f2337e845cab549312e9
OPS_BUILD_TIMING {"approval_stats":null,"block_hash":"0xb478a1571bc6d2ffd87cccb8244966e91cf2b2422277bdc45d84261bbb4f6fb0","elapsed_ns":2361083,"module":false,"transactions":32}
[2m2026-09-11T13:12:24.813401Z[0m [32m INFO[0m [2mreth_node_events::node[0m[2m:[0m Received new payload from consensus engine [3mnumber[0m[2m=[0m4 [3mhash[0m[2m=[0m0xb478a1571bc6d2ffd87cccb8244966e91cf2b2422277bdc45d84261bbb4f6fb0
[2m2026-09-11T13:12:24.817122Z[0m [32m INFO[0m [2mengine::tree::payload_validator[0m[2m:[0m State root job finished [3mstrategy[0m[2m=[0m"sparse-trie" [3mstate_root[0m[2m=[0m0x6b9142c9bbd95dfc192799293e0e3f4f6f748d6824a89deba33664ddadd22998 [3melapsed[0m[2m=[0m867.301µs
[2m2026-09-11T13:12:24.817247Z[0m [32m INFO[0m [2mreth_node_events::node[0m[2m:[0m Block added to canonical chain [3mnumber[0m[2m=[0m4 [3mhash[0m[2m=[0m0xb478a1571bc6d2ffd87cccb8244966e91cf2b2422277bdc45d84261bbb4f6fb0 [3mpeers[0m[2m=[0m0 [3mtxs[0m[2m=[0m32 [3mgas_used[0m[2m=[0m12.59Mgas [3mgas_throughput[0m[2m=[0m3.33Ggas/second [3mgas_limit[0m[2m=[0m30.12Mgas [3mfull[0m[2m=[0m41.8% [3mbase_fee[0m[2m=[0m0.82Gwei [3mblobs[0m[2m=[0m0 [3mexcess_blobs[0m[2m=[0m0 [3melapsed[0m[2m=[0m3.784581ms
[2m2026-09-11T13:12:24.818011Z[0m [32m INFO[0m [2mreth_node_events::node[0m[2m:[0m Canonical chain committed [3mnumber[0m[2m=[0m4 [3mhash[0m[2m=[0m0xb478a1571bc6d2ffd87cccb8244966e91cf2b2422277bdc45d84261bbb4f6fb0 [3melapsed[0m[2m=[0m25.042µs
[2m2026-09-11T13:12:24.818026Z[0m [32m INFO[0m [2mreth_node_events::node[0m[2m:[0m Forkchoice updated [3mhead_block_hash[0m[2m=[0m0xb478a1571bc6d2ffd87cccb8244966e91cf2b2422277bdc45d84261bbb4f6fb0 [3msafe_block_hash[0m[2m=[0m0xb478a1571bc6d2ffd87cccb8244966e91cf2b2422277bdc45d84261bbb4f6fb0 [3mfinalized_block_hash[0m[2m=[0m0xb478a1571bc6d2ffd87cccb8244966e91cf2b2422277bdc45d84261bbb4f6fb0
[2m2026-09-11T13:12:24.820193Z[0m [32m INFO[0m [2mreth::cli[0m[2m:[0m Received SIGTERM
[2m2026-09-11T13:12:24.820524Z[0m [32m INFO[0m [2mreth::cli[0m[2m:[0m Wrote network peers to file [3mpeers_file[0m[2m=[0m"<repo>/.tmp/approval-runs/bench-eighteen_calls-1-0-55b0jd3j/data/known-peers.json"
