[2m2026-09-11T13:11:30.214931Z[0m [32m INFO[0m [2mreth::cli[0m[2m:[0m Initialized tracing, debug log directory: <repo>/.tmp/approval-runs/bench-single_storage_write-1-0-4smieks8/logs/anvil-hardhat
[2m2026-09-11T13:11:30.415155Z[0m [32m INFO[0m [2mreth::cli[0m[2m:[0m Starting Reth [3mversion[0m[2m=[0m"2.5.2 (5a6940e)"
[2m2026-09-11T13:11:30.415210Z[0m [32m INFO[0m [2mreth::cli[0m[2m:[0m Opening database [3mpath[0m[2m=[0m"<repo>/.tmp/approval-runs/bench-single_storage_write-1-0-4smieks8/data/db"
[2m2026-09-11T13:11:30.422179Z[0m [32m INFO[0m [2mreth::cli[0m[2m:[0m Configuration loaded [3mpath[0m[2m=[0m"<repo>/.tmp/approval-runs/bench-single_storage_write-1-0-4smieks8/data/reth.toml"
[2m2026-09-11T13:11:30.422607Z[0m [33m WARN[0m [2mproviders::rocksdb[0m[2m:[0m RocksDB will not keep all files open; performance may be reduced [3mfile_descriptor_limit[0m[2m=[0mSome(122880) [3mthreshold[0m[2m=[0m131072 [3mmax_open_files[0m[2m=[0m512
[2m2026-09-11T13:11:30.435979Z[0m [32m INFO[0m [1mcheck_consistency[0m[2m:[0m [2mreth::cli[0m[2m:[0m Healing static file inconsistencies.
[2m2026-09-11T13:11:30.515569Z[0m [32m INFO[0m [1mcheck_consistency[0m[2m:[0m[1mcheck_consistency[0m[1m{[0m[3mread_only[0m[2m=[0mfalse[1m}[0m[2m:[0m [2mreth::cli[0m[2m:[0m Verifying storage consistency.
[2m2026-09-11T13:11:30.515758Z[0m [32m INFO[0m [2mreth::cli[0m[2m:[0m Database opened
[2m2026-09-11T13:11:30.703419Z[0m [32m INFO[0m [2mreth::cli[0m[2m:[0m 
Pre-merge hard forks (block based):
- Frontier                         @0
- Homestead                        @0
- Tangerine                        @0
- SpuriousDragon                   @0
- Byzantium                        @0
- Constantinople                   @0
- Petersburg                       @0
- Istanbul                         @0
- Berlin                           @0
- London                           @0
Merge hard forks:
- Paris                            @0 (network is known to be merged)
Post-merge hard forks (timestamp based):
- Shanghai                         @0
[2m2026-09-11T13:11:30.703449Z[0m [32m INFO[0m [2mreth::cli[0m[2m:[0m Loaded storage settings [3msettings[0m[2m=[0mStorageSettings { storage_v2: true } [3mpruning_mode[0m[2m=[0m"archive"
[2m2026-09-11T13:11:30.703812Z[0m [32m INFO[0m [2mreth::cli[0m[2m:[0m Transaction pool initialized
[2m2026-09-11T13:11:30.713285Z[0m [32m INFO[0m [2mreth::cli[0m[2m:[0m P2P networking initialized [3menode[0m[2m=[0menode://70e770dd918454938c60ad540bd798fb38003311f6677147e08497450b0454abaf12384beed97d6e6b0f958e28d47435cc53b99946bab80725b18f4c89168076@127.0.0.1:63622
[2m2026-09-11T13:11:30.713455Z[0m [32m INFO[0m [2mreth::cli[0m[2m:[0m StaticFileProducer initialized
[2m2026-09-11T13:11:30.713605Z[0m [32m INFO[0m [2mreth::cli[0m[2m:[0m Pruner initialized [3mprune_config[0m[2m=[0mPruneConfig { block_interval: 5, segments: PruneModes { sender_recovery: None, transaction_lookup: None, receipts: None, account_history: None, storage_history: None, bodies_history: None, receipts_log_filter: ReceiptsLogPruneConfig({}) }, minimum_pruning_distance: 10064 }
[2m2026-09-11T13:11:30.714070Z[0m [32m INFO[0m [2mreth::cli[0m[2m:[0m Consensus engine initialized
[2m2026-09-11T13:11:30.714127Z[0m [32m INFO[0m [2mreth::cli[0m[2m:[0m Engine API handler initialized
[2m2026-09-11T13:11:30.715010Z[0m [32m INFO[0m [2mreth::cli[0m[2m:[0m RPC HTTP server started [3murl[0m[2m=[0m127.0.0.1:63614
[2m2026-09-11T13:11:30.715052Z[0m [32m INFO[0m [2mreth::cli[0m[2m:[0m RPC auth server started [3murl[0m[2m=[0m127.0.0.1:63615
[2m2026-09-11T13:11:30.715145Z[0m [32m INFO[0m [2mreth::cli[0m[2m:[0m Starting consensus engine
[2m2026-09-11T13:11:31.432113Z[0m [32m INFO[0m [2mreth_node_events::node[0m[2m:[0m Forkchoice updated [3mhead_block_hash[0m[2m=[0m0xf922e99fea18f376212f348d6ac663c5313d3c6d0237797d9cb74d62109d5139 [3msafe_block_hash[0m[2m=[0m0xf922e99fea18f376212f348d6ac663c5313d3c6d0237797d9cb74d62109d5139 [3mfinalized_block_hash[0m[2m=[0m0xf922e99fea18f376212f348d6ac663c5313d3c6d0237797d9cb74d62109d5139
[2m2026-09-11T13:11:31.432118Z[0m [32m INFO[0m [2mpayload_builder[0m[2m:[0m New payload job created [3mid[0m[2m=[0m0x7b3bcb11fbddc976 [3mparent[0m[2m=[0m0xf922e99fea18f376212f348d6ac663c5313d3c6d0237797d9cb74d62109d5139
OPS_BUILD_TIMING {"approval_stats":null,"block_hash":"0xe31866301ab76fce41c9d861a1ca0eb357b13fac94ebe34e30da009bf8d3bd44","elapsed_ns":405833,"module":false,"transactions":32}
[2m2026-09-11T13:11:31.538966Z[0m [32m INFO[0m [2mreth_node_events::node[0m[2m:[0m Received new payload from consensus engine [3mnumber[0m[2m=[0m1 [3mhash[0m[2m=[0m0xe31866301ab76fce41c9d861a1ca0eb357b13fac94ebe34e30da009bf8d3bd44
[2m2026-09-11T13:11:31.694010Z[0m [32m INFO[0m [2mengine::tree::payload_validator[0m[2m:[0m State root job finished [3mstrategy[0m[2m=[0m"sparse-trie" [3mstate_root[0m[2m=[0m0xb5ef900b6c82dbbf23f4a7a63e33257942de54f051e46294e73913fb4b1f1d32 [3melapsed[0m[2m=[0m361.796µs
[2m2026-09-11T13:11:31.694157Z[0m [32m INFO[0m [2mreth_node_events::node[0m[2m:[0m Block added to canonical chain [3mnumber[0m[2m=[0m1 [3mhash[0m[2m=[0m0xe31866301ab76fce41c9d861a1ca0eb357b13fac94ebe34e30da009bf8d3bd44 [3mpeers[0m[2m=[0m0 [3mtxs[0m[2m=[0m32 [3mgas_used[0m[2m=[0m1.40Mgas [3mgas_throughput[0m[2m=[0m9.02Mgas/second [3mgas_limit[0m[2m=[0m30.03Mgas [3mfull[0m[2m=[0m4.7% [3mbase_fee[0m[2m=[0m0.88Gwei [3mblobs[0m[2m=[0m0 [3mexcess_blobs[0m[2m=[0m0 [3melapsed[0m[2m=[0m155.139774ms
[2m2026-09-11T13:11:31.695087Z[0m [32m INFO[0m [2mreth_node_events::node[0m[2m:[0m Canonical chain committed [3mnumber[0m[2m=[0m1 [3mhash[0m[2m=[0m0xe31866301ab76fce41c9d861a1ca0eb357b13fac94ebe34e30da009bf8d3bd44 [3melapsed[0m[2m=[0m26.834µs
[2m2026-09-11T13:11:31.695103Z[0m [32m INFO[0m [2mreth_node_events::node[0m[2m:[0m Forkchoice updated [3mhead_block_hash[0m[2m=[0m0xe31866301ab76fce41c9d861a1ca0eb357b13fac94ebe34e30da009bf8d3bd44 [3msafe_block_hash[0m[2m=[0m0xe31866301ab76fce41c9d861a1ca0eb357b13fac94ebe34e30da009bf8d3bd44 [3mfinalized_block_hash[0m[2m=[0m0xe31866301ab76fce41c9d861a1ca0eb357b13fac94ebe34e30da009bf8d3bd44
[2m2026-09-11T13:11:32.411223Z[0m [32m INFO[0m [2mpayload_builder[0m[2m:[0m New payload job created [3mid[0m[2m=[0m0x93fac08dbd4aaa7f [3mparent[0m[2m=[0m0xe31866301ab76fce41c9d861a1ca0eb357b13fac94ebe34e30da009bf8d3bd44
OPS_BUILD_TIMING {"approval_stats":null,"block_hash":"0x56efb65f9fdc326a7759f835d658dd5cda922b4bf287f931508e38ca4e774f5f","elapsed_ns":367666,"module":false,"transactions":32}
[2m2026-09-11T13:11:32.516848Z[0m [32m INFO[0m [2mreth_node_events::node[0m[2m:[0m Received new payload from consensus engine [3mnumber[0m[2m=[0m2 [3mhash[0m[2m=[0m0x56efb65f9fdc326a7759f835d658dd5cda922b4bf287f931508e38ca4e774f5f
[2m2026-09-11T13:11:32.518216Z[0m [32m INFO[0m [2mengine::tree::payload_validator[0m[2m:[0m State root job finished [3mstrategy[0m[2m=[0m"sparse-trie" [3mstate_root[0m[2m=[0m0xf92e2ad50d5a254d9a172cf314c1c810d15bf694785f8b6cacf2e97a332300b1 [3melapsed[0m[2m=[0m87.625µs
[2m2026-09-11T13:11:32.518290Z[0m [32m INFO[0m [2mreth_node_events::node[0m[2m:[0m Block added to canonical chain [3mnumber[0m[2m=[0m2 [3mhash[0m[2m=[0m0x56efb65f9fdc326a7759f835d658dd5cda922b4bf287f931508e38ca4e774f5f [3mpeers[0m[2m=[0m0 [3mtxs[0m[2m=[0m32 [3mgas_used[0m[2m=[0m1.40Mgas [3mgas_throughput[0m[2m=[0m970.21Mgas/second [3mgas_limit[0m[2m=[0m30.06Mgas [3mfull[0m[2m=[0m4.7% [3mbase_fee[0m[2m=[0m0.78Gwei [3mblobs[0m[2m=[0m0 [3mexcess_blobs[0m[2m=[0m0 [3melapsed[0m[2m=[0m1.442515ms
[2m2026-09-11T13:11:32.518925Z[0m [32m INFO[0m [2mreth_node_events::node[0m[2m:[0m Canonical chain committed [3mnumber[0m[2m=[0m2 [3mhash[0m[2m=[0m0x56efb65f9fdc326a7759f835d658dd5cda922b4bf287f931508e38ca4e774f5f [3melapsed[0m[2m=[0m15.209µs
[2m2026-09-11T13:11:32.519147Z[0m [32m INFO[0m [2mreth_node_events::node[0m[2m:[0m Forkchoice updated [3mhead_block_hash[0m[2m=[0m0x56efb65f9fdc326a7759f835d658dd5cda922b4bf287f931508e38ca4e774f5f [3msafe_block_hash[0m[2m=[0m0x56efb65f9fdc326a7759f835d658dd5cda922b4bf287f931508e38ca4e774f5f [3mfinalized_block_hash[0m[2m=[0m0x56efb65f9fdc326a7759f835d658dd5cda922b4bf287f931508e38ca4e774f5f
[2m2026-09-11T13:11:33.254122Z[0m [32m INFO[0m [2mpayload_builder[0m[2m:[0m New payload job created [3mid[0m[2m=[0m0x2ed9feef441ed617 [3mparent[0m[2m=[0m0x56efb65f9fdc326a7759f835d658dd5cda922b4bf287f931508e38ca4e774f5f
OPS_BUILD_TIMING {"approval_stats":null,"block_hash":"0xb215ebc6121069e279ce187a900f7118fe6ace4db7ade933c15676ba2fdd1421","elapsed_ns":357583,"module":false,"transactions":32}
[2m2026-09-11T13:11:33.359591Z[0m [32m INFO[0m [2mreth_node_events::node[0m[2m:[0m Received new payload from consensus engine [3mnumber[0m[2m=[0m3 [3mhash[0m[2m=[0m0xb215ebc6121069e279ce187a900f7118fe6ace4db7ade933c15676ba2fdd1421
[2m2026-09-11T13:11:33.360757Z[0m [32m INFO[0m [2mengine::tree::payload_validator[0m[2m:[0m State root job finished [3mstrategy[0m[2m=[0m"sparse-trie" [3mstate_root[0m[2m=[0m0x55c720be772500abb87c459a0c7406fe2c2468cb89e442234ee12c4d2b7f8d2d [3melapsed[0m[2m=[0m1.75µs
[2m2026-09-11T13:11:33.360838Z[0m [32m INFO[0m [2mreth_node_events::node[0m[2m:[0m Block added to canonical chain [3mnumber[0m[2m=[0m3 [3mhash[0m[2m=[0m0xb215ebc6121069e279ce187a900f7118fe6ace4db7ade933c15676ba2fdd1421 [3mpeers[0m[2m=[0m0 [3mtxs[0m[2m=[0m32 [3mgas_used[0m[2m=[0m1.40Mgas [3mgas_throughput[0m[2m=[0m1.14Ggas/second [3mgas_limit[0m[2m=[0m30.09Mgas [3mfull[0m[2m=[0m4.7% [3mbase_fee[0m[2m=[0m0.69Gwei [3mblobs[0m[2m=[0m0 [3mexcess_blobs[0m[2m=[0m0 [3melapsed[0m[2m=[0m1.229513ms
[2m2026-09-11T13:11:33.361416Z[0m [32m INFO[0m [2mreth_node_events::node[0m[2m:[0m Canonical chain committed [3mnumber[0m[2m=[0m3 [3mhash[0m[2m=[0m0xb215ebc6121069e279ce187a900f7118fe6ace4db7ade933c15676ba2fdd1421 [3melapsed[0m[2m=[0m14.042µs
[2m2026-09-11T13:11:33.361434Z[0m [32m INFO[0m [2mreth_node_events::node[0m[2m:[0m Forkchoice updated [3mhead_block_hash[0m[2m=[0m0xb215ebc6121069e279ce187a900f7118fe6ace4db7ade933c15676ba2fdd1421 [3msafe_block_hash[0m[2m=[0m0xb215ebc6121069e279ce187a900f7118fe6ace4db7ade933c15676ba2fdd1421 [3mfinalized_block_hash[0m[2m=[0m0xb215ebc6121069e279ce187a900f7118fe6ace4db7ade933c15676ba2fdd1421
[2m2026-09-11T13:11:33.716416Z[0m [32m INFO[0m [2mreth::cli[0m[2m:[0m Status [3mconnected_peers[0m[2m=[0m0 [3mlatest_block[0m[2m=[0m3
[2m2026-09-11T13:11:34.060662Z[0m [32m INFO[0m [2mpayload_builder[0m[2m:[0m New payload job created [3mid[0m[2m=[0m0xa6f53cfe85ee5b25 [3mparent[0m[2m=[0m0xb215ebc6121069e279ce187a900f7118fe6ace4db7ade933c15676ba2fdd1421
OPS_BUILD_TIMING {"approval_stats":null,"block_hash":"0x6ff7d2a03286e1eea3221fb525e5acf101a3ae0869388b3681d7871da5e500b4","elapsed_ns":368500,"module":false,"transactions":32}
[2m2026-09-11T13:11:34.167435Z[0m [32m INFO[0m [2mreth_node_events::node[0m[2m:[0m Received new payload from consensus engine [3mnumber[0m[2m=[0m4 [3mhash[0m[2m=[0m0x6ff7d2a03286e1eea3221fb525e5acf101a3ae0869388b3681d7871da5e500b4
[2m2026-09-11T13:11:34.168849Z[0m [32m INFO[0m [2mengine::tree::payload_validator[0m[2m:[0m State root job finished [3mstrategy[0m[2m=[0m"sparse-trie" [3mstate_root[0m[2m=[0m0xff781fac863ce382f9ecef8b0087371c2f3aa60f79a39eb81b4a7830702a051a [3melapsed[0m[2m=[0m73.667µs
[2m2026-09-11T13:11:34.168968Z[0m [32m INFO[0m [2mreth_node_events::node[0m[2m:[0m Block added to canonical chain [3mnumber[0m[2m=[0m4 [3mhash[0m[2m=[0m0x6ff7d2a03286e1eea3221fb525e5acf101a3ae0869388b3681d7871da5e500b4 [3mpeers[0m[2m=[0m0 [3mtxs[0m[2m=[0m32 [3mgas_used[0m[2m=[0m1.40Mgas [3mgas_throughput[0m[2m=[0m923.73Mgas/second [3mgas_limit[0m[2m=[0m30.12Mgas [3mfull[0m[2m=[0m4.6% [3mbase_fee[0m[2m=[0m0.61Gwei [3mblobs[0m[2m=[0m0 [3mexcess_blobs[0m[2m=[0m0 [3melapsed[0m[2m=[0m1.5151ms
[2m2026-09-11T13:11:34.169754Z[0m [32m INFO[0m [2mreth_node_events::node[0m[2m:[0m Canonical chain committed [3mnumber[0m[2m=[0m4 [3mhash[0m[2m=[0m0x6ff7d2a03286e1eea3221fb525e5acf101a3ae0869388b3681d7871da5e500b4 [3melapsed[0m[2m=[0m16.542µs
[2m2026-09-11T13:11:34.169768Z[0m [32m INFO[0m [2mreth_node_events::node[0m[2m:[0m Forkchoice updated [3mhead_block_hash[0m[2m=[0m0x6ff7d2a03286e1eea3221fb525e5acf101a3ae0869388b3681d7871da5e500b4 [3msafe_block_hash[0m[2m=[0m0x6ff7d2a03286e1eea3221fb525e5acf101a3ae0869388b3681d7871da5e500b4 [3mfinalized_block_hash[0m[2m=[0m0x6ff7d2a03286e1eea3221fb525e5acf101a3ae0869388b3681d7871da5e500b4
[2m2026-09-11T13:11:34.171937Z[0m [32m INFO[0m [2mreth::cli[0m[2m:[0m Received SIGTERM
[2m2026-09-11T13:11:34.172289Z[0m [32m INFO[0m [2mreth::cli[0m[2m:[0m Wrote network peers to file [3mpeers_file[0m[2m=[0m"<repo>/.tmp/approval-runs/bench-single_storage_write-1-0-4smieks8/data/known-peers.json"
