[2m2026-09-11T13:11:43.144178Z[0m [32m INFO[0m [2mreth::cli[0m[2m:[0m Initialized tracing, debug log directory: <repo>/.tmp/approval-runs/bench-three_calls-0-0-wdspe7y3/logs/anvil-hardhat
[2m2026-09-11T13:11:43.344576Z[0m [32m INFO[0m [2mreth::cli[0m[2m:[0m Starting Reth [3mversion[0m[2m=[0m"2.5.2 (5a6940e)"
[2m2026-09-11T13:11:43.344618Z[0m [32m INFO[0m [2mreth::cli[0m[2m:[0m Opening database [3mpath[0m[2m=[0m"<repo>/.tmp/approval-runs/bench-three_calls-0-0-wdspe7y3/data/db"
[2m2026-09-11T13:11:43.350794Z[0m [32m INFO[0m [2mreth::cli[0m[2m:[0m Configuration loaded [3mpath[0m[2m=[0m"<repo>/.tmp/approval-runs/bench-three_calls-0-0-wdspe7y3/data/reth.toml"
[2m2026-09-11T13:11:43.351115Z[0m [33m WARN[0m [2mproviders::rocksdb[0m[2m:[0m RocksDB will not keep all files open; performance may be reduced [3mfile_descriptor_limit[0m[2m=[0mSome(122880) [3mthreshold[0m[2m=[0m131072 [3mmax_open_files[0m[2m=[0m512
[2m2026-09-11T13:11:43.365274Z[0m [32m INFO[0m [1mcheck_consistency[0m[2m:[0m [2mreth::cli[0m[2m:[0m Healing static file inconsistencies.
[2m2026-09-11T13:11:43.441046Z[0m [32m INFO[0m [1mcheck_consistency[0m[2m:[0m[1mcheck_consistency[0m[1m{[0m[3mread_only[0m[2m=[0mfalse[1m}[0m[2m:[0m [2mreth::cli[0m[2m:[0m Verifying storage consistency.
[2m2026-09-11T13:11:43.441189Z[0m [32m INFO[0m [2mreth::cli[0m[2m:[0m Database opened
[2m2026-09-11T13:11:43.617836Z[0m [32m INFO[0m [2mreth::cli[0m[2m:[0m 
Pre-merge hard forks (block based):
- Frontier                         @0
- Homestead                        @0
- Tangerine                        @0
- SpuriousDragon                   @0
- Byzantium                        @0
- Constantinople                   @0
- Petersburg                       @0
- Istanbul                         @0
- Berlin                           @0
- London                           @0
Merge hard forks:
- Paris                            @0 (network is known to be merged)
Post-merge hard forks (timestamp based):
- Shanghai                         @0
[2m2026-09-11T13:11:43.617876Z[0m [32m INFO[0m [2mreth::cli[0m[2m:[0m Loaded storage settings [3msettings[0m[2m=[0mStorageSettings { storage_v2: true } [3mpruning_mode[0m[2m=[0m"archive"
[2m2026-09-11T13:11:43.618288Z[0m [32m INFO[0m [2mreth::cli[0m[2m:[0m Transaction pool initialized
[2m2026-09-11T13:11:43.628799Z[0m [32m INFO[0m [2mreth::cli[0m[2m:[0m P2P networking initialized [3menode[0m[2m=[0menode://43748061a6e537d95fb3ed7cd0362d4cb60f97628a5ef6e9396a2960b6f947e0e0af99c1db7055b5fd2ed0c78aea354f8357686be6e9aa8e56f9d31d65ffae8a@127.0.0.1:64110
[2m2026-09-11T13:11:43.628978Z[0m [32m INFO[0m [2mreth::cli[0m[2m:[0m StaticFileProducer initialized
[2m2026-09-11T13:11:43.629176Z[0m [32m INFO[0m [2mreth::cli[0m[2m:[0m Pruner initialized [3mprune_config[0m[2m=[0mPruneConfig { block_interval: 5, segments: PruneModes { sender_recovery: None, transaction_lookup: None, receipts: None, account_history: None, storage_history: None, bodies_history: None, receipts_log_filter: ReceiptsLogPruneConfig({}) }, minimum_pruning_distance: 10064 }
[2m2026-09-11T13:11:43.629643Z[0m [32m INFO[0m [2mreth::cli[0m[2m:[0m Consensus engine initialized
[2m2026-09-11T13:11:43.629714Z[0m [32m INFO[0m [2mreth::cli[0m[2m:[0m Engine API handler initialized
[2m2026-09-11T13:11:43.630492Z[0m [32m INFO[0m [2mreth::cli[0m[2m:[0m RPC HTTP server started [3murl[0m[2m=[0m127.0.0.1:64102
[2m2026-09-11T13:11:43.630525Z[0m [32m INFO[0m [2mreth::cli[0m[2m:[0m RPC auth server started [3murl[0m[2m=[0m127.0.0.1:64103
[2m2026-09-11T13:11:43.630584Z[0m [32m INFO[0m [2mreth::cli[0m[2m:[0m Starting consensus engine
[2m2026-09-11T13:11:44.356358Z[0m [32m INFO[0m [2mpayload_builder[0m[2m:[0m New payload job created [3mid[0m[2m=[0m0x7b3bcb11fbddc976 [3mparent[0m[2m=[0m0xf922e99fea18f376212f348d6ac663c5313d3c6d0237797d9cb74d62109d5139
[2m2026-09-11T13:11:44.356364Z[0m [32m INFO[0m [2mreth_node_events::node[0m[2m:[0m Forkchoice updated [3mhead_block_hash[0m[2m=[0m0xf922e99fea18f376212f348d6ac663c5313d3c6d0237797d9cb74d62109d5139 [3msafe_block_hash[0m[2m=[0m0xf922e99fea18f376212f348d6ac663c5313d3c6d0237797d9cb74d62109d5139 [3mfinalized_block_hash[0m[2m=[0m0xf922e99fea18f376212f348d6ac663c5313d3c6d0237797d9cb74d62109d5139
OPS_BUILD_TIMING {"approval_stats":null,"block_hash":"0x4b57b76fc7dd2a857723b8574d92ebec2f8c7319b7aee75810365cd8adfa1392","elapsed_ns":445625,"module":false,"transactions":32}
[2m2026-09-11T13:11:44.462989Z[0m [32m INFO[0m [2mreth_node_events::node[0m[2m:[0m Received new payload from consensus engine [3mnumber[0m[2m=[0m1 [3mhash[0m[2m=[0m0x4b57b76fc7dd2a857723b8574d92ebec2f8c7319b7aee75810365cd8adfa1392
[2m2026-09-11T13:11:44.613732Z[0m [32m INFO[0m [2mengine::tree::payload_validator[0m[2m:[0m State root job finished [3mstrategy[0m[2m=[0m"sparse-trie" [3mstate_root[0m[2m=[0m0x363eb395d020f8cec17960762bd178790f60802e13a82d35e229eb3328b06396 [3melapsed[0m[2m=[0m119.334µs
[2m2026-09-11T13:11:44.613850Z[0m [32m INFO[0m [2mreth_node_events::node[0m[2m:[0m Block added to canonical chain [3mnumber[0m[2m=[0m1 [3mhash[0m[2m=[0m0x4b57b76fc7dd2a857723b8574d92ebec2f8c7319b7aee75810365cd8adfa1392 [3mpeers[0m[2m=[0m0 [3mtxs[0m[2m=[0m32 [3mgas_used[0m[2m=[0m1.60Mgas [3mgas_throughput[0m[2m=[0m10.63Mgas/second [3mgas_limit[0m[2m=[0m30.03Mgas [3mfull[0m[2m=[0m5.3% [3mbase_fee[0m[2m=[0m0.88Gwei [3mblobs[0m[2m=[0m0 [3mexcess_blobs[0m[2m=[0m0 [3melapsed[0m[2m=[0m150.801958ms
[2m2026-09-11T13:11:44.614736Z[0m [32m INFO[0m [2mreth_node_events::node[0m[2m:[0m Canonical chain committed [3mnumber[0m[2m=[0m1 [3mhash[0m[2m=[0m0x4b57b76fc7dd2a857723b8574d92ebec2f8c7319b7aee75810365cd8adfa1392 [3melapsed[0m[2m=[0m30.417µs
[2m2026-09-11T13:11:44.614748Z[0m [32m INFO[0m [2mreth_node_events::node[0m[2m:[0m Forkchoice updated [3mhead_block_hash[0m[2m=[0m0x4b57b76fc7dd2a857723b8574d92ebec2f8c7319b7aee75810365cd8adfa1392 [3msafe_block_hash[0m[2m=[0m0x4b57b76fc7dd2a857723b8574d92ebec2f8c7319b7aee75810365cd8adfa1392 [3mfinalized_block_hash[0m[2m=[0m0x4b57b76fc7dd2a857723b8574d92ebec2f8c7319b7aee75810365cd8adfa1392
[2m2026-09-11T13:11:45.327562Z[0m [32m INFO[0m [2mpayload_builder[0m[2m:[0m New payload job created [3mid[0m[2m=[0m0x6eca8c447517fe07 [3mparent[0m[2m=[0m0x4b57b76fc7dd2a857723b8574d92ebec2f8c7319b7aee75810365cd8adfa1392
OPS_BUILD_TIMING {"approval_stats":null,"block_hash":"0x6473e792850879a5e4568edd7fd618fd0031df4f1f9d7377620fb7af807c8f6c","elapsed_ns":418083,"module":false,"transactions":32}
[2m2026-09-11T13:11:45.434139Z[0m [32m INFO[0m [2mreth_node_events::node[0m[2m:[0m Received new payload from consensus engine [3mnumber[0m[2m=[0m2 [3mhash[0m[2m=[0m0x6473e792850879a5e4568edd7fd618fd0031df4f1f9d7377620fb7af807c8f6c
[2m2026-09-11T13:11:45.435466Z[0m [32m INFO[0m [2mengine::tree::payload_validator[0m[2m:[0m State root job finished [3mstrategy[0m[2m=[0m"sparse-trie" [3mstate_root[0m[2m=[0m0x82cc10f0afc15d17ac56e4713cf616da4586d6818a7e47eda1c4232b8c5735ec [3melapsed[0m[2m=[0m97.167µs
[2m2026-09-11T13:11:45.435536Z[0m [32m INFO[0m [2mreth_node_events::node[0m[2m:[0m Block added to canonical chain [3mnumber[0m[2m=[0m2 [3mhash[0m[2m=[0m0x6473e792850879a5e4568edd7fd618fd0031df4f1f9d7377620fb7af807c8f6c [3mpeers[0m[2m=[0m0 [3mtxs[0m[2m=[0m32 [3mgas_used[0m[2m=[0m1.60Mgas [3mgas_throughput[0m[2m=[0m1.16Ggas/second [3mgas_limit[0m[2m=[0m30.06Mgas [3mfull[0m[2m=[0m5.3% [3mbase_fee[0m[2m=[0m0.78Gwei [3mblobs[0m[2m=[0m0 [3mexcess_blobs[0m[2m=[0m0 [3melapsed[0m[2m=[0m1.379101ms
[2m2026-09-11T13:11:45.436191Z[0m [32m INFO[0m [2mreth_node_events::node[0m[2m:[0m Canonical chain committed [3mnumber[0m[2m=[0m2 [3mhash[0m[2m=[0m0x6473e792850879a5e4568edd7fd618fd0031df4f1f9d7377620fb7af807c8f6c [3melapsed[0m[2m=[0m15.5µs
[2m2026-09-11T13:11:45.436256Z[0m [32m INFO[0m [2mreth_node_events::node[0m[2m:[0m Forkchoice updated [3mhead_block_hash[0m[2m=[0m0x6473e792850879a5e4568edd7fd618fd0031df4f1f9d7377620fb7af807c8f6c [3msafe_block_hash[0m[2m=[0m0x6473e792850879a5e4568edd7fd618fd0031df4f1f9d7377620fb7af807c8f6c [3mfinalized_block_hash[0m[2m=[0m0x6473e792850879a5e4568edd7fd618fd0031df4f1f9d7377620fb7af807c8f6c
[2m2026-09-11T13:11:46.146293Z[0m [32m INFO[0m [2mpayload_builder[0m[2m:[0m New payload job created [3mid[0m[2m=[0m0x92e4ba131c9f074a [3mparent[0m[2m=[0m0x6473e792850879a5e4568edd7fd618fd0031df4f1f9d7377620fb7af807c8f6c
OPS_BUILD_TIMING {"approval_stats":null,"block_hash":"0x5b81ad9d5ab8c0e0379ac74fb72f2786d0329f159a7d6bc01baefe7b2ec9c692","elapsed_ns":418042,"module":false,"transactions":32}
[2m2026-09-11T13:11:46.253336Z[0m [32m INFO[0m [2mreth_node_events::node[0m[2m:[0m Received new payload from consensus engine [3mnumber[0m[2m=[0m3 [3mhash[0m[2m=[0m0x5b81ad9d5ab8c0e0379ac74fb72f2786d0329f159a7d6bc01baefe7b2ec9c692
[2m2026-09-11T13:11:46.254859Z[0m [32m INFO[0m [2mengine::tree::payload_validator[0m[2m:[0m State root job finished [3mstrategy[0m[2m=[0m"sparse-trie" [3mstate_root[0m[2m=[0m0x5baa0024b84aca5767442ee166d41dc0e27013afa69f007a3fa6cec0a591e874 [3melapsed[0m[2m=[0m64.209µs
[2m2026-09-11T13:11:46.254954Z[0m [32m INFO[0m [2mreth_node_events::node[0m[2m:[0m Block added to canonical chain [3mnumber[0m[2m=[0m3 [3mhash[0m[2m=[0m0x5b81ad9d5ab8c0e0379ac74fb72f2786d0329f159a7d6bc01baefe7b2ec9c692 [3mpeers[0m[2m=[0m0 [3mtxs[0m[2m=[0m32 [3mgas_used[0m[2m=[0m1.60Mgas [3mgas_throughput[0m[2m=[0m1.01Ggas/second [3mgas_limit[0m[2m=[0m30.09Mgas [3mfull[0m[2m=[0m5.3% [3mbase_fee[0m[2m=[0m0.69Gwei [3mblobs[0m[2m=[0m0 [3mexcess_blobs[0m[2m=[0m0 [3melapsed[0m[2m=[0m1.587354ms
[2m2026-09-11T13:11:46.255683Z[0m [32m INFO[0m [2mreth_node_events::node[0m[2m:[0m Canonical chain committed [3mnumber[0m[2m=[0m3 [3mhash[0m[2m=[0m0x5b81ad9d5ab8c0e0379ac74fb72f2786d0329f159a7d6bc01baefe7b2ec9c692 [3melapsed[0m[2m=[0m19µs
[2m2026-09-11T13:11:46.255700Z[0m [32m INFO[0m [2mreth_node_events::node[0m[2m:[0m Forkchoice updated [3mhead_block_hash[0m[2m=[0m0x5b81ad9d5ab8c0e0379ac74fb72f2786d0329f159a7d6bc01baefe7b2ec9c692 [3msafe_block_hash[0m[2m=[0m0x5b81ad9d5ab8c0e0379ac74fb72f2786d0329f159a7d6bc01baefe7b2ec9c692 [3mfinalized_block_hash[0m[2m=[0m0x5b81ad9d5ab8c0e0379ac74fb72f2786d0329f159a7d6bc01baefe7b2ec9c692
[2m2026-09-11T13:11:46.630212Z[0m [32m INFO[0m [2mreth::cli[0m[2m:[0m Status [3mconnected_peers[0m[2m=[0m0 [3mlatest_block[0m[2m=[0m3
[2m2026-09-11T13:11:46.969861Z[0m [32m INFO[0m [2mpayload_builder[0m[2m:[0m New payload job created [3mid[0m[2m=[0m0xcf26cf584e6e7e36 [3mparent[0m[2m=[0m0x5b81ad9d5ab8c0e0379ac74fb72f2786d0329f159a7d6bc01baefe7b2ec9c692
OPS_BUILD_TIMING {"approval_stats":null,"block_hash":"0x91e5e78c3d36e2c3e5ac96c5d2000d8bf38b81ec38b0e2538ec06d696b07edcd","elapsed_ns":451750,"module":false,"transactions":32}
[2m2026-09-11T13:11:47.075445Z[0m [32m INFO[0m [2mreth_node_events::node[0m[2m:[0m Received new payload from consensus engine [3mnumber[0m[2m=[0m4 [3mhash[0m[2m=[0m0x91e5e78c3d36e2c3e5ac96c5d2000d8bf38b81ec38b0e2538ec06d696b07edcd
[2m2026-09-11T13:11:47.076503Z[0m [32m INFO[0m [2mengine::tree::payload_validator[0m[2m:[0m State root job finished [3mstrategy[0m[2m=[0m"sparse-trie" [3mstate_root[0m[2m=[0m0xf6acc31389fe89782d86014b93d81419addca8ce7e60562fefd183f769eba8f0 [3melapsed[0m[2m=[0m86.334µs
[2m2026-09-11T13:11:47.076622Z[0m [32m INFO[0m [2mreth_node_events::node[0m[2m:[0m Block added to canonical chain [3mnumber[0m[2m=[0m4 [3mhash[0m[2m=[0m0x91e5e78c3d36e2c3e5ac96c5d2000d8bf38b81ec38b0e2538ec06d696b07edcd [3mpeers[0m[2m=[0m0 [3mtxs[0m[2m=[0m32 [3mgas_used[0m[2m=[0m1.60Mgas [3mgas_throughput[0m[2m=[0m1.41Ggas/second [3mgas_limit[0m[2m=[0m30.12Mgas [3mfull[0m[2m=[0m5.3% [3mbase_fee[0m[2m=[0m0.61Gwei [3mblobs[0m[2m=[0m0 [3mexcess_blobs[0m[2m=[0m0 [3melapsed[0m[2m=[0m1.133889ms
[2m2026-09-11T13:11:47.077242Z[0m [32m INFO[0m [2mreth_node_events::node[0m[2m:[0m Canonical chain committed [3mnumber[0m[2m=[0m4 [3mhash[0m[2m=[0m0x91e5e78c3d36e2c3e5ac96c5d2000d8bf38b81ec38b0e2538ec06d696b07edcd [3melapsed[0m[2m=[0m16.583µs
[2m2026-09-11T13:11:47.077255Z[0m [32m INFO[0m [2mreth_node_events::node[0m[2m:[0m Forkchoice updated [3mhead_block_hash[0m[2m=[0m0x91e5e78c3d36e2c3e5ac96c5d2000d8bf38b81ec38b0e2538ec06d696b07edcd [3msafe_block_hash[0m[2m=[0m0x91e5e78c3d36e2c3e5ac96c5d2000d8bf38b81ec38b0e2538ec06d696b07edcd [3mfinalized_block_hash[0m[2m=[0m0x91e5e78c3d36e2c3e5ac96c5d2000d8bf38b81ec38b0e2538ec06d696b07edcd
[2m2026-09-11T13:11:47.079410Z[0m [32m INFO[0m [2mreth::cli[0m[2m:[0m Received SIGTERM
[2m2026-09-11T13:11:47.079755Z[0m [32m INFO[0m [2mreth::cli[0m[2m:[0m Wrote network peers to file [3mpeers_file[0m[2m=[0m"<repo>/.tmp/approval-runs/bench-three_calls-0-0-wdspe7y3/data/known-peers.json"
