[2m2026-09-11T13:04:12.923574Z[0m [32m INFO[0m [2mreth::cli[0m[2m:[0m Initialized tracing, debug log directory: <repo>/.tmp/approval-runs/caught_call_cannot_bypass-_xfk95_y/logs/anvil-hardhat
[2m2026-09-11T13:04:13.123788Z[0m [32m INFO[0m [2mreth::cli[0m[2m:[0m Starting Reth [3mversion[0m[2m=[0m"2.5.2 (5a6940e)"
[2m2026-09-11T13:04:13.123840Z[0m [32m INFO[0m [2mreth::cli[0m[2m:[0m Opening database [3mpath[0m[2m=[0m"<repo>/.tmp/approval-runs/caught_call_cannot_bypass-_xfk95_y/data/db"
[2m2026-09-11T13:04:13.132627Z[0m [32m INFO[0m [2mreth::cli[0m[2m:[0m Configuration loaded [3mpath[0m[2m=[0m"<repo>/.tmp/approval-runs/caught_call_cannot_bypass-_xfk95_y/data/reth.toml"
[2m2026-09-11T13:04:13.133074Z[0m [33m WARN[0m [2mproviders::rocksdb[0m[2m:[0m RocksDB will not keep all files open; performance may be reduced [3mfile_descriptor_limit[0m[2m=[0mSome(122880) [3mthreshold[0m[2m=[0m131072 [3mmax_open_files[0m[2m=[0m512
[2m2026-09-11T13:04:13.147679Z[0m [32m INFO[0m [1mcheck_consistency[0m[2m:[0m [2mreth::cli[0m[2m:[0m Healing static file inconsistencies.
[2m2026-09-11T13:04:13.235130Z[0m [32m INFO[0m [1mcheck_consistency[0m[2m:[0m[1mcheck_consistency[0m[1m{[0m[3mread_only[0m[2m=[0mfalse[1m}[0m[2m:[0m [2mreth::cli[0m[2m:[0m Verifying storage consistency.
[2m2026-09-11T13:04:13.235272Z[0m [32m INFO[0m [2mreth::cli[0m[2m:[0m Database opened
[2m2026-09-11T13:04:13.418038Z[0m [32m INFO[0m [2mreth::cli[0m[2m:[0m 
Pre-merge hard forks (block based):
- Frontier                         @0
- Homestead                        @0
- Tangerine                        @0
- SpuriousDragon                   @0
- Byzantium                        @0
- Constantinople                   @0
- Petersburg                       @0
- Istanbul                         @0
- Berlin                           @0
- London                           @0
Merge hard forks:
- Paris                            @0 (network is known to be merged)
Post-merge hard forks (timestamp based):
- Shanghai                         @0
[2m2026-09-11T13:04:13.418072Z[0m [32m INFO[0m [2mreth::cli[0m[2m:[0m Loaded storage settings [3msettings[0m[2m=[0mStorageSettings { storage_v2: true } [3mpruning_mode[0m[2m=[0m"archive"
[2m2026-09-11T13:04:13.418442Z[0m [32m INFO[0m [2mreth::cli[0m[2m:[0m Transaction pool initialized
[2m2026-09-11T13:04:13.426907Z[0m [32m INFO[0m [2mreth::cli[0m[2m:[0m P2P networking initialized [3menode[0m[2m=[0menode://c7ba7773c9ceeaa1e8cbff4e14264c53aea497405ec4cf5a8c66376f5aa3bc62b710665d5fba118ed55f25bea6840365f4c8bfd6cb6c31132a8a24d58c249ba9@127.0.0.1:59557
[2m2026-09-11T13:04:13.427044Z[0m [32m INFO[0m [2mreth::cli[0m[2m:[0m StaticFileProducer initialized
[2m2026-09-11T13:04:13.427159Z[0m [32m INFO[0m [2mreth::cli[0m[2m:[0m Pruner initialized [3mprune_config[0m[2m=[0mPruneConfig { block_interval: 5, segments: PruneModes { sender_recovery: None, transaction_lookup: None, receipts: None, account_history: None, storage_history: None, bodies_history: None, receipts_log_filter: ReceiptsLogPruneConfig({}) }, minimum_pruning_distance: 10064 }
[2m2026-09-11T13:04:13.427603Z[0m [32m INFO[0m [2mreth::cli[0m[2m:[0m Consensus engine initialized
[2m2026-09-11T13:04:13.427654Z[0m [32m INFO[0m [2mreth::cli[0m[2m:[0m Engine API handler initialized
[2m2026-09-11T13:04:13.428283Z[0m [32m INFO[0m [2mreth::cli[0m[2m:[0m RPC HTTP server started [3murl[0m[2m=[0m127.0.0.1:59549
[2m2026-09-11T13:04:13.428307Z[0m [32m INFO[0m [2mreth::cli[0m[2m:[0m RPC auth server started [3murl[0m[2m=[0m127.0.0.1:59550
[2m2026-09-11T13:04:13.428363Z[0m [32m INFO[0m [2mreth::cli[0m[2m:[0m Starting consensus engine
[2m2026-09-11T13:04:13.588505Z[0m [32m INFO[0m [2mpayload_builder[0m[2m:[0m New payload job created [3mid[0m[2m=[0m0x4b22008d87307940 [3mparent[0m[2m=[0m0x759e2a2f1263ec65a6e288f0dc31ddbfb8f55ab55feeca44f09957a56d473869
[2m2026-09-11T13:04:13.588513Z[0m [32m INFO[0m [2mreth_node_events::node[0m[2m:[0m Forkchoice updated [3mhead_block_hash[0m[2m=[0m0x759e2a2f1263ec65a6e288f0dc31ddbfb8f55ab55feeca44f09957a56d473869 [3msafe_block_hash[0m[2m=[0m0x759e2a2f1263ec65a6e288f0dc31ddbfb8f55ab55feeca44f09957a56d473869 [3mfinalized_block_hash[0m[2m=[0m0x759e2a2f1263ec65a6e288f0dc31ddbfb8f55ab55feeca44f09957a56d473869
OPS_APPROVAL_DECISION {"actual":"Ok(0x13cac561fe74ee6508227d0aebc954f740b5c42e36c872170b9dfd10eb005cec)","decision":"deny","expected":"0xe03cb1d3a8de3d81b6b011d66e07527c9922d08c088dbc08a09f1aa8afae3671","tx_hash":"0x65074c44aa438aeaadfc27ef9e96ba3ff472f9ff77cbbef717fd84353eeb88e0"}
OPS_BUILD_TIMING {"approval_stats":{"ready_on_first_seen":2,"verification_ns":94250,"verified":2,"waiting_on_first_seen":0},"block_hash":"0x77dc2d09cfed01c300210cb13b6d1ec62cb11d5cff8c5831e3a959b5cdf7ffe9","elapsed_ns":447417,"module":true,"transactions":1}
OPS_APPROVAL_DECISION {"actual":"Ok(0x13cac561fe74ee6508227d0aebc954f740b5c42e36c872170b9dfd10eb005cec)","decision":"deny","expected":"0xe03cb1d3a8de3d81b6b011d66e07527c9922d08c088dbc08a09f1aa8afae3671","tx_hash":"0x65074c44aa438aeaadfc27ef9e96ba3ff472f9ff77cbbef717fd84353eeb88e0"}
[2m2026-09-11T13:04:13.694702Z[0m [32m INFO[0m [2mreth_node_events::node[0m[2m:[0m Received new payload from consensus engine [3mnumber[0m[2m=[0m1 [3mhash[0m[2m=[0m0x77dc2d09cfed01c300210cb13b6d1ec62cb11d5cff8c5831e3a959b5cdf7ffe9
[2m2026-09-11T13:04:13.854790Z[0m [32m INFO[0m [2mengine::tree::payload_validator[0m[2m:[0m State root job finished [3mstrategy[0m[2m=[0m"sparse-trie" [3mstate_root[0m[2m=[0m0x245e25354d75329d36680e29702167980e4239a8b897686dc255dc4f69d7cd06 [3melapsed[0m[2m=[0m163.919µs
[2m2026-09-11T13:04:13.854939Z[0m [32m INFO[0m [2mreth_node_events::node[0m[2m:[0m Block added to canonical chain [3mnumber[0m[2m=[0m1 [3mhash[0m[2m=[0m0x77dc2d09cfed01c300210cb13b6d1ec62cb11d5cff8c5831e3a959b5cdf7ffe9 [3mpeers[0m[2m=[0m0 [3mtxs[0m[2m=[0m1 [3mgas_used[0m[2m=[0m26.55Kgas [3mgas_throughput[0m[2m=[0m165.73Kgas/second [3mgas_limit[0m[2m=[0m30.03Mgas [3mfull[0m[2m=[0m0.1% [3mbase_fee[0m[2m=[0m0.88Gwei [3mblobs[0m[2m=[0m0 [3mexcess_blobs[0m[2m=[0m0 [3melapsed[0m[2m=[0m160.182835ms
[2m2026-09-11T13:04:13.855855Z[0m [32m INFO[0m [2mreth_node_events::node[0m[2m:[0m Canonical chain committed [3mnumber[0m[2m=[0m1 [3mhash[0m[2m=[0m0x77dc2d09cfed01c300210cb13b6d1ec62cb11d5cff8c5831e3a959b5cdf7ffe9 [3melapsed[0m[2m=[0m19.25µs
[2m2026-09-11T13:04:13.855874Z[0m [32m INFO[0m [2mreth_node_events::node[0m[2m:[0m Forkchoice updated [3mhead_block_hash[0m[2m=[0m0x77dc2d09cfed01c300210cb13b6d1ec62cb11d5cff8c5831e3a959b5cdf7ffe9 [3msafe_block_hash[0m[2m=[0m0x77dc2d09cfed01c300210cb13b6d1ec62cb11d5cff8c5831e3a959b5cdf7ffe9 [3mfinalized_block_hash[0m[2m=[0m0x77dc2d09cfed01c300210cb13b6d1ec62cb11d5cff8c5831e3a959b5cdf7ffe9
[2m2026-09-11T13:04:13.860760Z[0m [32m INFO[0m [2mreth::cli[0m[2m:[0m Received SIGTERM
[2m2026-09-11T13:04:13.860896Z[0m [32m INFO[0m [2mtxpool[0m[2m:[0m Saving current local transactions [3mtxs_file[0m[2m=[0m"<repo>/.tmp/approval-runs/caught_call_cannot_bypass-_xfk95_y/data/txpool-transactions-backup.rlp" [3mnum_txs[0m[2m=[0m1
[2m2026-09-11T13:04:13.861107Z[0m [32m INFO[0m [2mtxpool[0m[2m:[0m Wrote local transactions to file [3mtxs_file[0m[2m=[0m"<repo>/.tmp/approval-runs/caught_call_cannot_bypass-_xfk95_y/data/txpool-transactions-backup.rlp"
[2m2026-09-11T13:04:13.861162Z[0m [32m INFO[0m [2mreth::cli[0m[2m:[0m Wrote network peers to file [3mpeers_file[0m[2m=[0m"<repo>/.tmp/approval-runs/caught_call_cannot_bypass-_xfk95_y/data/known-peers.json"
