[2m2026-09-11T13:04:23.673955Z[0m [32m INFO[0m [2mreth::cli[0m[2m:[0m Initialized tracing, debug log directory: <repo>/.tmp/approval-runs/invalid-lausugv4/logs/anvil-hardhat
[2m2026-09-11T13:04:23.874100Z[0m [32m INFO[0m [2mreth::cli[0m[2m:[0m Starting Reth [3mversion[0m[2m=[0m"2.5.2 (5a6940e)"
[2m2026-09-11T13:04:23.874130Z[0m [32m INFO[0m [2mreth::cli[0m[2m:[0m Opening database [3mpath[0m[2m=[0m"<repo>/.tmp/approval-runs/invalid-lausugv4/data/db"
[2m2026-09-11T13:04:23.881497Z[0m [32m INFO[0m [2mreth::cli[0m[2m:[0m Configuration loaded [3mpath[0m[2m=[0m"<repo>/.tmp/approval-runs/invalid-lausugv4/data/reth.toml"
[2m2026-09-11T13:04:23.881809Z[0m [33m WARN[0m [2mproviders::rocksdb[0m[2m:[0m RocksDB will not keep all files open; performance may be reduced [3mfile_descriptor_limit[0m[2m=[0mSome(122880) [3mthreshold[0m[2m=[0m131072 [3mmax_open_files[0m[2m=[0m512
[2m2026-09-11T13:04:23.895652Z[0m [32m INFO[0m [1mcheck_consistency[0m[2m:[0m [2mreth::cli[0m[2m:[0m Healing static file inconsistencies.
[2m2026-09-11T13:04:23.980375Z[0m [32m INFO[0m [1mcheck_consistency[0m[2m:[0m[1mcheck_consistency[0m[1m{[0m[3mread_only[0m[2m=[0mfalse[1m}[0m[2m:[0m [2mreth::cli[0m[2m:[0m Verifying storage consistency.
[2m2026-09-11T13:04:23.980502Z[0m [32m INFO[0m [2mreth::cli[0m[2m:[0m Database opened
[2m2026-09-11T13:04:24.180855Z[0m [32m INFO[0m [2mreth::cli[0m[2m:[0m 
Pre-merge hard forks (block based):
- Frontier                         @0
- Homestead                        @0
- Tangerine                        @0
- SpuriousDragon                   @0
- Byzantium                        @0
- Constantinople                   @0
- Petersburg                       @0
- Istanbul                         @0
- Berlin                           @0
- London                           @0
Merge hard forks:
- Paris                            @0 (network is known to be merged)
Post-merge hard forks (timestamp based):
- Shanghai                         @0
[2m2026-09-11T13:04:24.180917Z[0m [32m INFO[0m [2mreth::cli[0m[2m:[0m Loaded storage settings [3msettings[0m[2m=[0mStorageSettings { storage_v2: true } [3mpruning_mode[0m[2m=[0m"archive"
[2m2026-09-11T13:04:24.181615Z[0m [32m INFO[0m [2mreth::cli[0m[2m:[0m Transaction pool initialized
[2m2026-09-11T13:04:24.192609Z[0m [32m INFO[0m [2mreth::cli[0m[2m:[0m P2P networking initialized [3menode[0m[2m=[0menode://0b5e8176e1af3e4eb451ac00aa9ea83e527884372093edc3fa23e888f6e8623d951b99f7151cadd642af1f2d66727376c5c74e46f37ec461ac1f54d929801580@127.0.0.1:59928
[2m2026-09-11T13:04:24.192797Z[0m [32m INFO[0m [2mreth::cli[0m[2m:[0m StaticFileProducer initialized
[2m2026-09-11T13:04:24.192956Z[0m [32m INFO[0m [2mreth::cli[0m[2m:[0m Pruner initialized [3mprune_config[0m[2m=[0mPruneConfig { block_interval: 5, segments: PruneModes { sender_recovery: None, transaction_lookup: None, receipts: None, account_history: None, storage_history: None, bodies_history: None, receipts_log_filter: ReceiptsLogPruneConfig({}) }, minimum_pruning_distance: 10064 }
[2m2026-09-11T13:04:24.193463Z[0m [32m INFO[0m [2mreth::cli[0m[2m:[0m Consensus engine initialized
[2m2026-09-11T13:04:24.193516Z[0m [32m INFO[0m [2mreth::cli[0m[2m:[0m Engine API handler initialized
[2m2026-09-11T13:04:24.194168Z[0m [32m INFO[0m [2mreth::cli[0m[2m:[0m RPC HTTP server started [3murl[0m[2m=[0m127.0.0.1:59919
[2m2026-09-11T13:04:24.194197Z[0m [32m INFO[0m [2mreth::cli[0m[2m:[0m RPC auth server started [3murl[0m[2m=[0m127.0.0.1:59920
[2m2026-09-11T13:04:24.194252Z[0m [32m INFO[0m [2mreth::cli[0m[2m:[0m Starting consensus engine
OPS_APPROVAL_EVENT {"event":"invalid_signature_or_chain"}
OPS_APPROVAL_EVENT {"event":"timeout","tx_hash":"0xd9cc204167fb9f6385acc442fe7e9787c6a1f8a9c9326d4d119ab4dd4b60b724"}
[2m2026-09-11T13:04:24.913509Z[0m [32m INFO[0m [2mreth_node_events::node[0m[2m:[0m Forkchoice updated [3mhead_block_hash[0m[2m=[0m0xf922e99fea18f376212f348d6ac663c5313d3c6d0237797d9cb74d62109d5139 [3msafe_block_hash[0m[2m=[0m0xf922e99fea18f376212f348d6ac663c5313d3c6d0237797d9cb74d62109d5139 [3mfinalized_block_hash[0m[2m=[0m0xf922e99fea18f376212f348d6ac663c5313d3c6d0237797d9cb74d62109d5139
[2m2026-09-11T13:04:24.913520Z[0m [32m INFO[0m [2mpayload_builder[0m[2m:[0m New payload job created [3mid[0m[2m=[0m0x7b3bcb11fbddc976 [3mparent[0m[2m=[0m0xf922e99fea18f376212f348d6ac663c5313d3c6d0237797d9cb74d62109d5139
OPS_BUILD_TIMING {"approval_stats":{"ready_on_first_seen":0,"verification_ns":0,"verified":0,"waiting_on_first_seen":1},"block_hash":"0x605ef13ff9db608847713f058b8b73e1b3085222404b605d046d3f26ba376219","elapsed_ns":148250,"module":true,"transactions":0}
[2m2026-09-11T13:04:25.019999Z[0m [32m INFO[0m [2mreth_node_events::node[0m[2m:[0m Received new payload from consensus engine [3mnumber[0m[2m=[0m1 [3mhash[0m[2m=[0m0x605ef13ff9db608847713f058b8b73e1b3085222404b605d046d3f26ba376219
[2m2026-09-11T13:04:25.176601Z[0m [32m INFO[0m [2mengine::tree::payload_validator[0m[2m:[0m State root job finished [3mstrategy[0m[2m=[0m"sparse-trie" [3mstate_root[0m[2m=[0m0x038507942d57d598ee95c57061d3496892364cd3ebce7445086d43f93d2b4251 [3melapsed[0m[2m=[0m23.25µs
[2m2026-09-11T13:04:25.176737Z[0m [32m INFO[0m [2mreth_node_events::node[0m[2m:[0m Block added to canonical chain [3mnumber[0m[2m=[0m1 [3mhash[0m[2m=[0m0x605ef13ff9db608847713f058b8b73e1b3085222404b605d046d3f26ba376219 [3mpeers[0m[2m=[0m0 [3mtxs[0m[2m=[0m0 [3mgas_used[0m[2m=[0m0.00Kgas [3mgas_throughput[0m[2m=[0m0.00Kgas/second [3mgas_limit[0m[2m=[0m30.03Mgas [3mfull[0m[2m=[0m0.0% [3mbase_fee[0m[2m=[0m0.88Gwei [3mblobs[0m[2m=[0m0 [3mexcess_blobs[0m[2m=[0m0 [3melapsed[0m[2m=[0m156.685149ms
[2m2026-09-11T13:04:25.177645Z[0m [32m INFO[0m [2mreth_node_events::node[0m[2m:[0m Canonical chain committed [3mnumber[0m[2m=[0m1 [3mhash[0m[2m=[0m0x605ef13ff9db608847713f058b8b73e1b3085222404b605d046d3f26ba376219 [3melapsed[0m[2m=[0m14.042µs
[2m2026-09-11T13:04:25.177673Z[0m [32m INFO[0m [2mreth_node_events::node[0m[2m:[0m Forkchoice updated [3mhead_block_hash[0m[2m=[0m0x605ef13ff9db608847713f058b8b73e1b3085222404b605d046d3f26ba376219 [3msafe_block_hash[0m[2m=[0m0x605ef13ff9db608847713f058b8b73e1b3085222404b605d046d3f26ba376219 [3mfinalized_block_hash[0m[2m=[0m0x605ef13ff9db608847713f058b8b73e1b3085222404b605d046d3f26ba376219
[2m2026-09-11T13:04:25.179343Z[0m [32m INFO[0m [2mpayload_builder[0m[2m:[0m New payload job created [3mid[0m[2m=[0m0xe560d67e4e41340b [3mparent[0m[2m=[0m0x605ef13ff9db608847713f058b8b73e1b3085222404b605d046d3f26ba376219
OPS_BUILD_TIMING {"approval_stats":{"ready_on_first_seen":1,"verification_ns":46291,"verified":1,"waiting_on_first_seen":1},"block_hash":"0x38bf6cfcde7e0b2e96b4daa5f1f52f7d5f5b4b0bf6a20da04750b9e74072367a","elapsed_ns":225792,"module":true,"transactions":1}
[2m2026-09-11T13:04:25.280627Z[0m [32m INFO[0m [2mreth_node_events::node[0m[2m:[0m Received new payload from consensus engine [3mnumber[0m[2m=[0m2 [3mhash[0m[2m=[0m0x38bf6cfcde7e0b2e96b4daa5f1f52f7d5f5b4b0bf6a20da04750b9e74072367a
[2m2026-09-11T13:04:25.281219Z[0m [32m INFO[0m [2mengine::tree::payload_validator[0m[2m:[0m State root job finished [3mstrategy[0m[2m=[0m"sparse-trie" [3mstate_root[0m[2m=[0m0x26d0f65b6a90499935d3c1972b517eee482f2c5f5d2b22c7e3a9cf768e646315 [3melapsed[0m[2m=[0m145.252µs
[2m2026-09-11T13:04:25.281318Z[0m [32m INFO[0m [2mreth_node_events::node[0m[2m:[0m Block added to canonical chain [3mnumber[0m[2m=[0m2 [3mhash[0m[2m=[0m0x38bf6cfcde7e0b2e96b4daa5f1f52f7d5f5b4b0bf6a20da04750b9e74072367a [3mpeers[0m[2m=[0m0 [3mtxs[0m[2m=[0m1 [3mgas_used[0m[2m=[0m43.73Kgas [3mgas_throughput[0m[2m=[0m68.40Mgas/second [3mgas_limit[0m[2m=[0m30.06Mgas [3mfull[0m[2m=[0m0.1% [3mbase_fee[0m[2m=[0m0.77Gwei [3mblobs[0m[2m=[0m0 [3mexcess_blobs[0m[2m=[0m0 [3melapsed[0m[2m=[0m639.3µs
[2m2026-09-11T13:04:25.281746Z[0m [32m INFO[0m [2mreth_node_events::node[0m[2m:[0m Canonical chain committed [3mnumber[0m[2m=[0m2 [3mhash[0m[2m=[0m0x38bf6cfcde7e0b2e96b4daa5f1f52f7d5f5b4b0bf6a20da04750b9e74072367a [3melapsed[0m[2m=[0m16.667µs
[2m2026-09-11T13:04:25.281756Z[0m [32m INFO[0m [2mreth_node_events::node[0m[2m:[0m Forkchoice updated [3mhead_block_hash[0m[2m=[0m0x38bf6cfcde7e0b2e96b4daa5f1f52f7d5f5b4b0bf6a20da04750b9e74072367a [3msafe_block_hash[0m[2m=[0m0x38bf6cfcde7e0b2e96b4daa5f1f52f7d5f5b4b0bf6a20da04750b9e74072367a [3mfinalized_block_hash[0m[2m=[0m0x38bf6cfcde7e0b2e96b4daa5f1f52f7d5f5b4b0bf6a20da04750b9e74072367a
[2m2026-09-11T13:04:25.283896Z[0m [32m INFO[0m [2mreth::cli[0m[2m:[0m Received SIGTERM
[2m2026-09-11T13:04:25.284242Z[0m [32m INFO[0m [2mreth::cli[0m[2m:[0m Wrote network peers to file [3mpeers_file[0m[2m=[0m"<repo>/.tmp/approval-runs/invalid-lausugv4/data/known-peers.json"
