[2m2026-09-11T13:04:14.055530Z[0m [32m INFO[0m [2mreth::cli[0m[2m:[0m Initialized tracing, debug log directory: <repo>/.tmp/approval-runs/same_org_storage_divergence-64zcy5x8/logs/anvil-hardhat
[2m2026-09-11T13:04:14.255769Z[0m [32m INFO[0m [2mreth::cli[0m[2m:[0m Starting Reth [3mversion[0m[2m=[0m"2.5.2 (5a6940e)"
[2m2026-09-11T13:04:14.255837Z[0m [32m INFO[0m [2mreth::cli[0m[2m:[0m Opening database [3mpath[0m[2m=[0m"<repo>/.tmp/approval-runs/same_org_storage_divergence-64zcy5x8/data/db"
[2m2026-09-11T13:04:14.263488Z[0m [32m INFO[0m [2mreth::cli[0m[2m:[0m Configuration loaded [3mpath[0m[2m=[0m"<repo>/.tmp/approval-runs/same_org_storage_divergence-64zcy5x8/data/reth.toml"
[2m2026-09-11T13:04:14.263897Z[0m [33m WARN[0m [2mproviders::rocksdb[0m[2m:[0m RocksDB will not keep all files open; performance may be reduced [3mfile_descriptor_limit[0m[2m=[0mSome(122880) [3mthreshold[0m[2m=[0m131072 [3mmax_open_files[0m[2m=[0m512
[2m2026-09-11T13:04:14.278729Z[0m [32m INFO[0m [1mcheck_consistency[0m[2m:[0m [2mreth::cli[0m[2m:[0m Healing static file inconsistencies.
[2m2026-09-11T13:04:14.380079Z[0m [32m INFO[0m [1mcheck_consistency[0m[2m:[0m[1mcheck_consistency[0m[1m{[0m[3mread_only[0m[2m=[0mfalse[1m}[0m[2m:[0m [2mreth::cli[0m[2m:[0m Verifying storage consistency.
[2m2026-09-11T13:04:14.380237Z[0m [32m INFO[0m [2mreth::cli[0m[2m:[0m Database opened
[2m2026-09-11T13:04:14.586687Z[0m [32m INFO[0m [2mreth::cli[0m[2m:[0m 
Pre-merge hard forks (block based):
- Frontier                         @0
- Homestead                        @0
- Tangerine                        @0
- SpuriousDragon                   @0
- Byzantium                        @0
- Constantinople                   @0
- Petersburg                       @0
- Istanbul                         @0
- Berlin                           @0
- London                           @0
Merge hard forks:
- Paris                            @0 (network is known to be merged)
Post-merge hard forks (timestamp based):
- Shanghai                         @0
[2m2026-09-11T13:04:14.586722Z[0m [32m INFO[0m [2mreth::cli[0m[2m:[0m Loaded storage settings [3msettings[0m[2m=[0mStorageSettings { storage_v2: true } [3mpruning_mode[0m[2m=[0m"archive"
[2m2026-09-11T13:04:14.587090Z[0m [32m INFO[0m [2mreth::cli[0m[2m:[0m Transaction pool initialized
[2m2026-09-11T13:04:14.595499Z[0m [32m INFO[0m [2mreth::cli[0m[2m:[0m P2P networking initialized [3menode[0m[2m=[0menode://2341a5e75fa02c3875440b82028300a5a1c8fb1950ca58a9c611fb6132cd9b3b53ca0fa95e33258655d0a38c07e3506e2a7715d797e61885e76bffa082e5cb27@127.0.0.1:59602
[2m2026-09-11T13:04:14.595688Z[0m [32m INFO[0m [2mreth::cli[0m[2m:[0m StaticFileProducer initialized
[2m2026-09-11T13:04:14.595834Z[0m [32m INFO[0m [2mreth::cli[0m[2m:[0m Pruner initialized [3mprune_config[0m[2m=[0mPruneConfig { block_interval: 5, segments: PruneModes { sender_recovery: None, transaction_lookup: None, receipts: None, account_history: None, storage_history: None, bodies_history: None, receipts_log_filter: ReceiptsLogPruneConfig({}) }, minimum_pruning_distance: 10064 }
[2m2026-09-11T13:04:14.596277Z[0m [32m INFO[0m [2mreth::cli[0m[2m:[0m Consensus engine initialized
[2m2026-09-11T13:04:14.596331Z[0m [32m INFO[0m [2mreth::cli[0m[2m:[0m Engine API handler initialized
[2m2026-09-11T13:04:14.597093Z[0m [32m INFO[0m [2mreth::cli[0m[2m:[0m RPC HTTP server started [3murl[0m[2m=[0m127.0.0.1:59593
[2m2026-09-11T13:04:14.597127Z[0m [32m INFO[0m [2mreth::cli[0m[2m:[0m RPC auth server started [3murl[0m[2m=[0m127.0.0.1:59594
[2m2026-09-11T13:04:14.597211Z[0m [32m INFO[0m [2mreth::cli[0m[2m:[0m Starting consensus engine
[2m2026-09-11T13:04:14.729205Z[0m [32m INFO[0m [2mpayload_builder[0m[2m:[0m New payload job created [3mid[0m[2m=[0m0x7b3bcb11fbddc976 [3mparent[0m[2m=[0m0xf922e99fea18f376212f348d6ac663c5313d3c6d0237797d9cb74d62109d5139
[2m2026-09-11T13:04:14.729239Z[0m [32m INFO[0m [2mreth_node_events::node[0m[2m:[0m Forkchoice updated [3mhead_block_hash[0m[2m=[0m0xf922e99fea18f376212f348d6ac663c5313d3c6d0237797d9cb74d62109d5139 [3msafe_block_hash[0m[2m=[0m0xf922e99fea18f376212f348d6ac663c5313d3c6d0237797d9cb74d62109d5139 [3mfinalized_block_hash[0m[2m=[0m0xf922e99fea18f376212f348d6ac663c5313d3c6d0237797d9cb74d62109d5139
OPS_APPROVAL_DECISION {"actual":"Ok(0x8695586772681f2a700e35c52b04e950b443f100826891e7844e8d0f72068bc2)","decision":"deny","expected":"0xd4986fa0b5ae5ff4b49edd9645038382cb970b761dcf88bcd0a811dfe36bc7f3","tx_hash":"0x6a043a1667ad307c143462bd590d142e28a7ea71e53aa1deb5d9c8ebdfcffb35"}
OPS_BUILD_TIMING {"approval_stats":{"ready_on_first_seen":2,"verification_ns":85417,"verified":2,"waiting_on_first_seen":0},"block_hash":"0x5cc0ffddca72fe41876a50bbd911475a9105ffcce571a5219621a237d13c15c4","elapsed_ns":483375,"module":true,"transactions":1}
OPS_APPROVAL_DECISION {"actual":"Ok(0x8695586772681f2a700e35c52b04e950b443f100826891e7844e8d0f72068bc2)","decision":"deny","expected":"0xd4986fa0b5ae5ff4b49edd9645038382cb970b761dcf88bcd0a811dfe36bc7f3","tx_hash":"0x6a043a1667ad307c143462bd590d142e28a7ea71e53aa1deb5d9c8ebdfcffb35"}
[2m2026-09-11T13:04:14.834090Z[0m [32m INFO[0m [2mreth_node_events::node[0m[2m:[0m Received new payload from consensus engine [3mnumber[0m[2m=[0m1 [3mhash[0m[2m=[0m0x5cc0ffddca72fe41876a50bbd911475a9105ffcce571a5219621a237d13c15c4
[2m2026-09-11T13:04:14.999285Z[0m [32m INFO[0m [2mengine::tree::payload_validator[0m[2m:[0m State root job finished [3mstrategy[0m[2m=[0m"sparse-trie" [3mstate_root[0m[2m=[0m0x963bb368d4cee40f2e03d98de085134120b258f169127935d843b5289c82198a [3melapsed[0m[2m=[0m180.586µs
[2m2026-09-11T13:04:14.999419Z[0m [32m INFO[0m [2mreth_node_events::node[0m[2m:[0m Block added to canonical chain [3mnumber[0m[2m=[0m1 [3mhash[0m[2m=[0m0x5cc0ffddca72fe41876a50bbd911475a9105ffcce571a5219621a237d13c15c4 [3mpeers[0m[2m=[0m0 [3mtxs[0m[2m=[0m1 [3mgas_used[0m[2m=[0m44.68Kgas [3mgas_throughput[0m[2m=[0m270.33Kgas/second [3mgas_limit[0m[2m=[0m30.03Mgas [3mfull[0m[2m=[0m0.1% [3mbase_fee[0m[2m=[0m0.88Gwei [3mblobs[0m[2m=[0m0 [3mexcess_blobs[0m[2m=[0m0 [3melapsed[0m[2m=[0m165.276629ms
[2m2026-09-11T13:04:15.000284Z[0m [32m INFO[0m [2mreth_node_events::node[0m[2m:[0m Canonical chain committed [3mnumber[0m[2m=[0m1 [3mhash[0m[2m=[0m0x5cc0ffddca72fe41876a50bbd911475a9105ffcce571a5219621a237d13c15c4 [3melapsed[0m[2m=[0m15.125µs
[2m2026-09-11T13:04:15.000297Z[0m [32m INFO[0m [2mreth_node_events::node[0m[2m:[0m Forkchoice updated [3mhead_block_hash[0m[2m=[0m0x5cc0ffddca72fe41876a50bbd911475a9105ffcce571a5219621a237d13c15c4 [3msafe_block_hash[0m[2m=[0m0x5cc0ffddca72fe41876a50bbd911475a9105ffcce571a5219621a237d13c15c4 [3mfinalized_block_hash[0m[2m=[0m0x5cc0ffddca72fe41876a50bbd911475a9105ffcce571a5219621a237d13c15c4
[2m2026-09-11T13:04:15.005910Z[0m [32m INFO[0m [2mreth::cli[0m[2m:[0m Received SIGTERM
[2m2026-09-11T13:04:15.006062Z[0m [32m INFO[0m [2mtxpool[0m[2m:[0m Saving current local transactions [3mtxs_file[0m[2m=[0m"<repo>/.tmp/approval-runs/same_org_storage_divergence-64zcy5x8/data/txpool-transactions-backup.rlp" [3mnum_txs[0m[2m=[0m1
[2m2026-09-11T13:04:15.006567Z[0m [32m INFO[0m [2mreth::cli[0m[2m:[0m Wrote network peers to file [3mpeers_file[0m[2m=[0m"<repo>/.tmp/approval-runs/same_org_storage_divergence-64zcy5x8/data/known-peers.json"
[2m2026-09-11T13:04:15.008163Z[0m [32m INFO[0m [2mtxpool[0m[2m:[0m Wrote local transactions to file [3mtxs_file[0m[2m=[0m"<repo>/.tmp/approval-runs/same_org_storage_divergence-64zcy5x8/data/txpool-transactions-backup.rlp"
