[2m2026-09-11T13:04:15.197607Z[0m [32m INFO[0m [2mreth::cli[0m[2m:[0m Initialized tracing, debug log directory: <repo>/.tmp/approval-runs/stock_control_executes_cross_org-iy7hmsdp/logs/anvil-hardhat
[2m2026-09-11T13:04:15.397818Z[0m [32m INFO[0m [2mreth::cli[0m[2m:[0m Starting Reth [3mversion[0m[2m=[0m"2.5.2 (5a6940e)"
[2m2026-09-11T13:04:15.397876Z[0m [32m INFO[0m [2mreth::cli[0m[2m:[0m Opening database [3mpath[0m[2m=[0m"<repo>/.tmp/approval-runs/stock_control_executes_cross_org-iy7hmsdp/data/db"
[2m2026-09-11T13:04:15.402845Z[0m [32m INFO[0m [2mreth::cli[0m[2m:[0m Configuration loaded [3mpath[0m[2m=[0m"<repo>/.tmp/approval-runs/stock_control_executes_cross_org-iy7hmsdp/data/reth.toml"
[2m2026-09-11T13:04:15.403203Z[0m [33m WARN[0m [2mproviders::rocksdb[0m[2m:[0m RocksDB will not keep all files open; performance may be reduced [3mfile_descriptor_limit[0m[2m=[0mSome(122880) [3mthreshold[0m[2m=[0m131072 [3mmax_open_files[0m[2m=[0m512
[2m2026-09-11T13:04:15.417233Z[0m [32m INFO[0m [1mcheck_consistency[0m[2m:[0m [2mreth::cli[0m[2m:[0m Healing static file inconsistencies.
[2m2026-09-11T13:04:15.496100Z[0m [32m INFO[0m [1mcheck_consistency[0m[2m:[0m[1mcheck_consistency[0m[1m{[0m[3mread_only[0m[2m=[0mfalse[1m}[0m[2m:[0m [2mreth::cli[0m[2m:[0m Verifying storage consistency.
[2m2026-09-11T13:04:15.496231Z[0m [32m INFO[0m [2mreth::cli[0m[2m:[0m Database opened
[2m2026-09-11T13:04:15.681133Z[0m [32m INFO[0m [2mreth::cli[0m[2m:[0m 
Pre-merge hard forks (block based):
- Frontier                         @0
- Homestead                        @0
- Tangerine                        @0
- SpuriousDragon                   @0
- Byzantium                        @0
- Constantinople                   @0
- Petersburg                       @0
- Istanbul                         @0
- Berlin                           @0
- London                           @0
Merge hard forks:
- Paris                            @0 (network is known to be merged)
Post-merge hard forks (timestamp based):
- Shanghai                         @0
[2m2026-09-11T13:04:15.681164Z[0m [32m INFO[0m [2mreth::cli[0m[2m:[0m Loaded storage settings [3msettings[0m[2m=[0mStorageSettings { storage_v2: true } [3mpruning_mode[0m[2m=[0m"archive"
[2m2026-09-11T13:04:15.681486Z[0m [32m INFO[0m [2mreth::cli[0m[2m:[0m Transaction pool initialized
[2m2026-09-11T13:04:15.690063Z[0m [32m INFO[0m [2mreth::cli[0m[2m:[0m P2P networking initialized [3menode[0m[2m=[0menode://cbc11fe3383a33ea8cc3eb0be80a79cceae55eff43617f8670e3997e475d2dcf42454c101a415fc7ffa1615f37b1d0a38784fb16561746b06577de4794425a84@127.0.0.1:59646
[2m2026-09-11T13:04:15.690252Z[0m [32m INFO[0m [2mreth::cli[0m[2m:[0m StaticFileProducer initialized
[2m2026-09-11T13:04:15.690410Z[0m [32m INFO[0m [2mreth::cli[0m[2m:[0m Pruner initialized [3mprune_config[0m[2m=[0mPruneConfig { block_interval: 5, segments: PruneModes { sender_recovery: None, transaction_lookup: None, receipts: None, account_history: None, storage_history: None, bodies_history: None, receipts_log_filter: ReceiptsLogPruneConfig({}) }, minimum_pruning_distance: 10064 }
[2m2026-09-11T13:04:15.690931Z[0m [32m INFO[0m [2mreth::cli[0m[2m:[0m Consensus engine initialized
[2m2026-09-11T13:04:15.690999Z[0m [32m INFO[0m [2mreth::cli[0m[2m:[0m Engine API handler initialized
[2m2026-09-11T13:04:15.691833Z[0m [32m INFO[0m [2mreth::cli[0m[2m:[0m RPC HTTP server started [3murl[0m[2m=[0m127.0.0.1:59638
[2m2026-09-11T13:04:15.691867Z[0m [32m INFO[0m [2mreth::cli[0m[2m:[0m RPC auth server started [3murl[0m[2m=[0m127.0.0.1:59639
[2m2026-09-11T13:04:15.691929Z[0m [32m INFO[0m [2mreth::cli[0m[2m:[0m Starting consensus engine
[2m2026-09-11T13:04:15.757192Z[0m [32m INFO[0m [2mreth_node_events::node[0m[2m:[0m Forkchoice updated [3mhead_block_hash[0m[2m=[0m0xf922e99fea18f376212f348d6ac663c5313d3c6d0237797d9cb74d62109d5139 [3msafe_block_hash[0m[2m=[0m0xf922e99fea18f376212f348d6ac663c5313d3c6d0237797d9cb74d62109d5139 [3mfinalized_block_hash[0m[2m=[0m0xf922e99fea18f376212f348d6ac663c5313d3c6d0237797d9cb74d62109d5139
[2m2026-09-11T13:04:15.757195Z[0m [32m INFO[0m [2mpayload_builder[0m[2m:[0m New payload job created [3mid[0m[2m=[0m0x7b3bcb11fbddc976 [3mparent[0m[2m=[0m0xf922e99fea18f376212f348d6ac663c5313d3c6d0237797d9cb74d62109d5139
OPS_BUILD_TIMING {"approval_stats":null,"block_hash":"0xfac59b905a04f82c9b9019e584d944447da06e084a8c39a350ee692e972311c4","elapsed_ns":363125,"module":false,"transactions":2}
[2m2026-09-11T13:04:15.863747Z[0m [32m INFO[0m [2mreth_node_events::node[0m[2m:[0m Received new payload from consensus engine [3mnumber[0m[2m=[0m1 [3mhash[0m[2m=[0m0xfac59b905a04f82c9b9019e584d944447da06e084a8c39a350ee692e972311c4
[2m2026-09-11T13:04:16.025098Z[0m [32m INFO[0m [2mengine::tree::payload_validator[0m[2m:[0m State root job finished [3mstrategy[0m[2m=[0m"sparse-trie" [3mstate_root[0m[2m=[0m0x5903eaf776c7def09b1d64d0fc254269765c8c895e200f7f5d0e6825f0d9f755 [3melapsed[0m[2m=[0m209.128µs
[2m2026-09-11T13:04:16.025303Z[0m [32m INFO[0m [2mreth_node_events::node[0m[2m:[0m Block added to canonical chain [3mnumber[0m[2m=[0m1 [3mhash[0m[2m=[0m0xfac59b905a04f82c9b9019e584d944447da06e084a8c39a350ee692e972311c4 [3mpeers[0m[2m=[0m0 [3mtxs[0m[2m=[0m2 [3mgas_used[0m[2m=[0m168.26Kgas [3mgas_throughput[0m[2m=[0m1.04Mgas/second [3mgas_limit[0m[2m=[0m30.03Mgas [3mfull[0m[2m=[0m0.6% [3mbase_fee[0m[2m=[0m0.88Gwei [3mblobs[0m[2m=[0m0 [3mexcess_blobs[0m[2m=[0m0 [3melapsed[0m[2m=[0m161.41982ms
[2m2026-09-11T13:04:16.026256Z[0m [32m INFO[0m [2mreth_node_events::node[0m[2m:[0m Canonical chain committed [3mnumber[0m[2m=[0m1 [3mhash[0m[2m=[0m0xfac59b905a04f82c9b9019e584d944447da06e084a8c39a350ee692e972311c4 [3melapsed[0m[2m=[0m19.542µs
[2m2026-09-11T13:04:16.026274Z[0m [32m INFO[0m [2mreth_node_events::node[0m[2m:[0m Forkchoice updated [3mhead_block_hash[0m[2m=[0m0xfac59b905a04f82c9b9019e584d944447da06e084a8c39a350ee692e972311c4 [3msafe_block_hash[0m[2m=[0m0xfac59b905a04f82c9b9019e584d944447da06e084a8c39a350ee692e972311c4 [3mfinalized_block_hash[0m[2m=[0m0xfac59b905a04f82c9b9019e584d944447da06e084a8c39a350ee692e972311c4
[2m2026-09-11T13:04:16.027616Z[0m [32m INFO[0m [2mreth::cli[0m[2m:[0m Received SIGTERM
[2m2026-09-11T13:04:16.028009Z[0m [32m INFO[0m [2mreth::cli[0m[2m:[0m Wrote network peers to file [3mpeers_file[0m[2m=[0m"<repo>/.tmp/approval-runs/stock_control_executes_cross_org-iy7hmsdp/data/known-peers.json"
