goos: darwin
goarch: arm64
pkg: privacy-proxy/internal/nodeapproval
cpu: Apple M2 Max
BenchmarkBatchSigning/1-12  	   31090	     19186 ns/op	     856 B/op	      10 allocs/op
BenchmarkBatchSigning/1-12  	   31393	     19255 ns/op	     856 B/op	      10 allocs/op
BenchmarkBatchSigning/1-12  	   30913	     19232 ns/op	     856 B/op	      10 allocs/op
BenchmarkBatchSigning/1-12  	   30990	     19214 ns/op	     856 B/op	      10 allocs/op
BenchmarkBatchSigning/1-12  	   30885	     19834 ns/op	     856 B/op	      10 allocs/op
BenchmarkBatchSigning/3-12  	   29271	     20237 ns/op	    2552 B/op	      20 allocs/op
BenchmarkBatchSigning/3-12  	   29584	     20387 ns/op	    2552 B/op	      20 allocs/op
BenchmarkBatchSigning/3-12  	   29719	     19874 ns/op	    2552 B/op	      20 allocs/op
BenchmarkBatchSigning/3-12  	   30236	     19961 ns/op	    2552 B/op	      20 allocs/op
BenchmarkBatchSigning/3-12  	   29900	     20117 ns/op	    2552 B/op	      20 allocs/op
BenchmarkBatchSigning/32-12 	   21177	     29553 ns/op	   25256 B/op	     141 allocs/op
BenchmarkBatchSigning/32-12 	   20692	     29403 ns/op	   25256 B/op	     141 allocs/op
BenchmarkBatchSigning/32-12 	   20743	     28637 ns/op	   25256 B/op	     141 allocs/op
BenchmarkBatchSigning/32-12 	   18231	     28635 ns/op	   25256 B/op	     141 allocs/op
BenchmarkBatchSigning/32-12 	   20875	     28933 ns/op	   25256 B/op	     141 allocs/op
PASS
ok  	privacy-proxy/internal/nodeapproval	12.845s
