[2m2026-09-11T13:55:20.458758Z[0m [32m INFO[0m [2mreth::cli[0m[2m:[0m Initialized tracing, debug log directory: <repo>/.tmp/approval-runs/compare-three_calls-0-legacy-6pkrbdo5/logs/anvil-hardhat
[2m2026-09-11T13:55:20.659018Z[0m [32m INFO[0m [2mreth::cli[0m[2m:[0m Starting Reth [3mversion[0m[2m=[0m"2.5.2 (5a6940e)"
[2m2026-09-11T13:55:20.659084Z[0m [32m INFO[0m [2mreth::cli[0m[2m:[0m Opening database [3mpath[0m[2m=[0m"<repo>/.tmp/approval-runs/compare-three_calls-0-legacy-6pkrbdo5/data/db"
[2m2026-09-11T13:55:20.664603Z[0m [32m INFO[0m [2mreth::cli[0m[2m:[0m Configuration loaded [3mpath[0m[2m=[0m"<repo>/.tmp/approval-runs/compare-three_calls-0-legacy-6pkrbdo5/data/reth.toml"
[2m2026-09-11T13:55:20.664975Z[0m [33m WARN[0m [2mproviders::rocksdb[0m[2m:[0m RocksDB will not keep all files open; performance may be reduced [3mfile_descriptor_limit[0m[2m=[0mSome(122880) [3mthreshold[0m[2m=[0m131072 [3mmax_open_files[0m[2m=[0m512
[2m2026-09-11T13:55:20.678858Z[0m [32m INFO[0m [1mcheck_consistency[0m[2m:[0m [2mreth::cli[0m[2m:[0m Healing static file inconsistencies.
[2m2026-09-11T13:55:20.761749Z[0m [32m INFO[0m [1mcheck_consistency[0m[2m:[0m[1mcheck_consistency[0m[1m{[0m[3mread_only[0m[2m=[0mfalse[1m}[0m[2m:[0m [2mreth::cli[0m[2m:[0m Verifying storage consistency.
[2m2026-09-11T13:55:20.761906Z[0m [32m INFO[0m [2mreth::cli[0m[2m:[0m Database opened
[2m2026-09-11T13:55:20.945271Z[0m [32m INFO[0m [2mreth::cli[0m[2m:[0m 
Pre-merge hard forks (block based):
- Frontier                         @0
- Homestead                        @0
- Tangerine                        @0
- SpuriousDragon                   @0
- Byzantium                        @0
- Constantinople                   @0
- Petersburg                       @0
- Istanbul                         @0
- Berlin                           @0
- London                           @0
Merge hard forks:
- Paris                            @0 (network is known to be merged)
Post-merge hard forks (timestamp based):
- Shanghai                         @0
[2m2026-09-11T13:55:20.945302Z[0m [32m INFO[0m [2mreth::cli[0m[2m:[0m Loaded storage settings [3msettings[0m[2m=[0mStorageSettings { storage_v2: true } [3mpruning_mode[0m[2m=[0m"archive"
[2m2026-09-11T13:55:20.945671Z[0m [32m INFO[0m [2mreth::cli[0m[2m:[0m Transaction pool initialized
[2m2026-09-11T13:55:20.953977Z[0m [32m INFO[0m [2mreth::cli[0m[2m:[0m P2P networking initialized [3menode[0m[2m=[0menode://75db453877b9f76fc998666e42d49f422215a8b6bae7428eebe4933b4357667c58782a5ed29da75a57b5bc3787c875e7b3b51e52d161d4c51c4d64ac217b052d@127.0.0.1:58674
[2m2026-09-11T13:55:20.954194Z[0m [32m INFO[0m [2mreth::cli[0m[2m:[0m StaticFileProducer initialized
[2m2026-09-11T13:55:20.954379Z[0m [32m INFO[0m [2mreth::cli[0m[2m:[0m Pruner initialized [3mprune_config[0m[2m=[0mPruneConfig { block_interval: 5, segments: PruneModes { sender_recovery: None, transaction_lookup: None, receipts: None, account_history: None, storage_history: None, bodies_history: None, receipts_log_filter: ReceiptsLogPruneConfig({}) }, minimum_pruning_distance: 10064 }
[2m2026-09-11T13:55:20.954849Z[0m [32m INFO[0m [2mreth::cli[0m[2m:[0m Consensus engine initialized
[2m2026-09-11T13:55:20.954918Z[0m [32m INFO[0m [2mreth::cli[0m[2m:[0m Engine API handler initialized
[2m2026-09-11T13:55:20.955631Z[0m [32m INFO[0m [2mreth::cli[0m[2m:[0m RPC HTTP server started [3murl[0m[2m=[0m127.0.0.1:58660
[2m2026-09-11T13:55:20.955667Z[0m [32m INFO[0m [2mreth::cli[0m[2m:[0m RPC auth server started [3murl[0m[2m=[0m127.0.0.1:58661
[2m2026-09-11T13:55:20.955736Z[0m [32m INFO[0m [2mreth::cli[0m[2m:[0m Starting consensus engine
[2m2026-09-11T13:55:21.730378Z[0m [32m INFO[0m [2mpayload_builder[0m[2m:[0m New payload job created [3mid[0m[2m=[0m0x5f98fc884b26da94 [3mparent[0m[2m=[0m0x0aab257fea85931ac0846e88fcbf1630bd74f79e322de046d0257eeda8e7d750
[2m2026-09-11T13:55:21.730391Z[0m [32m INFO[0m [2mreth_node_events::node[0m[2m:[0m Forkchoice updated [3mhead_block_hash[0m[2m=[0m0x0aab257fea85931ac0846e88fcbf1630bd74f79e322de046d0257eeda8e7d750 [3msafe_block_hash[0m[2m=[0m0x0aab257fea85931ac0846e88fcbf1630bd74f79e322de046d0257eeda8e7d750 [3mfinalized_block_hash[0m[2m=[0m0x0aab257fea85931ac0846e88fcbf1630bd74f79e322de046d0257eeda8e7d750
[2m2026-09-11T13:55:21.837277Z[0m [32m INFO[0m [2mreth_node_events::node[0m[2m:[0m Received new payload from consensus engine [3mnumber[0m[2m=[0m1 [3mhash[0m[2m=[0m0x44d47174c522aaf43279c60148f816090a03529d9108dd6833df0ff650373d08
[2m2026-09-11T13:55:21.988888Z[0m [32m INFO[0m [2mengine::tree::payload_validator[0m[2m:[0m State root job finished [3mstrategy[0m[2m=[0m"sparse-trie" [3mstate_root[0m[2m=[0m0x0cdd2e7b0ee3a5468f5fdd2961def7eaef327565db4d319e365198f1fe3c15bd [3melapsed[0m[2m=[0m226.583µs
[2m2026-09-11T13:55:21.989119Z[0m [32m INFO[0m [2mreth_node_events::node[0m[2m:[0m Block added to canonical chain [3mnumber[0m[2m=[0m1 [3mhash[0m[2m=[0m0x44d47174c522aaf43279c60148f816090a03529d9108dd6833df0ff650373d08 [3mpeers[0m[2m=[0m0 [3mtxs[0m[2m=[0m32 [3mgas_used[0m[2m=[0m1.60Mgas [3mgas_throughput[0m[2m=[0m10.57Mgas/second [3mgas_limit[0m[2m=[0m30.03Mgas [3mfull[0m[2m=[0m5.3% [3mbase_fee[0m[2m=[0m0.88Gwei [3mblobs[0m[2m=[0m0 [3mexcess_blobs[0m[2m=[0m0 [3melapsed[0m[2m=[0m151.700723ms
[2m2026-09-11T13:55:21.990121Z[0m [32m INFO[0m [2mreth_node_events::node[0m[2m:[0m Canonical chain committed [3mnumber[0m[2m=[0m1 [3mhash[0m[2m=[0m0x44d47174c522aaf43279c60148f816090a03529d9108dd6833df0ff650373d08 [3melapsed[0m[2m=[0m15µs
[2m2026-09-11T13:55:21.990135Z[0m [32m INFO[0m [2mreth_node_events::node[0m[2m:[0m Forkchoice updated [3mhead_block_hash[0m[2m=[0m0x44d47174c522aaf43279c60148f816090a03529d9108dd6833df0ff650373d08 [3msafe_block_hash[0m[2m=[0m0x44d47174c522aaf43279c60148f816090a03529d9108dd6833df0ff650373d08 [3mfinalized_block_hash[0m[2m=[0m0x44d47174c522aaf43279c60148f816090a03529d9108dd6833df0ff650373d08
[2m2026-09-11T13:55:22.883072Z[0m [32m INFO[0m [2mpayload_builder[0m[2m:[0m New payload job created [3mid[0m[2m=[0m0xd0c5ecb9946097a1 [3mparent[0m[2m=[0m0x44d47174c522aaf43279c60148f816090a03529d9108dd6833df0ff650373d08
[2m2026-09-11T13:55:22.988658Z[0m [32m INFO[0m [2mreth_node_events::node[0m[2m:[0m Received new payload from consensus engine [3mnumber[0m[2m=[0m2 [3mhash[0m[2m=[0m0x5c6082930cebfb093ec058ec3f96203a9ed0f7f9fda20c8b62b3378520a7d6d2
[2m2026-09-11T13:55:22.989706Z[0m [32m INFO[0m [2mengine::tree::payload_validator[0m[2m:[0m State root job finished [3mstrategy[0m[2m=[0m"sparse-trie" [3mstate_root[0m[2m=[0m0x9eec012663f3f5d86efefd303b9900405a9758c1a94e27a91183b05c5abdf4ae [3melapsed[0m[2m=[0m191.667µs
[2m2026-09-11T13:55:22.989790Z[0m [32m INFO[0m [2mreth_node_events::node[0m[2m:[0m Block added to canonical chain [3mnumber[0m[2m=[0m2 [3mhash[0m[2m=[0m0x5c6082930cebfb093ec058ec3f96203a9ed0f7f9fda20c8b62b3378520a7d6d2 [3mpeers[0m[2m=[0m0 [3mtxs[0m[2m=[0m32 [3mgas_used[0m[2m=[0m1.60Mgas [3mgas_throughput[0m[2m=[0m1.35Ggas/second [3mgas_limit[0m[2m=[0m30.06Mgas [3mfull[0m[2m=[0m5.3% [3mbase_fee[0m[2m=[0m0.78Gwei [3mblobs[0m[2m=[0m0 [3mexcess_blobs[0m[2m=[0m0 [3melapsed[0m[2m=[0m1.188795ms
[2m2026-09-11T13:55:22.990520Z[0m [32m INFO[0m [2mreth_node_events::node[0m[2m:[0m Canonical chain committed [3mnumber[0m[2m=[0m2 [3mhash[0m[2m=[0m0x5c6082930cebfb093ec058ec3f96203a9ed0f7f9fda20c8b62b3378520a7d6d2 [3melapsed[0m[2m=[0m12.833µs
[2m2026-09-11T13:55:22.990529Z[0m [32m INFO[0m [2mreth_node_events::node[0m[2m:[0m Forkchoice updated [3mhead_block_hash[0m[2m=[0m0x5c6082930cebfb093ec058ec3f96203a9ed0f7f9fda20c8b62b3378520a7d6d2 [3msafe_block_hash[0m[2m=[0m0x5c6082930cebfb093ec058ec3f96203a9ed0f7f9fda20c8b62b3378520a7d6d2 [3mfinalized_block_hash[0m[2m=[0m0x5c6082930cebfb093ec058ec3f96203a9ed0f7f9fda20c8b62b3378520a7d6d2
[2m2026-09-11T13:55:23.808291Z[0m [32m INFO[0m [2mpayload_builder[0m[2m:[0m New payload job created [3mid[0m[2m=[0m0xa01a76ee8c0720a7 [3mparent[0m[2m=[0m0x5c6082930cebfb093ec058ec3f96203a9ed0f7f9fda20c8b62b3378520a7d6d2
[2m2026-09-11T13:55:23.918078Z[0m [32m INFO[0m [2mreth_node_events::node[0m[2m:[0m Received new payload from consensus engine [3mnumber[0m[2m=[0m3 [3mhash[0m[2m=[0m0xf37943854ae7a45ac2f7472fc9f07a48e51bbd0901cae77494625dc89be11bf1
[2m2026-09-11T13:55:23.921006Z[0m [32m INFO[0m [2mengine::tree::payload_validator[0m[2m:[0m State root job finished [3mstrategy[0m[2m=[0m"sparse-trie" [3mstate_root[0m[2m=[0m0x4720873d1c34292b2c1c8f34392b25ea3342eaa2c6c0bfe69d9ce8745226db41 [3melapsed[0m[2m=[0m2.334µs
[2m2026-09-11T13:55:23.921226Z[0m [32m INFO[0m [2mreth_node_events::node[0m[2m:[0m Block added to canonical chain [3mnumber[0m[2m=[0m3 [3mhash[0m[2m=[0m0xf37943854ae7a45ac2f7472fc9f07a48e51bbd0901cae77494625dc89be11bf1 [3mpeers[0m[2m=[0m0 [3mtxs[0m[2m=[0m32 [3mgas_used[0m[2m=[0m1.60Mgas [3mgas_throughput[0m[2m=[0m489.49Mgas/second [3mgas_limit[0m[2m=[0m30.09Mgas [3mfull[0m[2m=[0m5.3% [3mbase_fee[0m[2m=[0m0.69Gwei [3mblobs[0m[2m=[0m0 [3mexcess_blobs[0m[2m=[0m0 [3melapsed[0m[2m=[0m3.275424ms
[2m2026-09-11T13:55:23.921943Z[0m [32m INFO[0m [2mreth_node_events::node[0m[2m:[0m Canonical chain committed [3mnumber[0m[2m=[0m3 [3mhash[0m[2m=[0m0xf37943854ae7a45ac2f7472fc9f07a48e51bbd0901cae77494625dc89be11bf1 [3melapsed[0m[2m=[0m14.208µs
[2m2026-09-11T13:55:23.922009Z[0m [32m INFO[0m [2mreth_node_events::node[0m[2m:[0m Forkchoice updated [3mhead_block_hash[0m[2m=[0m0xf37943854ae7a45ac2f7472fc9f07a48e51bbd0901cae77494625dc89be11bf1 [3msafe_block_hash[0m[2m=[0m0xf37943854ae7a45ac2f7472fc9f07a48e51bbd0901cae77494625dc89be11bf1 [3mfinalized_block_hash[0m[2m=[0m0xf37943854ae7a45ac2f7472fc9f07a48e51bbd0901cae77494625dc89be11bf1
[2m2026-09-11T13:55:23.955751Z[0m [32m INFO[0m [2mreth::cli[0m[2m:[0m Status [3mconnected_peers[0m[2m=[0m0 [3mlatest_block[0m[2m=[0m3
[2m2026-09-11T13:55:24.855920Z[0m [32m INFO[0m [2mpayload_builder[0m[2m:[0m New payload job created [3mid[0m[2m=[0m0x11944e56a858b500 [3mparent[0m[2m=[0m0xf37943854ae7a45ac2f7472fc9f07a48e51bbd0901cae77494625dc89be11bf1
[2m2026-09-11T13:55:24.962675Z[0m [32m INFO[0m [2mreth_node_events::node[0m[2m:[0m Received new payload from consensus engine [3mnumber[0m[2m=[0m4 [3mhash[0m[2m=[0m0xd96ae124943ed70375560668212763f390454716fdeadad87955bb2de6d4b1ca
[2m2026-09-11T13:55:24.964393Z[0m [32m INFO[0m [2mengine::tree::payload_validator[0m[2m:[0m State root job finished [3mstrategy[0m[2m=[0m"sparse-trie" [3mstate_root[0m[2m=[0m0xe81a261cb5f3e63b28b8114cd00cd60f3a51c7d727fa525899f8cc94056f8462 [3melapsed[0m[2m=[0m1.5µs
[2m2026-09-11T13:55:24.964605Z[0m [32m INFO[0m [2mreth_node_events::node[0m[2m:[0m Block added to canonical chain [3mnumber[0m[2m=[0m4 [3mhash[0m[2m=[0m0xd96ae124943ed70375560668212763f390454716fdeadad87955bb2de6d4b1ca [3mpeers[0m[2m=[0m0 [3mtxs[0m[2m=[0m32 [3mgas_used[0m[2m=[0m1.60Mgas [3mgas_throughput[0m[2m=[0m898.61Mgas/second [3mgas_limit[0m[2m=[0m30.12Mgas [3mfull[0m[2m=[0m5.3% [3mbase_fee[0m[2m=[0m0.61Gwei [3mblobs[0m[2m=[0m0 [3mexcess_blobs[0m[2m=[0m0 [3melapsed[0m[2m=[0m1.784171ms
[2m2026-09-11T13:55:24.965182Z[0m [32m INFO[0m [2mreth_node_events::node[0m[2m:[0m Canonical chain committed [3mnumber[0m[2m=[0m4 [3mhash[0m[2m=[0m0xd96ae124943ed70375560668212763f390454716fdeadad87955bb2de6d4b1ca [3melapsed[0m[2m=[0m17.667µs
[2m2026-09-11T13:55:24.965202Z[0m [32m INFO[0m [2mreth_node_events::node[0m[2m:[0m Forkchoice updated [3mhead_block_hash[0m[2m=[0m0xd96ae124943ed70375560668212763f390454716fdeadad87955bb2de6d4b1ca [3msafe_block_hash[0m[2m=[0m0xd96ae124943ed70375560668212763f390454716fdeadad87955bb2de6d4b1ca [3mfinalized_block_hash[0m[2m=[0m0xd96ae124943ed70375560668212763f390454716fdeadad87955bb2de6d4b1ca
[2m2026-09-11T13:55:24.967776Z[0m [32m INFO[0m [2mreth::cli[0m[2m:[0m Received SIGTERM
[2m2026-09-11T13:55:24.968545Z[0m [32m INFO[0m [2mreth::cli[0m[2m:[0m Wrote network peers to file [3mpeers_file[0m[2m=[0m"<repo>/.tmp/approval-runs/compare-three_calls-0-legacy-6pkrbdo5/data/known-peers.json"
