[2m2026-09-11T13:55:12.012215Z[0m [32m INFO[0m [2mreth::cli[0m[2m:[0m Initialized tracing, debug log directory: <repo>/.tmp/approval-runs/compare-single_storage_write-2-legacy-m9o4h4e0/logs/anvil-hardhat
[2m2026-09-11T13:55:12.212514Z[0m [32m INFO[0m [2mreth::cli[0m[2m:[0m Starting Reth [3mversion[0m[2m=[0m"2.5.2 (5a6940e)"
[2m2026-09-11T13:55:12.212603Z[0m [32m INFO[0m [2mreth::cli[0m[2m:[0m Opening database [3mpath[0m[2m=[0m"<repo>/.tmp/approval-runs/compare-single_storage_write-2-legacy-m9o4h4e0/data/db"
[2m2026-09-11T13:55:12.217735Z[0m [32m INFO[0m [2mreth::cli[0m[2m:[0m Configuration loaded [3mpath[0m[2m=[0m"<repo>/.tmp/approval-runs/compare-single_storage_write-2-legacy-m9o4h4e0/data/reth.toml"
[2m2026-09-11T13:55:12.218117Z[0m [33m WARN[0m [2mproviders::rocksdb[0m[2m:[0m RocksDB will not keep all files open; performance may be reduced [3mfile_descriptor_limit[0m[2m=[0mSome(122880) [3mthreshold[0m[2m=[0m131072 [3mmax_open_files[0m[2m=[0m512
[2m2026-09-11T13:55:12.231970Z[0m [32m INFO[0m [1mcheck_consistency[0m[2m:[0m [2mreth::cli[0m[2m:[0m Healing static file inconsistencies.
[2m2026-09-11T13:55:12.309160Z[0m [32m INFO[0m [1mcheck_consistency[0m[2m:[0m[1mcheck_consistency[0m[1m{[0m[3mread_only[0m[2m=[0mfalse[1m}[0m[2m:[0m [2mreth::cli[0m[2m:[0m Verifying storage consistency.
[2m2026-09-11T13:55:12.309283Z[0m [32m INFO[0m [2mreth::cli[0m[2m:[0m Database opened
[2m2026-09-11T13:55:12.488943Z[0m [32m INFO[0m [2mreth::cli[0m[2m:[0m 
Pre-merge hard forks (block based):
- Frontier                         @0
- Homestead                        @0
- Tangerine                        @0
- SpuriousDragon                   @0
- Byzantium                        @0
- Constantinople                   @0
- Petersburg                       @0
- Istanbul                         @0
- Berlin                           @0
- London                           @0
Merge hard forks:
- Paris                            @0 (network is known to be merged)
Post-merge hard forks (timestamp based):
- Shanghai                         @0
[2m2026-09-11T13:55:12.488976Z[0m [32m INFO[0m [2mreth::cli[0m[2m:[0m Loaded storage settings [3msettings[0m[2m=[0mStorageSettings { storage_v2: true } [3mpruning_mode[0m[2m=[0m"archive"
[2m2026-09-11T13:55:12.489343Z[0m [32m INFO[0m [2mreth::cli[0m[2m:[0m Transaction pool initialized
[2m2026-09-11T13:55:12.497849Z[0m [32m INFO[0m [2mreth::cli[0m[2m:[0m P2P networking initialized [3menode[0m[2m=[0menode://84966d431068a56dd45b480622e811050ccdceeb94c88cfa7c506257603bc32fe41b9df76c96a3f41eec3883cd060f7b7154caedf46a6f9c6186442f85128067@127.0.0.1:58344
[2m2026-09-11T13:55:12.498026Z[0m [32m INFO[0m [2mreth::cli[0m[2m:[0m StaticFileProducer initialized
[2m2026-09-11T13:55:12.498160Z[0m [32m INFO[0m [2mreth::cli[0m[2m:[0m Pruner initialized [3mprune_config[0m[2m=[0mPruneConfig { block_interval: 5, segments: PruneModes { sender_recovery: None, transaction_lookup: None, receipts: None, account_history: None, storage_history: None, bodies_history: None, receipts_log_filter: ReceiptsLogPruneConfig({}) }, minimum_pruning_distance: 10064 }
[2m2026-09-11T13:55:12.498617Z[0m [32m INFO[0m [2mreth::cli[0m[2m:[0m Consensus engine initialized
[2m2026-09-11T13:55:12.498679Z[0m [32m INFO[0m [2mreth::cli[0m[2m:[0m Engine API handler initialized
[2m2026-09-11T13:55:12.499403Z[0m [32m INFO[0m [2mreth::cli[0m[2m:[0m RPC HTTP server started [3murl[0m[2m=[0m127.0.0.1:58336
[2m2026-09-11T13:55:12.499441Z[0m [32m INFO[0m [2mreth::cli[0m[2m:[0m RPC auth server started [3murl[0m[2m=[0m127.0.0.1:58337
[2m2026-09-11T13:55:12.499513Z[0m [32m INFO[0m [2mreth::cli[0m[2m:[0m Starting consensus engine
[2m2026-09-11T13:55:13.269244Z[0m [32m INFO[0m [2mpayload_builder[0m[2m:[0m New payload job created [3mid[0m[2m=[0m0x5f98fc884b26da94 [3mparent[0m[2m=[0m0x0aab257fea85931ac0846e88fcbf1630bd74f79e322de046d0257eeda8e7d750
[2m2026-09-11T13:55:13.269298Z[0m [32m INFO[0m [2mreth_node_events::node[0m[2m:[0m Forkchoice updated [3mhead_block_hash[0m[2m=[0m0x0aab257fea85931ac0846e88fcbf1630bd74f79e322de046d0257eeda8e7d750 [3msafe_block_hash[0m[2m=[0m0x0aab257fea85931ac0846e88fcbf1630bd74f79e322de046d0257eeda8e7d750 [3mfinalized_block_hash[0m[2m=[0m0x0aab257fea85931ac0846e88fcbf1630bd74f79e322de046d0257eeda8e7d750
[2m2026-09-11T13:55:13.376943Z[0m [32m INFO[0m [2mreth_node_events::node[0m[2m:[0m Received new payload from consensus engine [3mnumber[0m[2m=[0m1 [3mhash[0m[2m=[0m0xa7cff7b7c0bcac8bf55960dcb29bdd5bb08f43b6374672361feec9fea92178af
[2m2026-09-11T13:55:13.537170Z[0m [32m INFO[0m [2mengine::tree::payload_validator[0m[2m:[0m State root job finished [3mstrategy[0m[2m=[0m"sparse-trie" [3mstate_root[0m[2m=[0m0x39e5058c2337040d7bbd9acb12adb7a777efc7c61b4f5f1b265685aae557e28e [3melapsed[0m[2m=[0m1.284796ms
[2m2026-09-11T13:55:13.537614Z[0m [32m INFO[0m [2mreth_node_events::node[0m[2m:[0m Block added to canonical chain [3mnumber[0m[2m=[0m1 [3mhash[0m[2m=[0m0xa7cff7b7c0bcac8bf55960dcb29bdd5bb08f43b6374672361feec9fea92178af [3mpeers[0m[2m=[0m0 [3mtxs[0m[2m=[0m32 [3mgas_used[0m[2m=[0m1.40Mgas [3mgas_throughput[0m[2m=[0m8.73Mgas/second [3mgas_limit[0m[2m=[0m30.03Mgas [3mfull[0m[2m=[0m4.7% [3mbase_fee[0m[2m=[0m0.88Gwei [3mblobs[0m[2m=[0m0 [3mexcess_blobs[0m[2m=[0m0 [3melapsed[0m[2m=[0m160.388151ms
[2m2026-09-11T13:55:13.539461Z[0m [32m INFO[0m [2mreth_node_events::node[0m[2m:[0m Canonical chain committed [3mnumber[0m[2m=[0m1 [3mhash[0m[2m=[0m0xa7cff7b7c0bcac8bf55960dcb29bdd5bb08f43b6374672361feec9fea92178af [3melapsed[0m[2m=[0m18.708µs
[2m2026-09-11T13:55:13.539475Z[0m [32m INFO[0m [2mreth_node_events::node[0m[2m:[0m Forkchoice updated [3mhead_block_hash[0m[2m=[0m0xa7cff7b7c0bcac8bf55960dcb29bdd5bb08f43b6374672361feec9fea92178af [3msafe_block_hash[0m[2m=[0m0xa7cff7b7c0bcac8bf55960dcb29bdd5bb08f43b6374672361feec9fea92178af [3mfinalized_block_hash[0m[2m=[0m0xa7cff7b7c0bcac8bf55960dcb29bdd5bb08f43b6374672361feec9fea92178af
[2m2026-09-11T13:55:14.343515Z[0m [32m INFO[0m [2mpayload_builder[0m[2m:[0m New payload job created [3mid[0m[2m=[0m0x5e0025b62b77d9cb [3mparent[0m[2m=[0m0xa7cff7b7c0bcac8bf55960dcb29bdd5bb08f43b6374672361feec9fea92178af
[2m2026-09-11T13:55:14.449783Z[0m [32m INFO[0m [2mreth_node_events::node[0m[2m:[0m Received new payload from consensus engine [3mnumber[0m[2m=[0m2 [3mhash[0m[2m=[0m0x917466c6d5fe6005edd5239c1e37af380d7205dfcf23086452eb50d679a4f40e
[2m2026-09-11T13:55:14.450855Z[0m [32m INFO[0m [2mengine::tree::payload_validator[0m[2m:[0m State root job finished [3mstrategy[0m[2m=[0m"sparse-trie" [3mstate_root[0m[2m=[0m0x074bad6d7a07451757d0e3808be03302169ac1efde4c14a188398fb100ed70bf [3melapsed[0m[2m=[0m57.375µs
[2m2026-09-11T13:55:14.450945Z[0m [32m INFO[0m [2mreth_node_events::node[0m[2m:[0m Block added to canonical chain [3mnumber[0m[2m=[0m2 [3mhash[0m[2m=[0m0x917466c6d5fe6005edd5239c1e37af380d7205dfcf23086452eb50d679a4f40e [3mpeers[0m[2m=[0m0 [3mtxs[0m[2m=[0m32 [3mgas_used[0m[2m=[0m1.40Mgas [3mgas_throughput[0m[2m=[0m1.24Ggas/second [3mgas_limit[0m[2m=[0m30.06Mgas [3mfull[0m[2m=[0m4.7% [3mbase_fee[0m[2m=[0m0.78Gwei [3mblobs[0m[2m=[0m0 [3mexcess_blobs[0m[2m=[0m0 [3melapsed[0m[2m=[0m1.130921ms
[2m2026-09-11T13:55:14.451725Z[0m [32m INFO[0m [2mreth_node_events::node[0m[2m:[0m Canonical chain committed [3mnumber[0m[2m=[0m2 [3mhash[0m[2m=[0m0x917466c6d5fe6005edd5239c1e37af380d7205dfcf23086452eb50d679a4f40e [3melapsed[0m[2m=[0m24.291µs
[2m2026-09-11T13:55:14.451762Z[0m [32m INFO[0m [2mreth_node_events::node[0m[2m:[0m Forkchoice updated [3mhead_block_hash[0m[2m=[0m0x917466c6d5fe6005edd5239c1e37af380d7205dfcf23086452eb50d679a4f40e [3msafe_block_hash[0m[2m=[0m0x917466c6d5fe6005edd5239c1e37af380d7205dfcf23086452eb50d679a4f40e [3mfinalized_block_hash[0m[2m=[0m0x917466c6d5fe6005edd5239c1e37af380d7205dfcf23086452eb50d679a4f40e
[2m2026-09-11T13:55:15.177304Z[0m [32m INFO[0m [2mpayload_builder[0m[2m:[0m New payload job created [3mid[0m[2m=[0m0x58cf2b8de4184d2d [3mparent[0m[2m=[0m0x917466c6d5fe6005edd5239c1e37af380d7205dfcf23086452eb50d679a4f40e
[2m2026-09-11T13:55:15.279687Z[0m [32m INFO[0m [2mreth_node_events::node[0m[2m:[0m Received new payload from consensus engine [3mnumber[0m[2m=[0m3 [3mhash[0m[2m=[0m0x0ce3d8068301d6c44ee378466facd6337637722f5cc7bce93359da7c2572b2cd
[2m2026-09-11T13:55:15.281295Z[0m [32m INFO[0m [2mengine::tree::payload_validator[0m[2m:[0m State root job finished [3mstrategy[0m[2m=[0m"sparse-trie" [3mstate_root[0m[2m=[0m0xf5be2aa2ec9fc2d0c56bc5360e813e36e401cfd2830e0a9777bef26e7296f376 [3melapsed[0m[2m=[0m116.333µs
[2m2026-09-11T13:55:15.281462Z[0m [32m INFO[0m [2mreth_node_events::node[0m[2m:[0m Block added to canonical chain [3mnumber[0m[2m=[0m3 [3mhash[0m[2m=[0m0x0ce3d8068301d6c44ee378466facd6337637722f5cc7bce93359da7c2572b2cd [3mpeers[0m[2m=[0m0 [3mtxs[0m[2m=[0m32 [3mgas_used[0m[2m=[0m1.40Mgas [3mgas_throughput[0m[2m=[0m839.24Mgas/second [3mgas_limit[0m[2m=[0m30.09Mgas [3mfull[0m[2m=[0m4.7% [3mbase_fee[0m[2m=[0m0.69Gwei [3mblobs[0m[2m=[0m0 [3mexcess_blobs[0m[2m=[0m0 [3melapsed[0m[2m=[0m1.667631ms
[2m2026-09-11T13:55:15.282174Z[0m [32m INFO[0m [2mreth_node_events::node[0m[2m:[0m Canonical chain committed [3mnumber[0m[2m=[0m3 [3mhash[0m[2m=[0m0x0ce3d8068301d6c44ee378466facd6337637722f5cc7bce93359da7c2572b2cd [3melapsed[0m[2m=[0m16.251µs
[2m2026-09-11T13:55:15.282189Z[0m [32m INFO[0m [2mreth_node_events::node[0m[2m:[0m Forkchoice updated [3mhead_block_hash[0m[2m=[0m0x0ce3d8068301d6c44ee378466facd6337637722f5cc7bce93359da7c2572b2cd [3msafe_block_hash[0m[2m=[0m0x0ce3d8068301d6c44ee378466facd6337637722f5cc7bce93359da7c2572b2cd [3mfinalized_block_hash[0m[2m=[0m0x0ce3d8068301d6c44ee378466facd6337637722f5cc7bce93359da7c2572b2cd
[2m2026-09-11T13:55:15.500519Z[0m [32m INFO[0m [2mreth::cli[0m[2m:[0m Status [3mconnected_peers[0m[2m=[0m0 [3mlatest_block[0m[2m=[0m3
[2m2026-09-11T13:55:16.040628Z[0m [32m INFO[0m [2mpayload_builder[0m[2m:[0m New payload job created [3mid[0m[2m=[0m0xef4b438cae9c8816 [3mparent[0m[2m=[0m0x0ce3d8068301d6c44ee378466facd6337637722f5cc7bce93359da7c2572b2cd
[2m2026-09-11T13:55:16.144916Z[0m [32m INFO[0m [2mreth_node_events::node[0m[2m:[0m Received new payload from consensus engine [3mnumber[0m[2m=[0m4 [3mhash[0m[2m=[0m0x812f225ab8c7d984e7e333442c509730f1eb92ed0d7f94577b4f57b379dbe0af
[2m2026-09-11T13:55:16.146182Z[0m [32m INFO[0m [2mengine::tree::payload_validator[0m[2m:[0m State root job finished [3mstrategy[0m[2m=[0m"sparse-trie" [3mstate_root[0m[2m=[0m0xe1cc22c5f2bcac0d9e61d5fcabcbcad1611f41f29494c36f3dcbe2110e0304bf [3melapsed[0m[2m=[0m113.542µs
[2m2026-09-11T13:55:16.146257Z[0m [32m INFO[0m [2mreth_node_events::node[0m[2m:[0m Block added to canonical chain [3mnumber[0m[2m=[0m4 [3mhash[0m[2m=[0m0x812f225ab8c7d984e7e333442c509730f1eb92ed0d7f94577b4f57b379dbe0af [3mpeers[0m[2m=[0m0 [3mtxs[0m[2m=[0m32 [3mgas_used[0m[2m=[0m1.40Mgas [3mgas_throughput[0m[2m=[0m1.06Ggas/second [3mgas_limit[0m[2m=[0m30.12Mgas [3mfull[0m[2m=[0m4.6% [3mbase_fee[0m[2m=[0m0.61Gwei [3mblobs[0m[2m=[0m0 [3mexcess_blobs[0m[2m=[0m0 [3melapsed[0m[2m=[0m1.321796ms
[2m2026-09-11T13:55:16.146910Z[0m [32m INFO[0m [2mreth_node_events::node[0m[2m:[0m Canonical chain committed [3mnumber[0m[2m=[0m4 [3mhash[0m[2m=[0m0x812f225ab8c7d984e7e333442c509730f1eb92ed0d7f94577b4f57b379dbe0af [3melapsed[0m[2m=[0m18.667µs
[2m2026-09-11T13:55:16.146934Z[0m [32m INFO[0m [2mreth_node_events::node[0m[2m:[0m Forkchoice updated [3mhead_block_hash[0m[2m=[0m0x812f225ab8c7d984e7e333442c509730f1eb92ed0d7f94577b4f57b379dbe0af [3msafe_block_hash[0m[2m=[0m0x812f225ab8c7d984e7e333442c509730f1eb92ed0d7f94577b4f57b379dbe0af [3mfinalized_block_hash[0m[2m=[0m0x812f225ab8c7d984e7e333442c509730f1eb92ed0d7f94577b4f57b379dbe0af
[2m2026-09-11T13:55:16.149412Z[0m [32m INFO[0m [2mreth::cli[0m[2m:[0m Received SIGTERM
[2m2026-09-11T13:55:16.149789Z[0m [32m INFO[0m [2mreth::cli[0m[2m:[0m Wrote network peers to file [3mpeers_file[0m[2m=[0m"<repo>/.tmp/approval-runs/compare-single_storage_write-2-legacy-m9o4h4e0/data/known-peers.json"
