[2m2026-09-11T13:56:13.176944Z[0m [32m INFO[0m [2mreth::cli[0m[2m:[0m Initialized tracing, debug log directory: <repo>/.tmp/approval-runs/compare-eighteen_calls-0-direct-736ruoaa/logs/anvil-hardhat
[2m2026-09-11T13:56:13.377179Z[0m [32m INFO[0m [2mreth::cli[0m[2m:[0m Starting Reth [3mversion[0m[2m=[0m"2.5.2 (5a6940e)"
[2m2026-09-11T13:56:13.377270Z[0m [32m INFO[0m [2mreth::cli[0m[2m:[0m Opening database [3mpath[0m[2m=[0m"<repo>/.tmp/approval-runs/compare-eighteen_calls-0-direct-736ruoaa/data/db"
[2m2026-09-11T13:56:13.386670Z[0m [32m INFO[0m [2mreth::cli[0m[2m:[0m Configuration loaded [3mpath[0m[2m=[0m"<repo>/.tmp/approval-runs/compare-eighteen_calls-0-direct-736ruoaa/data/reth.toml"
[2m2026-09-11T13:56:13.387110Z[0m [33m WARN[0m [2mproviders::rocksdb[0m[2m:[0m RocksDB will not keep all files open; performance may be reduced [3mfile_descriptor_limit[0m[2m=[0mSome(122880) [3mthreshold[0m[2m=[0m131072 [3mmax_open_files[0m[2m=[0m512
[2m2026-09-11T13:56:13.413041Z[0m [32m INFO[0m [1mcheck_consistency[0m[2m:[0m [2mreth::cli[0m[2m:[0m Healing static file inconsistencies.
[2m2026-09-11T13:56:13.495103Z[0m [32m INFO[0m [1mcheck_consistency[0m[2m:[0m[1mcheck_consistency[0m[1m{[0m[3mread_only[0m[2m=[0mfalse[1m}[0m[2m:[0m [2mreth::cli[0m[2m:[0m Verifying storage consistency.
[2m2026-09-11T13:56:13.495296Z[0m [32m INFO[0m [2mreth::cli[0m[2m:[0m Database opened
[2m2026-09-11T13:56:13.688789Z[0m [32m INFO[0m [2mreth::cli[0m[2m:[0m 
Pre-merge hard forks (block based):
- Frontier                         @0
- Homestead                        @0
- Tangerine                        @0
- SpuriousDragon                   @0
- Byzantium                        @0
- Constantinople                   @0
- Petersburg                       @0
- Istanbul                         @0
- Berlin                           @0
- London                           @0
Merge hard forks:
- Paris                            @0 (network is known to be merged)
Post-merge hard forks (timestamp based):
- Shanghai                         @0
[2m2026-09-11T13:56:13.688817Z[0m [32m INFO[0m [2mreth::cli[0m[2m:[0m Loaded storage settings [3msettings[0m[2m=[0mStorageSettings { storage_v2: true } [3mpruning_mode[0m[2m=[0m"archive"
[2m2026-09-11T13:56:13.689168Z[0m [32m INFO[0m [2mreth::cli[0m[2m:[0m Transaction pool initialized
[2m2026-09-11T13:56:13.699164Z[0m [32m INFO[0m [2mreth::cli[0m[2m:[0m P2P networking initialized [3menode[0m[2m=[0menode://dc3a58cd1d3ec257b73dcab9fadadc4d2012da0f6ed79a13277c92191efc49e166feeded73fd9c49b86bfeb1f6795d2a0bf86a50fded5cabfc6bdc95e128dc55@127.0.0.1:60337
[2m2026-09-11T13:56:13.699325Z[0m [32m INFO[0m [2mreth::cli[0m[2m:[0m StaticFileProducer initialized
[2m2026-09-11T13:56:13.699466Z[0m [32m INFO[0m [2mreth::cli[0m[2m:[0m Pruner initialized [3mprune_config[0m[2m=[0mPruneConfig { block_interval: 5, segments: PruneModes { sender_recovery: None, transaction_lookup: None, receipts: None, account_history: None, storage_history: None, bodies_history: None, receipts_log_filter: ReceiptsLogPruneConfig({}) }, minimum_pruning_distance: 10064 }
[2m2026-09-11T13:56:13.699920Z[0m [32m INFO[0m [2mreth::cli[0m[2m:[0m Consensus engine initialized
[2m2026-09-11T13:56:13.699983Z[0m [32m INFO[0m [2mreth::cli[0m[2m:[0m Engine API handler initialized
[2m2026-09-11T13:56:13.700677Z[0m [32m INFO[0m [2mreth::cli[0m[2m:[0m RPC HTTP server started [3murl[0m[2m=[0m127.0.0.1:60328
[2m2026-09-11T13:56:13.700704Z[0m [32m INFO[0m [2mreth::cli[0m[2m:[0m RPC auth server started [3murl[0m[2m=[0m127.0.0.1:60329
[2m2026-09-11T13:56:13.700761Z[0m [32m INFO[0m [2mreth::cli[0m[2m:[0m Starting consensus engine
[2m2026-09-11T13:56:14.555522Z[0m [32m INFO[0m [2mreth_node_events::node[0m[2m:[0m Forkchoice updated [3mhead_block_hash[0m[2m=[0m0x0aab257fea85931ac0846e88fcbf1630bd74f79e322de046d0257eeda8e7d750 [3msafe_block_hash[0m[2m=[0m0x0aab257fea85931ac0846e88fcbf1630bd74f79e322de046d0257eeda8e7d750 [3mfinalized_block_hash[0m[2m=[0m0x0aab257fea85931ac0846e88fcbf1630bd74f79e322de046d0257eeda8e7d750
[2m2026-09-11T13:56:14.555530Z[0m [32m INFO[0m [2mpayload_builder[0m[2m:[0m New payload job created [3mid[0m[2m=[0m0x5f98fc884b26da94 [3mparent[0m[2m=[0m0x0aab257fea85931ac0846e88fcbf1630bd74f79e322de046d0257eeda8e7d750
[2m2026-09-11T13:56:14.659915Z[0m [32m INFO[0m [2mreth_node_events::node[0m[2m:[0m Received new payload from consensus engine [3mnumber[0m[2m=[0m1 [3mhash[0m[2m=[0m0xaa911ef868b9f321a0a9882c0ca147328a1a310c933b751cb3da0a14a5402784
[2m2026-09-11T13:56:14.817300Z[0m [32m INFO[0m [2mengine::tree::payload_validator[0m[2m:[0m State root job finished [3mstrategy[0m[2m=[0m"sparse-trie" [3mstate_root[0m[2m=[0m0x910cb56bd2e921c972641d6f9d779e6ae7b98ad09d9a72055805a2867c740015 [3melapsed[0m[2m=[0m854.629µs
[2m2026-09-11T13:56:14.817424Z[0m [32m INFO[0m [2mreth_node_events::node[0m[2m:[0m Block added to canonical chain [3mnumber[0m[2m=[0m1 [3mhash[0m[2m=[0m0xaa911ef868b9f321a0a9882c0ca147328a1a310c933b751cb3da0a14a5402784 [3mpeers[0m[2m=[0m0 [3mtxs[0m[2m=[0m32 [3mgas_used[0m[2m=[0m12.59Mgas [3mgas_throughput[0m[2m=[0m79.94Mgas/second [3mgas_limit[0m[2m=[0m30.03Mgas [3mfull[0m[2m=[0m41.9% [3mbase_fee[0m[2m=[0m0.88Gwei [3mblobs[0m[2m=[0m0 [3mexcess_blobs[0m[2m=[0m0 [3melapsed[0m[2m=[0m157.466686ms
[2m2026-09-11T13:56:14.818393Z[0m [32m INFO[0m [2mreth_node_events::node[0m[2m:[0m Canonical chain committed [3mnumber[0m[2m=[0m1 [3mhash[0m[2m=[0m0xaa911ef868b9f321a0a9882c0ca147328a1a310c933b751cb3da0a14a5402784 [3melapsed[0m[2m=[0m24.042µs
[2m2026-09-11T13:56:14.818408Z[0m [32m INFO[0m [2mreth_node_events::node[0m[2m:[0m Forkchoice updated [3mhead_block_hash[0m[2m=[0m0xaa911ef868b9f321a0a9882c0ca147328a1a310c933b751cb3da0a14a5402784 [3msafe_block_hash[0m[2m=[0m0xaa911ef868b9f321a0a9882c0ca147328a1a310c933b751cb3da0a14a5402784 [3mfinalized_block_hash[0m[2m=[0m0xaa911ef868b9f321a0a9882c0ca147328a1a310c933b751cb3da0a14a5402784
[2m2026-09-11T13:56:15.587891Z[0m [32m INFO[0m [2mpayload_builder[0m[2m:[0m New payload job created [3mid[0m[2m=[0m0xf207d7ef29975213 [3mparent[0m[2m=[0m0xaa911ef868b9f321a0a9882c0ca147328a1a310c933b751cb3da0a14a5402784
[2m2026-09-11T13:56:15.692429Z[0m [32m INFO[0m [2mreth_node_events::node[0m[2m:[0m Received new payload from consensus engine [3mnumber[0m[2m=[0m2 [3mhash[0m[2m=[0m0x9c165daf452ef0bae8f1afac74d248e6d43c973768cfc1370d6a1a7573605c43
[2m2026-09-11T13:56:15.695325Z[0m [32m INFO[0m [2mengine::tree::payload_validator[0m[2m:[0m State root job finished [3mstrategy[0m[2m=[0m"sparse-trie" [3mstate_root[0m[2m=[0m0x63708e1b9a25905342e33cb459b31cb257f4574caf355c6fa94ccf00494bcdf5 [3melapsed[0m[2m=[0m665.087µs
[2m2026-09-11T13:56:15.695471Z[0m [32m INFO[0m [2mreth_node_events::node[0m[2m:[0m Block added to canonical chain [3mnumber[0m[2m=[0m2 [3mhash[0m[2m=[0m0x9c165daf452ef0bae8f1afac74d248e6d43c973768cfc1370d6a1a7573605c43 [3mpeers[0m[2m=[0m0 [3mtxs[0m[2m=[0m32 [3mgas_used[0m[2m=[0m12.59Mgas [3mgas_throughput[0m[2m=[0m4.24Ggas/second [3mgas_limit[0m[2m=[0m30.06Mgas [3mfull[0m[2m=[0m41.9% [3mbase_fee[0m[2m=[0m0.86Gwei [3mblobs[0m[2m=[0m0 [3mexcess_blobs[0m[2m=[0m0 [3melapsed[0m[2m=[0m2.969058ms
[2m2026-09-11T13:56:15.696264Z[0m [32m INFO[0m [2mreth_node_events::node[0m[2m:[0m Canonical chain committed [3mnumber[0m[2m=[0m2 [3mhash[0m[2m=[0m0x9c165daf452ef0bae8f1afac74d248e6d43c973768cfc1370d6a1a7573605c43 [3melapsed[0m[2m=[0m22.625µs
[2m2026-09-11T13:56:15.696285Z[0m [32m INFO[0m [2mreth_node_events::node[0m[2m:[0m Forkchoice updated [3mhead_block_hash[0m[2m=[0m0x9c165daf452ef0bae8f1afac74d248e6d43c973768cfc1370d6a1a7573605c43 [3msafe_block_hash[0m[2m=[0m0x9c165daf452ef0bae8f1afac74d248e6d43c973768cfc1370d6a1a7573605c43 [3mfinalized_block_hash[0m[2m=[0m0x9c165daf452ef0bae8f1afac74d248e6d43c973768cfc1370d6a1a7573605c43
[2m2026-09-11T13:56:16.492949Z[0m [32m INFO[0m [2mpayload_builder[0m[2m:[0m New payload job created [3mid[0m[2m=[0m0xce9a8ff9a0526845 [3mparent[0m[2m=[0m0x9c165daf452ef0bae8f1afac74d248e6d43c973768cfc1370d6a1a7573605c43
[2m2026-09-11T13:56:16.599097Z[0m [32m INFO[0m [2mreth_node_events::node[0m[2m:[0m Received new payload from consensus engine [3mnumber[0m[2m=[0m3 [3mhash[0m[2m=[0m0xed97afec5a79933f0dab0d95dcfd8be7f5f534cc150407d24cf27734f51e6eb8
[2m2026-09-11T13:56:16.601671Z[0m [32m INFO[0m [2mengine::tree::payload_validator[0m[2m:[0m State root job finished [3mstrategy[0m[2m=[0m"sparse-trie" [3mstate_root[0m[2m=[0m0x0b295c589307b9add37ab0c6f93b61d9e4e6ac30ae037c4f04b93f446d657059 [3melapsed[0m[2m=[0m667.004µs
[2m2026-09-11T13:56:16.601756Z[0m [32m INFO[0m [2mreth_node_events::node[0m[2m:[0m Block added to canonical chain [3mnumber[0m[2m=[0m3 [3mhash[0m[2m=[0m0xed97afec5a79933f0dab0d95dcfd8be7f5f534cc150407d24cf27734f51e6eb8 [3mpeers[0m[2m=[0m0 [3mtxs[0m[2m=[0m32 [3mgas_used[0m[2m=[0m12.59Mgas [3mgas_throughput[0m[2m=[0m4.76Ggas/second [3mgas_limit[0m[2m=[0m30.09Mgas [3mfull[0m[2m=[0m41.8% [3mbase_fee[0m[2m=[0m0.84Gwei [3mblobs[0m[2m=[0m0 [3mexcess_blobs[0m[2m=[0m0 [3melapsed[0m[2m=[0m2.642931ms
[2m2026-09-11T13:56:16.602486Z[0m [32m INFO[0m [2mreth_node_events::node[0m[2m:[0m Canonical chain committed [3mnumber[0m[2m=[0m3 [3mhash[0m[2m=[0m0xed97afec5a79933f0dab0d95dcfd8be7f5f534cc150407d24cf27734f51e6eb8 [3melapsed[0m[2m=[0m24.25µs
[2m2026-09-11T13:56:16.602507Z[0m [32m INFO[0m [2mreth_node_events::node[0m[2m:[0m Forkchoice updated [3mhead_block_hash[0m[2m=[0m0xed97afec5a79933f0dab0d95dcfd8be7f5f534cc150407d24cf27734f51e6eb8 [3msafe_block_hash[0m[2m=[0m0xed97afec5a79933f0dab0d95dcfd8be7f5f534cc150407d24cf27734f51e6eb8 [3mfinalized_block_hash[0m[2m=[0m0xed97afec5a79933f0dab0d95dcfd8be7f5f534cc150407d24cf27734f51e6eb8
[2m2026-09-11T13:56:16.700799Z[0m [32m INFO[0m [2mreth::cli[0m[2m:[0m Status [3mconnected_peers[0m[2m=[0m0 [3mlatest_block[0m[2m=[0m3
[2m2026-09-11T13:56:17.415091Z[0m [32m INFO[0m [2mpayload_builder[0m[2m:[0m New payload job created [3mid[0m[2m=[0m0x4a62755783ce00e6 [3mparent[0m[2m=[0m0xed97afec5a79933f0dab0d95dcfd8be7f5f534cc150407d24cf27734f51e6eb8
[2m2026-09-11T13:56:17.521769Z[0m [32m INFO[0m [2mreth_node_events::node[0m[2m:[0m Received new payload from consensus engine [3mnumber[0m[2m=[0m4 [3mhash[0m[2m=[0m0x35c772329bfb52d6776849e1d422aef1ea2592bde5512c63793265c72ee17480
[2m2026-09-11T13:56:17.524699Z[0m [32m INFO[0m [2mengine::tree::payload_validator[0m[2m:[0m State root job finished [3mstrategy[0m[2m=[0m"sparse-trie" [3mstate_root[0m[2m=[0m0x4828ba63dd95d1cc86cd829f8732fcbaf0e1bf184b4fd2fdc5de56c619efb1e6 [3melapsed[0m[2m=[0m846.963µs
[2m2026-09-11T13:56:17.524806Z[0m [32m INFO[0m [2mreth_node_events::node[0m[2m:[0m Block added to canonical chain [3mnumber[0m[2m=[0m4 [3mhash[0m[2m=[0m0x35c772329bfb52d6776849e1d422aef1ea2592bde5512c63793265c72ee17480 [3mpeers[0m[2m=[0m0 [3mtxs[0m[2m=[0m32 [3mgas_used[0m[2m=[0m12.59Mgas [3mgas_throughput[0m[2m=[0m4.20Ggas/second [3mgas_limit[0m[2m=[0m30.12Mgas [3mfull[0m[2m=[0m41.8% [3mbase_fee[0m[2m=[0m0.82Gwei [3mblobs[0m[2m=[0m0 [3mexcess_blobs[0m[2m=[0m0 [3melapsed[0m[2m=[0m2.996558ms
[2m2026-09-11T13:56:17.525579Z[0m [32m INFO[0m [2mreth_node_events::node[0m[2m:[0m Canonical chain committed [3mnumber[0m[2m=[0m4 [3mhash[0m[2m=[0m0x35c772329bfb52d6776849e1d422aef1ea2592bde5512c63793265c72ee17480 [3melapsed[0m[2m=[0m25.791µs
[2m2026-09-11T13:56:17.525596Z[0m [32m INFO[0m [2mreth_node_events::node[0m[2m:[0m Forkchoice updated [3mhead_block_hash[0m[2m=[0m0x35c772329bfb52d6776849e1d422aef1ea2592bde5512c63793265c72ee17480 [3msafe_block_hash[0m[2m=[0m0x35c772329bfb52d6776849e1d422aef1ea2592bde5512c63793265c72ee17480 [3mfinalized_block_hash[0m[2m=[0m0x35c772329bfb52d6776849e1d422aef1ea2592bde5512c63793265c72ee17480
[2m2026-09-11T13:56:17.528004Z[0m [32m INFO[0m [2mreth::cli[0m[2m:[0m Received SIGTERM
[2m2026-09-11T13:56:17.528388Z[0m [32m INFO[0m [2mreth::cli[0m[2m:[0m Wrote network peers to file [3mpeers_file[0m[2m=[0m"<repo>/.tmp/approval-runs/compare-eighteen_calls-0-direct-736ruoaa/data/known-peers.json"
