[2m2026-09-11T13:55:53.236155Z[0m [32m INFO[0m [2mreth::cli[0m[2m:[0m Initialized tracing, debug log directory: <repo>/.tmp/approval-runs/compare-three_calls-2-baseline-36x0bsvd/logs/anvil-hardhat
[2m2026-09-11T13:55:53.436311Z[0m [32m INFO[0m [2mreth::cli[0m[2m:[0m Starting Reth [3mversion[0m[2m=[0m"2.5.2 (5a6940e)"
[2m2026-09-11T13:55:53.436342Z[0m [32m INFO[0m [2mreth::cli[0m[2m:[0m Opening database [3mpath[0m[2m=[0m"<repo>/.tmp/approval-runs/compare-three_calls-2-baseline-36x0bsvd/data/db"
[2m2026-09-11T13:55:53.443448Z[0m [32m INFO[0m [2mreth::cli[0m[2m:[0m Configuration loaded [3mpath[0m[2m=[0m"<repo>/.tmp/approval-runs/compare-three_calls-2-baseline-36x0bsvd/data/reth.toml"
[2m2026-09-11T13:55:53.444003Z[0m [33m WARN[0m [2mproviders::rocksdb[0m[2m:[0m RocksDB will not keep all files open; performance may be reduced [3mfile_descriptor_limit[0m[2m=[0mSome(122880) [3mthreshold[0m[2m=[0m131072 [3mmax_open_files[0m[2m=[0m512
[2m2026-09-11T13:55:53.458343Z[0m [32m INFO[0m [1mcheck_consistency[0m[2m:[0m [2mreth::cli[0m[2m:[0m Healing static file inconsistencies.
[2m2026-09-11T13:55:53.551726Z[0m [32m INFO[0m [1mcheck_consistency[0m[2m:[0m[1mcheck_consistency[0m[1m{[0m[3mread_only[0m[2m=[0mfalse[1m}[0m[2m:[0m [2mreth::cli[0m[2m:[0m Verifying storage consistency.
[2m2026-09-11T13:55:53.551872Z[0m [32m INFO[0m [2mreth::cli[0m[2m:[0m Database opened
[2m2026-09-11T13:55:53.774131Z[0m [32m INFO[0m [2mreth::cli[0m[2m:[0m 
Pre-merge hard forks (block based):
- Frontier                         @0
- Homestead                        @0
- Tangerine                        @0
- SpuriousDragon                   @0
- Byzantium                        @0
- Constantinople                   @0
- Petersburg                       @0
- Istanbul                         @0
- Berlin                           @0
- London                           @0
Merge hard forks:
- Paris                            @0 (network is known to be merged)
Post-merge hard forks (timestamp based):
- Shanghai                         @0
[2m2026-09-11T13:55:53.774171Z[0m [32m INFO[0m [2mreth::cli[0m[2m:[0m Loaded storage settings [3msettings[0m[2m=[0mStorageSettings { storage_v2: true } [3mpruning_mode[0m[2m=[0m"archive"
[2m2026-09-11T13:55:53.775014Z[0m [32m INFO[0m [2mreth::cli[0m[2m:[0m Transaction pool initialized
[2m2026-09-11T13:55:53.784827Z[0m [32m INFO[0m [2mreth::cli[0m[2m:[0m P2P networking initialized [3menode[0m[2m=[0menode://35e4e4f27e9e619ae7f4120fab2bfad745e86ff827ea4daf70cf5cbc9bc498b6da5dea8f5bb87bc74e8ed313a2cf0ad83b0dfd0ae48a78c904eaacddf656c20e@127.0.0.1:59667
[2m2026-09-11T13:55:53.785008Z[0m [32m INFO[0m [2mreth::cli[0m[2m:[0m StaticFileProducer initialized
[2m2026-09-11T13:55:53.785228Z[0m [32m INFO[0m [2mreth::cli[0m[2m:[0m Pruner initialized [3mprune_config[0m[2m=[0mPruneConfig { block_interval: 5, segments: PruneModes { sender_recovery: None, transaction_lookup: None, receipts: None, account_history: None, storage_history: None, bodies_history: None, receipts_log_filter: ReceiptsLogPruneConfig({}) }, minimum_pruning_distance: 10064 }
[2m2026-09-11T13:55:53.785898Z[0m [32m INFO[0m [2mreth::cli[0m[2m:[0m Consensus engine initialized
[2m2026-09-11T13:55:53.786064Z[0m [32m INFO[0m [2mreth::cli[0m[2m:[0m Engine API handler initialized
[2m2026-09-11T13:55:53.787225Z[0m [32m INFO[0m [2mreth::cli[0m[2m:[0m RPC HTTP server started [3murl[0m[2m=[0m127.0.0.1:59658
[2m2026-09-11T13:55:53.787276Z[0m [32m INFO[0m [2mreth::cli[0m[2m:[0m RPC auth server started [3murl[0m[2m=[0m127.0.0.1:59659
[2m2026-09-11T13:55:53.787349Z[0m [32m INFO[0m [2mreth::cli[0m[2m:[0m Starting consensus engine
[2m2026-09-11T13:55:55.144761Z[0m [32m INFO[0m [2mpayload_builder[0m[2m:[0m New payload job created [3mid[0m[2m=[0m0x5f98fc884b26da94 [3mparent[0m[2m=[0m0x0aab257fea85931ac0846e88fcbf1630bd74f79e322de046d0257eeda8e7d750
[2m2026-09-11T13:55:55.144787Z[0m [32m INFO[0m [2mreth_node_events::node[0m[2m:[0m Forkchoice updated [3mhead_block_hash[0m[2m=[0m0x0aab257fea85931ac0846e88fcbf1630bd74f79e322de046d0257eeda8e7d750 [3msafe_block_hash[0m[2m=[0m0x0aab257fea85931ac0846e88fcbf1630bd74f79e322de046d0257eeda8e7d750 [3mfinalized_block_hash[0m[2m=[0m0x0aab257fea85931ac0846e88fcbf1630bd74f79e322de046d0257eeda8e7d750
[2m2026-09-11T13:55:55.247661Z[0m [32m INFO[0m [2mreth_node_events::node[0m[2m:[0m Received new payload from consensus engine [3mnumber[0m[2m=[0m1 [3mhash[0m[2m=[0m0x44d47174c522aaf43279c60148f816090a03529d9108dd6833df0ff650373d08
[2m2026-09-11T13:55:55.589521Z[0m [32m INFO[0m [2mengine::tree::payload_validator[0m[2m:[0m State root job finished [3mstrategy[0m[2m=[0m"sparse-trie" [3mstate_root[0m[2m=[0m0x0cdd2e7b0ee3a5468f5fdd2961def7eaef327565db4d319e365198f1fe3c15bd [3melapsed[0m[2m=[0m4.0728ms
[2m2026-09-11T13:55:55.590690Z[0m [32m INFO[0m [2mreth_node_events::node[0m[2m:[0m Block added to canonical chain [3mnumber[0m[2m=[0m1 [3mhash[0m[2m=[0m0x44d47174c522aaf43279c60148f816090a03529d9108dd6833df0ff650373d08 [3mpeers[0m[2m=[0m0 [3mtxs[0m[2m=[0m32 [3mgas_used[0m[2m=[0m1.60Mgas [3mgas_throughput[0m[2m=[0m4.68Mgas/second [3mgas_limit[0m[2m=[0m30.03Mgas [3mfull[0m[2m=[0m5.3% [3mbase_fee[0m[2m=[0m0.88Gwei [3mblobs[0m[2m=[0m0 [3mexcess_blobs[0m[2m=[0m0 [3melapsed[0m[2m=[0m342.604308ms
[2m2026-09-11T13:55:55.591838Z[0m [32m INFO[0m [2mreth_node_events::node[0m[2m:[0m Canonical chain committed [3mnumber[0m[2m=[0m1 [3mhash[0m[2m=[0m0x44d47174c522aaf43279c60148f816090a03529d9108dd6833df0ff650373d08 [3melapsed[0m[2m=[0m20.458µs
[2m2026-09-11T13:55:55.591855Z[0m [32m INFO[0m [2mreth_node_events::node[0m[2m:[0m Forkchoice updated [3mhead_block_hash[0m[2m=[0m0x44d47174c522aaf43279c60148f816090a03529d9108dd6833df0ff650373d08 [3msafe_block_hash[0m[2m=[0m0x44d47174c522aaf43279c60148f816090a03529d9108dd6833df0ff650373d08 [3mfinalized_block_hash[0m[2m=[0m0x44d47174c522aaf43279c60148f816090a03529d9108dd6833df0ff650373d08
[2m2026-09-11T13:55:56.365154Z[0m [32m INFO[0m [2mpayload_builder[0m[2m:[0m New payload job created [3mid[0m[2m=[0m0xd0c5ecb9946097a1 [3mparent[0m[2m=[0m0x44d47174c522aaf43279c60148f816090a03529d9108dd6833df0ff650373d08
[2m2026-09-11T13:55:56.471317Z[0m [32m INFO[0m [2mreth_node_events::node[0m[2m:[0m Received new payload from consensus engine [3mnumber[0m[2m=[0m2 [3mhash[0m[2m=[0m0x5c6082930cebfb093ec058ec3f96203a9ed0f7f9fda20c8b62b3378520a7d6d2
[2m2026-09-11T13:55:56.476037Z[0m [32m INFO[0m [2mengine::tree::payload_validator[0m[2m:[0m State root job finished [3mstrategy[0m[2m=[0m"sparse-trie" [3mstate_root[0m[2m=[0m0x9eec012663f3f5d86efefd303b9900405a9758c1a94e27a91183b05c5abdf4ae [3melapsed[0m[2m=[0m1.792µs
[2m2026-09-11T13:55:56.476135Z[0m [32m INFO[0m [2mreth_node_events::node[0m[2m:[0m Block added to canonical chain [3mnumber[0m[2m=[0m2 [3mhash[0m[2m=[0m0x5c6082930cebfb093ec058ec3f96203a9ed0f7f9fda20c8b62b3378520a7d6d2 [3mpeers[0m[2m=[0m0 [3mtxs[0m[2m=[0m32 [3mgas_used[0m[2m=[0m1.60Mgas [3mgas_throughput[0m[2m=[0m333.16Mgas/second [3mgas_limit[0m[2m=[0m30.06Mgas [3mfull[0m[2m=[0m5.3% [3mbase_fee[0m[2m=[0m0.78Gwei [3mblobs[0m[2m=[0m0 [3mexcess_blobs[0m[2m=[0m0 [3melapsed[0m[2m=[0m4.812301ms
[2m2026-09-11T13:55:56.476962Z[0m [32m INFO[0m [2mreth_node_events::node[0m[2m:[0m Canonical chain committed [3mnumber[0m[2m=[0m2 [3mhash[0m[2m=[0m0x5c6082930cebfb093ec058ec3f96203a9ed0f7f9fda20c8b62b3378520a7d6d2 [3melapsed[0m[2m=[0m16.542µs
[2m2026-09-11T13:55:56.476974Z[0m [32m INFO[0m [2mreth_node_events::node[0m[2m:[0m Forkchoice updated [3mhead_block_hash[0m[2m=[0m0x5c6082930cebfb093ec058ec3f96203a9ed0f7f9fda20c8b62b3378520a7d6d2 [3msafe_block_hash[0m[2m=[0m0x5c6082930cebfb093ec058ec3f96203a9ed0f7f9fda20c8b62b3378520a7d6d2 [3mfinalized_block_hash[0m[2m=[0m0x5c6082930cebfb093ec058ec3f96203a9ed0f7f9fda20c8b62b3378520a7d6d2
[2m2026-09-11T13:55:56.788715Z[0m [32m INFO[0m [2mreth::cli[0m[2m:[0m Status [3mconnected_peers[0m[2m=[0m0 [3mlatest_block[0m[2m=[0m2
[2m2026-09-11T13:55:57.241373Z[0m [32m INFO[0m [2mpayload_builder[0m[2m:[0m New payload job created [3mid[0m[2m=[0m0xa01a76ee8c0720a7 [3mparent[0m[2m=[0m0x5c6082930cebfb093ec058ec3f96203a9ed0f7f9fda20c8b62b3378520a7d6d2
[2m2026-09-11T13:55:57.343745Z[0m [32m INFO[0m [2mreth_node_events::node[0m[2m:[0m Received new payload from consensus engine [3mnumber[0m[2m=[0m3 [3mhash[0m[2m=[0m0xf37943854ae7a45ac2f7472fc9f07a48e51bbd0901cae77494625dc89be11bf1
[2m2026-09-11T13:55:57.345174Z[0m [32m INFO[0m [2mengine::tree::payload_validator[0m[2m:[0m State root job finished [3mstrategy[0m[2m=[0m"sparse-trie" [3mstate_root[0m[2m=[0m0x4720873d1c34292b2c1c8f34392b25ea3342eaa2c6c0bfe69d9ce8745226db41 [3melapsed[0m[2m=[0m56.292µs
[2m2026-09-11T13:55:57.345287Z[0m [32m INFO[0m [2mreth_node_events::node[0m[2m:[0m Block added to canonical chain [3mnumber[0m[2m=[0m3 [3mhash[0m[2m=[0m0xf37943854ae7a45ac2f7472fc9f07a48e51bbd0901cae77494625dc89be11bf1 [3mpeers[0m[2m=[0m0 [3mtxs[0m[2m=[0m32 [3mgas_used[0m[2m=[0m1.60Mgas [3mgas_throughput[0m[2m=[0m1.06Ggas/second [3mgas_limit[0m[2m=[0m30.09Mgas [3mfull[0m[2m=[0m5.3% [3mbase_fee[0m[2m=[0m0.69Gwei [3mblobs[0m[2m=[0m0 [3mexcess_blobs[0m[2m=[0m0 [3melapsed[0m[2m=[0m1.514252ms
[2m2026-09-11T13:55:57.346182Z[0m [32m INFO[0m [2mreth_node_events::node[0m[2m:[0m Canonical chain committed [3mnumber[0m[2m=[0m3 [3mhash[0m[2m=[0m0xf37943854ae7a45ac2f7472fc9f07a48e51bbd0901cae77494625dc89be11bf1 [3melapsed[0m[2m=[0m18.042µs
[2m2026-09-11T13:55:57.346200Z[0m [32m INFO[0m [2mreth_node_events::node[0m[2m:[0m Forkchoice updated [3mhead_block_hash[0m[2m=[0m0xf37943854ae7a45ac2f7472fc9f07a48e51bbd0901cae77494625dc89be11bf1 [3msafe_block_hash[0m[2m=[0m0xf37943854ae7a45ac2f7472fc9f07a48e51bbd0901cae77494625dc89be11bf1 [3mfinalized_block_hash[0m[2m=[0m0xf37943854ae7a45ac2f7472fc9f07a48e51bbd0901cae77494625dc89be11bf1
[2m2026-09-11T13:55:58.227235Z[0m [32m INFO[0m [2mpayload_builder[0m[2m:[0m New payload job created [3mid[0m[2m=[0m0x11944e56a858b500 [3mparent[0m[2m=[0m0xf37943854ae7a45ac2f7472fc9f07a48e51bbd0901cae77494625dc89be11bf1
[2m2026-09-11T13:55:58.333925Z[0m [32m INFO[0m [2mreth_node_events::node[0m[2m:[0m Received new payload from consensus engine [3mnumber[0m[2m=[0m4 [3mhash[0m[2m=[0m0xd96ae124943ed70375560668212763f390454716fdeadad87955bb2de6d4b1ca
[2m2026-09-11T13:55:58.335384Z[0m [32m INFO[0m [2mengine::tree::payload_validator[0m[2m:[0m State root job finished [3mstrategy[0m[2m=[0m"sparse-trie" [3mstate_root[0m[2m=[0m0xe81a261cb5f3e63b28b8114cd00cd60f3a51c7d727fa525899f8cc94056f8462 [3melapsed[0m[2m=[0m43.584µs
[2m2026-09-11T13:55:58.335465Z[0m [32m INFO[0m [2mreth_node_events::node[0m[2m:[0m Block added to canonical chain [3mnumber[0m[2m=[0m4 [3mhash[0m[2m=[0m0xd96ae124943ed70375560668212763f390454716fdeadad87955bb2de6d4b1ca [3mpeers[0m[2m=[0m0 [3mtxs[0m[2m=[0m32 [3mgas_used[0m[2m=[0m1.60Mgas [3mgas_throughput[0m[2m=[0m1.05Ggas/second [3mgas_limit[0m[2m=[0m30.12Mgas [3mfull[0m[2m=[0m5.3% [3mbase_fee[0m[2m=[0m0.61Gwei [3mblobs[0m[2m=[0m0 [3mexcess_blobs[0m[2m=[0m0 [3melapsed[0m[2m=[0m1.521503ms
[2m2026-09-11T13:55:58.336166Z[0m [32m INFO[0m [2mreth_node_events::node[0m[2m:[0m Canonical chain committed [3mnumber[0m[2m=[0m4 [3mhash[0m[2m=[0m0xd96ae124943ed70375560668212763f390454716fdeadad87955bb2de6d4b1ca [3melapsed[0m[2m=[0m18.542µs
[2m2026-09-11T13:55:58.336181Z[0m [32m INFO[0m [2mreth_node_events::node[0m[2m:[0m Forkchoice updated [3mhead_block_hash[0m[2m=[0m0xd96ae124943ed70375560668212763f390454716fdeadad87955bb2de6d4b1ca [3msafe_block_hash[0m[2m=[0m0xd96ae124943ed70375560668212763f390454716fdeadad87955bb2de6d4b1ca [3mfinalized_block_hash[0m[2m=[0m0xd96ae124943ed70375560668212763f390454716fdeadad87955bb2de6d4b1ca
[2m2026-09-11T13:55:58.338635Z[0m [32m INFO[0m [2mreth::cli[0m[2m:[0m Received SIGTERM
[2m2026-09-11T13:55:58.338990Z[0m [32m INFO[0m [2mreth::cli[0m[2m:[0m Wrote network peers to file [3mpeers_file[0m[2m=[0m"<repo>/.tmp/approval-runs/compare-three_calls-2-baseline-36x0bsvd/data/known-peers.json"
