[2m2026-09-11T13:55:43.369519Z[0m [32m INFO[0m [2mreth::cli[0m[2m:[0m Initialized tracing, debug log directory: <repo>/.tmp/approval-runs/compare-three_calls-1-baseline-0od9rk2s/logs/anvil-hardhat
[2m2026-09-11T13:55:43.569797Z[0m [32m INFO[0m [2mreth::cli[0m[2m:[0m Starting Reth [3mversion[0m[2m=[0m"2.5.2 (5a6940e)"
[2m2026-09-11T13:55:43.569872Z[0m [32m INFO[0m [2mreth::cli[0m[2m:[0m Opening database [3mpath[0m[2m=[0m"<repo>/.tmp/approval-runs/compare-three_calls-1-baseline-0od9rk2s/data/db"
[2m2026-09-11T13:55:43.578799Z[0m [32m INFO[0m [2mreth::cli[0m[2m:[0m Configuration loaded [3mpath[0m[2m=[0m"<repo>/.tmp/approval-runs/compare-three_calls-1-baseline-0od9rk2s/data/reth.toml"
[2m2026-09-11T13:55:43.579453Z[0m [33m WARN[0m [2mproviders::rocksdb[0m[2m:[0m RocksDB will not keep all files open; performance may be reduced [3mfile_descriptor_limit[0m[2m=[0mSome(122880) [3mthreshold[0m[2m=[0m131072 [3mmax_open_files[0m[2m=[0m512
[2m2026-09-11T13:55:43.606292Z[0m [32m INFO[0m [1mcheck_consistency[0m[2m:[0m [2mreth::cli[0m[2m:[0m Healing static file inconsistencies.
[2m2026-09-11T13:55:43.692592Z[0m [32m INFO[0m [1mcheck_consistency[0m[2m:[0m[1mcheck_consistency[0m[1m{[0m[3mread_only[0m[2m=[0mfalse[1m}[0m[2m:[0m [2mreth::cli[0m[2m:[0m Verifying storage consistency.
[2m2026-09-11T13:55:43.692852Z[0m [32m INFO[0m [2mreth::cli[0m[2m:[0m Database opened
[2m2026-09-11T13:55:43.891859Z[0m [32m INFO[0m [2mreth::cli[0m[2m:[0m 
Pre-merge hard forks (block based):
- Frontier                         @0
- Homestead                        @0
- Tangerine                        @0
- SpuriousDragon                   @0
- Byzantium                        @0
- Constantinople                   @0
- Petersburg                       @0
- Istanbul                         @0
- Berlin                           @0
- London                           @0
Merge hard forks:
- Paris                            @0 (network is known to be merged)
Post-merge hard forks (timestamp based):
- Shanghai                         @0
[2m2026-09-11T13:55:43.891915Z[0m [32m INFO[0m [2mreth::cli[0m[2m:[0m Loaded storage settings [3msettings[0m[2m=[0mStorageSettings { storage_v2: true } [3mpruning_mode[0m[2m=[0m"archive"
[2m2026-09-11T13:55:43.892566Z[0m [32m INFO[0m [2mreth::cli[0m[2m:[0m Transaction pool initialized
[2m2026-09-11T13:55:43.905947Z[0m [32m INFO[0m [2mreth::cli[0m[2m:[0m P2P networking initialized [3menode[0m[2m=[0menode://d67cd20b12868dcd4eb79e3e06a91c2d380b7ed0d990a6794c89e61a237a939c06fb732ff384c8745244943bc897705fd6636ad1c50cf00af221563e36414024@127.0.0.1:59336
[2m2026-09-11T13:55:43.906158Z[0m [32m INFO[0m [2mreth::cli[0m[2m:[0m StaticFileProducer initialized
[2m2026-09-11T13:55:43.906486Z[0m [32m INFO[0m [2mreth::cli[0m[2m:[0m Pruner initialized [3mprune_config[0m[2m=[0mPruneConfig { block_interval: 5, segments: PruneModes { sender_recovery: None, transaction_lookup: None, receipts: None, account_history: None, storage_history: None, bodies_history: None, receipts_log_filter: ReceiptsLogPruneConfig({}) }, minimum_pruning_distance: 10064 }
[2m2026-09-11T13:55:43.907438Z[0m [32m INFO[0m [2mreth::cli[0m[2m:[0m Consensus engine initialized
[2m2026-09-11T13:55:43.907558Z[0m [32m INFO[0m [2mreth::cli[0m[2m:[0m Engine API handler initialized
[2m2026-09-11T13:55:43.908726Z[0m [32m INFO[0m [2mreth::cli[0m[2m:[0m RPC HTTP server started [3murl[0m[2m=[0m127.0.0.1:59327
[2m2026-09-11T13:55:43.908808Z[0m [32m INFO[0m [2mreth::cli[0m[2m:[0m RPC auth server started [3murl[0m[2m=[0m127.0.0.1:59328
[2m2026-09-11T13:55:43.908932Z[0m [32m INFO[0m [2mreth::cli[0m[2m:[0m Starting consensus engine
[2m2026-09-11T13:55:45.362235Z[0m [32m INFO[0m [2mreth_node_events::node[0m[2m:[0m Forkchoice updated [3mhead_block_hash[0m[2m=[0m0x0aab257fea85931ac0846e88fcbf1630bd74f79e322de046d0257eeda8e7d750 [3msafe_block_hash[0m[2m=[0m0x0aab257fea85931ac0846e88fcbf1630bd74f79e322de046d0257eeda8e7d750 [3mfinalized_block_hash[0m[2m=[0m0x0aab257fea85931ac0846e88fcbf1630bd74f79e322de046d0257eeda8e7d750
[2m2026-09-11T13:55:45.362236Z[0m [32m INFO[0m [2mpayload_builder[0m[2m:[0m New payload job created [3mid[0m[2m=[0m0x5f98fc884b26da94 [3mparent[0m[2m=[0m0x0aab257fea85931ac0846e88fcbf1630bd74f79e322de046d0257eeda8e7d750
[2m2026-09-11T13:55:45.468863Z[0m [32m INFO[0m [2mreth_node_events::node[0m[2m:[0m Received new payload from consensus engine [3mnumber[0m[2m=[0m1 [3mhash[0m[2m=[0m0x44d47174c522aaf43279c60148f816090a03529d9108dd6833df0ff650373d08
[2m2026-09-11T13:55:45.626374Z[0m [32m INFO[0m [2mengine::tree::payload_validator[0m[2m:[0m State root job finished [3mstrategy[0m[2m=[0m"sparse-trie" [3mstate_root[0m[2m=[0m0x0cdd2e7b0ee3a5468f5fdd2961def7eaef327565db4d319e365198f1fe3c15bd [3melapsed[0m[2m=[0m1.833µs
[2m2026-09-11T13:55:45.626518Z[0m [32m INFO[0m [2mreth_node_events::node[0m[2m:[0m Block added to canonical chain [3mnumber[0m[2m=[0m1 [3mhash[0m[2m=[0m0x44d47174c522aaf43279c60148f816090a03529d9108dd6833df0ff650373d08 [3mpeers[0m[2m=[0m0 [3mtxs[0m[2m=[0m32 [3mgas_used[0m[2m=[0m1.60Mgas [3mgas_throughput[0m[2m=[0m10.17Mgas/second [3mgas_limit[0m[2m=[0m30.03Mgas [3mfull[0m[2m=[0m5.3% [3mbase_fee[0m[2m=[0m0.88Gwei [3mblobs[0m[2m=[0m0 [3mexcess_blobs[0m[2m=[0m0 [3melapsed[0m[2m=[0m157.650115ms
[2m2026-09-11T13:55:45.627472Z[0m [32m INFO[0m [2mreth_node_events::node[0m[2m:[0m Canonical chain committed [3mnumber[0m[2m=[0m1 [3mhash[0m[2m=[0m0x44d47174c522aaf43279c60148f816090a03529d9108dd6833df0ff650373d08 [3melapsed[0m[2m=[0m21µs
[2m2026-09-11T13:55:45.627489Z[0m [32m INFO[0m [2mreth_node_events::node[0m[2m:[0m Forkchoice updated [3mhead_block_hash[0m[2m=[0m0x44d47174c522aaf43279c60148f816090a03529d9108dd6833df0ff650373d08 [3msafe_block_hash[0m[2m=[0m0x44d47174c522aaf43279c60148f816090a03529d9108dd6833df0ff650373d08 [3mfinalized_block_hash[0m[2m=[0m0x44d47174c522aaf43279c60148f816090a03529d9108dd6833df0ff650373d08
[2m2026-09-11T13:55:46.398081Z[0m [32m INFO[0m [2mpayload_builder[0m[2m:[0m New payload job created [3mid[0m[2m=[0m0xd0c5ecb9946097a1 [3mparent[0m[2m=[0m0x44d47174c522aaf43279c60148f816090a03529d9108dd6833df0ff650373d08
[2m2026-09-11T13:55:46.500338Z[0m [32m INFO[0m [2mreth_node_events::node[0m[2m:[0m Received new payload from consensus engine [3mnumber[0m[2m=[0m2 [3mhash[0m[2m=[0m0x5c6082930cebfb093ec058ec3f96203a9ed0f7f9fda20c8b62b3378520a7d6d2
[2m2026-09-11T13:55:46.502167Z[0m [32m INFO[0m [2mengine::tree::payload_validator[0m[2m:[0m State root job finished [3mstrategy[0m[2m=[0m"sparse-trie" [3mstate_root[0m[2m=[0m0x9eec012663f3f5d86efefd303b9900405a9758c1a94e27a91183b05c5abdf4ae [3melapsed[0m[2m=[0m84.751µs
[2m2026-09-11T13:55:46.502284Z[0m [32m INFO[0m [2mreth_node_events::node[0m[2m:[0m Block added to canonical chain [3mnumber[0m[2m=[0m2 [3mhash[0m[2m=[0m0x5c6082930cebfb093ec058ec3f96203a9ed0f7f9fda20c8b62b3378520a7d6d2 [3mpeers[0m[2m=[0m0 [3mtxs[0m[2m=[0m32 [3mgas_used[0m[2m=[0m1.60Mgas [3mgas_throughput[0m[2m=[0m829.44Mgas/second [3mgas_limit[0m[2m=[0m30.06Mgas [3mfull[0m[2m=[0m5.3% [3mbase_fee[0m[2m=[0m0.78Gwei [3mblobs[0m[2m=[0m0 [3mexcess_blobs[0m[2m=[0m0 [3melapsed[0m[2m=[0m1.932966ms
[2m2026-09-11T13:55:46.503065Z[0m [32m INFO[0m [2mreth_node_events::node[0m[2m:[0m Canonical chain committed [3mnumber[0m[2m=[0m2 [3mhash[0m[2m=[0m0x5c6082930cebfb093ec058ec3f96203a9ed0f7f9fda20c8b62b3378520a7d6d2 [3melapsed[0m[2m=[0m14.292µs
[2m2026-09-11T13:55:46.503094Z[0m [32m INFO[0m [2mreth_node_events::node[0m[2m:[0m Forkchoice updated [3mhead_block_hash[0m[2m=[0m0x5c6082930cebfb093ec058ec3f96203a9ed0f7f9fda20c8b62b3378520a7d6d2 [3msafe_block_hash[0m[2m=[0m0x5c6082930cebfb093ec058ec3f96203a9ed0f7f9fda20c8b62b3378520a7d6d2 [3mfinalized_block_hash[0m[2m=[0m0x5c6082930cebfb093ec058ec3f96203a9ed0f7f9fda20c8b62b3378520a7d6d2
[2m2026-09-11T13:55:46.909232Z[0m [32m INFO[0m [2mreth::cli[0m[2m:[0m Status [3mconnected_peers[0m[2m=[0m0 [3mlatest_block[0m[2m=[0m2
[2m2026-09-11T13:55:47.268688Z[0m [32m INFO[0m [2mpayload_builder[0m[2m:[0m New payload job created [3mid[0m[2m=[0m0xa01a76ee8c0720a7 [3mparent[0m[2m=[0m0x5c6082930cebfb093ec058ec3f96203a9ed0f7f9fda20c8b62b3378520a7d6d2
[2m2026-09-11T13:55:47.375545Z[0m [32m INFO[0m [2mreth_node_events::node[0m[2m:[0m Received new payload from consensus engine [3mnumber[0m[2m=[0m3 [3mhash[0m[2m=[0m0xf37943854ae7a45ac2f7472fc9f07a48e51bbd0901cae77494625dc89be11bf1
[2m2026-09-11T13:55:47.377074Z[0m [32m INFO[0m [2mengine::tree::payload_validator[0m[2m:[0m State root job finished [3mstrategy[0m[2m=[0m"sparse-trie" [3mstate_root[0m[2m=[0m0x4720873d1c34292b2c1c8f34392b25ea3342eaa2c6c0bfe69d9ce8745226db41 [3melapsed[0m[2m=[0m126.417µs
[2m2026-09-11T13:55:47.377146Z[0m [32m INFO[0m [2mreth_node_events::node[0m[2m:[0m Block added to canonical chain [3mnumber[0m[2m=[0m3 [3mhash[0m[2m=[0m0xf37943854ae7a45ac2f7472fc9f07a48e51bbd0901cae77494625dc89be11bf1 [3mpeers[0m[2m=[0m0 [3mtxs[0m[2m=[0m32 [3mgas_used[0m[2m=[0m1.60Mgas [3mgas_throughput[0m[2m=[0m1.01Ggas/second [3mgas_limit[0m[2m=[0m30.09Mgas [3mfull[0m[2m=[0m5.3% [3mbase_fee[0m[2m=[0m0.69Gwei [3mblobs[0m[2m=[0m0 [3mexcess_blobs[0m[2m=[0m0 [3melapsed[0m[2m=[0m1.587632ms
[2m2026-09-11T13:55:47.377822Z[0m [32m INFO[0m [2mreth_node_events::node[0m[2m:[0m Canonical chain committed [3mnumber[0m[2m=[0m3 [3mhash[0m[2m=[0m0xf37943854ae7a45ac2f7472fc9f07a48e51bbd0901cae77494625dc89be11bf1 [3melapsed[0m[2m=[0m14.583µs
[2m2026-09-11T13:55:47.377837Z[0m [32m INFO[0m [2mreth_node_events::node[0m[2m:[0m Forkchoice updated [3mhead_block_hash[0m[2m=[0m0xf37943854ae7a45ac2f7472fc9f07a48e51bbd0901cae77494625dc89be11bf1 [3msafe_block_hash[0m[2m=[0m0xf37943854ae7a45ac2f7472fc9f07a48e51bbd0901cae77494625dc89be11bf1 [3mfinalized_block_hash[0m[2m=[0m0xf37943854ae7a45ac2f7472fc9f07a48e51bbd0901cae77494625dc89be11bf1
[2m2026-09-11T13:55:48.134935Z[0m [32m INFO[0m [2mpayload_builder[0m[2m:[0m New payload job created [3mid[0m[2m=[0m0x11944e56a858b500 [3mparent[0m[2m=[0m0xf37943854ae7a45ac2f7472fc9f07a48e51bbd0901cae77494625dc89be11bf1
[2m2026-09-11T13:55:48.241995Z[0m [32m INFO[0m [2mreth_node_events::node[0m[2m:[0m Received new payload from consensus engine [3mnumber[0m[2m=[0m4 [3mhash[0m[2m=[0m0xd96ae124943ed70375560668212763f390454716fdeadad87955bb2de6d4b1ca
[2m2026-09-11T13:55:48.243404Z[0m [32m INFO[0m [2mengine::tree::payload_validator[0m[2m:[0m State root job finished [3mstrategy[0m[2m=[0m"sparse-trie" [3mstate_root[0m[2m=[0m0xe81a261cb5f3e63b28b8114cd00cd60f3a51c7d727fa525899f8cc94056f8462 [3melapsed[0m[2m=[0m37.834µs
[2m2026-09-11T13:55:48.243520Z[0m [32m INFO[0m [2mreth_node_events::node[0m[2m:[0m Block added to canonical chain [3mnumber[0m[2m=[0m4 [3mhash[0m[2m=[0m0xd96ae124943ed70375560668212763f390454716fdeadad87955bb2de6d4b1ca [3mpeers[0m[2m=[0m0 [3mtxs[0m[2m=[0m32 [3mgas_used[0m[2m=[0m1.60Mgas [3mgas_throughput[0m[2m=[0m1.10Ggas/second [3mgas_limit[0m[2m=[0m30.12Mgas [3mfull[0m[2m=[0m5.3% [3mbase_fee[0m[2m=[0m0.61Gwei [3mblobs[0m[2m=[0m0 [3mexcess_blobs[0m[2m=[0m0 [3melapsed[0m[2m=[0m1.46159ms
[2m2026-09-11T13:55:48.244262Z[0m [32m INFO[0m [2mreth_node_events::node[0m[2m:[0m Canonical chain committed [3mnumber[0m[2m=[0m4 [3mhash[0m[2m=[0m0xd96ae124943ed70375560668212763f390454716fdeadad87955bb2de6d4b1ca [3melapsed[0m[2m=[0m15.083µs
[2m2026-09-11T13:55:48.244274Z[0m [32m INFO[0m [2mreth_node_events::node[0m[2m:[0m Forkchoice updated [3mhead_block_hash[0m[2m=[0m0xd96ae124943ed70375560668212763f390454716fdeadad87955bb2de6d4b1ca [3msafe_block_hash[0m[2m=[0m0xd96ae124943ed70375560668212763f390454716fdeadad87955bb2de6d4b1ca [3mfinalized_block_hash[0m[2m=[0m0xd96ae124943ed70375560668212763f390454716fdeadad87955bb2de6d4b1ca
[2m2026-09-11T13:55:48.246888Z[0m [32m INFO[0m [2mreth::cli[0m[2m:[0m Received SIGTERM
[2m2026-09-11T13:55:48.248745Z[0m [32m INFO[0m [2mreth::cli[0m[2m:[0m Wrote network peers to file [3mpeers_file[0m[2m=[0m"<repo>/.tmp/approval-runs/compare-three_calls-1-baseline-0od9rk2s/data/known-peers.json"
