[2m2026-09-11T13:56:22.185229Z[0m [32m INFO[0m [2mreth::cli[0m[2m:[0m Initialized tracing, debug log directory: <repo>/.tmp/approval-runs/compare-eighteen_calls-1-direct-mnp1xuvo/logs/anvil-hardhat
[2m2026-09-11T13:56:22.385480Z[0m [32m INFO[0m [2mreth::cli[0m[2m:[0m Starting Reth [3mversion[0m[2m=[0m"2.5.2 (5a6940e)"
[2m2026-09-11T13:56:22.385558Z[0m [32m INFO[0m [2mreth::cli[0m[2m:[0m Opening database [3mpath[0m[2m=[0m"<repo>/.tmp/approval-runs/compare-eighteen_calls-1-direct-mnp1xuvo/data/db"
[2m2026-09-11T13:56:22.390415Z[0m [32m INFO[0m [2mreth::cli[0m[2m:[0m Configuration loaded [3mpath[0m[2m=[0m"<repo>/.tmp/approval-runs/compare-eighteen_calls-1-direct-mnp1xuvo/data/reth.toml"
[2m2026-09-11T13:56:22.390744Z[0m [33m WARN[0m [2mproviders::rocksdb[0m[2m:[0m RocksDB will not keep all files open; performance may be reduced [3mfile_descriptor_limit[0m[2m=[0mSome(122880) [3mthreshold[0m[2m=[0m131072 [3mmax_open_files[0m[2m=[0m512
[2m2026-09-11T13:56:22.403986Z[0m [32m INFO[0m [1mcheck_consistency[0m[2m:[0m [2mreth::cli[0m[2m:[0m Healing static file inconsistencies.
[2m2026-09-11T13:56:22.485334Z[0m [32m INFO[0m [1mcheck_consistency[0m[2m:[0m[1mcheck_consistency[0m[1m{[0m[3mread_only[0m[2m=[0mfalse[1m}[0m[2m:[0m [2mreth::cli[0m[2m:[0m Verifying storage consistency.
[2m2026-09-11T13:56:22.485503Z[0m [32m INFO[0m [2mreth::cli[0m[2m:[0m Database opened
[2m2026-09-11T13:56:22.673921Z[0m [32m INFO[0m [2mreth::cli[0m[2m:[0m 
Pre-merge hard forks (block based):
- Frontier                         @0
- Homestead                        @0
- Tangerine                        @0
- SpuriousDragon                   @0
- Byzantium                        @0
- Constantinople                   @0
- Petersburg                       @0
- Istanbul                         @0
- Berlin                           @0
- London                           @0
Merge hard forks:
- Paris                            @0 (network is known to be merged)
Post-merge hard forks (timestamp based):
- Shanghai                         @0
[2m2026-09-11T13:56:22.673947Z[0m [32m INFO[0m [2mreth::cli[0m[2m:[0m Loaded storage settings [3msettings[0m[2m=[0mStorageSettings { storage_v2: true } [3mpruning_mode[0m[2m=[0m"archive"
[2m2026-09-11T13:56:22.674289Z[0m [32m INFO[0m [2mreth::cli[0m[2m:[0m Transaction pool initialized
[2m2026-09-11T13:56:22.683534Z[0m [32m INFO[0m [2mreth::cli[0m[2m:[0m P2P networking initialized [3menode[0m[2m=[0menode://1fbaa87db806f3b5712354acb7bd0410fa26565a508ae6418b4e824b50cd87e7a3a8a6e8cc7578cec8cbdd163b72d7ec15c142cf48c3c65f9a573d789d850abe@127.0.0.1:60661
[2m2026-09-11T13:56:22.683714Z[0m [32m INFO[0m [2mreth::cli[0m[2m:[0m StaticFileProducer initialized
[2m2026-09-11T13:56:22.683865Z[0m [32m INFO[0m [2mreth::cli[0m[2m:[0m Pruner initialized [3mprune_config[0m[2m=[0mPruneConfig { block_interval: 5, segments: PruneModes { sender_recovery: None, transaction_lookup: None, receipts: None, account_history: None, storage_history: None, bodies_history: None, receipts_log_filter: ReceiptsLogPruneConfig({}) }, minimum_pruning_distance: 10064 }
[2m2026-09-11T13:56:22.684405Z[0m [32m INFO[0m [2mreth::cli[0m[2m:[0m Consensus engine initialized
[2m2026-09-11T13:56:22.684482Z[0m [32m INFO[0m [2mreth::cli[0m[2m:[0m Engine API handler initialized
[2m2026-09-11T13:56:22.685251Z[0m [32m INFO[0m [2mreth::cli[0m[2m:[0m RPC HTTP server started [3murl[0m[2m=[0m127.0.0.1:60653
[2m2026-09-11T13:56:22.685284Z[0m [32m INFO[0m [2mreth::cli[0m[2m:[0m RPC auth server started [3murl[0m[2m=[0m127.0.0.1:60654
[2m2026-09-11T13:56:22.685373Z[0m [32m INFO[0m [2mreth::cli[0m[2m:[0m Starting consensus engine
[2m2026-09-11T13:56:23.456901Z[0m [32m INFO[0m [2mpayload_builder[0m[2m:[0m New payload job created [3mid[0m[2m=[0m0x5f98fc884b26da94 [3mparent[0m[2m=[0m0x0aab257fea85931ac0846e88fcbf1630bd74f79e322de046d0257eeda8e7d750
[2m2026-09-11T13:56:23.456907Z[0m [32m INFO[0m [2mreth_node_events::node[0m[2m:[0m Forkchoice updated [3mhead_block_hash[0m[2m=[0m0x0aab257fea85931ac0846e88fcbf1630bd74f79e322de046d0257eeda8e7d750 [3msafe_block_hash[0m[2m=[0m0x0aab257fea85931ac0846e88fcbf1630bd74f79e322de046d0257eeda8e7d750 [3mfinalized_block_hash[0m[2m=[0m0x0aab257fea85931ac0846e88fcbf1630bd74f79e322de046d0257eeda8e7d750
[2m2026-09-11T13:56:23.559121Z[0m [32m INFO[0m [2mreth_node_events::node[0m[2m:[0m Received new payload from consensus engine [3mnumber[0m[2m=[0m1 [3mhash[0m[2m=[0m0xaa911ef868b9f321a0a9882c0ca147328a1a310c933b751cb3da0a14a5402784
[2m2026-09-11T13:56:23.718233Z[0m [32m INFO[0m [2mengine::tree::payload_validator[0m[2m:[0m State root job finished [3mstrategy[0m[2m=[0m"sparse-trie" [3mstate_root[0m[2m=[0m0x910cb56bd2e921c972641d6f9d779e6ae7b98ad09d9a72055805a2867c740015 [3melapsed[0m[2m=[0m655.711µs
[2m2026-09-11T13:56:23.718369Z[0m [32m INFO[0m [2mreth_node_events::node[0m[2m:[0m Block added to canonical chain [3mnumber[0m[2m=[0m1 [3mhash[0m[2m=[0m0xaa911ef868b9f321a0a9882c0ca147328a1a310c933b751cb3da0a14a5402784 [3mpeers[0m[2m=[0m0 [3mtxs[0m[2m=[0m32 [3mgas_used[0m[2m=[0m12.59Mgas [3mgas_throughput[0m[2m=[0m79.08Mgas/second [3mgas_limit[0m[2m=[0m30.03Mgas [3mfull[0m[2m=[0m41.9% [3mbase_fee[0m[2m=[0m0.88Gwei [3mblobs[0m[2m=[0m0 [3mexcess_blobs[0m[2m=[0m0 [3melapsed[0m[2m=[0m159.177197ms
[2m2026-09-11T13:56:23.719395Z[0m [32m INFO[0m [2mreth_node_events::node[0m[2m:[0m Canonical chain committed [3mnumber[0m[2m=[0m1 [3mhash[0m[2m=[0m0xaa911ef868b9f321a0a9882c0ca147328a1a310c933b751cb3da0a14a5402784 [3melapsed[0m[2m=[0m29.25µs
[2m2026-09-11T13:56:23.719413Z[0m [32m INFO[0m [2mreth_node_events::node[0m[2m:[0m Forkchoice updated [3mhead_block_hash[0m[2m=[0m0xaa911ef868b9f321a0a9882c0ca147328a1a310c933b751cb3da0a14a5402784 [3msafe_block_hash[0m[2m=[0m0xaa911ef868b9f321a0a9882c0ca147328a1a310c933b751cb3da0a14a5402784 [3mfinalized_block_hash[0m[2m=[0m0xaa911ef868b9f321a0a9882c0ca147328a1a310c933b751cb3da0a14a5402784
[2m2026-09-11T13:56:24.491870Z[0m [32m INFO[0m [2mpayload_builder[0m[2m:[0m New payload job created [3mid[0m[2m=[0m0xf207d7ef29975213 [3mparent[0m[2m=[0m0xaa911ef868b9f321a0a9882c0ca147328a1a310c933b751cb3da0a14a5402784
[2m2026-09-11T13:56:24.596142Z[0m [32m INFO[0m [2mreth_node_events::node[0m[2m:[0m Received new payload from consensus engine [3mnumber[0m[2m=[0m2 [3mhash[0m[2m=[0m0x9c165daf452ef0bae8f1afac74d248e6d43c973768cfc1370d6a1a7573605c43
[2m2026-09-11T13:56:24.598654Z[0m [32m INFO[0m [2mengine::tree::payload_validator[0m[2m:[0m State root job finished [3mstrategy[0m[2m=[0m"sparse-trie" [3mstate_root[0m[2m=[0m0x63708e1b9a25905342e33cb459b31cb257f4574caf355c6fa94ccf00494bcdf5 [3melapsed[0m[2m=[0m629.669µs
[2m2026-09-11T13:56:24.598748Z[0m [32m INFO[0m [2mreth_node_events::node[0m[2m:[0m Block added to canonical chain [3mnumber[0m[2m=[0m2 [3mhash[0m[2m=[0m0x9c165daf452ef0bae8f1afac74d248e6d43c973768cfc1370d6a1a7573605c43 [3mpeers[0m[2m=[0m0 [3mtxs[0m[2m=[0m32 [3mgas_used[0m[2m=[0m12.59Mgas [3mgas_throughput[0m[2m=[0m4.90Ggas/second [3mgas_limit[0m[2m=[0m30.06Mgas [3mfull[0m[2m=[0m41.9% [3mbase_fee[0m[2m=[0m0.86Gwei [3mblobs[0m[2m=[0m0 [3mexcess_blobs[0m[2m=[0m0 [3melapsed[0m[2m=[0m2.567134ms
[2m2026-09-11T13:56:24.599446Z[0m [32m INFO[0m [2mreth_node_events::node[0m[2m:[0m Canonical chain committed [3mnumber[0m[2m=[0m2 [3mhash[0m[2m=[0m0x9c165daf452ef0bae8f1afac74d248e6d43c973768cfc1370d6a1a7573605c43 [3melapsed[0m[2m=[0m20.417µs
[2m2026-09-11T13:56:24.599458Z[0m [32m INFO[0m [2mreth_node_events::node[0m[2m:[0m Forkchoice updated [3mhead_block_hash[0m[2m=[0m0x9c165daf452ef0bae8f1afac74d248e6d43c973768cfc1370d6a1a7573605c43 [3msafe_block_hash[0m[2m=[0m0x9c165daf452ef0bae8f1afac74d248e6d43c973768cfc1370d6a1a7573605c43 [3mfinalized_block_hash[0m[2m=[0m0x9c165daf452ef0bae8f1afac74d248e6d43c973768cfc1370d6a1a7573605c43
[2m2026-09-11T13:56:25.375923Z[0m [32m INFO[0m [2mpayload_builder[0m[2m:[0m New payload job created [3mid[0m[2m=[0m0xce9a8ff9a0526845 [3mparent[0m[2m=[0m0x9c165daf452ef0bae8f1afac74d248e6d43c973768cfc1370d6a1a7573605c43
[2m2026-09-11T13:56:25.480566Z[0m [32m INFO[0m [2mreth_node_events::node[0m[2m:[0m Received new payload from consensus engine [3mnumber[0m[2m=[0m3 [3mhash[0m[2m=[0m0xed97afec5a79933f0dab0d95dcfd8be7f5f534cc150407d24cf27734f51e6eb8
[2m2026-09-11T13:56:25.483356Z[0m [32m INFO[0m [2mengine::tree::payload_validator[0m[2m:[0m State root job finished [3mstrategy[0m[2m=[0m"sparse-trie" [3mstate_root[0m[2m=[0m0x0b295c589307b9add37ab0c6f93b61d9e4e6ac30ae037c4f04b93f446d657059 [3melapsed[0m[2m=[0m838.503µs
[2m2026-09-11T13:56:25.483452Z[0m [32m INFO[0m [2mreth_node_events::node[0m[2m:[0m Block added to canonical chain [3mnumber[0m[2m=[0m3 [3mhash[0m[2m=[0m0xed97afec5a79933f0dab0d95dcfd8be7f5f534cc150407d24cf27734f51e6eb8 [3mpeers[0m[2m=[0m0 [3mtxs[0m[2m=[0m32 [3mgas_used[0m[2m=[0m12.59Mgas [3mgas_throughput[0m[2m=[0m4.39Ggas/second [3mgas_limit[0m[2m=[0m30.09Mgas [3mfull[0m[2m=[0m41.8% [3mbase_fee[0m[2m=[0m0.84Gwei [3mblobs[0m[2m=[0m0 [3mexcess_blobs[0m[2m=[0m0 [3melapsed[0m[2m=[0m2.86501ms
[2m2026-09-11T13:56:25.484120Z[0m [32m INFO[0m [2mreth_node_events::node[0m[2m:[0m Canonical chain committed [3mnumber[0m[2m=[0m3 [3mhash[0m[2m=[0m0xed97afec5a79933f0dab0d95dcfd8be7f5f534cc150407d24cf27734f51e6eb8 [3melapsed[0m[2m=[0m22.333µs
[2m2026-09-11T13:56:25.484148Z[0m [32m INFO[0m [2mreth_node_events::node[0m[2m:[0m Forkchoice updated [3mhead_block_hash[0m[2m=[0m0xed97afec5a79933f0dab0d95dcfd8be7f5f534cc150407d24cf27734f51e6eb8 [3msafe_block_hash[0m[2m=[0m0xed97afec5a79933f0dab0d95dcfd8be7f5f534cc150407d24cf27734f51e6eb8 [3mfinalized_block_hash[0m[2m=[0m0xed97afec5a79933f0dab0d95dcfd8be7f5f534cc150407d24cf27734f51e6eb8
[2m2026-09-11T13:56:25.685101Z[0m [32m INFO[0m [2mreth::cli[0m[2m:[0m Status [3mconnected_peers[0m[2m=[0m0 [3mlatest_block[0m[2m=[0m3
[2m2026-09-11T13:56:26.248592Z[0m [32m INFO[0m [2mpayload_builder[0m[2m:[0m New payload job created [3mid[0m[2m=[0m0x4a62755783ce00e6 [3mparent[0m[2m=[0m0xed97afec5a79933f0dab0d95dcfd8be7f5f534cc150407d24cf27734f51e6eb8
[2m2026-09-11T13:56:26.353713Z[0m [32m INFO[0m [2mreth_node_events::node[0m[2m:[0m Received new payload from consensus engine [3mnumber[0m[2m=[0m4 [3mhash[0m[2m=[0m0x35c772329bfb52d6776849e1d422aef1ea2592bde5512c63793265c72ee17480
[2m2026-09-11T13:56:26.356178Z[0m [32m INFO[0m [2mengine::tree::payload_validator[0m[2m:[0m State root job finished [3mstrategy[0m[2m=[0m"sparse-trie" [3mstate_root[0m[2m=[0m0x4828ba63dd95d1cc86cd829f8732fcbaf0e1bf184b4fd2fdc5de56c619efb1e6 [3melapsed[0m[2m=[0m571.71µs
[2m2026-09-11T13:56:26.356259Z[0m [32m INFO[0m [2mreth_node_events::node[0m[2m:[0m Block added to canonical chain [3mnumber[0m[2m=[0m4 [3mhash[0m[2m=[0m0x35c772329bfb52d6776849e1d422aef1ea2592bde5512c63793265c72ee17480 [3mpeers[0m[2m=[0m0 [3mtxs[0m[2m=[0m32 [3mgas_used[0m[2m=[0m12.59Mgas [3mgas_throughput[0m[2m=[0m4.98Ggas/second [3mgas_limit[0m[2m=[0m30.12Mgas [3mfull[0m[2m=[0m41.8% [3mbase_fee[0m[2m=[0m0.82Gwei [3mblobs[0m[2m=[0m0 [3mexcess_blobs[0m[2m=[0m0 [3melapsed[0m[2m=[0m2.528926ms
[2m2026-09-11T13:56:26.356975Z[0m [32m INFO[0m [2mreth_node_events::node[0m[2m:[0m Canonical chain committed [3mnumber[0m[2m=[0m4 [3mhash[0m[2m=[0m0x35c772329bfb52d6776849e1d422aef1ea2592bde5512c63793265c72ee17480 [3melapsed[0m[2m=[0m23.209µs
[2m2026-09-11T13:56:26.356987Z[0m [32m INFO[0m [2mreth_node_events::node[0m[2m:[0m Forkchoice updated [3mhead_block_hash[0m[2m=[0m0x35c772329bfb52d6776849e1d422aef1ea2592bde5512c63793265c72ee17480 [3msafe_block_hash[0m[2m=[0m0x35c772329bfb52d6776849e1d422aef1ea2592bde5512c63793265c72ee17480 [3mfinalized_block_hash[0m[2m=[0m0x35c772329bfb52d6776849e1d422aef1ea2592bde5512c63793265c72ee17480
[2m2026-09-11T13:56:26.359556Z[0m [32m INFO[0m [2mreth::cli[0m[2m:[0m Received SIGTERM
[2m2026-09-11T13:56:26.359830Z[0m [32m INFO[0m [2mreth::cli[0m[2m:[0m Wrote network peers to file [3mpeers_file[0m[2m=[0m"<repo>/.tmp/approval-runs/compare-eighteen_calls-1-direct-mnp1xuvo/data/known-peers.json"
