[2m2026-09-11T13:46:47.583454Z[0m [32m INFO[0m [2mreth::cli[0m[2m:[0m Initialized tracing, debug log directory: <repo>/.tmp/approval-runs/fingerprint-cases-z0p7v449/logs/anvil-hardhat
[2m2026-09-11T13:46:47.783767Z[0m [32m INFO[0m [2mreth::cli[0m[2m:[0m Starting Reth [3mversion[0m[2m=[0m"2.5.2 (5a6940e)"
[2m2026-09-11T13:46:47.783798Z[0m [32m INFO[0m [2mreth::cli[0m[2m:[0m Opening database [3mpath[0m[2m=[0m"<repo>/.tmp/approval-runs/fingerprint-cases-z0p7v449/data/db"
[2m2026-09-11T13:46:47.792825Z[0m [32m INFO[0m [2mreth::cli[0m[2m:[0m Configuration loaded [3mpath[0m[2m=[0m"<repo>/.tmp/approval-runs/fingerprint-cases-z0p7v449/data/reth.toml"
[2m2026-09-11T13:46:47.793181Z[0m [33m WARN[0m [2mproviders::rocksdb[0m[2m:[0m RocksDB will not keep all files open; performance may be reduced [3mfile_descriptor_limit[0m[2m=[0mSome(122880) [3mthreshold[0m[2m=[0m131072 [3mmax_open_files[0m[2m=[0m512
[2m2026-09-11T13:46:47.807159Z[0m [32m INFO[0m [1mcheck_consistency[0m[2m:[0m [2mreth::cli[0m[2m:[0m Healing static file inconsistencies.
[2m2026-09-11T13:46:47.900402Z[0m [32m INFO[0m [1mcheck_consistency[0m[2m:[0m[1mcheck_consistency[0m[1m{[0m[3mread_only[0m[2m=[0mfalse[1m}[0m[2m:[0m [2mreth::cli[0m[2m:[0m Verifying storage consistency.
[2m2026-09-11T13:46:47.900532Z[0m [32m INFO[0m [2mreth::cli[0m[2m:[0m Database opened
[2m2026-09-11T13:46:48.115101Z[0m [32m INFO[0m [2mreth::cli[0m[2m:[0m 
Pre-merge hard forks (block based):
- Frontier                         @0
- Homestead                        @0
- Tangerine                        @0
- SpuriousDragon                   @0
- Byzantium                        @0
- Constantinople                   @0
- Petersburg                       @0
- Istanbul                         @0
- Berlin                           @0
- London                           @0
Merge hard forks:
- Paris                            @0 (network is known to be merged)
Post-merge hard forks (timestamp based):
- Shanghai                         @0
[2m2026-09-11T13:46:48.115135Z[0m [32m INFO[0m [2mreth::cli[0m[2m:[0m Loaded storage settings [3msettings[0m[2m=[0mStorageSettings { storage_v2: true } [3mpruning_mode[0m[2m=[0m"archive"
[2m2026-09-11T13:46:48.115593Z[0m [32m INFO[0m [2mreth::cli[0m[2m:[0m Transaction pool initialized
[2m2026-09-11T13:46:48.125818Z[0m [32m INFO[0m [2mreth::cli[0m[2m:[0m P2P networking initialized [3menode[0m[2m=[0menode://5e35dd664ecf71295a3c653bf88fce56b2bcb6d10cc4cb2d7127854e5763fd25dddd48e9ca96340f9b8baeb4f31dc0b7feeb8f2cb3c9908469c13f70dccf6cd3@127.0.0.1:52166
[2m2026-09-11T13:46:48.125965Z[0m [32m INFO[0m [2mreth::cli[0m[2m:[0m StaticFileProducer initialized
[2m2026-09-11T13:46:48.126134Z[0m [32m INFO[0m [2mreth::cli[0m[2m:[0m Pruner initialized [3mprune_config[0m[2m=[0mPruneConfig { block_interval: 5, segments: PruneModes { sender_recovery: None, transaction_lookup: None, receipts: None, account_history: None, storage_history: None, bodies_history: None, receipts_log_filter: ReceiptsLogPruneConfig({}) }, minimum_pruning_distance: 10064 }
[2m2026-09-11T13:46:48.126654Z[0m [32m INFO[0m [2mreth::cli[0m[2m:[0m Consensus engine initialized
[2m2026-09-11T13:46:48.126732Z[0m [32m INFO[0m [2mreth::cli[0m[2m:[0m Engine API handler initialized
[2m2026-09-11T13:46:48.127528Z[0m [32m INFO[0m [2mreth::cli[0m[2m:[0m RPC HTTP server started [3murl[0m[2m=[0m127.0.0.1:52157
[2m2026-09-11T13:46:48.127569Z[0m [32m INFO[0m [2mreth::cli[0m[2m:[0m RPC auth server started [3murl[0m[2m=[0m127.0.0.1:52158
[2m2026-09-11T13:46:48.127634Z[0m [32m INFO[0m [2mreth::cli[0m[2m:[0m Starting consensus engine
[2m2026-09-11T13:46:48.227426Z[0m [32m INFO[0m [2mpayload_builder[0m[2m:[0m New payload job created [3mid[0m[2m=[0m0x5f98fc884b26da94 [3mparent[0m[2m=[0m0x0aab257fea85931ac0846e88fcbf1630bd74f79e322de046d0257eeda8e7d750
[2m2026-09-11T13:46:48.227431Z[0m [32m INFO[0m [2mreth_node_events::node[0m[2m:[0m Forkchoice updated [3mhead_block_hash[0m[2m=[0m0x0aab257fea85931ac0846e88fcbf1630bd74f79e322de046d0257eeda8e7d750 [3msafe_block_hash[0m[2m=[0m0x0aab257fea85931ac0846e88fcbf1630bd74f79e322de046d0257eeda8e7d750 [3mfinalized_block_hash[0m[2m=[0m0x0aab257fea85931ac0846e88fcbf1630bd74f79e322de046d0257eeda8e7d750
OPS_FINGERPRINT_EQUIVALENT 0x5726e5e7c2e832aeac587ded5ffa2e1c6c41d0426e3603a97547373dc5b635e8
OPS_BUILD_TIMING {"approval_stats":{"ready_on_first_seen":1,"verification_ns":46500,"verified":1,"waiting_on_first_seen":0},"block_hash":"0xc1e2b160d6f19e194b9e85761ace21de4886d0caf9663d5e2804de03524ace79","elapsed_ns":274750,"module":true,"profile":null,"transactions":1}
OPS_FINGERPRINT_EQUIVALENT 0x5726e5e7c2e832aeac587ded5ffa2e1c6c41d0426e3603a97547373dc5b635e8
[2m2026-09-11T13:46:48.333732Z[0m [32m INFO[0m [2mreth_node_events::node[0m[2m:[0m Received new payload from consensus engine [3mnumber[0m[2m=[0m1 [3mhash[0m[2m=[0m0xc1e2b160d6f19e194b9e85761ace21de4886d0caf9663d5e2804de03524ace79
[2m2026-09-11T13:46:48.482632Z[0m [32m INFO[0m [2mengine::tree::payload_validator[0m[2m:[0m State root job finished [3mstrategy[0m[2m=[0m"sparse-trie" [3mstate_root[0m[2m=[0m0xf0ae22b9c0b590466e157dfa10541b04fbee88b11c5ef9f9985a7a6cfe5ff72a [3melapsed[0m[2m=[0m177µs
[2m2026-09-11T13:46:48.482764Z[0m [32m INFO[0m [2mreth_node_events::node[0m[2m:[0m Block added to canonical chain [3mnumber[0m[2m=[0m1 [3mhash[0m[2m=[0m0xc1e2b160d6f19e194b9e85761ace21de4886d0caf9663d5e2804de03524ace79 [3mpeers[0m[2m=[0m0 [3mtxs[0m[2m=[0m1 [3mgas_used[0m[2m=[0m43.74Kgas [3mgas_throughput[0m[2m=[0m293.63Kgas/second [3mgas_limit[0m[2m=[0m30.03Mgas [3mfull[0m[2m=[0m0.1% [3mbase_fee[0m[2m=[0m0.88Gwei [3mblobs[0m[2m=[0m0 [3mexcess_blobs[0m[2m=[0m0 [3melapsed[0m[2m=[0m148.950923ms
[2m2026-09-11T13:46:48.483646Z[0m [32m INFO[0m [2mreth_node_events::node[0m[2m:[0m Canonical chain committed [3mnumber[0m[2m=[0m1 [3mhash[0m[2m=[0m0xc1e2b160d6f19e194b9e85761ace21de4886d0caf9663d5e2804de03524ace79 [3melapsed[0m[2m=[0m18.625µs
[2m2026-09-11T13:46:48.483668Z[0m [32m INFO[0m [2mreth_node_events::node[0m[2m:[0m Forkchoice updated [3mhead_block_hash[0m[2m=[0m0xc1e2b160d6f19e194b9e85761ace21de4886d0caf9663d5e2804de03524ace79 [3msafe_block_hash[0m[2m=[0m0xc1e2b160d6f19e194b9e85761ace21de4886d0caf9663d5e2804de03524ace79 [3mfinalized_block_hash[0m[2m=[0m0xc1e2b160d6f19e194b9e85761ace21de4886d0caf9663d5e2804de03524ace79
[2m2026-09-11T13:46:48.509890Z[0m [32m INFO[0m [2mpayload_builder[0m[2m:[0m New payload job created [3mid[0m[2m=[0m0x9aff91fb750ffa3f [3mparent[0m[2m=[0m0xc1e2b160d6f19e194b9e85761ace21de4886d0caf9663d5e2804de03524ace79
OPS_FINGERPRINT_EQUIVALENT 0xdccad63dd231f755e8667272a640a10dcb875969e769352f5cae0d3593b04e78
OPS_BUILD_TIMING {"approval_stats":{"ready_on_first_seen":2,"verification_ns":88709,"verified":2,"waiting_on_first_seen":0},"block_hash":"0xef042cdae804425fec5531e37f9b9afd9811c7f201cd6447ad8b303c1e1a7cca","elapsed_ns":238500,"module":true,"profile":null,"transactions":1}
OPS_FINGERPRINT_EQUIVALENT 0xdccad63dd231f755e8667272a640a10dcb875969e769352f5cae0d3593b04e78
[2m2026-09-11T13:46:48.616290Z[0m [32m INFO[0m [2mreth_node_events::node[0m[2m:[0m Received new payload from consensus engine [3mnumber[0m[2m=[0m2 [3mhash[0m[2m=[0m0xef042cdae804425fec5531e37f9b9afd9811c7f201cd6447ad8b303c1e1a7cca
[2m2026-09-11T13:46:48.616813Z[0m [32m INFO[0m [2mengine::tree::payload_validator[0m[2m:[0m State root job finished [3mstrategy[0m[2m=[0m"sparse-trie" [3mstate_root[0m[2m=[0m0x982f45f78e5f5984f56b45d1104ca1355f304b39ecb99acabbf267317cfdd49e [3melapsed[0m[2m=[0m137.293µs
[2m2026-09-11T13:46:48.616917Z[0m [32m INFO[0m [2mreth_node_events::node[0m[2m:[0m Block added to canonical chain [3mnumber[0m[2m=[0m2 [3mhash[0m[2m=[0m0xef042cdae804425fec5531e37f9b9afd9811c7f201cd6447ad8b303c1e1a7cca [3mpeers[0m[2m=[0m0 [3mtxs[0m[2m=[0m1 [3mgas_used[0m[2m=[0m21.82Kgas [3mgas_throughput[0m[2m=[0m35.03Mgas/second [3mgas_limit[0m[2m=[0m30.06Mgas [3mfull[0m[2m=[0m0.1% [3mbase_fee[0m[2m=[0m0.77Gwei [3mblobs[0m[2m=[0m0 [3mexcess_blobs[0m[2m=[0m0 [3melapsed[0m[2m=[0m623.085µs
[2m2026-09-11T13:46:48.617413Z[0m [32m INFO[0m [2mreth_node_events::node[0m[2m:[0m Canonical chain committed [3mnumber[0m[2m=[0m2 [3mhash[0m[2m=[0m0xef042cdae804425fec5531e37f9b9afd9811c7f201cd6447ad8b303c1e1a7cca [3melapsed[0m[2m=[0m13.334µs
[2m2026-09-11T13:46:48.617427Z[0m [32m INFO[0m [2mreth_node_events::node[0m[2m:[0m Forkchoice updated [3mhead_block_hash[0m[2m=[0m0xef042cdae804425fec5531e37f9b9afd9811c7f201cd6447ad8b303c1e1a7cca [3msafe_block_hash[0m[2m=[0m0xef042cdae804425fec5531e37f9b9afd9811c7f201cd6447ad8b303c1e1a7cca [3mfinalized_block_hash[0m[2m=[0m0xef042cdae804425fec5531e37f9b9afd9811c7f201cd6447ad8b303c1e1a7cca
[2m2026-09-11T13:46:48.642908Z[0m [32m INFO[0m [2mpayload_builder[0m[2m:[0m New payload job created [3mid[0m[2m=[0m0xda30cc5c78037546 [3mparent[0m[2m=[0m0xef042cdae804425fec5531e37f9b9afd9811c7f201cd6447ad8b303c1e1a7cca
OPS_FINGERPRINT_EQUIVALENT 0x96a7cf55bd86ee11b036f50f1d78caf0201f1661a3530a61f715835ca622a49c
OPS_BUILD_TIMING {"approval_stats":{"ready_on_first_seen":3,"verification_ns":130709,"verified":3,"waiting_on_first_seen":0},"block_hash":"0xf2667c2d88d0830dd759e7f2e5647535a88401e2a363913e4addeba045c26a4e","elapsed_ns":168792,"module":true,"profile":null,"transactions":1}
OPS_FINGERPRINT_EQUIVALENT 0x96a7cf55bd86ee11b036f50f1d78caf0201f1661a3530a61f715835ca622a49c
[2m2026-09-11T13:46:48.749025Z[0m [32m INFO[0m [2mreth_node_events::node[0m[2m:[0m Received new payload from consensus engine [3mnumber[0m[2m=[0m3 [3mhash[0m[2m=[0m0xf2667c2d88d0830dd759e7f2e5647535a88401e2a363913e4addeba045c26a4e
[2m2026-09-11T13:46:48.749317Z[0m [32m INFO[0m [2mengine::tree::payload_validator[0m[2m:[0m State root job finished [3mstrategy[0m[2m=[0m"sparse-trie" [3mstate_root[0m[2m=[0m0xaa0c10e1bd326129a1f87b0ff88b3bfa4765254f3953af5a73f826e5a855a298 [3melapsed[0m[2m=[0m46.208µs
[2m2026-09-11T13:46:48.749551Z[0m [32m INFO[0m [2mreth_node_events::node[0m[2m:[0m Block added to canonical chain [3mnumber[0m[2m=[0m3 [3mhash[0m[2m=[0m0xf2667c2d88d0830dd759e7f2e5647535a88401e2a363913e4addeba045c26a4e [3mpeers[0m[2m=[0m0 [3mtxs[0m[2m=[0m1 [3mgas_used[0m[2m=[0m23.82Kgas [3mgas_throughput[0m[2m=[0m46.82Mgas/second [3mgas_limit[0m[2m=[0m30.09Mgas [3mfull[0m[2m=[0m0.1% [3mbase_fee[0m[2m=[0m0.67Gwei [3mblobs[0m[2m=[0m0 [3mexcess_blobs[0m[2m=[0m0 [3melapsed[0m[2m=[0m508.918µs
[2m2026-09-11T13:46:48.750113Z[0m [32m INFO[0m [2mreth_node_events::node[0m[2m:[0m Canonical chain committed [3mnumber[0m[2m=[0m3 [3mhash[0m[2m=[0m0xf2667c2d88d0830dd759e7f2e5647535a88401e2a363913e4addeba045c26a4e [3melapsed[0m[2m=[0m13.334µs
[2m2026-09-11T13:46:48.750128Z[0m [32m INFO[0m [2mreth_node_events::node[0m[2m:[0m Forkchoice updated [3mhead_block_hash[0m[2m=[0m0xf2667c2d88d0830dd759e7f2e5647535a88401e2a363913e4addeba045c26a4e [3msafe_block_hash[0m[2m=[0m0xf2667c2d88d0830dd759e7f2e5647535a88401e2a363913e4addeba045c26a4e [3mfinalized_block_hash[0m[2m=[0m0xf2667c2d88d0830dd759e7f2e5647535a88401e2a363913e4addeba045c26a4e
[2m2026-09-11T13:46:48.776219Z[0m [32m INFO[0m [2mpayload_builder[0m[2m:[0m New payload job created [3mid[0m[2m=[0m0x339cbbf4aaf96424 [3mparent[0m[2m=[0m0xf2667c2d88d0830dd759e7f2e5647535a88401e2a363913e4addeba045c26a4e
OPS_FINGERPRINT_EQUIVALENT 0xe2da6aca2ff5ec7dc8bfe7cf2815115b93cd5b4f9168e59dcb6185b71ad50423
OPS_BUILD_TIMING {"approval_stats":{"ready_on_first_seen":4,"verification_ns":182084,"verified":4,"waiting_on_first_seen":0},"block_hash":"0x1c79d8ee6215dbe89f238ea86ac0a69dafeac1c84e1f41e7d70b08e2d5c8e13e","elapsed_ns":210125,"module":true,"profile":null,"transactions":1}
OPS_FINGERPRINT_EQUIVALENT 0xe2da6aca2ff5ec7dc8bfe7cf2815115b93cd5b4f9168e59dcb6185b71ad50423
[2m2026-09-11T13:46:48.882264Z[0m [32m INFO[0m [2mreth_node_events::node[0m[2m:[0m Received new payload from consensus engine [3mnumber[0m[2m=[0m4 [3mhash[0m[2m=[0m0x1c79d8ee6215dbe89f238ea86ac0a69dafeac1c84e1f41e7d70b08e2d5c8e13e
[2m2026-09-11T13:46:48.882692Z[0m [32m INFO[0m [2mengine::tree::payload_validator[0m[2m:[0m State root job finished [3mstrategy[0m[2m=[0m"sparse-trie" [3mstate_root[0m[2m=[0m0x7e5f75d5ef3d2d28135f0cd33519da306bdb550dc2dee85f6670c81f814f995a [3melapsed[0m[2m=[0m94.417µs
[2m2026-09-11T13:46:48.882814Z[0m [32m INFO[0m [2mreth_node_events::node[0m[2m:[0m Block added to canonical chain [3mnumber[0m[2m=[0m4 [3mhash[0m[2m=[0m0x1c79d8ee6215dbe89f238ea86ac0a69dafeac1c84e1f41e7d70b08e2d5c8e13e [3mpeers[0m[2m=[0m0 [3mtxs[0m[2m=[0m1 [3mgas_used[0m[2m=[0m23.64Kgas [3mgas_throughput[0m[2m=[0m47.90Mgas/second [3mgas_limit[0m[2m=[0m30.12Mgas [3mfull[0m[2m=[0m0.1% [3mbase_fee[0m[2m=[0m0.59Gwei [3mblobs[0m[2m=[0m0 [3mexcess_blobs[0m[2m=[0m0 [3melapsed[0m[2m=[0m493.543µs
[2m2026-09-11T13:46:48.883489Z[0m [32m INFO[0m [2mreth_node_events::node[0m[2m:[0m Canonical chain committed [3mnumber[0m[2m=[0m4 [3mhash[0m[2m=[0m0x1c79d8ee6215dbe89f238ea86ac0a69dafeac1c84e1f41e7d70b08e2d5c8e13e [3melapsed[0m[2m=[0m11.625µs
[2m2026-09-11T13:46:48.883503Z[0m [32m INFO[0m [2mreth_node_events::node[0m[2m:[0m Forkchoice updated [3mhead_block_hash[0m[2m=[0m0x1c79d8ee6215dbe89f238ea86ac0a69dafeac1c84e1f41e7d70b08e2d5c8e13e [3msafe_block_hash[0m[2m=[0m0x1c79d8ee6215dbe89f238ea86ac0a69dafeac1c84e1f41e7d70b08e2d5c8e13e [3mfinalized_block_hash[0m[2m=[0m0x1c79d8ee6215dbe89f238ea86ac0a69dafeac1c84e1f41e7d70b08e2d5c8e13e
[2m2026-09-11T13:46:48.908021Z[0m [32m INFO[0m [2mpayload_builder[0m[2m:[0m New payload job created [3mid[0m[2m=[0m0x4a20342ba6a3a044 [3mparent[0m[2m=[0m0x1c79d8ee6215dbe89f238ea86ac0a69dafeac1c84e1f41e7d70b08e2d5c8e13e
OPS_FINGERPRINT_EQUIVALENT 0x80b435a69761f6b474d93f040dda252b92c6e301ba3eca434631187222363646
OPS_BUILD_TIMING {"approval_stats":{"ready_on_first_seen":5,"verification_ns":224292,"verified":5,"waiting_on_first_seen":0},"block_hash":"0x9d944992149eebbcc2f4fb091c9b447f69b6127ccea20a4c417017ec30908264","elapsed_ns":255542,"module":true,"profile":null,"transactions":1}
OPS_FINGERPRINT_EQUIVALENT 0x80b435a69761f6b474d93f040dda252b92c6e301ba3eca434631187222363646
[2m2026-09-11T13:46:49.013895Z[0m [32m INFO[0m [2mreth_node_events::node[0m[2m:[0m Received new payload from consensus engine [3mnumber[0m[2m=[0m5 [3mhash[0m[2m=[0m0x9d944992149eebbcc2f4fb091c9b447f69b6127ccea20a4c417017ec30908264
[2m2026-09-11T13:46:49.014306Z[0m [32m INFO[0m [2mengine::tree::payload_validator[0m[2m:[0m State root job finished [3mstrategy[0m[2m=[0m"sparse-trie" [3mstate_root[0m[2m=[0m0x88372bab15be55fc1446b8db15ed8df7611ddaa35fd136b5f0a0bfc338d2769b [3melapsed[0m[2m=[0m174.917µs
[2m2026-09-11T13:46:49.014396Z[0m [32m INFO[0m [2mreth_node_events::node[0m[2m:[0m Block added to canonical chain [3mnumber[0m[2m=[0m5 [3mhash[0m[2m=[0m0x9d944992149eebbcc2f4fb091c9b447f69b6127ccea20a4c417017ec30908264 [3mpeers[0m[2m=[0m0 [3mtxs[0m[2m=[0m1 [3mgas_used[0m[2m=[0m30.05Kgas [3mgas_throughput[0m[2m=[0m62.09Mgas/second [3mgas_limit[0m[2m=[0m30.15Mgas [3mfull[0m[2m=[0m0.1% [3mbase_fee[0m[2m=[0m0.51Gwei [3mblobs[0m[2m=[0m0 [3mexcess_blobs[0m[2m=[0m0 [3melapsed[0m[2m=[0m483.96µs
[2m2026-09-11T13:46:49.014917Z[0m [32m INFO[0m [2mreth_node_events::node[0m[2m:[0m Canonical chain committed [3mnumber[0m[2m=[0m5 [3mhash[0m[2m=[0m0x9d944992149eebbcc2f4fb091c9b447f69b6127ccea20a4c417017ec30908264 [3melapsed[0m[2m=[0m13.5µs
[2m2026-09-11T13:46:49.014933Z[0m [32m INFO[0m [2mreth_node_events::node[0m[2m:[0m Forkchoice updated [3mhead_block_hash[0m[2m=[0m0x9d944992149eebbcc2f4fb091c9b447f69b6127ccea20a4c417017ec30908264 [3msafe_block_hash[0m[2m=[0m0x9d944992149eebbcc2f4fb091c9b447f69b6127ccea20a4c417017ec30908264 [3mfinalized_block_hash[0m[2m=[0m0x9d944992149eebbcc2f4fb091c9b447f69b6127ccea20a4c417017ec30908264
[2m2026-09-11T13:46:49.017339Z[0m [32m INFO[0m [2mreth::cli[0m[2m:[0m Received SIGTERM
[2m2026-09-11T13:46:49.017626Z[0m [32m INFO[0m [2mreth::cli[0m[2m:[0m Wrote network peers to file [3mpeers_file[0m[2m=[0m"<repo>/.tmp/approval-runs/fingerprint-cases-z0p7v449/data/known-peers.json"
