[2m2026-09-11T13:47:27.577020Z[0m [32m INFO[0m [2mreth::cli[0m[2m:[0m Initialized tracing, debug log directory: <repo>/.tmp/approval-runs/history-importer-tjj1xjmf/logs/anvil-hardhat
[2m2026-09-11T13:47:27.777242Z[0m [32m INFO[0m [2mreth::cli[0m[2m:[0m Starting Reth [3mversion[0m[2m=[0m"2.5.2 (5a6940e)"
[2m2026-09-11T13:47:27.777305Z[0m [32m INFO[0m [2mreth::cli[0m[2m:[0m Opening database [3mpath[0m[2m=[0m"<repo>/.tmp/approval-runs/history-importer-tjj1xjmf/data/db"
[2m2026-09-11T13:47:27.795242Z[0m [32m INFO[0m [2mreth::cli[0m[2m:[0m Configuration loaded [3mpath[0m[2m=[0m"<repo>/.tmp/approval-runs/history-importer-tjj1xjmf/data/reth.toml"
[2m2026-09-11T13:47:27.795627Z[0m [33m WARN[0m [2mproviders::rocksdb[0m[2m:[0m RocksDB will not keep all files open; performance may be reduced [3mfile_descriptor_limit[0m[2m=[0mSome(122880) [3mthreshold[0m[2m=[0m131072 [3mmax_open_files[0m[2m=[0m512
[2m2026-09-11T13:47:27.809320Z[0m [32m INFO[0m [1mcheck_consistency[0m[2m:[0m [2mreth::cli[0m[2m:[0m Healing static file inconsistencies.
[2m2026-09-11T13:47:27.890802Z[0m [32m INFO[0m [1mcheck_consistency[0m[2m:[0m[1mcheck_consistency[0m[1m{[0m[3mread_only[0m[2m=[0mfalse[1m}[0m[2m:[0m [2mreth::cli[0m[2m:[0m Verifying storage consistency.
[2m2026-09-11T13:47:27.890938Z[0m [32m INFO[0m [2mreth::cli[0m[2m:[0m Database opened
[2m2026-09-11T13:47:28.093683Z[0m [32m INFO[0m [2mreth::cli[0m[2m:[0m 
Pre-merge hard forks (block based):
- Frontier                         @0
- Homestead                        @0
- Tangerine                        @0
- SpuriousDragon                   @0
- Byzantium                        @0
- Constantinople                   @0
- Petersburg                       @0
- Istanbul                         @0
- Berlin                           @0
- London                           @0
Merge hard forks:
- Paris                            @0 (network is known to be merged)
Post-merge hard forks (timestamp based):
- Shanghai                         @0
[2m2026-09-11T13:47:28.093725Z[0m [32m INFO[0m [2mreth::cli[0m[2m:[0m Loaded storage settings [3msettings[0m[2m=[0mStorageSettings { storage_v2: true } [3mpruning_mode[0m[2m=[0m"archive"
[2m2026-09-11T13:47:28.094236Z[0m [32m INFO[0m [2mreth::cli[0m[2m:[0m Transaction pool initialized
[2m2026-09-11T13:47:28.104886Z[0m [32m INFO[0m [2mreth::cli[0m[2m:[0m P2P networking initialized [3menode[0m[2m=[0menode://326e3934d8eeec595fd65e2fb5ad28f9bc30a3c1d0d574e9487b8d27302e3d3e3f1b7afb02f4efc95190224d1676351127a785e5f1967c3fd85bf74da2ee1887@127.0.0.1:52648
[2m2026-09-11T13:47:28.105087Z[0m [32m INFO[0m [2mreth::cli[0m[2m:[0m StaticFileProducer initialized
[2m2026-09-11T13:47:28.105258Z[0m [32m INFO[0m [2mreth::cli[0m[2m:[0m Pruner initialized [3mprune_config[0m[2m=[0mPruneConfig { block_interval: 5, segments: PruneModes { sender_recovery: None, transaction_lookup: None, receipts: None, account_history: None, storage_history: None, bodies_history: None, receipts_log_filter: ReceiptsLogPruneConfig({}) }, minimum_pruning_distance: 10064 }
[2m2026-09-11T13:47:28.105900Z[0m [32m INFO[0m [2mreth::cli[0m[2m:[0m Consensus engine initialized
[2m2026-09-11T13:47:28.105975Z[0m [32m INFO[0m [2mreth::cli[0m[2m:[0m Engine API handler initialized
[2m2026-09-11T13:47:28.106993Z[0m [32m INFO[0m [2mreth::cli[0m[2m:[0m RPC HTTP server started [3murl[0m[2m=[0m127.0.0.1:52639
[2m2026-09-11T13:47:28.107048Z[0m [32m INFO[0m [2mreth::cli[0m[2m:[0m RPC auth server started [3murl[0m[2m=[0m127.0.0.1:52640
[2m2026-09-11T13:47:28.107178Z[0m [32m INFO[0m [2mreth::cli[0m[2m:[0m Starting consensus engine
[2m2026-09-11T13:47:28.192276Z[0m [32m INFO[0m [2mreth_node_events::node[0m[2m:[0m Received new payload from consensus engine [3mnumber[0m[2m=[0m1 [3mhash[0m[2m=[0m0x89619b526008af08678d2a2d7990e705521e29a3b6b3ab4082c09137dee9ec2f
[2m2026-09-11T13:47:28.344751Z[0m [32m INFO[0m [2mengine::tree::payload_validator[0m[2m:[0m State root job finished [3mstrategy[0m[2m=[0m"sparse-trie" [3mstate_root[0m[2m=[0m0xeb9291f27313deccfa66807485210318543c14765858c8aedba585bef5f55f3a [3melapsed[0m[2m=[0m308.336µs
[2m2026-09-11T13:47:28.344886Z[0m [32m INFO[0m [2mreth_node_events::node[0m[2m:[0m Block added to canonical chain [3mnumber[0m[2m=[0m1 [3mhash[0m[2m=[0m0x89619b526008af08678d2a2d7990e705521e29a3b6b3ab4082c09137dee9ec2f [3mpeers[0m[2m=[0m0 [3mtxs[0m[2m=[0m1 [3mgas_used[0m[2m=[0m141.71Kgas [3mgas_throughput[0m[2m=[0m928.96Kgas/second [3mgas_limit[0m[2m=[0m30.03Mgas [3mfull[0m[2m=[0m0.5% [3mbase_fee[0m[2m=[0m0.88Gwei [3mblobs[0m[2m=[0m0 [3mexcess_blobs[0m[2m=[0m0 [3melapsed[0m[2m=[0m152.550485ms
[2m2026-09-11T13:47:28.345672Z[0m [32m INFO[0m [2mreth::cli[0m[2m:[0m Received SIGTERM
[2m2026-09-11T13:47:28.345986Z[0m [32m INFO[0m [2mreth::cli[0m[2m:[0m Wrote network peers to file [3mpeers_file[0m[2m=[0m"<repo>/.tmp/approval-runs/history-importer-tjj1xjmf/data/known-peers.json"
