[2m2026-09-11T13:46:46.538227Z[0m [32m INFO[0m [2mreth::cli[0m[2m:[0m Initialized tracing, debug log directory: <repo>/.tmp/approval-runs/read-only-cross-org-qdqsyiim/logs/anvil-hardhat
[2m2026-09-11T13:46:46.738449Z[0m [32m INFO[0m [2mreth::cli[0m[2m:[0m Starting Reth [3mversion[0m[2m=[0m"2.5.2 (5a6940e)"
[2m2026-09-11T13:46:46.738499Z[0m [32m INFO[0m [2mreth::cli[0m[2m:[0m Opening database [3mpath[0m[2m=[0m"<repo>/.tmp/approval-runs/read-only-cross-org-qdqsyiim/data/db"
[2m2026-09-11T13:46:46.749998Z[0m [32m INFO[0m [2mreth::cli[0m[2m:[0m Configuration loaded [3mpath[0m[2m=[0m"<repo>/.tmp/approval-runs/read-only-cross-org-qdqsyiim/data/reth.toml"
[2m2026-09-11T13:46:46.750315Z[0m [33m WARN[0m [2mproviders::rocksdb[0m[2m:[0m RocksDB will not keep all files open; performance may be reduced [3mfile_descriptor_limit[0m[2m=[0mSome(122880) [3mthreshold[0m[2m=[0m131072 [3mmax_open_files[0m[2m=[0m512
[2m2026-09-11T13:46:46.766152Z[0m [32m INFO[0m [1mcheck_consistency[0m[2m:[0m [2mreth::cli[0m[2m:[0m Healing static file inconsistencies.
[2m2026-09-11T13:46:46.856464Z[0m [32m INFO[0m [1mcheck_consistency[0m[2m:[0m[1mcheck_consistency[0m[1m{[0m[3mread_only[0m[2m=[0mfalse[1m}[0m[2m:[0m [2mreth::cli[0m[2m:[0m Verifying storage consistency.
[2m2026-09-11T13:46:46.856606Z[0m [32m INFO[0m [2mreth::cli[0m[2m:[0m Database opened
[2m2026-09-11T13:46:47.074311Z[0m [32m INFO[0m [2mreth::cli[0m[2m:[0m 
Pre-merge hard forks (block based):
- Frontier                         @0
- Homestead                        @0
- Tangerine                        @0
- SpuriousDragon                   @0
- Byzantium                        @0
- Constantinople                   @0
- Petersburg                       @0
- Istanbul                         @0
- Berlin                           @0
- London                           @0
Merge hard forks:
- Paris                            @0 (network is known to be merged)
Post-merge hard forks (timestamp based):
- Shanghai                         @0
[2m2026-09-11T13:46:47.074350Z[0m [32m INFO[0m [2mreth::cli[0m[2m:[0m Loaded storage settings [3msettings[0m[2m=[0mStorageSettings { storage_v2: true } [3mpruning_mode[0m[2m=[0m"archive"
[2m2026-09-11T13:46:47.074817Z[0m [32m INFO[0m [2mreth::cli[0m[2m:[0m Transaction pool initialized
[2m2026-09-11T13:46:47.085158Z[0m [32m INFO[0m [2mreth::cli[0m[2m:[0m P2P networking initialized [3menode[0m[2m=[0menode://157ea71801c1045f1967e9145c90056c33ff6d3e6ecbe7cf4d2bd502e0f0d2e8afb74222c300cc0e47ea6de03a99e69965bb7c71280b24f4799425e4974595c4@127.0.0.1:52124
[2m2026-09-11T13:46:47.085369Z[0m [32m INFO[0m [2mreth::cli[0m[2m:[0m StaticFileProducer initialized
[2m2026-09-11T13:46:47.085586Z[0m [32m INFO[0m [2mreth::cli[0m[2m:[0m Pruner initialized [3mprune_config[0m[2m=[0mPruneConfig { block_interval: 5, segments: PruneModes { sender_recovery: None, transaction_lookup: None, receipts: None, account_history: None, storage_history: None, bodies_history: None, receipts_log_filter: ReceiptsLogPruneConfig({}) }, minimum_pruning_distance: 10064 }
[2m2026-09-11T13:46:47.086260Z[0m [32m INFO[0m [2mreth::cli[0m[2m:[0m Consensus engine initialized
[2m2026-09-11T13:46:47.086363Z[0m [32m INFO[0m [2mreth::cli[0m[2m:[0m Engine API handler initialized
[2m2026-09-11T13:46:47.087172Z[0m [32m INFO[0m [2mreth::cli[0m[2m:[0m RPC HTTP server started [3murl[0m[2m=[0m127.0.0.1:52115
[2m2026-09-11T13:46:47.087212Z[0m [32m INFO[0m [2mreth::cli[0m[2m:[0m RPC auth server started [3murl[0m[2m=[0m127.0.0.1:52116
[2m2026-09-11T13:46:47.087302Z[0m [32m INFO[0m [2mreth::cli[0m[2m:[0m Starting consensus engine
[2m2026-09-11T13:46:47.176494Z[0m [32m INFO[0m [2mreth_node_events::node[0m[2m:[0m Forkchoice updated [3mhead_block_hash[0m[2m=[0m0x0aab257fea85931ac0846e88fcbf1630bd74f79e322de046d0257eeda8e7d750 [3msafe_block_hash[0m[2m=[0m0x0aab257fea85931ac0846e88fcbf1630bd74f79e322de046d0257eeda8e7d750 [3mfinalized_block_hash[0m[2m=[0m0x0aab257fea85931ac0846e88fcbf1630bd74f79e322de046d0257eeda8e7d750
[2m2026-09-11T13:46:47.176505Z[0m [32m INFO[0m [2mpayload_builder[0m[2m:[0m New payload job created [3mid[0m[2m=[0m0x5f98fc884b26da94 [3mparent[0m[2m=[0m0x0aab257fea85931ac0846e88fcbf1630bd74f79e322de046d0257eeda8e7d750
OPS_FINGERPRINT_EQUIVALENT 0xad278285819350b4dc377633506e44b849e975bbe80ad273823f65c75907c1f9
OPS_APPROVAL_DECISION {"actual":"Ok(0xfbcf9f46c95ff26f5a10d2103bd5ddbb484298f4b59c54f41fd491260b005be0)","decision":"deny","expected":"0x676745bb8d208fee9d0d84bdeca8a942842523231d8773f2e438fa33db1993e3","tx_hash":"0xad278285819350b4dc377633506e44b849e975bbe80ad273823f65c75907c1f9"}
OPS_BUILD_TIMING {"approval_stats":{"ready_on_first_seen":1,"verification_ns":50083,"verified":1,"waiting_on_first_seen":0},"block_hash":"0x8be92209f939333da3cdc7181e45bbd35511540e94d964611a425837c643bc97","elapsed_ns":468500,"module":true,"profile":null,"transactions":0}
OPS_FINGERPRINT_EQUIVALENT 0xad278285819350b4dc377633506e44b849e975bbe80ad273823f65c75907c1f9
OPS_APPROVAL_DECISION {"actual":"Ok(0xfbcf9f46c95ff26f5a10d2103bd5ddbb484298f4b59c54f41fd491260b005be0)","decision":"deny","expected":"0x676745bb8d208fee9d0d84bdeca8a942842523231d8773f2e438fa33db1993e3","tx_hash":"0xad278285819350b4dc377633506e44b849e975bbe80ad273823f65c75907c1f9"}
[2m2026-09-11T13:46:47.283088Z[0m [32m INFO[0m [2mreth_node_events::node[0m[2m:[0m Received new payload from consensus engine [3mnumber[0m[2m=[0m1 [3mhash[0m[2m=[0m0x8be92209f939333da3cdc7181e45bbd35511540e94d964611a425837c643bc97
[2m2026-09-11T13:46:47.433744Z[0m [32m INFO[0m [2mengine::tree::payload_validator[0m[2m:[0m State root job finished [3mstrategy[0m[2m=[0m"sparse-trie" [3mstate_root[0m[2m=[0m0x116692970e334946403e981bc6a017485a8cb306d12704331f004668198e4042 [3melapsed[0m[2m=[0m3.041µs
[2m2026-09-11T13:46:47.433873Z[0m [32m INFO[0m [2mreth_node_events::node[0m[2m:[0m Block added to canonical chain [3mnumber[0m[2m=[0m1 [3mhash[0m[2m=[0m0x8be92209f939333da3cdc7181e45bbd35511540e94d964611a425837c643bc97 [3mpeers[0m[2m=[0m0 [3mtxs[0m[2m=[0m0 [3mgas_used[0m[2m=[0m0.00Kgas [3mgas_throughput[0m[2m=[0m0.00Kgas/second [3mgas_limit[0m[2m=[0m30.03Mgas [3mfull[0m[2m=[0m0.0% [3mbase_fee[0m[2m=[0m0.88Gwei [3mblobs[0m[2m=[0m0 [3mexcess_blobs[0m[2m=[0m0 [3melapsed[0m[2m=[0m150.74815ms
[2m2026-09-11T13:46:47.434744Z[0m [32m INFO[0m [2mreth_node_events::node[0m[2m:[0m Canonical chain committed [3mnumber[0m[2m=[0m1 [3mhash[0m[2m=[0m0x8be92209f939333da3cdc7181e45bbd35511540e94d964611a425837c643bc97 [3melapsed[0m[2m=[0m24.375µs
[2m2026-09-11T13:46:47.434766Z[0m [32m INFO[0m [2mreth_node_events::node[0m[2m:[0m Forkchoice updated [3mhead_block_hash[0m[2m=[0m0x8be92209f939333da3cdc7181e45bbd35511540e94d964611a425837c643bc97 [3msafe_block_hash[0m[2m=[0m0x8be92209f939333da3cdc7181e45bbd35511540e94d964611a425837c643bc97 [3mfinalized_block_hash[0m[2m=[0m0x8be92209f939333da3cdc7181e45bbd35511540e94d964611a425837c643bc97
[2m2026-09-11T13:46:47.439367Z[0m [32m INFO[0m [2mreth::cli[0m[2m:[0m Received SIGTERM
[2m2026-09-11T13:46:47.439457Z[0m [32m INFO[0m [2mtxpool[0m[2m:[0m Saving current local transactions [3mtxs_file[0m[2m=[0m"<repo>/.tmp/approval-runs/read-only-cross-org-qdqsyiim/data/txpool-transactions-backup.rlp" [3mnum_txs[0m[2m=[0m1
[2m2026-09-11T13:46:47.439650Z[0m [32m INFO[0m [2mtxpool[0m[2m:[0m Wrote local transactions to file [3mtxs_file[0m[2m=[0m"<repo>/.tmp/approval-runs/read-only-cross-org-qdqsyiim/data/txpool-transactions-backup.rlp"
[2m2026-09-11T13:46:47.439654Z[0m [32m INFO[0m [2mreth::cli[0m[2m:[0m Wrote network peers to file [3mpeers_file[0m[2m=[0m"<repo>/.tmp/approval-runs/read-only-cross-org-qdqsyiim/data/known-peers.json"
