[2m2026-09-11T13:47:09.878366Z[0m [32m INFO[0m [2mreth::cli[0m[2m:[0m Initialized tracing, debug log directory: <repo>/.tmp/approval-runs/real-ops-h09y35v6/logs/anvil-hardhat
[2m2026-09-11T13:47:10.078572Z[0m [32m INFO[0m [2mreth::cli[0m[2m:[0m Starting Reth [3mversion[0m[2m=[0m"2.5.2 (5a6940e)"
[2m2026-09-11T13:47:10.787356Z[0m [32m INFO[0m [2mreth::cli[0m[2m:[0m Opening database [3mpath[0m[2m=[0m"<repo>/.tmp/approval-runs/real-ops-h09y35v6/data/db"
[2m2026-09-11T13:47:10.843867Z[0m [32m INFO[0m [2mreth::cli[0m[2m:[0m Configuration loaded [3mpath[0m[2m=[0m"<repo>/.tmp/approval-runs/real-ops-h09y35v6/data/reth.toml"
[2m2026-09-11T13:47:10.845882Z[0m [33m WARN[0m [2mproviders::rocksdb[0m[2m:[0m RocksDB will not keep all files open; performance may be reduced [3mfile_descriptor_limit[0m[2m=[0mSome(122880) [3mthreshold[0m[2m=[0m131072 [3mmax_open_files[0m[2m=[0m512
[2m2026-09-11T13:47:10.886547Z[0m [32m INFO[0m [1mcheck_consistency[0m[2m:[0m [2mreth::cli[0m[2m:[0m Healing static file inconsistencies.
[2m2026-09-11T13:47:18.587966Z[0m [32m INFO[0m [1mcheck_consistency[0m[2m:[0m[1mcheck_consistency[0m[1m{[0m[3mread_only[0m[2m=[0mfalse[1m}[0m[2m:[0m [2mreth::cli[0m[2m:[0m Verifying storage consistency.
[2m2026-09-11T13:47:18.588123Z[0m [32m INFO[0m [2mreth::cli[0m[2m:[0m Database opened
[2m2026-09-11T13:47:18.799708Z[0m [32m INFO[0m [2mreth::cli[0m[2m:[0m 
Pre-merge hard forks (block based):
- Frontier                         @0
- Homestead                        @0
- Tangerine                        @0
- SpuriousDragon                   @0
- Byzantium                        @0
- Constantinople                   @0
- Petersburg                       @0
- Istanbul                         @0
- Berlin                           @0
- London                           @0
Merge hard forks:
- Paris                            @0 (network is known to be merged)
Post-merge hard forks (timestamp based):
- Shanghai                         @0
[2m2026-09-11T13:47:18.799740Z[0m [32m INFO[0m [2mreth::cli[0m[2m:[0m Loaded storage settings [3msettings[0m[2m=[0mStorageSettings { storage_v2: true } [3mpruning_mode[0m[2m=[0m"archive"
[2m2026-09-11T13:47:18.800065Z[0m [32m INFO[0m [2mreth::cli[0m[2m:[0m Transaction pool initialized
[2m2026-09-11T13:47:18.808828Z[0m [32m INFO[0m [2mreth::cli[0m[2m:[0m P2P networking initialized [3menode[0m[2m=[0menode://fbd5c9d30a1a0a2241cb9782813ff911e8450fd16380b693bae55ba0001ac0696ee569ef081d25afa57a5fe5b2694721ebc644852f7929f375a8cdbc7b7d6d56@127.0.0.1:52550
[2m2026-09-11T13:47:18.808952Z[0m [32m INFO[0m [2mreth::cli[0m[2m:[0m StaticFileProducer initialized
[2m2026-09-11T13:47:18.809064Z[0m [32m INFO[0m [2mreth::cli[0m[2m:[0m Pruner initialized [3mprune_config[0m[2m=[0mPruneConfig { block_interval: 5, segments: PruneModes { sender_recovery: None, transaction_lookup: None, receipts: None, account_history: None, storage_history: None, bodies_history: None, receipts_log_filter: ReceiptsLogPruneConfig({}) }, minimum_pruning_distance: 10064 }
[2m2026-09-11T13:47:18.809463Z[0m [32m INFO[0m [2mreth::cli[0m[2m:[0m Consensus engine initialized
[2m2026-09-11T13:47:18.809523Z[0m [32m INFO[0m [2mreth::cli[0m[2m:[0m Engine API handler initialized
[2m2026-09-11T13:47:18.810214Z[0m [32m INFO[0m [2mreth::cli[0m[2m:[0m RPC HTTP server started [3murl[0m[2m=[0m127.0.0.1:52457
[2m2026-09-11T13:47:18.810240Z[0m [32m INFO[0m [2mreth::cli[0m[2m:[0m RPC auth server started [3murl[0m[2m=[0m127.0.0.1:52458
[2m2026-09-11T13:47:18.810298Z[0m [32m INFO[0m [2mreth::cli[0m[2m:[0m Starting consensus engine
[2m2026-09-11T13:47:21.811534Z[0m [32m INFO[0m [2mreth::cli[0m[2m:[0m Status [3mconnected_peers[0m[2m=[0m0 [3mlatest_block[0m[2m=[0m0
[2m2026-09-11T13:47:23.556694Z[0m [32m INFO[0m [2mreth_node_events::node[0m[2m:[0m Forkchoice updated [3mhead_block_hash[0m[2m=[0m0x0aab257fea85931ac0846e88fcbf1630bd74f79e322de046d0257eeda8e7d750 [3msafe_block_hash[0m[2m=[0m0x0aab257fea85931ac0846e88fcbf1630bd74f79e322de046d0257eeda8e7d750 [3mfinalized_block_hash[0m[2m=[0m0x0aab257fea85931ac0846e88fcbf1630bd74f79e322de046d0257eeda8e7d750
[2m2026-09-11T13:47:23.556702Z[0m [32m INFO[0m [2mpayload_builder[0m[2m:[0m New payload job created [3mid[0m[2m=[0m0x5f98fc884b26da94 [3mparent[0m[2m=[0m0x0aab257fea85931ac0846e88fcbf1630bd74f79e322de046d0257eeda8e7d750
OPS_FINGERPRINT_EQUIVALENT 0x6a043a1667ad307c143462bd590d142e28a7ea71e53aa1deb5d9c8ebdfcffb35
OPS_BUILD_TIMING {"approval_stats":{"ready_on_first_seen":1,"verification_ns":52542,"verified":1,"waiting_on_first_seen":0},"block_hash":"0x89619b526008af08678d2a2d7990e705521e29a3b6b3ab4082c09137dee9ec2f","elapsed_ns":405625,"module":true,"profile":null,"transactions":1}
OPS_FINGERPRINT_EQUIVALENT 0x6a043a1667ad307c143462bd590d142e28a7ea71e53aa1deb5d9c8ebdfcffb35
[2m2026-09-11T13:47:23.661335Z[0m [32m INFO[0m [2mreth_node_events::node[0m[2m:[0m Received new payload from consensus engine [3mnumber[0m[2m=[0m1 [3mhash[0m[2m=[0m0x89619b526008af08678d2a2d7990e705521e29a3b6b3ab4082c09137dee9ec2f
[2m2026-09-11T13:47:23.835804Z[0m [32m INFO[0m [2mengine::tree::payload_validator[0m[2m:[0m State root job finished [3mstrategy[0m[2m=[0m"sparse-trie" [3mstate_root[0m[2m=[0m0xeb9291f27313deccfa66807485210318543c14765858c8aedba585bef5f55f3a [3melapsed[0m[2m=[0m431.128µs
[2m2026-09-11T13:47:23.835964Z[0m [32m INFO[0m [2mreth_node_events::node[0m[2m:[0m Block added to canonical chain [3mnumber[0m[2m=[0m1 [3mhash[0m[2m=[0m0x89619b526008af08678d2a2d7990e705521e29a3b6b3ab4082c09137dee9ec2f [3mpeers[0m[2m=[0m0 [3mtxs[0m[2m=[0m1 [3mgas_used[0m[2m=[0m141.71Kgas [3mgas_throughput[0m[2m=[0m812.02Kgas/second [3mgas_limit[0m[2m=[0m30.03Mgas [3mfull[0m[2m=[0m0.5% [3mbase_fee[0m[2m=[0m0.88Gwei [3mblobs[0m[2m=[0m0 [3mexcess_blobs[0m[2m=[0m0 [3melapsed[0m[2m=[0m174.518565ms
[2m2026-09-11T13:47:23.836802Z[0m [32m INFO[0m [2mreth_node_events::node[0m[2m:[0m Canonical chain committed [3mnumber[0m[2m=[0m1 [3mhash[0m[2m=[0m0x89619b526008af08678d2a2d7990e705521e29a3b6b3ab4082c09137dee9ec2f [3melapsed[0m[2m=[0m15.292µs
[2m2026-09-11T13:47:23.836831Z[0m [32m INFO[0m [2mreth_node_events::node[0m[2m:[0m Forkchoice updated [3mhead_block_hash[0m[2m=[0m0x89619b526008af08678d2a2d7990e705521e29a3b6b3ab4082c09137dee9ec2f [3msafe_block_hash[0m[2m=[0m0x89619b526008af08678d2a2d7990e705521e29a3b6b3ab4082c09137dee9ec2f [3mfinalized_block_hash[0m[2m=[0m0x89619b526008af08678d2a2d7990e705521e29a3b6b3ab4082c09137dee9ec2f
[2m2026-09-11T13:47:23.838304Z[0m [32m INFO[0m [2mreth::cli[0m[2m:[0m Received SIGTERM
[2m2026-09-11T13:47:23.838634Z[0m [32m INFO[0m [2mreth::cli[0m[2m:[0m Wrote network peers to file [3mpeers_file[0m[2m=[0m"<repo>/.tmp/approval-runs/real-ops-h09y35v6/data/known-peers.json"
