[2m2026-09-11T13:47:24.696639Z[0m [32m INFO[0m [2mreth::cli[0m[2m:[0m Initialized tracing, debug log directory: <repo>/.tmp/approval-runs/restart-before-nyrwcqi_/logs/anvil-hardhat
[2m2026-09-11T13:47:24.896819Z[0m [32m INFO[0m [2mreth::cli[0m[2m:[0m Starting Reth [3mversion[0m[2m=[0m"2.5.2 (5a6940e)"
[2m2026-09-11T13:47:24.896887Z[0m [32m INFO[0m [2mreth::cli[0m[2m:[0m Opening database [3mpath[0m[2m=[0m"<repo>/.tmp/approval-runs/restart-before-nyrwcqi_/data/db"
[2m2026-09-11T13:47:24.915883Z[0m [32m INFO[0m [2mreth::cli[0m[2m:[0m Configuration loaded [3mpath[0m[2m=[0m"<repo>/.tmp/approval-runs/restart-before-nyrwcqi_/data/reth.toml"
[2m2026-09-11T13:47:24.923510Z[0m [33m WARN[0m [2mproviders::rocksdb[0m[2m:[0m RocksDB will not keep all files open; performance may be reduced [3mfile_descriptor_limit[0m[2m=[0mSome(122880) [3mthreshold[0m[2m=[0m131072 [3mmax_open_files[0m[2m=[0m512
[2m2026-09-11T13:47:24.938286Z[0m [32m INFO[0m [1mcheck_consistency[0m[2m:[0m [2mreth::cli[0m[2m:[0m Healing static file inconsistencies.
[2m2026-09-11T13:47:25.147355Z[0m [32m INFO[0m [1mcheck_consistency[0m[2m:[0m[1mcheck_consistency[0m[1m{[0m[3mread_only[0m[2m=[0mfalse[1m}[0m[2m:[0m [2mreth::cli[0m[2m:[0m Verifying storage consistency.
[2m2026-09-11T13:47:25.147562Z[0m [32m INFO[0m [2mreth::cli[0m[2m:[0m Database opened
[2m2026-09-11T13:47:25.147653Z[0m [32m INFO[0m [2mreth::cli[0m[2m:[0m 
Pre-merge hard forks (block based):
- Frontier                         @0
- Homestead                        @0
- Tangerine                        @0
- SpuriousDragon                   @0
- Byzantium                        @0
- Constantinople                   @0
- Petersburg                       @0
- Istanbul                         @0
- Berlin                           @0
- London                           @0
Merge hard forks:
- Paris                            @0 (network is known to be merged)
Post-merge hard forks (timestamp based):
- Shanghai                         @0
[2m2026-09-11T13:47:25.147685Z[0m [32m INFO[0m [2mreth::cli[0m[2m:[0m Loaded storage settings [3msettings[0m[2m=[0mStorageSettings { storage_v2: true } [3mpruning_mode[0m[2m=[0m"archive"
[2m2026-09-11T13:47:25.148197Z[0m [32m INFO[0m [2mreth::cli[0m[2m:[0m Transaction pool initialized
[2m2026-09-11T13:47:25.148340Z[0m [32m INFO[0m [2mnet::peers[0m[2m:[0m Loading saved peers [3mfile[0m[2m=[0m<repo>/.tmp/approval-runs/restart-before-nyrwcqi_/data/known-peers.json
[2m2026-09-11T13:47:25.148351Z[0m [32m INFO[0m [2mnet::peers[0m[2m:[0m Loaded persisted peers [3mcount[0m[2m=[0m0
[2m2026-09-11T13:47:25.148664Z[0m [32m INFO[0m [2mtxpool[0m[2m:[0m Successfully reinserted local transactions from file [3mtxs_file[0m[2m=[0m"<repo>/.tmp/approval-runs/restart-before-nyrwcqi_/data/txpool-transactions-backup.rlp" [3mnum_txs[0m[2m=[0m1
[2m2026-09-11T13:47:25.158265Z[0m [32m INFO[0m [2mreth::cli[0m[2m:[0m P2P networking initialized [3menode[0m[2m=[0menode://18fd955162c9f3323f43d6749b76d201bf67db960615e436005d5d81a690be9bfbd4c2c1ce526436fc238540e037909be509ab66d17ce84d2dd116eb33fc1654@127.0.0.1:52599
[2m2026-09-11T13:47:25.158420Z[0m [32m INFO[0m [2mreth::cli[0m[2m:[0m StaticFileProducer initialized
[2m2026-09-11T13:47:25.158562Z[0m [32m INFO[0m [2mreth::cli[0m[2m:[0m Pruner initialized [3mprune_config[0m[2m=[0mPruneConfig { block_interval: 5, segments: PruneModes { sender_recovery: None, transaction_lookup: None, receipts: None, account_history: None, storage_history: None, bodies_history: None, receipts_log_filter: ReceiptsLogPruneConfig({}) }, minimum_pruning_distance: 10064 }
[2m2026-09-11T13:47:25.158959Z[0m [32m INFO[0m [2mreth::cli[0m[2m:[0m Consensus engine initialized
[2m2026-09-11T13:47:25.159051Z[0m [32m INFO[0m [2mreth::cli[0m[2m:[0m Engine API handler initialized
[2m2026-09-11T13:47:25.159869Z[0m [32m INFO[0m [2mreth::cli[0m[2m:[0m RPC HTTP server started [3murl[0m[2m=[0m127.0.0.1:52591
[2m2026-09-11T13:47:25.159908Z[0m [32m INFO[0m [2mreth::cli[0m[2m:[0m RPC auth server started [3murl[0m[2m=[0m127.0.0.1:52592
[2m2026-09-11T13:47:25.159996Z[0m [32m INFO[0m [2mreth::cli[0m[2m:[0m Starting consensus engine
OPS_APPROVAL_EVENT {"event":"timeout","tx_hash":"0x6a043a1667ad307c143462bd590d142e28a7ea71e53aa1deb5d9c8ebdfcffb35"}
[2m2026-09-11T13:47:25.915647Z[0m [32m INFO[0m [2mreth_node_events::node[0m[2m:[0m Forkchoice updated [3mhead_block_hash[0m[2m=[0m0x0aab257fea85931ac0846e88fcbf1630bd74f79e322de046d0257eeda8e7d750 [3msafe_block_hash[0m[2m=[0m0x0aab257fea85931ac0846e88fcbf1630bd74f79e322de046d0257eeda8e7d750 [3mfinalized_block_hash[0m[2m=[0m0x0aab257fea85931ac0846e88fcbf1630bd74f79e322de046d0257eeda8e7d750
[2m2026-09-11T13:47:25.915648Z[0m [32m INFO[0m [2mpayload_builder[0m[2m:[0m New payload job created [3mid[0m[2m=[0m0x5f98fc884b26da94 [3mparent[0m[2m=[0m0x0aab257fea85931ac0846e88fcbf1630bd74f79e322de046d0257eeda8e7d750
OPS_BUILD_TIMING {"approval_stats":{"ready_on_first_seen":0,"verification_ns":0,"verified":0,"waiting_on_first_seen":1},"block_hash":"0x8be92209f939333da3cdc7181e45bbd35511540e94d964611a425837c643bc97","elapsed_ns":231583,"module":true,"profile":null,"transactions":0}
[2m2026-09-11T13:47:26.020808Z[0m [32m INFO[0m [2mreth_node_events::node[0m[2m:[0m Received new payload from consensus engine [3mnumber[0m[2m=[0m1 [3mhash[0m[2m=[0m0x8be92209f939333da3cdc7181e45bbd35511540e94d964611a425837c643bc97
[2m2026-09-11T13:47:26.171779Z[0m [32m INFO[0m [2mengine::tree::payload_validator[0m[2m:[0m State root job finished [3mstrategy[0m[2m=[0m"sparse-trie" [3mstate_root[0m[2m=[0m0x116692970e334946403e981bc6a017485a8cb306d12704331f004668198e4042 [3melapsed[0m[2m=[0m3.584µs
[2m2026-09-11T13:47:26.171961Z[0m [32m INFO[0m [2mreth_node_events::node[0m[2m:[0m Block added to canonical chain [3mnumber[0m[2m=[0m1 [3mhash[0m[2m=[0m0x8be92209f939333da3cdc7181e45bbd35511540e94d964611a425837c643bc97 [3mpeers[0m[2m=[0m0 [3mtxs[0m[2m=[0m0 [3mgas_used[0m[2m=[0m0.00Kgas [3mgas_throughput[0m[2m=[0m0.00Kgas/second [3mgas_limit[0m[2m=[0m30.03Mgas [3mfull[0m[2m=[0m0.0% [3mbase_fee[0m[2m=[0m0.88Gwei [3mblobs[0m[2m=[0m0 [3mexcess_blobs[0m[2m=[0m0 [3melapsed[0m[2m=[0m151.080068ms
[2m2026-09-11T13:47:26.172730Z[0m [32m INFO[0m [2mreth_node_events::node[0m[2m:[0m Canonical chain committed [3mnumber[0m[2m=[0m1 [3mhash[0m[2m=[0m0x8be92209f939333da3cdc7181e45bbd35511540e94d964611a425837c643bc97 [3melapsed[0m[2m=[0m18.542µs
[2m2026-09-11T13:47:26.172747Z[0m [32m INFO[0m [2mreth_node_events::node[0m[2m:[0m Forkchoice updated [3mhead_block_hash[0m[2m=[0m0x8be92209f939333da3cdc7181e45bbd35511540e94d964611a425837c643bc97 [3msafe_block_hash[0m[2m=[0m0x8be92209f939333da3cdc7181e45bbd35511540e94d964611a425837c643bc97 [3mfinalized_block_hash[0m[2m=[0m0x8be92209f939333da3cdc7181e45bbd35511540e94d964611a425837c643bc97
[2m2026-09-11T13:47:26.176489Z[0m [32m INFO[0m [2mpayload_builder[0m[2m:[0m New payload job created [3mid[0m[2m=[0m0x618757183e72cb3a [3mparent[0m[2m=[0m0x8be92209f939333da3cdc7181e45bbd35511540e94d964611a425837c643bc97
OPS_FINGERPRINT_EQUIVALENT 0x6a043a1667ad307c143462bd590d142e28a7ea71e53aa1deb5d9c8ebdfcffb35
OPS_BUILD_TIMING {"approval_stats":{"ready_on_first_seen":1,"verification_ns":47542,"verified":1,"waiting_on_first_seen":1},"block_hash":"0x72b7946f80e198e9912349fe5b4b7b501d8209217d35dd2f2b5172c31210f036","elapsed_ns":329333,"module":true,"profile":null,"transactions":1}
OPS_FINGERPRINT_EQUIVALENT 0x6a043a1667ad307c143462bd590d142e28a7ea71e53aa1deb5d9c8ebdfcffb35
[2m2026-09-11T13:47:26.282110Z[0m [32m INFO[0m [2mreth_node_events::node[0m[2m:[0m Received new payload from consensus engine [3mnumber[0m[2m=[0m2 [3mhash[0m[2m=[0m0x72b7946f80e198e9912349fe5b4b7b501d8209217d35dd2f2b5172c31210f036
[2m2026-09-11T13:47:26.282980Z[0m [32m INFO[0m [2mengine::tree::payload_validator[0m[2m:[0m State root job finished [3mstrategy[0m[2m=[0m"sparse-trie" [3mstate_root[0m[2m=[0m0x1948e25c9f60d1fd95dbb6517e9aeb2adc2de7a7d6a97e7028d8f6ec1f1ecd14 [3melapsed[0m[2m=[0m453.836µs
[2m2026-09-11T13:47:26.283067Z[0m [32m INFO[0m [2mreth_node_events::node[0m[2m:[0m Block added to canonical chain [3mnumber[0m[2m=[0m2 [3mhash[0m[2m=[0m0x72b7946f80e198e9912349fe5b4b7b501d8209217d35dd2f2b5172c31210f036 [3mpeers[0m[2m=[0m0 [3mtxs[0m[2m=[0m1 [3mgas_used[0m[2m=[0m141.71Kgas [3mgas_throughput[0m[2m=[0m153.20Mgas/second [3mgas_limit[0m[2m=[0m30.06Mgas [3mfull[0m[2m=[0m0.5% [3mbase_fee[0m[2m=[0m0.77Gwei [3mblobs[0m[2m=[0m0 [3mexcess_blobs[0m[2m=[0m0 [3melapsed[0m[2m=[0m925.005µs
[2m2026-09-11T13:47:26.283594Z[0m [32m INFO[0m [2mreth_node_events::node[0m[2m:[0m Canonical chain committed [3mnumber[0m[2m=[0m2 [3mhash[0m[2m=[0m0x72b7946f80e198e9912349fe5b4b7b501d8209217d35dd2f2b5172c31210f036 [3melapsed[0m[2m=[0m12.542µs
[2m2026-09-11T13:47:26.283611Z[0m [32m INFO[0m [2mreth_node_events::node[0m[2m:[0m Forkchoice updated [3mhead_block_hash[0m[2m=[0m0x72b7946f80e198e9912349fe5b4b7b501d8209217d35dd2f2b5172c31210f036 [3msafe_block_hash[0m[2m=[0m0x72b7946f80e198e9912349fe5b4b7b501d8209217d35dd2f2b5172c31210f036 [3mfinalized_block_hash[0m[2m=[0m0x72b7946f80e198e9912349fe5b4b7b501d8209217d35dd2f2b5172c31210f036
[2m2026-09-11T13:47:26.285914Z[0m [32m INFO[0m [2mreth::cli[0m[2m:[0m Received SIGTERM
[2m2026-09-11T13:47:26.286204Z[0m [32m INFO[0m [2mreth::cli[0m[2m:[0m Wrote network peers to file [3mpeers_file[0m[2m=[0m"<repo>/.tmp/approval-runs/restart-before-nyrwcqi_/data/known-peers.json"
