[2m2026-09-11T13:46:42.049554Z[0m [32m INFO[0m [2mreth::cli[0m[2m:[0m Initialized tracing, debug log directory: <repo>/.tmp/approval-runs/same_block_cross_org_divergence-lyrihmzt/logs/anvil-hardhat
[2m2026-09-11T13:46:42.249767Z[0m [32m INFO[0m [2mreth::cli[0m[2m:[0m Starting Reth [3mversion[0m[2m=[0m"2.5.2 (5a6940e)"
[2m2026-09-11T13:46:42.249819Z[0m [32m INFO[0m [2mreth::cli[0m[2m:[0m Opening database [3mpath[0m[2m=[0m"<repo>/.tmp/approval-runs/same_block_cross_org_divergence-lyrihmzt/data/db"
[2m2026-09-11T13:46:42.261174Z[0m [32m INFO[0m [2mreth::cli[0m[2m:[0m Configuration loaded [3mpath[0m[2m=[0m"<repo>/.tmp/approval-runs/same_block_cross_org_divergence-lyrihmzt/data/reth.toml"
[2m2026-09-11T13:46:42.261504Z[0m [33m WARN[0m [2mproviders::rocksdb[0m[2m:[0m RocksDB will not keep all files open; performance may be reduced [3mfile_descriptor_limit[0m[2m=[0mSome(122880) [3mthreshold[0m[2m=[0m131072 [3mmax_open_files[0m[2m=[0m512
[2m2026-09-11T13:46:42.276331Z[0m [32m INFO[0m [1mcheck_consistency[0m[2m:[0m [2mreth::cli[0m[2m:[0m Healing static file inconsistencies.
[2m2026-09-11T13:46:42.371429Z[0m [32m INFO[0m [1mcheck_consistency[0m[2m:[0m[1mcheck_consistency[0m[1m{[0m[3mread_only[0m[2m=[0mfalse[1m}[0m[2m:[0m [2mreth::cli[0m[2m:[0m Verifying storage consistency.
[2m2026-09-11T13:46:42.371584Z[0m [32m INFO[0m [2mreth::cli[0m[2m:[0m Database opened
[2m2026-09-11T13:46:42.586981Z[0m [32m INFO[0m [2mreth::cli[0m[2m:[0m 
Pre-merge hard forks (block based):
- Frontier                         @0
- Homestead                        @0
- Tangerine                        @0
- SpuriousDragon                   @0
- Byzantium                        @0
- Constantinople                   @0
- Petersburg                       @0
- Istanbul                         @0
- Berlin                           @0
- London                           @0
Merge hard forks:
- Paris                            @0 (network is known to be merged)
Post-merge hard forks (timestamp based):
- Shanghai                         @0
[2m2026-09-11T13:46:42.587007Z[0m [32m INFO[0m [2mreth::cli[0m[2m:[0m Loaded storage settings [3msettings[0m[2m=[0mStorageSettings { storage_v2: true } [3mpruning_mode[0m[2m=[0m"archive"
[2m2026-09-11T13:46:42.587300Z[0m [32m INFO[0m [2mreth::cli[0m[2m:[0m Transaction pool initialized
[2m2026-09-11T13:46:42.595643Z[0m [32m INFO[0m [2mreth::cli[0m[2m:[0m P2P networking initialized [3menode[0m[2m=[0menode://6acdaa81891a6715e6d1920071b9549451ce905ab8eec5141a264d7ddbb7247d2052309fb766c438e3447cabdf82b875f16725e006ca374913fc1a00b17c2e32@127.0.0.1:51958
[2m2026-09-11T13:46:42.595778Z[0m [32m INFO[0m [2mreth::cli[0m[2m:[0m StaticFileProducer initialized
[2m2026-09-11T13:46:42.595902Z[0m [32m INFO[0m [2mreth::cli[0m[2m:[0m Pruner initialized [3mprune_config[0m[2m=[0mPruneConfig { block_interval: 5, segments: PruneModes { sender_recovery: None, transaction_lookup: None, receipts: None, account_history: None, storage_history: None, bodies_history: None, receipts_log_filter: ReceiptsLogPruneConfig({}) }, minimum_pruning_distance: 10064 }
[2m2026-09-11T13:46:42.596315Z[0m [32m INFO[0m [2mreth::cli[0m[2m:[0m Consensus engine initialized
[2m2026-09-11T13:46:42.596379Z[0m [32m INFO[0m [2mreth::cli[0m[2m:[0m Engine API handler initialized
[2m2026-09-11T13:46:42.597139Z[0m [32m INFO[0m [2mreth::cli[0m[2m:[0m RPC HTTP server started [3murl[0m[2m=[0m127.0.0.1:51949
[2m2026-09-11T13:46:42.597171Z[0m [32m INFO[0m [2mreth::cli[0m[2m:[0m RPC auth server started [3murl[0m[2m=[0m127.0.0.1:51950
[2m2026-09-11T13:46:42.597232Z[0m [32m INFO[0m [2mreth::cli[0m[2m:[0m Starting consensus engine
[2m2026-09-11T13:46:42.709742Z[0m [32m INFO[0m [2mpayload_builder[0m[2m:[0m New payload job created [3mid[0m[2m=[0m0x5f98fc884b26da94 [3mparent[0m[2m=[0m0x0aab257fea85931ac0846e88fcbf1630bd74f79e322de046d0257eeda8e7d750
[2m2026-09-11T13:46:42.709743Z[0m [32m INFO[0m [2mreth_node_events::node[0m[2m:[0m Forkchoice updated [3mhead_block_hash[0m[2m=[0m0x0aab257fea85931ac0846e88fcbf1630bd74f79e322de046d0257eeda8e7d750 [3msafe_block_hash[0m[2m=[0m0x0aab257fea85931ac0846e88fcbf1630bd74f79e322de046d0257eeda8e7d750 [3mfinalized_block_hash[0m[2m=[0m0x0aab257fea85931ac0846e88fcbf1630bd74f79e322de046d0257eeda8e7d750
OPS_FINGERPRINT_EQUIVALENT 0x8a4045ede6f792413af341906c84a90d0a9829333511741fa96b320c143ad01d
OPS_FINGERPRINT_EQUIVALENT 0x6a043a1667ad307c143462bd590d142e28a7ea71e53aa1deb5d9c8ebdfcffb35
OPS_APPROVAL_DECISION {"actual":"Ok(0x1f622ee32c9bc7a0caf0b66c6a8665194ba017b112159cf00fff494faa324eb9)","decision":"deny","expected":"0x56f4970710560af1cb07cb3a27e6d6d92fd25489b37ec7b3a384197979a6e9dd","tx_hash":"0x6a043a1667ad307c143462bd590d142e28a7ea71e53aa1deb5d9c8ebdfcffb35"}
OPS_BUILD_TIMING {"approval_stats":{"ready_on_first_seen":2,"verification_ns":84166,"verified":2,"waiting_on_first_seen":0},"block_hash":"0x4466fe86334345df5ede235bff939dba2778fa74f2d9248526d71ef6bcef2261","elapsed_ns":414583,"module":true,"profile":null,"transactions":1}
OPS_FINGERPRINT_EQUIVALENT 0x8a4045ede6f792413af341906c84a90d0a9829333511741fa96b320c143ad01d
OPS_FINGERPRINT_EQUIVALENT 0x6a043a1667ad307c143462bd590d142e28a7ea71e53aa1deb5d9c8ebdfcffb35
OPS_APPROVAL_DECISION {"actual":"Ok(0x1f622ee32c9bc7a0caf0b66c6a8665194ba017b112159cf00fff494faa324eb9)","decision":"deny","expected":"0x56f4970710560af1cb07cb3a27e6d6d92fd25489b37ec7b3a384197979a6e9dd","tx_hash":"0x6a043a1667ad307c143462bd590d142e28a7ea71e53aa1deb5d9c8ebdfcffb35"}
[2m2026-09-11T13:46:42.815897Z[0m [32m INFO[0m [2mreth_node_events::node[0m[2m:[0m Received new payload from consensus engine [3mnumber[0m[2m=[0m1 [3mhash[0m[2m=[0m0x4466fe86334345df5ede235bff939dba2778fa74f2d9248526d71ef6bcef2261
[2m2026-09-11T13:46:42.966512Z[0m [32m INFO[0m [2mengine::tree::payload_validator[0m[2m:[0m State root job finished [3mstrategy[0m[2m=[0m"sparse-trie" [3mstate_root[0m[2m=[0m0xfc8f21ddd0b63e9b476e488a3ce73d77c4b0793f781cdb459b2ffc8dd8dbc07c [3melapsed[0m[2m=[0m174.293µs
[2m2026-09-11T13:46:42.966653Z[0m [32m INFO[0m [2mreth_node_events::node[0m[2m:[0m Block added to canonical chain [3mnumber[0m[2m=[0m1 [3mhash[0m[2m=[0m0x4466fe86334345df5ede235bff939dba2778fa74f2d9248526d71ef6bcef2261 [3mpeers[0m[2m=[0m0 [3mtxs[0m[2m=[0m1 [3mgas_used[0m[2m=[0m26.55Kgas [3mgas_throughput[0m[2m=[0m176.15Kgas/second [3mgas_limit[0m[2m=[0m30.03Mgas [3mfull[0m[2m=[0m0.1% [3mbase_fee[0m[2m=[0m0.88Gwei [3mblobs[0m[2m=[0m0 [3mexcess_blobs[0m[2m=[0m0 [3melapsed[0m[2m=[0m150.708764ms
[2m2026-09-11T13:46:42.967553Z[0m [32m INFO[0m [2mreth_node_events::node[0m[2m:[0m Canonical chain committed [3mnumber[0m[2m=[0m1 [3mhash[0m[2m=[0m0x4466fe86334345df5ede235bff939dba2778fa74f2d9248526d71ef6bcef2261 [3melapsed[0m[2m=[0m17.458µs
[2m2026-09-11T13:46:42.967569Z[0m [32m INFO[0m [2mreth_node_events::node[0m[2m:[0m Forkchoice updated [3mhead_block_hash[0m[2m=[0m0x4466fe86334345df5ede235bff939dba2778fa74f2d9248526d71ef6bcef2261 [3msafe_block_hash[0m[2m=[0m0x4466fe86334345df5ede235bff939dba2778fa74f2d9248526d71ef6bcef2261 [3mfinalized_block_hash[0m[2m=[0m0x4466fe86334345df5ede235bff939dba2778fa74f2d9248526d71ef6bcef2261
[2m2026-09-11T13:46:42.972994Z[0m [32m INFO[0m [2mreth::cli[0m[2m:[0m Received SIGTERM
[2m2026-09-11T13:46:42.973145Z[0m [32m INFO[0m [2mtxpool[0m[2m:[0m Saving current local transactions [3mtxs_file[0m[2m=[0m"<repo>/.tmp/approval-runs/same_block_cross_org_divergence-lyrihmzt/data/txpool-transactions-backup.rlp" [3mnum_txs[0m[2m=[0m1
[2m2026-09-11T13:46:42.973363Z[0m [32m INFO[0m [2mreth::cli[0m[2m:[0m Wrote network peers to file [3mpeers_file[0m[2m=[0m"<repo>/.tmp/approval-runs/same_block_cross_org_divergence-lyrihmzt/data/known-peers.json"
[2m2026-09-11T13:46:42.973365Z[0m [32m INFO[0m [2mtxpool[0m[2m:[0m Wrote local transactions to file [3mtxs_file[0m[2m=[0m"<repo>/.tmp/approval-runs/same_block_cross_org_divergence-lyrihmzt/data/txpool-transactions-backup.rlp"
