[2m2026-09-11T13:46:51.822207Z[0m [32m INFO[0m [2mreth::cli[0m[2m:[0m Initialized tracing, debug log directory: <repo>/.tmp/approval-runs/waiting-load-r47jej07/logs/anvil-hardhat
[2m2026-09-11T13:46:52.022364Z[0m [32m INFO[0m [2mreth::cli[0m[2m:[0m Starting Reth [3mversion[0m[2m=[0m"2.5.2 (5a6940e)"
[2m2026-09-11T13:46:52.022401Z[0m [32m INFO[0m [2mreth::cli[0m[2m:[0m Opening database [3mpath[0m[2m=[0m"<repo>/.tmp/approval-runs/waiting-load-r47jej07/data/db"
[2m2026-09-11T13:46:52.038055Z[0m [32m INFO[0m [2mreth::cli[0m[2m:[0m Configuration loaded [3mpath[0m[2m=[0m"<repo>/.tmp/approval-runs/waiting-load-r47jej07/data/reth.toml"
[2m2026-09-11T13:46:52.038385Z[0m [33m WARN[0m [2mproviders::rocksdb[0m[2m:[0m RocksDB will not keep all files open; performance may be reduced [3mfile_descriptor_limit[0m[2m=[0mSome(122880) [3mthreshold[0m[2m=[0m131072 [3mmax_open_files[0m[2m=[0m512
[2m2026-09-11T13:46:52.052613Z[0m [32m INFO[0m [1mcheck_consistency[0m[2m:[0m [2mreth::cli[0m[2m:[0m Healing static file inconsistencies.
[2m2026-09-11T13:46:52.150586Z[0m [32m INFO[0m [1mcheck_consistency[0m[2m:[0m[1mcheck_consistency[0m[1m{[0m[3mread_only[0m[2m=[0mfalse[1m}[0m[2m:[0m [2mreth::cli[0m[2m:[0m Verifying storage consistency.
[2m2026-09-11T13:46:52.150721Z[0m [32m INFO[0m [2mreth::cli[0m[2m:[0m Database opened
[2m2026-09-11T13:46:52.384528Z[0m [32m INFO[0m [2mreth::cli[0m[2m:[0m 
Pre-merge hard forks (block based):
- Frontier                         @0
- Homestead                        @0
- Tangerine                        @0
- SpuriousDragon                   @0
- Byzantium                        @0
- Constantinople                   @0
- Petersburg                       @0
- Istanbul                         @0
- Berlin                           @0
- London                           @0
Merge hard forks:
- Paris                            @0 (network is known to be merged)
Post-merge hard forks (timestamp based):
- Shanghai                         @0
[2m2026-09-11T13:46:52.384582Z[0m [32m INFO[0m [2mreth::cli[0m[2m:[0m Loaded storage settings [3msettings[0m[2m=[0mStorageSettings { storage_v2: true } [3mpruning_mode[0m[2m=[0m"archive"
[2m2026-09-11T13:46:52.385075Z[0m [32m INFO[0m [2mreth::cli[0m[2m:[0m Transaction pool initialized
[2m2026-09-11T13:46:52.395589Z[0m [32m INFO[0m [2mreth::cli[0m[2m:[0m P2P networking initialized [3menode[0m[2m=[0menode://43866df5598bea47c4a93522fe252ed19f00208a845db271f863e5385e68913346f3f350328ad42ada44816fedd047d61954d4e4c4dac925d79e30903548eb1f@127.0.0.1:52281
[2m2026-09-11T13:46:52.395798Z[0m [32m INFO[0m [2mreth::cli[0m[2m:[0m StaticFileProducer initialized
[2m2026-09-11T13:46:52.395948Z[0m [32m INFO[0m [2mreth::cli[0m[2m:[0m Pruner initialized [3mprune_config[0m[2m=[0mPruneConfig { block_interval: 5, segments: PruneModes { sender_recovery: None, transaction_lookup: None, receipts: None, account_history: None, storage_history: None, bodies_history: None, receipts_log_filter: ReceiptsLogPruneConfig({}) }, minimum_pruning_distance: 10064 }
[2m2026-09-11T13:46:52.396494Z[0m [32m INFO[0m [2mreth::cli[0m[2m:[0m Consensus engine initialized
[2m2026-09-11T13:46:52.396580Z[0m [32m INFO[0m [2mreth::cli[0m[2m:[0m Engine API handler initialized
[2m2026-09-11T13:46:52.397400Z[0m [32m INFO[0m [2mreth::cli[0m[2m:[0m RPC HTTP server started [3murl[0m[2m=[0m127.0.0.1:52270
[2m2026-09-11T13:46:52.397438Z[0m [32m INFO[0m [2mreth::cli[0m[2m:[0m RPC auth server started [3murl[0m[2m=[0m127.0.0.1:52271
[2m2026-09-11T13:46:52.397502Z[0m [32m INFO[0m [2mreth::cli[0m[2m:[0m Starting consensus engine
[2m2026-09-11T13:46:55.017721Z[0m [32m INFO[0m [2mreth_node_events::node[0m[2m:[0m Forkchoice updated [3mhead_block_hash[0m[2m=[0m0x0aab257fea85931ac0846e88fcbf1630bd74f79e322de046d0257eeda8e7d750 [3msafe_block_hash[0m[2m=[0m0x0aab257fea85931ac0846e88fcbf1630bd74f79e322de046d0257eeda8e7d750 [3mfinalized_block_hash[0m[2m=[0m0x0aab257fea85931ac0846e88fcbf1630bd74f79e322de046d0257eeda8e7d750
OPS_FINGERPRINT_EQUIVALENT 0x6b0bcdf48c58bc137e9185203a6f9328067969e58d89c5b8b89befaa82d20679
[2m2026-09-11T13:46:55.017721Z[0m [32m INFO[0m [2mpayload_builder[0m[2m:[0m New payload job created [3mid[0m[2m=[0m0x5f98fc884b26da94 [3mparent[0m[2m=[0m0x0aab257fea85931ac0846e88fcbf1630bd74f79e322de046d0257eeda8e7d750
OPS_BUILD_TIMING {"approval_stats":{"ready_on_first_seen":1,"verification_ns":45000,"verified":1,"waiting_on_first_seen":128},"block_hash":"0x91e0747b823a0ab4ac7c3efbb25ff37ca833a45b16fcb55f9a41be82abb5ff63","elapsed_ns":1615584,"module":true,"profile":null,"transactions":1}
OPS_FINGERPRINT_EQUIVALENT 0x6b0bcdf48c58bc137e9185203a6f9328067969e58d89c5b8b89befaa82d20679
[2m2026-09-11T13:46:55.125636Z[0m [32m INFO[0m [2mreth_node_events::node[0m[2m:[0m Received new payload from consensus engine [3mnumber[0m[2m=[0m1 [3mhash[0m[2m=[0m0x91e0747b823a0ab4ac7c3efbb25ff37ca833a45b16fcb55f9a41be82abb5ff63
[2m2026-09-11T13:46:55.284162Z[0m [32m INFO[0m [2mengine::tree::payload_validator[0m[2m:[0m State root job finished [3mstrategy[0m[2m=[0m"sparse-trie" [3mstate_root[0m[2m=[0m0x123a6d94884eb7761004d4ff1031b8527eaadc4e5b4c594674a6ee328d655ae3 [3melapsed[0m[2m=[0m179.834µs
[2m2026-09-11T13:46:55.284279Z[0m [32m INFO[0m [2mreth_node_events::node[0m[2m:[0m Block added to canonical chain [3mnumber[0m[2m=[0m1 [3mhash[0m[2m=[0m0x91e0747b823a0ab4ac7c3efbb25ff37ca833a45b16fcb55f9a41be82abb5ff63 [3mpeers[0m[2m=[0m0 [3mtxs[0m[2m=[0m1 [3mgas_used[0m[2m=[0m43.74Kgas [3mgas_throughput[0m[2m=[0m275.79Kgas/second [3mgas_limit[0m[2m=[0m30.03Mgas [3mfull[0m[2m=[0m0.1% [3mbase_fee[0m[2m=[0m0.88Gwei [3mblobs[0m[2m=[0m0 [3mexcess_blobs[0m[2m=[0m0 [3melapsed[0m[2m=[0m158.590252ms
[2m2026-09-11T13:46:55.285060Z[0m [32m INFO[0m [2mreth_node_events::node[0m[2m:[0m Canonical chain committed [3mnumber[0m[2m=[0m1 [3mhash[0m[2m=[0m0x91e0747b823a0ab4ac7c3efbb25ff37ca833a45b16fcb55f9a41be82abb5ff63 [3melapsed[0m[2m=[0m19.959µs
[2m2026-09-11T13:46:55.285080Z[0m [32m INFO[0m [2mreth_node_events::node[0m[2m:[0m Forkchoice updated [3mhead_block_hash[0m[2m=[0m0x91e0747b823a0ab4ac7c3efbb25ff37ca833a45b16fcb55f9a41be82abb5ff63 [3msafe_block_hash[0m[2m=[0m0x91e0747b823a0ab4ac7c3efbb25ff37ca833a45b16fcb55f9a41be82abb5ff63 [3mfinalized_block_hash[0m[2m=[0m0x91e0747b823a0ab4ac7c3efbb25ff37ca833a45b16fcb55f9a41be82abb5ff63
[2m2026-09-11T13:46:55.288067Z[0m [32m INFO[0m [2mreth::cli[0m[2m:[0m Received SIGTERM
[2m2026-09-11T13:46:55.288257Z[0m [32m INFO[0m [2mtxpool[0m[2m:[0m Saving current local transactions [3mtxs_file[0m[2m=[0m"<repo>/.tmp/approval-runs/waiting-load-r47jej07/data/txpool-transactions-backup.rlp" [3mnum_txs[0m[2m=[0m128
[2m2026-09-11T13:46:55.288398Z[0m [32m INFO[0m [2mreth::cli[0m[2m:[0m Wrote network peers to file [3mpeers_file[0m[2m=[0m"<repo>/.tmp/approval-runs/waiting-load-r47jej07/data/known-peers.json"
OPS_APPROVAL_EVENT {"event":"timeout","tx_hash":"