#0 building with "orbstack" instance using docker driver

#1 [internal] load build definition from Dockerfile
#1 transferring dockerfile: 2.30kB done
#1 DONE 0.0s

#2 resolve image config for docker-image://docker.io/docker/dockerfile:1
#2 DONE 0.5s

#3 docker-image://docker.io/docker/dockerfile:1@sha256:ecfaec9ed6d810b56388c508f4121597bfbba70d41a6dfeee4d8cad5f295fc32
#3 resolve docker.io/docker/dockerfile:1@sha256:ecfaec9ed6d810b56388c508f4121597bfbba70d41a6dfeee4d8cad5f295fc32 0.0s done
#3 CACHED

#4 [internal] load metadata for docker.io/library/node:20-alpine
#4 DONE 0.5s

#5 [internal] load metadata for docker.io/library/nginx:alpine
#5 DONE 0.5s

#6 [internal] load .dockerignore
#6 transferring context: 462B done
#6 DONE 0.0s

#7 [stage-1 1/4] FROM docker.io/library/nginx:alpine@sha256:72ba65eb42c10344912a84ff42408db7d34f2feb642204570ab8fc5ffd29f1d3
#7 resolve docker.io/library/nginx:alpine@sha256:72ba65eb42c10344912a84ff42408db7d34f2feb642204570ab8fc5ffd29f1d3 0.0s done
#7 DONE 0.0s

#8 [builder 1/6] FROM docker.io/library/node:20-alpine@sha256:fb4cd12c85ee03686f6af5362a0b0d56d50c58a04632e6c0fb8363f609372293
#8 resolve docker.io/library/node:20-alpine@sha256:fb4cd12c85ee03686f6af5362a0b0d56d50c58a04632e6c0fb8363f609372293 0.0s done
#8 DONE 0.0s

#9 [internal] load build context
#9 transferring context: 6.92kB 0.0s done
#9 DONE 0.0s

#10 [builder 5/6] COPY . .
#10 CACHED

#11 [builder 6/6] RUN --mount=type=cache,target=/app/.next/cache     npm run build
#11 CACHED

#12 [builder 4/6] RUN --mount=type=cache,target=/root/.npm     npm ci
#12 CACHED

#13 [stage-1 2/4] RUN apk add --no-cache curl
#13 CACHED

#14 [stage-1 3/4] COPY nginx.conf /etc/nginx/templates/default.conf.template
#14 CACHED

#15 [builder 2/6] WORKDIR /app
#15 CACHED

#16 [builder 3/6] COPY package*.json ./
#16 CACHED

#17 [stage-1 4/4] COPY --from=builder /app/out /usr/share/nginx/html
#17 CACHED

#18 exporting to image
#18 exporting layers done
#18 exporting manifest sha256:ac8f3354a7a53427653acc16493a385c849b6df789594dec539ae5a9ce1b2193 done
#18 exporting config sha256:6b0ca89cf115d4b3063fc64196dc48504aa1475a73da2c3a50ad40adbd03e1f5 done
#18 exporting attestation manifest sha256:683fd4e49b63d0b22fff9a47e50d708d69dec1845b2456c93262e5725c77543c 0.0s done
#18 exporting manifest list sha256:3520327ee7a7f8ebbe863f32f5827c19c6c675ea070969c5ba08557c1aafcb27
#18 exporting manifest list sha256:3520327ee7a7f8ebbe863f32f5827c19c6c675ea070969c5ba08557c1aafcb27 done
#18 naming to docker.io/library/ops-reth-gasstorm-dashboard:local done
#18 unpacking to docker.io/library/ops-reth-gasstorm-dashboard:local done
#18 DONE 0.1s

View build details: docker-desktop://dashboard/build/orbstack/orbstack/uyqbb1clnbhlsn4k7iy73gigt
