[2m2026-09-11T19:07:18.994570Z[0m [32m INFO[0m [2mreth::cli[0m[2m:[0m Initialized tracing, debug log directory: <repo>/.tmp/approval-runs/gasstorm-ui-z7zzhs5o/logs/anvil-hardhat
[2m2026-09-11T19:07:19.198482Z[0m [32m INFO[0m [2mreth::cli[0m[2m:[0m Starting Reth [3mversion[0m[2m=[0m"2.5.2 (5a6940e)"
[2m2026-09-11T19:07:19.199494Z[0m [32m INFO[0m [2mreth::cli[0m[2m:[0m Opening database [3mpath[0m[2m=[0m"<repo>/.tmp/approval-runs/gasstorm-ui-z7zzhs5o/data/db"
[2m2026-09-11T19:07:19.206234Z[0m [32m INFO[0m [2mreth::cli[0m[2m:[0m Configuration loaded [3mpath[0m[2m=[0m"<repo>/.tmp/approval-runs/gasstorm-ui-z7zzhs5o/data/reth.toml"
[2m2026-09-11T19:07:19.206918Z[0m [33m WARN[0m [2mproviders::rocksdb[0m[2m:[0m RocksDB will not keep all files open; performance may be reduced [3mfile_descriptor_limit[0m[2m=[0mSome(122880) [3mthreshold[0m[2m=[0m131072 [3mmax_open_files[0m[2m=[0m512
[2m2026-09-11T19:07:19.221278Z[0m [32m INFO[0m [1mcheck_consistency[0m[2m:[0m [2mreth::cli[0m[2m:[0m Healing static file inconsistencies.
[2m2026-09-11T19:07:19.302384Z[0m [32m INFO[0m [1mcheck_consistency[0m[2m:[0m[1mcheck_consistency[0m[1m{[0m[3mread_only[0m[2m=[0mfalse[1m}[0m[2m:[0m [2mreth::cli[0m[2m:[0m Verifying storage consistency.
[2m2026-09-11T19:07:19.302571Z[0m [32m INFO[0m [2mreth::cli[0m[2m:[0m Database opened
[2m2026-09-11T19:07:19.512019Z[0m [32m INFO[0m [2mreth::cli[0m[2m:[0m 
Pre-merge hard forks (block based):
- Frontier                         @0
- Homestead                        @0
- Tangerine                        @0
- SpuriousDragon                   @0
- Byzantium                        @0
- Constantinople                   @0
- Petersburg                       @0
- Istanbul                         @0
- Berlin                           @0
- London                           @0
Merge hard forks:
- Paris                            @0 (network is known to be merged)
Post-merge hard forks (timestamp based):
- Shanghai                         @0
[2m2026-09-11T19:07:19.512048Z[0m [32m INFO[0m [2mreth::cli[0m[2m:[0m Loaded storage settings [3msettings[0m[2m=[0mStorageSettings { storage_v2: true } [3mpruning_mode[0m[2m=[0m"archive"
[2m2026-09-11T19:07:19.512405Z[0m [32m INFO[0m [2mreth::cli[0m[2m:[0m Transaction pool initialized
[2m2026-09-11T19:07:19.520831Z[0m [32m INFO[0m [2mreth::cli[0m[2m:[0m P2P networking initialized [3menode[0m[2m=[0menode://807b2808e0ab67b701ace1f8b8fdf37c82481d89edd2e6903fa973fe80a3b0d3ef604093ffcdcf4970335a952e133e9ca6e49602bb5e3212585a2b88db760451@127.0.0.1:57023
[2m2026-09-11T19:07:19.521033Z[0m [32m INFO[0m [2mreth::cli[0m[2m:[0m StaticFileProducer initialized
[2m2026-09-11T19:07:19.521207Z[0m [32m INFO[0m [2mreth::cli[0m[2m:[0m Pruner initialized [3mprune_config[0m[2m=[0mPruneConfig { block_interval: 5, segments: PruneModes { sender_recovery: None, transaction_lookup: None, receipts: None, account_history: None, storage_history: None, bodies_history: None, receipts_log_filter: ReceiptsLogPruneConfig({}) }, minimum_pruning_distance: 10064 }
[2m2026-09-11T19:07:19.521705Z[0m [32m INFO[0m [2mreth::cli[0m[2m:[0m Consensus engine initialized
[2m2026-09-11T19:07:19.521780Z[0m [32m INFO[0m [2mreth::cli[0m[2m:[0m Engine API handler initialized
[2m2026-09-11T19:07:19.522575Z[0m [32m INFO[0m [2mreth::cli[0m[2m:[0m RPC HTTP server started [3murl[0m[2m=[0m127.0.0.1:57014
[2m2026-09-11T19:07:19.522626Z[0m [32m INFO[0m [2mreth::cli[0m[2m:[0m RPC auth server started [3murl[0m[2m=[0m127.0.0.1:57015
[2m2026-09-11T19:07:19.522711Z[0m [32m INFO[0m [2mreth::cli[0m[2m:[0m Starting consensus engine
[2m2026-09-11T19:07:22.034387Z[0m [32m INFO[0m [2mreth_node_events::node[0m[2m:[0m Forkchoice updated [3mhead_block_hash[0m[2m=[0m0x05d783f511ad6a93b3283b704a88072a036ed2bf6ac83f23d8dce8dafdd1c5b0 [3msafe_block_hash[0m[2m=[0m0x05d783f511ad6a93b3283b704a88072a036ed2bf6ac83f23d8dce8dafdd1c5b0 [3mfinalized_block_hash[0m[2m=[0m0x05d783f511ad6a93b3283b704a88072a036ed2bf6ac83f23d8dce8dafdd1c5b0
[2m2026-09-11T19:07:22.034412Z[0m [32m INFO[0m [2mpayload_builder[0m[2m:[0m New payload job created [3mid[0m[2m=[0m0x1bdd9976d2a6634b [3mparent[0m[2m=[0m0x05d783f511ad6a93b3283b704a88072a036ed2bf6ac83f23d8dce8dafdd1c5b0
[2m2026-09-11T19:07:22.146034Z[0m [32m INFO[0m [2mreth_node_events::node[0m[2m:[0m Received new payload from consensus engine [3mnumber[0m[2m=[0m1 [3mhash[0m[2m=[0m0x45561df282436ab2cc43f0c1956bb58bb654b7303789454fcdd7ec3a16e97ae0
[2m2026-09-11T19:07:22.520063Z[0m [32m INFO[0m [2mengine::tree::payload_validator[0m[2m:[0m State root job finished [3mstrategy[0m[2m=[0m"sparse-trie" [3mstate_root[0m[2m=[0m0x4098b4919a9c2be3e8035527922e76303448a27b674d779fcc3c536c159aee81 [3melapsed[0m[2m=[0m431.046µs
[2m2026-09-11T19:07:22.520220Z[0m [32m INFO[0m [2mreth_node_events::node[0m[2m:[0m Block added to canonical chain [3mnumber[0m[2m=[0m1 [3mhash[0m[2m=[0m0x45561df282436ab2cc43f0c1956bb58bb654b7303789454fcdd7ec3a16e97ae0 [3mpeers[0m[2m=[0m0 [3mtxs[0m[2m=[0m1 [3mgas_used[0m[2m=[0m476.52Kgas [3mgas_throughput[0m[2m=[0m1.27Mgas/second [3mgas_limit[0m[2m=[0m200.00Mgas [3mfull[0m[2m=[0m0.2% [3mbase_fee[0m[2m=[0m0.88Gwei [3mblobs[0m[2m=[0m0 [3mexcess_blobs[0m[2m=[0m0 [3melapsed[0m[2m=[0m374.110074ms
[2m2026-09-11T19:07:22.521542Z[0m [32m INFO[0m [2mreth_node_events::node[0m[2m:[0m Canonical chain committed [3mnumber[0m[2m=[0m1 [3mhash[0m[2m=[0m0x45561df282436ab2cc43f0c1956bb58bb654b7303789454fcdd7ec3a16e97ae0 [3melapsed[0m[2m=[0m23.292µs
[2m2026-09-11T19:07:22.521566Z[0m [32m INFO[0m [2mreth_node_events::node[0m[2m:[0m Forkchoice updated [3mhead_block_hash[0m[2m=[0m0x45561df282436ab2cc43f0c1956bb58bb654b7303789454fcdd7ec3a16e97ae0 [3msafe_block_hash[0m[2m=[0m0x45561df282436ab2cc43f0c1956bb58bb654b7303789454fcdd7ec3a16e97ae0 [3mfinalized_block_hash[0m[2m=[0m0x45561df282436ab2cc43f0c1956bb58bb654b7303789454fcdd7ec3a16e97ae0
[2m2026-09-11T19:07:22.522364Z[0m [32m INFO[0m [2mreth::cli[0m[2m:[0m Status [3mconnected_peers[0m[2m=[0m0 [3mlatest_block[0m[2m=[0m1
[2m2026-09-11T19:07:22.572223Z[0m [32m INFO[0m [2mpayload_builder[0m[2m:[0m New payload job created [3mid[0m[2m=[0m0xbeb56b87a5cbe1c6 [3mparent[0m[2m=[0m0x45561df282436ab2cc43f0c1956bb58bb654b7303789454fcdd7ec3a16e97ae0
[2m2026-09-11T19:07:22.676137Z[0m [32m INFO[0m [2mreth_node_events::node[0m[2m:[0m Received new payload from consensus engine [3mnumber[0m[2m=[0m2 [3mhash[0m[2m=[0m0xbd5fcf27e7efa4c47a493015238dfab42bdcb25245e40ca960aba311091e9f58
[2m2026-09-11T19:07:22.676492Z[0m [32m INFO[0m [2mengine::tree::payload_validator[0m[2m:[0m State root job finished [3mstrategy[0m[2m=[0m"sparse-trie" [3mstate_root[0m[2m=[0m0xff8d37b8e0d26aaf2c0ee9fb1b2e8f2c98c6f72f88e90480606b43ca73649749 [3melapsed[0m[2m=[0m1.708µs
[2m2026-09-11T19:07:22.676560Z[0m [32m INFO[0m [2mreth_node_events::node[0m[2m:[0m Block added to canonical chain [3mnumber[0m[2m=[0m2 [3mhash[0m[2m=[0m0xbd5fcf27e7efa4c47a493015238dfab42bdcb25245e40ca960aba311091e9f58 [3mpeers[0m[2m=[0m0 [3mtxs[0m[2m=[0m1 [3mgas_used[0m[2m=[0m155.97Kgas [3mgas_throughput[0m[2m=[0m336.87Mgas/second [3mgas_limit[0m[2m=[0m200.00Mgas [3mfull[0m[2m=[0m0.1% [3mbase_fee[0m[2m=[0m0.77Gwei [3mblobs[0m[2m=[0m0 [3mexcess_blobs[0m[2m=[0m0 [3melapsed[0m[2m=[0m463.004µs
[2m2026-09-11T19:07:22.677206Z[0m [32m INFO[0m [2mreth_node_events::node[0m[2m:[0m Canonical chain committed [3mnumber[0m[2m=[0m2 [3mhash[0m[2m=[0m0xbd5fcf27e7efa4c47a493015238dfab42bdcb25245e40ca960aba311091e9f58 [3melapsed[0m[2m=[0m17.583µs
[2m2026-09-11T19:07:22.677222Z[0m [32m INFO[0m [2mreth_node_events::node[0m[2m:[0m Forkchoice updated [3mhead_block_hash[0m[2m=[0m0xbd5fcf27e7efa4c47a493015238dfab42bdcb25245e40ca960aba311091e9f58 [3msafe_block_hash[0m[2m=[0m0xbd5fcf27e7efa4c47a493015238dfab42bdcb25245e40ca960aba311091e9f58 [3mfinalized_block_hash[0m[2m=[0m0xbd5fcf27e7efa4c47a493015238dfab42bdcb25245e40ca960aba311091e9f58
[2m2026-09-11T19:07:22.722468Z[0m [32m INFO[0m [2mpayload_builder[0m[2m:[0m New payload job created [3mid[0m[2m=[0m0x62494582fe53dec4 [3mparent[0m[2m=[0m0xbd5fcf27e7efa4c47a493015238dfab42bdcb25245e40ca960aba311091e9f58
[2m2026-09-11T19:07:22.834163Z[0m [32m INFO[0m [2mreth_node_events::node[0m[2m:[0m Received new payload from consensus engine [3mnumber[0m[2m=[0m3 [3mhash[0m[2m=[0m0x6b01ccfa76d4a91ab439b39527a89b772016a1acd7ea63f49da394c949c31f86
[2m2026-09-11T19:07:22.834715Z[0m [32m INFO[0m [2mengine::tree::payload_validator[0m[2m:[0m State root job finished [3mstrategy[0m[2m=[0m"sparse-trie" [3mstate_root[0m[2m=[0m0xf27009513bf2c3f7f7ecf7d757f3da28bd21d0849ceb515fe2f7e209497baf53 [3melapsed[0m[2m=[0m109.127µs
[2m2026-09-11T19:07:22.834808Z[0m [32m INFO[0m [2mreth_node_events::node[0m[2m:[0m Block added to canonical chain [3mnumber[0m[2m=[0m3 [3mhash[0m[2m=[0m0x6b01ccfa76d4a91ab439b39527a89b772016a1acd7ea63f49da394c949c31f86 [3mpeers[0m[2m=[0m0 [3mtxs[0m[2m=[0m1 [3mgas_used[0m[2m=[0m204.42Kgas [3mgas_throughput[0m[2m=[0m326.15Mgas/second [3mgas_limit[0m[2m=[0m200.00Mgas [3mfull[0m[2m=[0m0.1% [3mbase_fee[0m[2m=[0m0.67Gwei [3mblobs[0m[2m=[0m0 [3mexcess_blobs[0m[2m=[0m0 [3melapsed[0m[2m=[0m626.756µs
[2m2026-09-11T19:07:22.835559Z[0m [32m INFO[0m [2mreth_node_events::node[0m[2m:[0m Canonical chain committed [3mnumber[0m[2m=[0m3 [3mhash[0m[2m=[0m0x6b01ccfa76d4a91ab439b39527a89b772016a1acd7ea63f49da394c949c31f86 [3melapsed[0m[2m=[0m14.084µs
[2m2026-09-11T19:07:22.835572Z[0m [32m INFO[0m [2mreth_node_events::node[0m[2m:[0m Forkchoice updated [3mhead_block_hash[0m[2m=[0m0x6b01ccfa76d4a91ab439b39527a89b772016a1acd7ea63f49da394c949c31f86 [3msafe_block_hash[0m[2m=[0m0x6b01ccfa76d4a91ab439b39527a89b772016a1acd7ea63f49da394c949c31f86 [3mfinalized_block_hash[0m[2m=[0m0x6b01ccfa76d4a91ab439b39527a89b772016a1acd7ea63f49da394c949c31f86
[2m2026-09-11T19:07:22.881012Z[0m [32m INFO[0m [2mpayload_builder[0m[2m:[0m New payload job created [3mid[0m[2m=[0m0xfa53622ea8a08dc4 [3mparent[0m[2m=[0m0x6b01ccfa76d4a91ab439b39527a89b772016a1acd7ea63f49da394c949c31f86
[2m2026-09-11T19:07:22.991398Z[0m [32m INFO[0m [2mreth_node_events::node[0m[2m:[0m Received new payload from consensus engine [3mnumber[0m[2m=[0m4 [3mhash[0m[2m=[0m0x69f278cfb1c225a0b8cecb2d5f72763e89217c6ee003bbb3c655292f0e79b6d0
[2m2026-09-11T19:07:22.991913Z[0m [32m INFO[0m [2mengine::tree::payload_validator[0m[2m:[0m State root job finished [3mstrategy[0m[2m=[0m"sparse-trie" [3mstate_root[0m[2m=[0m0xe70073f64478d5d28ec8b3dad6dde12c5713a51df86478b12c737fd280f8b02a [3melapsed[0m[2m=[0m24.709µs
[2m2026-09-11T19:07:22.991993Z[0m [32m INFO[0m [2mreth_node_events::node[0m[2m:[0m Block added to canonical chain [3mnumber[0m[2m=[0m4 [3mhash[0m[2m=[0m0x69f278cfb1c225a0b8cecb2d5f72763e89217c6ee003bbb3c655292f0e79b6d0 [3mpeers[0m[2m=[0m0 [3mtxs[0m[2m=[0m1 [3mgas_used[0m[2m=[0m46.98Kgas [3mgas_throughput[0m[2m=[0m82.19Mgas/second [3mgas_limit[0m[2m=[0m200.00Mgas [3mfull[0m[2m=[0m0.0% [3mbase_fee[0m[2m=[0m0.59Gwei [3mblobs[0m[2m=[0m0 [3mexcess_blobs[0m[2m=[0m0 [3melapsed[0m[2m=[0m571.589µs
[2m2026-09-11T19:07:22.992552Z[0m [32m INFO[0m [2mreth_node_events::node[0m[2m:[0m Canonical chain committed [3mnumber[0m[2m=[0m4 [3mhash[0m[2m=[0m0x69f278cfb1c225a0b8cecb2d5f72763e89217c6ee003bbb3c655292f0e79b6d0 [3melapsed[0m[2m=[0m18.042µs
[2m2026-09-11T19:07:22.992572Z[0m [32m INFO[0m [2mreth_node_events::node[0m[2m:[0m Forkchoice updated [3mhead_block_hash[0m[2m=[0m0x69f278cfb1c225a0b8cecb2d5f72763e89217c6ee003bbb3c655292f0e79b6d0 [3msafe_block_hash[0m[2m=[0m0x69f278cfb1c225a0b8cecb2d5f72763e89217c6ee003bbb3c655292f0e79b6d0 [3mfinalized_block_hash[0m[2m=[0m0x69f278cfb1c225a0b8cecb2d5f72763e89217c6ee003bbb3c655292f0e79b6d0
[2m2026-09-11T19:07:23.030291Z[0m [32m INFO[0m [2mpayload_builder[0m[2m:[0m New payload job created [3mid[0m[2m=[0m0xdb6d2a319dbeb3e0 [3mparent[0m[2m=[0m0x69f278cfb1c225a0b8cecb2d5f72763e89217c6ee003bbb3c655292f0e79b6d0
[2m2026-09-11T19:07:23.142145Z[0m [32m INFO[0m [2mreth_node_events::node[0m[2m:[0m Received new payload from consensus engine [3mnumber[0m[2m=[0m5 [3mhash[0m[2m=[0m0xb21cf76398c1d06e20998a20cfea8049f8a2a9519b0f75ad373a8c9892c584b4
[2m2026-09-11T19:07:23.142808Z[0m [32m INFO[0m [2mengine::tree::payload_validator[0m[2m:[0m State root job finished [3mstrategy[0m[2m=[0m"sparse-trie" [3mstate_root[0m[2m=[0m0xbf55f7227403b181c24fd07375489333e9a98260b90a8773da43357425432846 [3melapsed[0m[2m=[0m287.628µs
[2m2026-09-11T19:07:23.142880Z[0m [32m INFO[0m [2mreth_node_events::node[0m[2m:[0m Block added to canonical chain [3mnumber[0m[2m=[0m5 [3mhash[0m[2m=[0m0xb21cf76398c1d06e20998a20cfea8049f8a2a9519b0f75ad373a8c9892c584b4 [3mpeers[0m[2m=[0m0 [3mtxs[0m[2m=[0m1 [3mgas_used[0m[2m=[0m46.98Kgas [3mgas_throughput[0m[2m=[0m58.54Mgas/second [3mgas_limit[0m[2m=[0m200.00Mgas [3mfull[0m[2m=[0m0.0% [3mbase_fee[0m[2m=[0m0.51Gwei [3mblobs[0m[2m=[0m0 [3mexcess_blobs[0m[2m=[0m0 [3melapsed[0m[2m=[0m802.549µs
[2m2026-09-11T19:07:23.143402Z[0m [32m INFO[0m [2mreth_node_events::node[0m[2m:[0m Canonical chain committed [3mnumber[0m[2m=[0m5 [3mhash[0m[2m=[0m0xb21cf76398c1d06e20998a20cfea8049f8a2a9519b0f75ad373a8c9892c584b4 [3melapsed[0m[2m=[0m10.708µs
[2m2026-09-11T19:07:23.143413Z[0m [32m INFO[0m [2mreth_node_events::node[0m[2m:[0m Forkchoice updated [3mhead_block_hash[0m[2m=[0m0xb21cf76398c1d06e20998a20cfea8049f8a2a9519b0f75ad373a8c9892c584b4 [3msafe_block_hash[0m[2m=[0m0xb21cf76398c1d06e20998a20cfea8049f8a2a9519b0f75ad373a8c9892c584b4 [3mfinalized_block_hash[0m[2m=[0m0xb21cf76398c1d06e20998a20cfea8049f8a2a9519b0f75ad373a8c9892c584b4
[2m2026-09-11T19:07:23.179437Z[0m [32m INFO[0m [2mpayload_builder[0m[2m:[0m New payload job created [3mid[0m[2m=[0m0xc2242ca175f112c8 [3mparent[0m[2m=[0m0xb21cf76398c1d06e20998a20cfea8049f8a2a9519b0f75ad373a8c9892c584b4
[2m2026-09-11T19:07:23.290833Z[0m [32m INFO[0m [2mreth_node_events::node[0m[2m:[0m Received new payload from consensus engine [3mnumber[0m[2m=[0m6 [3mhash[0m[2m=[0m0x49b55017e8799ccba87f3ad60a59c197d128c7c72e929b9b39d227bbc97328ca
[2m2026-09-11T19:07:23.291770Z[0m [32m INFO[0m [2mengine::tree::payload_validator[0m[2m:[0m State root job finished [3mstrategy[0m[2m=[0m"sparse-trie" [3mstate_root[0m[2m=[0m0xaa2ead5111efbf073e23c415c1a7fe38444bb7a40ac38c1cb50652793dcaa26c [3melapsed[0m[2m=[0m141.002µs
[2m2026-09-11T19:07:23.291842Z[0m [32m INFO[0m [2mreth_node_events::node[0m[2m:[0m Block added to canonical chain [3mnumber[0m[2m=[0m6 [3mhash[0m[2m=[0m0x49b55017e8799ccba87f3ad60a59c197d128c7c72e929b9b39d227bbc97328ca [3mpeers[0m[2m=[0m0 [3mtxs[0m[2m=[0m1 [3mgas_used[0m[2m=[0m46.98Kgas [3mgas_throughput[0m[2m=[0m44.92Mgas/second [3mgas_limit[0m[2m=[0m200.00Mgas [3mfull[0m[2m=[0m0.0% [3mbase_fee[0m[2m=[0m0.45Gwei [3mblobs[0m[2m=[0m0 [3mexcess_blobs[0m[2m=[0m0 [3melapsed[0m[2m=[0m1.045802ms
[2m2026-09-11T19:07:23.292485Z[0m [32m INFO[0m [2mreth_node_events::node[0m[2m:[0m Canonical chain committed [3mnumber[0m[2m=[0m6 [3mhash[0m[2m=[0m0x49b55017e8799ccba87f3ad60a59c197d128c7c72e929b9b39d227bbc97328ca [3melapsed[0m[2m=[0m14.833µs
[2m2026-09-11T19:07:23.292499Z[0m [32m INFO[0m [2mreth_node_events::node[0m[2m:[0m Forkchoice updated [3mhead_block_hash[0m[2m=[0m0x49b55017e8799ccba87f3ad60a59c197d128c7c72e929b9b39d227bbc97328ca [3msafe_block_hash[0m[2m=[0m0x49b55017e8799ccba87f3ad60a59c197d128c7c72e929b9b39d227bbc97328ca [3mfinalized_block_hash[0m[2m=[0m0x49b55017e8799ccba87f3ad60a59c197d128c7c72e929b9b39d227bbc97328ca
[2m2026-09-11T19:07:23.329061Z[0m [32m INFO[0m [2mpayload_builder[0m[2m:[0m New payload job created [3mid[0m[2m=[0m0xf74e1ed711799886 [3mparent[0m[2m=[0m0x49b55017e8799ccba87f3ad60a59c197d128c7c72e929b9b39d227bbc97328ca
[2m2026-09-11T19:07:23.439451Z[0m [32m INFO[0m [2mreth_node_events::node[0m[2m:[0m Received new payload from consensus engine [3mnumber[0m[2m=[0m7 [3mhash[0m[2m=[0m0x7c7613afd9f7b36aa80b496528c825c2cda85b28c743377d9dd171e05c43f587
[2m2026-09-11T19:07:23.439931Z[0m [32m INFO[0m [2mengine::tree::payload_validator[0m[2m:[0m State root job finished [3mstrategy[0m[2m=[0m"sparse-trie" [3mstate_root[0m[2m=[0m0xee5639f2077d4489f6c07e58e33c5e2d7d920cf3b30cd5fd00479be4fbac8475 [3melapsed[0m[2m=[0m1.75µs
[2m2026-09-11T19:07:23.440018Z[0m [32m INFO[0m [2mreth_node_events::node[0m[2m:[0m Block added to canonical chain [3mnumber[0m[2m=[0m7 [3mhash[0m[2m=[0m0x7c7613afd9f7b36aa80b496528c825c2cda85b28c743377d9dd171e05c43f587 [3mpeers[0m[2m=[0m0 [3mtxs[0m[2m=[0m1 [3mgas_used[0m[2m=[0m46.98Kgas [3mgas_throughput[0m[2m=[0m88.01Mgas/second [3mgas_limit[0m[2m=[0m200.00Mgas [3mfull[0m[2m=[0m0.0% [3mbase_fee[0m[2m=[0m0.39Gwei [3mblobs[0m[2m=[0m0 [3mexcess_blobs[0m[2m=[0m0 [3melapsed[0m[2m=[0m533.797µs
[2m2026-09-11T19:07:23.440806Z[0m [32m INFO[0m [2mreth_node_events::node[0m[2m:[0m Canonical chain committed [3mnumber[0m[2m=[0m7 [3mhash[0m[2m=[0m0x7c7613afd9f7b36aa80b496528c825c2cda85b28c743377d9dd171e05c43f587 [3melapsed[0m[2m=[0m10.791µs
[2m2026-09-11T19:07:23.440821Z[0m [32m INFO[0m [2mreth_node_events::node[0m[2m:[0m Forkchoice updated [3mhead_block_hash[0m[2m=[0m0x7c7613afd9f7b36aa80b496528c825c2cda85b28c743377d9dd171e05c43f587 [3msafe_block_hash[0m[2m=[0m0x7c7613afd9f7b36aa80b496528c825c2cda85b28c743377d9dd171e05c43f587 [3mfinalized_block_hash[0m[2m=[0m0x7c7613afd9f7b36aa80b496528c825c2cda85b28c743377d9dd171e05c43f587
[2m2026-09-11T19:07:23.481093Z[0m [32m INFO[0m [2mpayload_builder[0m[2m:[0m New payload job created [3mid[0m[2m=[0m0x8fdc9a94b5721971 [3mparent[0m[2m=[0m0x7c7613afd9f7b36aa80b496528c825c2cda85b28c743377d9dd171e05c43f587
[2m2026-09-11T19:07:23.591529Z[0m [32m INFO[0m [2mreth_node_events::node[0m[2m:[0m Received new payload from consensus engine [3mnumber[0m[2m=[0m8 [3mhash[0m[2m=[0m0xfc172838fe326e1b0fc6ddc9901f78fbbd73d30819084700660666d00d565af9
[2m2026-09-11T19:07:23.592059Z[0m [32m INFO[0m [2mengine::tree::payload_validator[0m[2m:[0m State root job finished [3mstrategy[0m[2m=[0m"sparse-trie" [3mstate_root[0m[2m=[0m0x407c5c32e35cdfdc68a1d29a41b77a9ce733085f60706180a7e958d2dd77b4ea [3melapsed[0m[2m=[0m97.042µs
[2m2026-09-11T19:07:23.592130Z[0m [32m INFO[0m [2mreth_node_events::node[0m[2m:[0m Block added to canonical chain [3mnumber[0m[2m=[0m8 [3mhash[0m[2m=[0m0xfc172838fe326e1b0fc6ddc9901f78fbbd73d30819084700660666d00d565af9 [3mpeers[0m[2m=[0m0 [3mtxs[0m[2m=[0m1 [3mgas_used[0m[2m=[0m46.98Kgas [3mgas_throughput[0m[2m=[0m80.86Mgas/second [3mgas_limit[0m[2m=[0m200.00Mgas [3mfull[0m[2m=[0m0.0% [3mbase_fee[0m[2m=[0m0.34Gwei [3mblobs[0m[2m=[0m0 [3mexcess_blobs[0m[2m=[0m0 [3melapsed[0m[2m=[0m581.006µs
[2m2026-09-11T19:07:23.592619Z[0m [32m INFO[0m [2mreth_node_events::node[0m[2m:[0m Canonical chain committed [3mnumber[0m[2m=[0m8 [3mhash[0m[2m=[0m0xfc172838fe326e1b0fc6ddc9901f78fbbd73d30819084700660666d00d565af9 [3melapsed[0m[2m=[0m14.125µs
[2m2026-09-11T19:07:23.592628Z[0m [32m INFO[0m [2mreth_node_events::node[0m[2m:[0m Forkchoice updated [3mhead_block_hash[0m[2m=[0m0xfc172838fe326e1b0fc6ddc9901f78fbbd73d30819084700660666d00d565af9 [3msafe_block_hash[0m[2m=[0m0xfc172838fe326e1b0fc6ddc9901f78fbbd73d30819084700660666d00d565af9 [3mfinalized_block_hash[0m[2m=[0m0xfc172838fe326e1b0fc6ddc9901f78fbbd73d30819084700660666d00d565af9
[2m2026-09-11T19:07:23.629222Z[0m [32m INFO[0m [2mpayload_builder[0m[2m:[0m New payload job created [3mid[0m[2m=[0m0xfae4f235d8a633a2 [3mparent[0m[2m=[0m0xfc172838fe326e1b0fc6ddc9901f78fbbd73d30819084700660666d00d565af9
[2m2026-09-11T19:07:23.740617Z[0m [32m INFO[0m [2mreth_node_events::node[0m[2m:[0m Received new payload from consensus engine [3mnumber[0m[2m=[0m9 [3mhash[0m[2m=[0m0x2214a4bc4f85f8e00abfc6c781f88019639d5259a882624bb9f13576fa56c5fd
[2m2026-09-11T19:07:23.740949Z[0m [32m INFO[0m [2mengine::tree::payload_validator[0m[2m:[0m State root job finished [3mstrategy[0m[2m=[0m"sparse-trie" [3mstate_root[0m[2m=[0m0xcafd5d397b4808b0310b7b96f80cfd86379459b2fe7d289fe5f63cfa9626fb24 [3melapsed[0m[2m=[0m1.292µs
[2m2026-09-11T19:07:23.741090Z[0m [32m INFO[0m [2mreth_node_events::node[0m[2m:[0m Block added to canonical chain [3mnumber[0m[2m=[0m9 [3mhash[0m[2m=[0m0x2214a4bc4f85f8e00abfc6c781f88019639d5259a882624bb9f13576fa56c5fd [3mpeers[0m[2m=[0m0 [3mtxs[0m[2m=[0m1 [3mgas_used[0m[2m=[0m46.98Kgas [3mgas_throughput[0m[2m=[0m104.31Mgas/second [3mgas_limit[0m[2m=[0m200.00Mgas [3mfull[0m[2m=[0m0.0% [3mbase_fee[0m[2m=[0m0.30Gwei [3mblobs[0m[2m=[0m0 [3mexcess_blobs[0m[2m=[0m0 [3melapsed[0m[2m=[0m450.379µs
[2m2026-09-11T19:07:23.741579Z[0m [32m INFO[0m [2mreth_node_events::node[0m[2m:[0m Canonical chain committed [3mnumber[0m[2m=[0m9 [3mhash[0m[2m=[0m0x2214a4bc4f85f8e00abfc6c781f88019639d5259a882624bb9f13576fa56c5fd [3melapsed[0m[2m=[0m10.916µs
[2m2026-09-11T19:07:23.741589Z[0m [32m INFO[0m [2mreth_node_events::node[0m[2m:[0m Forkchoice updated [3mhead_block_hash[0m[2m=[0m0x2214a4bc4f85f8e00abfc6c781f88019639d5259a882624bb9f13576fa56c5fd [3msafe_block_hash[0m[2m=[0m0x2214a4bc4f85f8e00abfc6c781f88019639d5259a882624bb9f13576fa56c5fd [3mfinalized_block_hash[0m[2m=[0m0x2214a4bc4f85f8e00abfc6c781f88019639d5259a882624bb9f13576fa56c5fd
[2m2026-09-11T19:07:23.776141Z[0m [32m INFO[0m [2mpayload_builder[0m[2m:[0m New payload job created [3mid[0m[2m=[0m0xb393740248b85af6 [3mparent[0m[2m=[0m0x2214a4bc4f85f8e00abfc6c781f88019639d5259a882624bb9f13576fa56c5fd
[2m2026-09-11T19:07:23.887459Z[0m [32m INFO[0m [2mreth_node_events::node[0m[2m:[0m Received new payload from consensus engine [3mnumber[0m[2m=[0m10 [3mhash[0m[2m=[0m0xce6f5eb846a147495440a74c415a13d3d057f880c9506a12707a4af240783109
[2m2026-09-11T19:07:23.887836Z[0m [32m INFO[0m [2mengine::tree::payload_validator[0m[2m:[0m State root job finished [3mstrategy[0m[2m=[0m"sparse-trie" [3mstate_root[0m[2m=[0m0x74aa7c97a179160a3a3335936b6b5192e3955215969a9e89e8437c9f9c6fa95a [3melapsed[0m[2m=[0m81.084µs
[2m2026-09-11T19:07:23.887908Z[0m [32m INFO[0m [2mreth_node_events::node[0m[2m:[0m Block added to canonical chain [3mnumber[0m[2m=[0m10 [3mhash[0m[2m=[0m0xce6f5eb846a147495440a74c415a13d3d057f880c9506a12707a4af240783109 [3mpeers[0m[2m=[0m0 [3mtxs[0m[2m=[0m1 [3mgas_used[0m[2m=[0m46.98Kgas [3mgas_throughput[0m[2m=[0m106.97Mgas/second [3mgas_limit[0m[2m=[0m200.00Mgas [3mfull[0m[2m=[0m0.0% [3mbase_fee[0m[2m=[0m0.26Gwei [3mblobs[0m[2m=[0m0 [3mexcess_blobs[0m[2m=[0m0 [3melapsed[0m[2m=[0m439.171µs
[2m2026-09-11T19:07:23.888408Z[0m [32m INFO[0m [2mreth_node_events::node[0m[2m:[0m Canonical chain committed [3mnumber[0m[2m=[0m10 [3mhash[0m[2m=[0m0xce6f5eb846a147495440a74c415a13d3d057f880c9506a12707a4af240783109 [3melapsed[0m[2m=[0m13.5µs
[2m2026-09-11T19:07:23.888427Z[0m [32m INFO[0m [2mreth_node_events::node[0m[2m:[0m Forkchoice updated [3mhead_block_hash[0m[2m=[0m0xce6f5eb846a147495440a74c415a13d3d057f880c9506a12707a4af240783109 [3msafe_block_hash[0m[2m=[0m0xce6f5eb846a147495440a74c415a13d3d057f880c9506a12707a4af240783109 [3mfinalized_block_hash[0m[2m=[0m0xce6f5eb846a147495440a74c415a13d3d057f880c9506a12707a4af240783109
[2m2026-09-11T19:07:23.924053Z[0m [32m INFO[0m [2mpayload_builder[0m[2m:[0m New payload job created [3mid[0m[2m=[0m0x86b6828dfee6bef5 [3mparent[0m[2m=[0m0xce6f5eb846a147495440a74c415a13d3d057f880c9506a12707a4af240783109
[2m2026-09-11T19:07:24.025673Z[0m [32m INFO[0m [2mreth_node_events::node[0m[2m:[0m Received new payload from consensus engine [3mnumber[0m[2m=[0m11 [3mhash[0m[2m=[0m0x79b4a22b4e41c3d8a9d8d9bb6537d804c4357a75564b7eb126a519f3cdf15dd1
[2m2026-09-11T19:07:24.026074Z[0m [32m INFO[0m [2mengine::tree::payload_validator[0m[2m:[0m State root job finished [3mstrategy[0m[2m=[0m"sparse-trie" [3mstate_root[0m[2m=[0m0x0db09d5f75b0afa7a7ca25e15c6c0dc9bc42f955f0dcffe370695b352e116169 [3melapsed[0m[2m=[0m121.877µs
[2m2026-09-11T19:07:24.026149Z[0m [32m INFO[0m [2mreth_node_events::node[0m[2m:[0m Block added to canonical chain [3mnumber[0m[2m=[0m11 [3mhash[0m[2m=[0m0x79b4a22b4e41c3d8a9d8d9bb6537d804c4357a75564b7eb126a519f3cdf15dd1 [3mpeers[0m[2m=[0m0 [3mtxs[0m[2m=[0m1 [3mgas_used[0m[2m=[0m46.98Kgas [3mgas_throughput[0m[2m=[0m100.58Mgas/second [3mgas_limit[0m[2m=[0m200.00Mgas [3mfull[0m[2m=[0m0.0% [3mbase_fee[0m[2m=[0m0.23Gwei [3mblobs[0m[2m=[0m0 [3mexcess_blobs[0m[2m=[0m0 [3melapsed[0m[2m=[0m467.088µs
[2m2026-09-11T19:07:24.026686Z[0m [32m INFO[0m [2mreth_node_events::node[0m[2m:[0m Canonical chain committed [3mnumber[0m[2m=[0m11 [3mhash[0m[2m=[0m0x79b4a22b4e41c3d8a9d8d9bb6537d804c4357a75564b7eb126a519f3cdf15dd1 [3melapsed[0m[2m=[0m14.042µs
[2m2026-09-11T19:07:24.026703Z[0m [32m INFO[0m [2mreth_node_events::node[0m[2m:[0m Forkchoice updated [3mhead_block_hash[0m[2m=[0m0x79b4a22b4e41c3d8a9d8d9bb6537d804c4357a75564b7eb126a519f3cdf15dd1 [3msafe_block_hash[0m[2m=[0m0x79b4a22b4e41c3d8a9d8d9bb6537d804c4357a75564b7eb126a519f3cdf15dd1 [3mfinalized_block_hash[0m[2m=[0m0x79b4a22b4e41c3d8a9d8d9bb6537d804c4357a75564b7eb126a519f3cdf15dd1
[2m2026-09-11T19:07:24.092658Z[0m [32m INFO[0m [2mpayload_builder[0m[2m:[0m New payload job created [3mid[0m[2m=[0m0x8de5677ab908ae0e [3mparent[0m[2m=[0m0x79b4a22b4e41c3d8a9d8d9bb6537d804c4357a75564b7eb126a519f3cdf15dd1
[2m2026-09-11T19:07:24.207942Z[0m [32m INFO[0m [2mreth_node_events::node[0m[2m:[0m Received new payload from consensus engine [3mnumber[0m[2m=[0m12 [3mhash[0m[2m=[0m0x49d867531cad724cce12221c29a31c8e4db25fb4131a53cbd656e9c3357c2fa6
[2m2026-09-11T19:07:24.208430Z[0m [32m INFO[0m [2mengine::tree::payload_validator[0m[2m:[0m State root job finished [3mstrategy[0m[2m=[0m"sparse-trie" [3mstate_root[0m[2m=[0m0x62af89d704c833785418c72c567fbba103f1263cd5bbc852c042ac7786a3dfbc [3melapsed[0m[2m=[0m1.292µs
[2m2026-09-11T19:07:24.208506Z[0m [32m INFO[0m [2mreth_node_events::node[0m[2m:[0m Block added to canonical chain [3mnumber[0m[2m=[0m12 [3mhash[0m[2m=[0m0x49d867531cad724cce12221c29a31c8e4db25fb4131a53cbd656e9c3357c2fa6 [3mpeers[0m[2m=[0m0 [3mtxs[0m[2m=[0m1 [3mgas_used[0m[2m=[0m46.98Kgas [3mgas_throughput[0m[2m=[0m82.15Mgas/second [3mgas_limit[0m[2m=[0m200.00Mgas [3mfull[0m[2m=[0m0.0% [3mbase_fee[0m[2m=[0m0.20Gwei [3mblobs[0m[2m=[0m0 [3mexcess_blobs[0m[2m=[0m0 [3melapsed[0m[2m=[0m571.839µs
[2m2026-09-11T19:07:24.208984Z[0m [32m INFO[0m [2mreth_node_events::node[0m[2m:[0m Canonical chain committed [3mnumber[0m[2m=[0m12 [3mhash[0m[2m=[0m0x49d867531cad724cce12221c29a31c8e4db25fb4131a53cbd656e9c3357c2fa6 [3melapsed[0m[2m=[0m15.792µs
[2m2026-09-11T19:07:24.208996Z[0m [32m INFO[0m [2mreth_node_events::node[0m[2m:[0m Forkchoice updated [3mhead_block_hash[0m[2m=[0m0x49d867531cad724cce12221c29a31c8e4db25fb4131a53cbd656e9c3357c2fa6 [3msafe_block_hash[0m[2m=[0m0x49d867531cad724cce12221c29a31c8e4db25fb4131a53cbd656e9c3357c2fa6 [3mfinalized_block_hash[0m[2m=[0m0x49d867531cad724cce12221c29a31c8e4db25fb4131a53cbd656e9c3357c2fa6
[2m2026-09-11T19:07:24.255154Z[0m [32m INFO[0m [2mpayload_builder[0m[2m:[0m New payload job created [3mid[0m[2m=[0m0xc38f031883bcac33 [3mparent[0m[2m=[0m0x49d867531cad724cce12221c29a31c8e4db25fb4131a53cbd656e9c3357c2fa6
[2m2026-09-11T19:07:24.362292Z[0m [32m INFO[0m [2mreth_node_events::node[0m[2m:[0m Received new payload from consensus engine [3mnumber[0m[2m=[0m13 [3mhash[0m[2m=[0m0x8913fba14a2d06bc1ef098a3209e0709ad80c6ec61de36bff6042149588d2628
[2m2026-09-11T19:07:24.362758Z[0m [32m INFO[0m [2mengine::tree::payload_validator[0m[2m:[0m State root job finished [3mstrategy[0m[2m=[0m"sparse-trie" [3mstate_root[0m[2m=[0m0x4eab785a85eedcc6c16d0d4ea073ead3c51b7ab161a7fad0a1ccfb70c90c8ada [3melapsed[0m[2m=[0m70.625µs
[2m2026-09-11T19:07:24.362827Z[0m [32m INFO[0m [2mreth_node_events::node[0m[2m:[0m Block added to canonical chain [3mnumber[0m[2m=[0m13 [3mhash[0m[2m=[0m0x8913fba14a2d06bc1ef098a3209e0709ad80c6ec61de36bff6042149588d2628 [3mpeers[0m[2m=[0m0 [3mtxs[0m[2m=[0m1 [3mgas_used[0m[2m=[0m46.98Kgas [3mgas_throughput[0m[2m=[0m89.20Mgas/second [3mgas_limit[0m[2m=[0m200.00Mgas [3mfull[0m[2m=[0m0.0% [3mbase_fee[0m[2m=[0m0.18Gwei [3mblobs[0m[2m=[0m0 [3mexcess_blobs[0m[2m=[0m0 [3melapsed[0m[2m=[0m526.672µs
[2m2026-09-11T19:07:24.363521Z[0m [32m INFO[0m [2mreth_node_events::node[0m[2m:[0m Canonical chain committed [3mnumber[0m[2m=[0m13 [3mhash[0m[2m=[0m0x8913fba14a2d06bc1ef098a3209e0709ad80c6ec61de36bff6042149588d2628 [3melapsed[0m[2m=[0m18.459µs
[2m2026-09-11T19:07:24.363540Z[0m [32m INFO[0m [2mreth_node_events::node[0m[2m:[0m Forkchoice updated [3mhead_block_hash[0m[2m=[0m0x8913fba14a2d06bc1ef098a3209e0709ad80c6ec61de36bff6042149588d2628 [3msafe_block_hash[0m[2m=[0m0x8913fba14a2d06bc1ef098a3209e0709ad80c6ec61de36bff6042149588d2628 [3mfinalized_block_hash[0m[2m=[0m0x8913fba14a2d06bc1ef098a3209e0709ad80c6ec61de36bff6042149588d2628
[2m2026-09-11T19:07:24.365625Z[0m [32m INFO[0m [2mpayload_builder[0m[2m:[0m New payload job created [3mid[0m[2m=[0m0x2c0a878cac300ed8 [3mparent[0m[2m=[0m0x8913fba14a2d06bc1ef098a3209e0709ad80c6ec61de36bff6042149588d2628
[2m2026-09-11T19:07:24.469441Z[0m [32m INFO[0m [2mreth_node_events::node[0m[2m:[0m Received new payload from consensus engine [3mnumber[0m[2m=[0m14 [3mhash[0m[2m=[0m0xb77ddad0cfc12d73b02a6e21a589497b2a58fd4b674c6cbf04b9632eb8f01859
[2m2026-09-11T19:07:24.469857Z[0m [32m INFO[0m [2mengine::tree::payload_validator[0m[2m:[0m State root job finished [3mstrategy[0m[2m=[0m"sparse-trie" [3mstate_root[0m[2m=[0m0x4eab785a85eedcc6c16d0d4ea073ead3c51b7ab161a7fad0a1ccfb70c90c8ada [3melapsed[0m[2m=[0m1.417µs
[2m2026-09-11T19:07:24.470018Z[0m [32m INFO[0m [2mreth_node_events::node[0m[2m:[0m Block added to canonical chain [3mnumber[0m[2m=[0m14 [3mhash[0m[2m=[0m0xb77ddad0cfc12d73b02a6e21a589497b2a58fd4b674c6cbf04b9632eb8f01859 [3mpeers[0m[2m=[0m0 [3mtxs[0m[2m=[0m0 [3mgas_used[0m[2m=[0m0.00Kgas [3mgas_throughput[0m[2m=[0m0.00Kgas/second [3mgas_limit[0m[2m=[0m200.00Mgas [3mfull[0m[2m=[0m0.0% [3mbase_fee[0m[2m=[0m0.15Gwei [3mblobs[0m[2m=[0m0 [3mexcess_blobs[0m[2m=[0m0 [3melapsed[0m[2m=[0m511.797µs
[2m2026-09-11T19:07:24.470608Z[0m [32m INFO[0m [2mreth_node_events::node[0m[2m:[0m Canonical chain committed [3mnumber[0m[2m=[0m14 [3mhash[0m[2m=[0m0xb77ddad0cfc12d73b02a6e21a589497b2a58fd4b674c6cbf04b9632eb8f01859 [3melapsed[0m[2m=[0m13.125µs
[2m2026-09-11T19:07:24.470624Z[0m [32m INFO[0m [2mreth_node_events::node[0m[2m:[0m Forkchoice updated [3mhead_block_hash[0m[2m=[0m0xb77ddad0cfc12d73b02a6e21a589497b2a58fd4b674c6cbf04b9632eb8f01859 [3msafe_block_hash[0m[2m=[0m0xb77ddad0cfc12d73b02a6e21a589497b2a58fd4b674c6cbf04b9632eb8f01859 [3mfinalized_block_hash[0m[2m=[0m0xb77ddad0cfc12d73b02a6e21a589497b2a58fd4b674c6cbf04b9632eb8f01859
[2m2026-09-11T19:07:25.366583Z[0m [32m INFO[0m [2mpayload_builder[0m[2m:[0m New payload job created [3mid[0m[2m=[0m0x0ac678734f9f28f6 [3mparent[0m[2m=[0m0xb77ddad0cfc12d73b02a6e21a589497b2a58fd4b674c6cbf04b9632eb8f01859
[2m2026-09-11T19:07:25.477944Z[0m [32m INFO[0m [2mreth_node_events::node[0m[2m:[0m Received new payload from consensus engine [3mnumber[0m[2m=[0m15 [3mhash[0m[2m=[0m0x84770e3e15098adc4e175ca6940e54c288ade28a536d47b651c2c45d6bc80dfa
[2m2026-09-11T19:07:25.478350Z[0m [32m INFO[0m [2mengine::tree::payload_validator[0m[2m:[0m State root job finished [3mstrategy[0m[2m=[0m"sparse-trie" [3mstate_root[0m[2m=[0m0x4eab785a85eedcc6c16d0d4ea073ead3c51b7ab161a7fad0a1ccfb70c90c8ada [3melapsed[0m[2m=[0m1.5µs
[2m2026-09-11T19:07:25.478448Z[0m [32m INFO[0m [2mreth_node_events::node[0m[2m:[0m Block added to canonical chain [3mnumber[0m[2m=[0m15 [3mhash[0m[2m=[0m0x84770e3e15098adc4e175ca6940e54c288ade28a536d47b651c2c45d6bc80dfa [3mpeers[0m[2m=[0m0 [3mtxs[0m[2m=[0m0 [3mgas_used[0m[2m=[0m0.00Kgas [3mgas_throughput[0m[2m=[0m0.00Kgas/second [3mgas_limit[0m[2m=[0m200.00Mgas [3mfull[0m[2m=[0m0.0% [3mbase_fee[0m[2m=[0m0.14Gwei [3mblobs[0m[2m=[0m0 [3mexcess_blobs[0m[2m=[0m0 [3melapsed[0m[2m=[0m460.713µs
[2m2026-09-11T19:07:25.478985Z[0m [32m INFO[0m [2mreth_node_events::node[0m[2m:[0m Canonical chain committed [3mnumber[0m[2m=[0m15 [3mhash[0m[2m=[0m0x84770e3e15098adc4e175ca6940e54c288ade28a536d47b651c2c45d6bc80dfa [3melapsed[0m[2m=[0m16.334µs
[2m2026-09-11T19:07:25.479005Z[0m [32m INFO[0m [2mreth_node_events::node[0m[2m:[0m Forkchoice updated [3mhead_block_hash[0m[2m=[0m0x84770e3e15098adc4e175ca6940e54c288ade28a536d47b651c2c45d6bc80dfa [3msafe_block_hash[0m[2m=[0m0x84770e3e15098adc4e175ca6940e54c288ade28a536d47b651c2c45d6bc80dfa [3mfinalized_block_hash[0m[2m=[0m0x84770e3e15098adc4e175ca6940e54c288ade28a536d47b651c2c45d6bc80dfa
[2m2026-09-11T19:07:26.373184Z[0m [32m INFO[0m [2mpayload_builder[0m[2m:[0m New payload job created [3mid[0m[2m=[0m0xd27126acf9f3336e [3mparent[0m[2m=[0m0x84770e3e15098adc4e175ca6940e54c288ade28a536d47b651c2c45d6bc80dfa
[2m2026-09-11T19:07:26.484747Z[0m [32m INFO[0m [2mreth_node_events::node[0m[2m:[0m Received new payload from consensus engine [3mnumber[0m[2m=[0m16 [3mhash[0m[2m=[0m0x00ceb1e95b4e12056d7bdf7d7c52dc50a312db83d3aeb8ae1e29424916da9f6c
[2m2026-09-11T19:07:26.484916Z[0m [32m INFO[0m [2mengine::tree::payload_validator[0m[2m:[0m State root job finished [3mstrategy[0m[2m=[0m"sparse-trie" [3mstate_root[0m[2m=[0m0x4eab785a85eedcc6c16d0d4ea073ead3c51b7ab161a7fad0a1ccfb70c90c8ada [3melapsed[0m[2m=[0m35.625µs
[2m2026-09-11T19:07:26.485357Z[0m [32m INFO[0m [2mreth_node_events::node[0m[2m:[0m Block added to canonical chain [3mnumber[0m[2m=[0m16 [3mhash[0m[2m=[0m0x00ceb1e95b4e12056d7bdf7d7c52dc50a312db83d3aeb8ae1e29424916da9f6c [3mpeers[0m[2m=[0m0 [3mtxs[0m[2m=[0m0 [3mgas_used[0m[2m=[0m0.00Kgas [3mgas_throughput[0m[2m=[0m0.00Kgas/second [3mgas_limit[0m[2m=[0m200.00Mgas [3mfull[0m[2m=[0m0.0% [3mbase_fee[0m[2m=[0m0.12Gwei [3mblobs[0m[2m=[0m0 [3mexcess_blobs[0m[2m=[0m0 [3melapsed[0m[2m=[0m625.131µs
[2m2026-09-11T19:07:26.486178Z[0m [32m INFO[0m [2mreth_node_events::node[0m[2m:[0m Canonical chain committed [3mnumber[0m[2m=[0m16 [3mhash[0m[2m=[0m0x00ceb1e95b4e12056d7bdf7d7c52dc50a312db83d3aeb8ae1e29424916da9f6c [3melapsed[0m[2m=[0m13µs
[2m2026-09-11T19:07:26.486197Z[0m [32m INFO[0m [2mreth_node_events::node[0m[2m:[0m Forkchoice updated [3mhead_block_hash[0m[2m=[0m0x00ceb1e95b4e12056d7bdf7d7c52dc50a312db83d3aeb8ae1e29424916da9f6c [3msafe_block_hash[0m[2m=[0m0x00ceb1e95b4e12056d7bdf7d7c52dc50a312db83d3aeb8ae1e29424916da9f6c [3mfinalized_block_hash[0m[2m=[0m0x00ceb1e95b4e12056d7bdf7d7c52dc50a312db83d3aeb8ae1e29424916da9f6c
[2m2026-09-11T19:07:27.383167Z[0m [32m INFO[0m [2mpayload_builder[0m[2m:[0m New payload job created [3mid[0m[2m=[0m0x74427b89bc749ab1 [3mparent[0m[2m=[0m0x00ceb1e95b4e12056d7bdf7d7c52dc50a312db83d3aeb8ae1e29424916da9f6c
[2m2026-09-11T19:07:27.494073Z[0m [32m INFO[0m [2mreth_node_events::node[0m[2m:[0m Received new payload from consensus engine [3mnumber[0m[2m=[0m17 [3mhash[0m[2m=[0m0xea3e7da2e37c06fb835dbceec19e5a972888800a29dc2954949279107c20fa6a
[2m2026-09-11T19:07:27.494476Z[0m [32m INFO[0m [2mengine::tree::payload_validator[0m[2m:[0m State root job finished [3mstrategy[0m[2m=[0m"sparse-trie" [3mstate_root[0m[2m=[0m0x4eab785a85eedcc6c16d0d4ea073ead3c51b7ab161a7fad0a1ccfb70c90c8ada [3melapsed[0m[2m=[0m1.5µs
[2m2026-09-11T19:07:27.494549Z[0m [32m INFO[0m [2mreth_node_events::node[0m[2m:[0m Block added to canonical chain [3mnumber[0m[2m=[0m17 [3mhash[0m[2m=[0m0xea3e7da2e37c06fb835dbceec19e5a972888800a29dc2954949279107c20fa6a [3mpeers[0m[2m=[0m0 [3mtxs[0m[2m=[0m0 [3mgas_used[0m[2m=[0m0.00Kgas [3mgas_throughput[0m[2m=[0m0.00Kgas/second [3mgas_limit[0m[2m=[0m200.00Mgas [3mfull[0m[2m=[0m0.0% [3mbase_fee[0m[2m=[0m0.10Gwei [3mblobs[0m[2m=[0m0 [3mexcess_blobs[0m[2m=[0m0 [3melapsed[0m[2m=[0m461.796µs
[2m2026-09-11T19:07:27.495123Z[0m [32m INFO[0m [2mreth_node_events::node[0m[2m:[0m Canonical chain committed [3mnumber[0m[2m=[0m17 [3mhash[0m[2m=[0m0xea3e7da2e37c06fb835dbceec19e5a972888800a29dc2954949279107c20fa6a [3melapsed[0m[2m=[0m17.292µs
[2m2026-09-11T19:07:27.495171Z[0m [32m INFO[0m [2mreth_node_events::node[0m[2m:[0m Forkchoice updated [3mhead_block_hash[0m[2m=[0m0xea3e7da2e37c06fb835dbceec19e5a972888800a29dc2954949279107c20fa6a [3msafe_block_hash[0m[2m=[0m0xea3e7da2e37c06fb835dbceec19e5a972888800a29dc2954949279107c20fa6a [3mfinalized_block_hash[0m[2m=[0m0xea3e7da2e37c06fb835dbceec19e5a972888800a29dc2954949279107c20fa6a
[2m2026-09-11T19:07:28.392162Z[0m [32m INFO[0m [2mpayload_builder[0m[2m:[0m New payload job created [3mid[0m[2m=[0m0x06861a968bdae344 [3mparent[0m[2m=[0m0xea3e7da2e37c06fb835dbceec19e5a972888800a29dc2954949279107c20fa6a
[2m2026-09-11T19:07:28.503485Z[0m [32m INFO[0m [2mreth_node_events::node[0m[2m:[0m Received new payload from consensus engine [3mnumber[0m[2m=[0m18 [3mhash[0m[2m=[0m0xd7047a1c0b762a553ba92ffad541b6abd89ee8c6732dfc2166d41869c42ba489
[2m2026-09-11T19:07:28.503731Z[0m [32m INFO[0m [2mengine::tree::payload_validator[0m[2m:[0m State root job finished [3mstrategy[0m[2m=[0m"sparse-trie" [3mstate_root[0m[2m=[0m0x4eab785a85eedcc6c16d0d4ea073ead3c51b7ab161a7fad0a1ccfb70c90c8ada [3melapsed[0m[2m=[0m1.041µs
[2m2026-09-11T19:07:28.503837Z[0m [32m INFO[0m [2mreth_node_events::node[0m[2m:[0m Block added to canonical chain [3mnumber[0m[2m=[0m18 [3mhash[0m[2m=[0m0xd7047a1c0b762a553ba92ffad541b6abd89ee8c6732dfc2166d41869c42ba489 [3mpeers[0m[2m=[0m0 [3mtxs[0m[2m=[0m0 [3mgas_used[0m[2m=[0m0.00Kgas [3mgas_throughput[0m[2m=[0m0.00Kgas/second [3mgas_limit[0m[2m=[0m200.00Mgas [3mfull[0m[2m=[0m0.0% [3mbase_fee[0m[2m=[0m0.09Gwei [3mblobs[0m[2m=[0m0 [3mexcess_blobs[0m[2m=[0m0 [3melapsed[0m[2m=[0m325.003µs
[2m2026-09-11T19:07:28.504503Z[0m [32m INFO[0m [2mreth_node_events::node[0m[2m:[0m Canonical chain committed [3mnumber[0m[2m=[0m18 [3mhash[0m[2m=[0m0xd7047a1c0b762a553ba92ffad541b6abd89ee8c6732dfc2166d41869c42ba489 [3melapsed[0m[2m=[0m13.125µs
[2m2026-09-11T19:07:28.504520Z[0m [32m INFO[0m [2mreth_node_events::node[0m[2m:[0m Forkchoice updated [3mhead_block_hash[0m[2m=[0m0xd7047a1c0b762a553ba92ffad541b6abd89ee8c6732dfc2166d41869c42ba489 [3msafe_block_hash[0m[2m=[0m0xd7047a1c0b762a553ba92ffad541b6abd89ee8c6732dfc2166d41869c42ba489 [3mfinalized_block_hash[0m[2m=[0m0xd7047a1c0b762a553ba92ffad541b6abd89ee8c6732dfc2166d41869c42ba489
[2m2026-09-11T19:07:29.402147Z[0m [32m INFO[0m [2mpayload_builder[0m[2m:[0m New payload job created [3mid[0m[2m=[0m0x0d7687e71834350c [3mparent[0m[2m=[0m0xd7047a1c0b762a553ba92ffad541b6abd89ee8c6732dfc2166d41869c42ba489
[2m2026-09-11T19:07:29.515180Z[0m [32m INFO[0m [2mreth_node_events::node[0m[2m:[0m Received new payload from consensus engine [3mnumber[0m[2m=[0m19 [3mhash[0m[2m=[0m0x6acd99c0c2548324173372926a38a74f54a25e6c856fe40c4b50e58eb5e05107
[2m2026-09-11T19:07:29.521802Z[0m [32m INFO[0m [2mengine::tree::payload_validator[0m[2m:[0m State root job finished [3mstrategy[0m[2m=[0m"sparse-trie" [3mstate_root[0m[2m=[0m0xbbc09f4bcdbb32b497b5e129bb7fc06c0e828c1c853fbed5d257e0ed37bc6479 [3melapsed[0m[2m=[0m1.208µs
[2m2026-09-11T19:07:29.578126Z[0m [32m INFO[0m [2mreth_node_events::node[0m[2m:[0m Block added to canonical chain [3mnumber[0m[2m=[0m19 [3mhash[0m[2m=[0m0x6acd99c0c2548324173372926a38a74f54a25e6c856fe40c4b50e58eb5e05107 [3mpeers[0m[2m=[0m0 [3mtxs[0m[2m=[0m691 [3mgas_used[0m[2m=[0m14.51Mgas [3mgas_throughput[0m[2m=[0m232.88Mgas/second [3mgas_limit[0m[2m=[0m200.00Mgas [3mfull[0m[2m=[0m7.3% [3mbase_fee[0m[2m=[0m0.08Gwei [3mblobs[0m[2m=[0m0 [3mexcess_blobs[0m[2m=[0m0 [3melapsed[0m[2m=[0m62.311456ms
[2m2026-09-11T19:07:29.581161Z[0m [32m INFO[0m [2mreth_node_events::node[0m[2m:[0m Canonical chain committed [3mnumber[0m[2m=[0m19 [3mhash[0m[2m=[0m0x6acd99c0c2548324173372926a38a74f54a25e6c856fe40c4b50e58eb5e05107 [3melapsed[0m[2m=[0m19.292µs
[2m2026-09-11T19:07:29.582476Z[0m [32m INFO[0m [2mreth_node_events::node[0m[2m:[0m Forkchoice updated [3mhead_block_hash[0m[2m=[0m0x6acd99c0c2548324173372926a38a74f54a25e6c856fe40c4b50e58eb5e05107 [3msafe_block_hash[0m[2m=[0m0x6acd99c0c2548324173372926a38a74f54a25e6c856fe40c4b50e58eb5e05107 [3mfinalized_block_hash[0m[2m=[0m0x6acd99c0c2548324173372926a38a74f54a25e6c856fe40c4b50e58eb5e05107
[2m2026-09-11T19:07:30.402328Z[0m [32m INFO[0m [2mpayload_builder[0m[2m:[0m New payload job created [3mid[0m[2m=[0m0xaba66adbfbdc33e8 [3mparent[0m[2m=[0m0x6acd99c0c2548324173372926a38a74f54a25e6c856fe40c4b50e58eb5e05107
[2m2026-09-11T19:07:30.510684Z[0m [32m INFO[0m [2mreth_node_events::node[0m[2m:[0m Received new payload from consensus engine [3mnumber[0m[2m=[0m20 [3mhash[0m[2m=[0m0x5a9f0bb8b7df5c9c1c8366bea81eaa57dc0819bd1462922ea0c4ae894e104e78
[2m2026-09-11T19:07:30.522468Z[0m [32m INFO[0m [2mengine::tree::payload_validator[0m[2m:[0m State root job finished [3mstrategy[0m[2m=[0m"sparse-trie" [3mstate_root[0m[2m=[0m0x22a60fa9c69cf8b8422c2ee1eb8f5ef1a68ec381c0ffbfbe3bbd445ff7674f0b [3melapsed[0m[2m=[0m216.668µs
[2m2026-09-11T19:07:30.524451Z[0m [32m INFO[0m [2mreth_node_events::node[0m[2m:[0m Block added to canonical chain [3mnumber[0m[2m=[0m20 [3mhash[0m[2m=[0m0x5a9f0bb8b7df5c9c1c8366bea81eaa57dc0819bd1462922ea0c4ae894e104e78 [3mpeers[0m[2m=[0m0 [3mtxs[0m[2m=[0m1560 [3mgas_used[0m[2m=[0m32.76Mgas [3mgas_throughput[0m[2m=[0m2.38Ggas/second [3mgas_limit[0m[2m=[0m200.00Mgas [3mfull[0m[2m=[0m16.4% [3mbase_fee[0m[2m=[0m0.07Gwei [3mblobs[0m[2m=[0m0 [3mexcess_blobs[0m[2m=[0m0 [3melapsed[0m[2m=[0m13.769346ms
[2m2026-09-11T19:07:30.525179Z[0m [32m INFO[0m [2mreth_node_events::node[0m[2m:[0m Canonical chain committed [3mnumber[0m[2m=[0m20 [3mhash[0m[2m=[0m0x5a9f0bb8b7df5c9c1c8366bea81eaa57dc0819bd1462922ea0c4ae894e104e78 [3melapsed[0m[2m=[0m21.251µs
[2m2026-09-11T19:07:30.525190Z[0m [32m INFO[0m [2mreth_node_events::node[0m[2m:[0m Forkchoice updated [3mhead_block_hash[0m[2m=[0m0x5a9f0bb8b7df5c9c1c8366bea81eaa57dc0819bd1462922ea0c4ae894e104e78 [3msafe_block_hash[0m[2m=[0m0x5a9f0bb8b7df5c9c1c8366bea81eaa57dc0819bd1462922ea0c4ae894e104e78 [3mfinalized_block_hash[0m[2m=[0m0x5a9f0bb8b7df5c9c1c8366bea81eaa57dc0819bd1462922ea0c4ae894e104e78
[2m2026-09-11T19:07:31.406268Z[0m [32m INFO[0m [2mpayload_builder[0m[2m:[0m New payload job created [3mid[0m[2m=[0m0xc1d716278cfecfa6 [3mparent[0m[2m=[0m0x5a9f0bb8b7df5c9c1c8366bea81eaa57dc0819bd1462922ea0c4ae894e104e78
[2m2026-09-11T19:07:31.517457Z[0m [32m INFO[0m [2mreth_node_events::node[0m[2m:[0m Received new payload from consensus engine [3mnumber[0m[2m=[0m21 [3mhash[0m[2m=[0m0x5febc9c856ec19ee0c20787e5c6fdb8a2b4a45e0ef89ab6252fc2bb9057b8815
[2m2026-09-11T19:07:31.572157Z[0m [32m INFO[0m [2mengine::tree::payload_validator[0m[2m:[0m State root job finished [3mstrategy[0m[2m=[0m"sparse-trie" [3mstate_root[0m[2m=[0m0x0773c3d20a07ee39ba8ba5b5693f296b6de52d032383d5168bdfb971a707f7a6 [3melapsed[0m[2m=[0m1.917µs
[2m2026-09-11T19:07:31.603513Z[0m [32m INFO[0m [2mreth_node_events::node[0m[2m:[0m Block added to canonical chain [3mnumber[0m[2m=[0m21 [3mhash[0m[2m=[0m0x5febc9c856ec19ee0c20787e5c6fdb8a2b4a45e0ef89ab6252fc2bb9057b8815 [3mpeers[0m[2m=[0m0 [3mtxs[0m[2m=[0m1640 [3mgas_used[0m[2m=[0m34.44Mgas [3mgas_throughput[0m[2m=[0m593.91Mgas/second [3mgas_limit[0m[2m=[0m200.00Mgas [3mfull[0m[2m=[0m17.2% [3mbase_fee[0m[2m=[0m0.06Gwei [3mblobs[0m[2m=[0m0 [3mexcess_blobs[0m[2m=[0m0 [3melapsed[0m[2m=[0m57.988372ms
[2m2026-09-11T19:07:31.619156Z[0m [32m INFO[0m [2mreth_node_events::node[0m[2m:[0m Canonical chain committed [3mnumber[0m[2m=[0m21 [3mhash[0m[2m=[0m0x5febc9c856ec19ee0c20787e5c6fdb8a2b4a45e0ef89ab6252fc2bb9057b8815 [3melapsed[0m[2m=[0m21µs
[2m2026-09-11T19:07:31.620341Z[0m [32m INFO[0m [2mreth_node_events::node[0m[2m:[0m Forkchoice updated [3mhead_block_hash[0m[2m=[0m0x5febc9c856ec19ee0c20787e5c6fdb8a2b4a45e0ef89ab6252fc2bb9057b8815 [3msafe_block_hash[0m[2m=[0m0x5febc9c856ec19ee0c20787e5c6fdb8a2b4a45e0ef89ab6252fc2bb9057b8815 [3mfinalized_block_hash[0m[2m=[0m0x5febc9c856ec19ee0c20787e5c6fdb8a2b4a45e0ef89ab6252fc2bb9057b8815
[2m2026-09-11T19:07:32.409663Z[0m [32m INFO[0m [2mpayload_builder[0m[2m:[0m New payload job created [3mid[0m[2m=[0m0xe059c92a8d3a5a77 [3mparent[0m[2m=[0m0x5febc9c856ec19ee0c20787e5c6fdb8a2b4a45e0ef89ab6252fc2bb9057b8815
[2m2026-09-11T19:07:32.520301Z[0m [32m INFO[0m [2mreth_node_events::node[0m[2m:[0m Received new payload from consensus engine [3mnumber[0m[2m=[0m22 [3mhash[0m[2m=[0m0xe1a1104d9fd1e2e4abe97b9ae55fdceb33c88eb22564f3ad052d1dfa8024d451
[2m2026-09-11T19:07:32.568194Z[0m [32m INFO[0m [2mengine::tree::payload_validator[0m[2m:[0m State root job finished [3mstrategy[0m[2m=[0m"sparse-trie" [3mstate_root[0m[2m=[0m0xe3b20b06bfc020d8774392e1c8ca1b331a8c23670ca57678dfebce04e2fb6e3d [3melapsed[0m[2m=[0m1.958µs
[2m2026-09-11T19:07:32.569663Z[0m [32m INFO[0m [2mreth_node_events::node[0m[2m:[0m Block added to canonical chain [3mnumber[0m[2m=[0m22 [3mhash[0m[2m=[0m0xe1a1104d9fd1e2e4abe97b9ae55fdceb33c88eb22564f3ad052d1dfa8024d451 [3mpeers[0m[2m=[0m0 [3mtxs[0m[2m=[0m1393 [3mgas_used[0m[2m=[0m29.25Mgas [3mgas_throughput[0m[2m=[0m608.76Mgas/second [3mgas_limit[0m[2m=[0m200.00Mgas [3mfull[0m[2m=[0m14.6% [3mbase_fee[0m[2m=[0m0.06Gwei [3mblobs[0m[2m=[0m0 [3mexcess_blobs[0m[2m=[0m0 [3melapsed[0m[2m=[0m48.053147ms
[2m2026-09-11T19:07:32.572838Z[0m [32m INFO[0m [2mreth_node_events::node[0m[2m:[0m Canonical chain committed [3mnumber[0m[2m=[0m22 [3mhash[0m[2m=[0m0xe1a1104d9fd1e2e4abe97b9ae55fdceb33c88eb22564f3ad052d1dfa8024d451 [3melapsed[0m[2m=[0m17.458µs
[2m2026-09-11T19:07:32.572852Z[0m [32m INFO[0m [2mreth_node_events::node[0m[2m:[0m Forkchoice updated [3mhead_block_hash[0m[2m=[0m0xe1a1104d9fd1e2e4abe97b9ae55fdceb33c88eb22564f3ad052d1dfa8024d451 [3msafe_block_hash[0m[2m=[0m0xe1a1104d9fd1e2e4abe97b9ae55fdceb33c88eb22564f3ad052d1dfa8024d451 [3mfinalized_block_hash[0m[2m=[0m0xe1a1104d9fd1e2e4abe97b9ae55fdceb33c88eb22564f3ad052d1dfa8024d451
[2m2026-09-11T19:07:33.409813Z[0m [32m INFO[0m [2mpayload_builder[0m[2m:[0m New payload job created [3mid[0m[2m=[0m0x26e7629b49421d04 [3mparent[0m[2m=[0m0xe1a1104d9fd1e2e4abe97b9ae55fdceb33c88eb22564f3ad052d1dfa8024d451
[2m2026-09-11T19:07:33.517496Z[0m [32m INFO[0m [2mreth_node_events::node[0m[2m:[0m Received new payload from consensus engine [3mnumber[0m[2m=[0m23 [3mhash[0m[2m=[0m0xbde3ae91f6d6ca79df382e336e2d54b4136c0074fa6821de86561c62e629084c
[2m2026-09-11T19:07:33.575726Z[0m [32m INFO[0m [2mengine::tree::payload_validator[0m[2m:[0m State root job finished [3mstrategy[0m[2m=[0m"sparse-trie" [3mstate_root[0m[2m=[0m0x0e7b397b66bff73f80350bfe5f153d9dc5114f8ee22e6b99255b9c56e89ae68f [3melapsed[0m[2m=[0m2.875µs
[2m2026-09-11T19:07:33.578829Z[0m [32m INFO[0m [2mreth_node_events::node[0m[2m:[0m Block added to canonical chain [3mnumber[0m[2m=[0m23 [3mhash[0m[2m=[0m0xbde3ae91f6d6ca79df382e336e2d54b4136c0074fa6821de86561c62e629084c [3mpeers[0m[2m=[0m0 [3mtxs[0m[2m=[0m1759 [3mgas_used[0m[2m=[0m36.94Mgas [3mgas_throughput[0m[2m=[0m603.85Mgas/second [3mgas_limit[0m[2m=[0m200.00Mgas [3mfull[0m[2m=[0m18.5% [3mbase_fee[0m[2m=[0m0.05Gwei [3mblobs[0m[2m=[0m0 [3mexcess_blobs[0m[2m=[0m0 [3melapsed[0m[2m=[0m61.172862ms
[2m2026-09-11T19:07:33.580345Z[0m [32m INFO[0m [2mreth_node_events::node[0m[2m:[0m Canonical chain committed [3mnumber[0m[2m=[0m23 [3mhash[0m[2m=[0m0xbde3ae91f6d6ca79df382e336e2d54b4136c0074fa6821de86561c62e629084c [3melapsed[0m[2m=[0m20.167µs
[2m2026-09-11T19:07:33.582730Z[0m [32m INFO[0m [2mreth_node_events::node[0m[2m:[0m Forkchoice updated [3mhead_block_hash[0m[2m=[0m0xbde3ae91f6d6ca79df382e336e2d54b4136c0074fa6821de86561c62e629084c [3msafe_block_hash[0m[2m=[0m0xbde3ae91f6d6ca79df382e336e2d54b4136c0074fa6821de86561c62e629084c [3mfinalized_block_hash[0m[2m=[0m0xbde3ae91f6d6ca79df382e336e2d54b4136c0074fa6821de86561c62e629084c
[2m2026-09-11T19:07:34.413722Z[0m [32m INFO[0m [2mpayload_builder[0m[2m:[0m New payload job created [3mid[0m[2m=[0m0x80cb78334d5ca383 [3mparent[0m[2m=[0m0xbde3ae91f6d6ca79df382e336e2d54b4136c0074fa6821de86561c62e629084c
[2m2026-09-11T19:07:34.520776Z[0m [32m INFO[0m [2mreth_node_events::node[0m[2m:[0m Received new payload from consensus engine [3mnumber[0m[2m=[0m24 [3mhash[0m[2m=[0m0x991ae8fbb819edfa9bdab478cc5dc72c97d9f3cd7ed36e0912ac12ebb2363c3b
[2m2026-09-11T19:07:34.636152Z[0m [32m INFO[0m [2mengine::tree::payload_validator[0m[2m:[0m State root job finished [3mstrategy[0m[2m=[0m"sparse-trie" [3mstate_root[0m[2m=[0m0xa45a02494fc9da14fb1899391aaee66289347d53bf6972a0a00f2bb9135ef97b [3melapsed[0m[2m=[0m2.875µs
[2m2026-09-11T19:07:34.637819Z[0m [32m INFO[0m [2mreth_node_events::node[0m[2m:[0m Block added to canonical chain [3mnumber[0m[2m=[0m24 [3mhash[0m[2m=[0m0x991ae8fbb819edfa9bdab478cc5dc72c97d9f3cd7ed36e0912ac12ebb2363c3b [3mpeers[0m[2m=[0m0 [3mtxs[0m[2m=[0m1655 [3mgas_used[0m[2m=[0m34.76Mgas [3mgas_throughput[0m[2m=[0m297.30Mgas/second [3mgas_limit[0m[2m=[0m200.00Mgas [3mfull[0m[2m=[0m17.4% [3mbase_fee[0m[2m=[0m0.05Gwei [3mblobs[0m[2m=[0m0 [3mexcess_blobs[0m[2m=[0m0 [3melapsed[0m[2m=[0m116.902627ms
[2m2026-09-11T19:07:34.642180Z[0m [32m INFO[0m [2mreth_node_events::node[0m[2m:[0m Canonical chain committed [3mnumber[0m[2m=[0m24 [3mhash[0m[2m=[0m0x991ae8fbb819edfa9bdab478cc5dc72c97d9f3cd7ed36e0912ac12ebb2363c3b [3melapsed[0m[2m=[0m20.584µs
[2m2026-09-11T19:07:34.643833Z[0m [32m INFO[0m [2mreth_node_events::node[0m[2m:[0m Forkchoice updated [3mhead_block_hash[0m[2m=[0m0x991ae8fbb819edfa9bdab478cc5dc72c97d9f3cd7ed36e0912ac12ebb2363c3b [3msafe_block_hash[0m[2m=[0m0x991ae8fbb819edfa9bdab478cc5dc72c97d9f3cd7ed36e0912ac12ebb2363c3b [3mfinalized_block_hash[0m[2m=[0m0x991ae8fbb819edfa9bdab478cc5dc72c97d9f3cd7ed36e0912ac12ebb2363c3b
[2m2026-09-11T19:07:35.414295Z[0m [32m INFO[0m [2mpayload_builder[0m[2m:[0m New payload job created [3mid[0m[2m=[0m0x7dbf155c83759e9b [3mparent[0m[2m=[0m0x991ae8fbb819edfa9bdab478cc5dc72c97d9f3cd7ed36e0912ac12ebb2363c3b
[2m2026-09-11T19:07:35.523933Z[0m [32m INFO[0m [2mreth_node_events::node[0m[2m:[0m Received new payload from consensus engine [3mnumber[0m[2m=[0m25 [3mhash[0m[2m=[0m0xf8fbafc2ca95a120f93051ffbce1deca51090faf3a23ac3b7cb3b299a531c92d
[2m2026-09-11T19:07:35.573318Z[0m [32m INFO[0m [2mengine::tree::payload_validator[0m[2m:[0m State root job finished [3mstrategy[0m[2m=[0m"sparse-trie" [3mstate_root[0m[2m=[0m0x73488fbb0d91088c769d9c0fcbe1649f0a1fccc21260b1807ca4d723d0978be2 [3melapsed[0m[2m=[0m300.711µs
[2m2026-09-11T19:07:35.576902Z[0m [32m INFO[0m [2mreth_node_events::node[0m[2m:[0m Block added to canonical chain [3mnumber[0m[2m=[0m25 [3mhash[0m[2m=[0m0xf8fbafc2ca95a120f93051ffbce1deca51090faf3a23ac3b7cb3b299a531c92d [3mpeers[0m[2m=[0m0 [3mtxs[0m[2m=[0m2330 [3mgas_used[0m[2m=[0m48.93Mgas [3mgas_throughput[0m[2m=[0m920.79Mgas/second [3mgas_limit[0m[2m=[0m200.00Mgas [3mfull[0m[2m=[0m24.5% [3mbase_fee[0m[2m=[0m0.05Gwei [3mblobs[0m[2m=[0m0 [3mexcess_blobs[0m[2m=[0m0 [3melapsed[0m[2m=[0m53.139198ms
[2m2026-09-11T19:07:35.577900Z[0m [32m INFO[0m [2mreth_node_events::node[0m[2m:[0m Canonical chain committed [3mnumber[0m[2m=[0m25 [3mhash[0m[2m=[0m0xf8fbafc2ca95a120f93051ffbce1deca51090faf3a23ac3b7cb3b299a531c92d [3melapsed[0m[2m=[0m23.209µs
[2m2026-09-11T19:07:35.580785Z[0m [32m INFO[0m [2mreth_node_events::node[0m[2m:[0m Forkchoice updated [3mhead_block_hash[0m[2m=[0m0xf8fbafc2ca95a120f93051ffbce1deca51090faf3a23ac3b7cb3b299a531c92d [3msafe_block_hash[0m[2m=[0m0xf8fbafc2ca95a120f93051ffbce1deca51090faf3a23ac3b7cb3b299a531c92d [3mfinalized_block_hash[0m[2m=[0m0xf8fbafc2ca95a120f93051ffbce1deca51090faf3a23ac3b7cb3b299a531c92d
[2m2026-09-11T19:07:36.414982Z[0m [32m INFO[0m [2mpayload_builder[0m[2m:[0m New payload job created [3mid[0m[2m=[0m0xc6b3a3372ac2bee2 [3mparent[0m[2m=[0m0xf8fbafc2ca95a120f93051ffbce1deca51090faf3a23ac3b7cb3b299a531c92d
[2m2026-09-11T19:07:36.531254Z[0m [32m INFO[0m [2mreth_node_events::node[0m[2m:[0m Received new payload from consensus engine [3mnumber[0m[2m=[0m26 [3mhash[0m[2m=[0m0x2a27a7ffc4aa95794a015f352dd53c10229bc1375cb61522f72de947160d2f45
[2m2026-09-11T19:07:36.577296Z[0m [32m INFO[0m [2mengine::tree::payload_validator[0m[2m:[0m State root job finished [3mstrategy[0m[2m=[0m"sparse-trie" [3mstate_root[0m[2m=[0m0x73b92480c5dccd4022fa4d3588a0be70a1800370007d5e6128ffeb9967fe8ac8 [3melapsed[0m[2m=[0m153.127µs
[2m2026-09-11T19:07:36.579688Z[0m [32m INFO[0m [2mreth_node_events::node[0m[2m:[0m Block added to canonical chain [3mnumber[0m[2m=[0m26 [3mhash[0m[2m=[0m0x2a27a7ffc4aa95794a015f352dd53c10229bc1375cb61522f72de947160d2f45 [3mpeers[0m[2m=[0m0 [3mtxs[0m[2m=[0m1171 [3mgas_used[0m[2m=[0m24.59Mgas [3mgas_throughput[0m[2m=[0m509.16Mgas/second [3mgas_limit[0m[2m=[0m200.00Mgas [3mfull[0m[2m=[0m12.3% [3mbase_fee[0m[2m=[0m0.04Gwei [3mblobs[0m[2m=[0m0 [3mexcess_blobs[0m[2m=[0m0 [3melapsed[0m[2m=[0m48.297607ms
[2m2026-09-11T19:07:36.581646Z[0m [32m INFO[0m [2mreth_node_events::node[0m[2m:[0m Canonical chain committed [3mnumber[0m[2m=[0m26 [3mhash[0m[2m=[0m0x2a27a7ffc4aa95794a015f352dd53c10229bc1375cb61522f72de947160d2f45 [3melapsed[0m[2m=[0m20.25µs
[2m2026-09-11T19:07:36.585045Z[0m [32m INFO[0m [2mreth_node_events::node[0m[2m:[0m Forkchoice updated [3mhead_block_hash[0m[2m=[0m0x2a27a7ffc4aa95794a015f352dd53c10229bc1375cb61522f72de947160d2f45 [3msafe_block_hash[0m[2m=[0m0x2a27a7ffc4aa95794a015f352dd53c10229bc1375cb61522f72de947160d2f45 [3mfinalized_block_hash[0m[2m=[0m0x2a27a7ffc4aa95794a015f352dd53c10229bc1375cb61522f72de947160d2f45
[2m2026-09-11T19:07:37.418184Z[0m [32m INFO[0m [2mpayload_builder[0m[2m:[0m New payload job created [3mid[0m[2m=[0m0xe7945a22d61f07ff [3mparent[0m[2m=[0m0x2a27a7ffc4aa95794a015f352dd53c10229bc1375cb61522f72de947160d2f45
[2m2026-09-11T19:07:37.520727Z[0m [32m INFO[0m [2mreth_node_events::node[0m[2m:[0m Received new payload from consensus engine [3mnumber[0m[2m=[0m27 [3mhash[0m[2m=[0m0x82ddfebe16dd499e30c3caecdc6a040079b29a3eda1cbd9ce22f9873539c59e0
[2m2026-09-11T19:07:37.520993Z[0m [32m INFO[0m [2mengine::tree::payload_validator[0m[2m:[0m State root job finished [3mstrategy[0m[2m=[0m"sparse-trie" [3mstate_root[0m[2m=[0m0x73b92480c5dccd4022fa4d3588a0be70a1800370007d5e6128ffeb9967fe8ac8 [3melapsed[0m[2m=[0m181.127µs
[2m2026-09-11T19:07:37.521604Z[0m [32m INFO[0m [2mreth_node_events::node[0m[2m:[0m Block added to canonical chain [3mnumber[0m[2m=[0m27 [3mhash[0m[2m=[0m0x82ddfebe16dd499e30c3caecdc6a040079b29a3eda1cbd9ce22f9873539c59e0 [3mpeers[0m[2m=[0m0 [3mtxs[0m[2m=[0m0 [3mgas_used[0m[2m=[0m0.00Kgas [3mgas_throughput[0m[2m=[0m0.00Kgas/second [3mgas_limit[0m[2m=[0m200.00Mgas [3mfull[0m[2m=[0m0.0% [3mbase_fee[0m[2m=[0m0.04Gwei [3mblobs[0m[2m=[0m0 [3mexcess_blobs[0m[2m=[0m0 [3melapsed[0m[2m=[0m885.884µs
[2m2026-09-11T19:07:37.522627Z[0m [32m INFO[0m [2mreth_node_events::node[0m[2m:[0m Canonical chain committed [3mnumber[0m[2m=[0m27 [3mhash[0m[2m=[0m0x82ddfebe16dd499e30c3caecdc6a040079b29a3eda1cbd9ce22f9873539c59e0 [3melapsed[0m[2m=[0m9.584µs
[2m2026-09-11T19:07:37.525410Z[0m [32m INFO[0m [2mreth_node_events::node[0m[2m:[0m Forkchoice updated [3mhead_block_hash[0m[2m=[0m0x82ddfebe16dd499e30c3caecdc6a040079b29a3eda1cbd9ce22f9873539c59e0 [3msafe_block_hash[0m[2m=[0m0x82ddfebe16dd499e30c3caecdc6a040079b29a3eda1cbd9ce22f9873539c59e0 [3mfinalized_block_hash[0m[2m=[0m0x82ddfebe16dd499e30c3caecdc6a040079b29a3eda1cbd9ce22f9873539c59e0
[2m2026-09-11T19:07:38.418956Z[0m [32m INFO[0m [2mpayload_builder[0m[2m:[0m New payload job created [3mid[0m[2m=[0m0xe25296b850d26139 [3mparent[0m[2m=[0m0x82ddfebe16dd499e30c3caecdc6a040079b29a3eda1cbd9ce22f9873539c59e0
[2m2026-09-11T19:07:38.543740Z[0m [32m INFO[0m [2mreth_node_events::node[0m[2m:[0m Received new payload from consensus engine [3mnumber[0m[2m=[0m28 [3mhash[0m[2m=[0m0xcc3d1b015ec212677aa3787aee4c822bcab514c0d494ede6f05808894c8dbf38
[2m2026-09-11T19:07:38.543783Z[0m [32m INFO[0m [2mengine::tree::payload_validator[0m[2m:[0m State root job finished [3mstrategy[0m[2m=[0m"sparse-trie" [3mstate_root[0m[2m=[0m0x73b92480c5dccd4022fa4d3588a0be70a1800370007d5e6128ffeb9967fe8ac8 [3melapsed[0m[2m=[0m15.542µs
[2m2026-09-11T19:07:38.544552Z[0m [32m INFO[0m [2mreth_node_events::node[0m[2m:[0m Block added to canonical chain [3mnumber[0m[2m=[0m28 [3mhash[0m[2m=[0m0xcc3d1b015ec212677aa3787aee4c822bcab514c0d494ede6f05808894c8dbf38 [3mpeers[0m[2m=[0m0 [3mtxs[0m[2m=[0m0 [3mgas_used[0m[2m=[0m0.00Kgas [3mgas_throughput[0m[2m=[0m0.00Kgas/second [3mgas_limit[0m[2m=[0m200.00Mgas [3mfull[0m[2m=[0m0.0% [3mbase_fee[0m[2m=[0m0.03Gwei [3mblobs[0m[2m=[0m0 [3mexcess_blobs[0m[2m=[0m0 [3melapsed[0m[2m=[0m993.927µs
[2m2026-09-11T19:07:38.546776Z[0m [32m INFO[0m [2mreth_node_events::node[0m[2m:[0m Canonical chain committed [3mnumber[0m[2m=[0m28 [3mhash[0m[2m=[0m0xcc3d1b015ec212677aa3787aee4c822bcab514c0d494ede6f05808894c8dbf38 [3melapsed[0m[2m=[0m12.708µs
[2m2026-09-11T19:07:38.548302Z[0m [32m INFO[0m [2mreth_node_events::node[0m[2m:[0m Forkchoice updated [3mhead_block_hash[0m[2m=[0m0xcc3d1b015ec212677aa3787aee4c822bcab514c0d494ede6f05808894c8dbf38 [3msafe_block_hash[0m[2m=[0m0xcc3d1b015ec212677aa3787aee4c822bcab514c0d494ede6f05808894c8dbf38 [3mfinalized_block_hash[0m[2m=[0m0xcc3d1b015ec212677aa3787aee4c822bcab514c0d494ede6f05808894c8dbf38
[2m2026-09-11T19:07:39.420167Z[0m [32m INFO[0m [2mpayload_builder[0m[2m:[0m New payload job created [3mid[0m[2m=[0m0x60ee1fdd933980e9 [3mparent[0m[2m=[0m0xcc3d1b015ec212677aa3787aee4c822bcab514c0d494ede6f05808894c8dbf38
[2m2026-09-11T19:07:39.535715Z[0m [32m INFO[0m [2mreth_node_events::node[0m[2m:[0m Received new payload from consensus engine [3mnumber[0m[2m=[0m29 [3mhash[0m[2m=[0m0xbcddb31312d0f9a26c2eb6c11bc1803fa85e3c55cceb8447fd6e94bee0098903
[2m2026-09-11T19:07:39.536362Z[0m [32m INFO[0m [2mengine::tree::payload_validator[0m[2m:[0m State root job finished [3mstrategy[0m[2m=[0m"sparse-trie" [3mstate_root[0m[2m=[0m0x73b92480c5dccd4022fa4d3588a0be70a1800370007d5e6128ffeb9967fe8ac8 [3melapsed[0m[2m=[0m66.709µs
[2m2026-09-11T19:07:39.539562Z[0m [32m INFO[0m [2mreth_node_events::node[0m[2m:[0m Block added to canonical chain [3mnumber[0m[2m=[0m29 [3mhash[0m[2m=[0m0xbcddb31312d0f9a26c2eb6c11bc1803fa85e3c55cceb8447fd6e94bee0098903 [3mpeers[0m[2m=[0m0 [3mtxs[0m[2m=[0m0 [3mgas_used[0m[2m=[0m0.00Kgas [3mgas_throughput[0m[2m=[0m0.00Kgas/second [3mgas_limit[0m[2m=[0m200.00Mgas [3mfull[0m[2m=[0m0.0% [3mbase_fee[0m[2m=[0m0.03Gwei [3mblobs[0m[2m=[0m0 [3mexcess_blobs[0m[2m=[0m0 [3melapsed[0m[2m=[0m3.812704ms
[2m2026-09-11T19:07:39.541532Z[0m [32m INFO[0m [2mreth_node_events::node[0m[2m:[0m Canonical chain committed [3mnumber[0m[2m=[0m29 [3mhash[0m[2m=[0m0xbcddb31312d0f9a26c2eb6c11bc1803fa85e3c55cceb8447fd6e94bee0098903 [3melapsed[0m[2m=[0m10.458µs
[2m2026-09-11T19:07:39.546281Z[0m [32m INFO[0m [2mreth_node_events::node[0m[2m:[0m Forkchoice updated [3mhead_block_hash[0m[2m=[0m0xbcddb31312d0f9a26c2eb6c11bc1803fa85e3c55cceb8447fd6e94bee0098903 [3msafe_block_hash[0m[2m=[0m0xbcddb31312d0f9a26c2eb6c11bc1803fa85e3c55cceb8447fd6e94bee0098903 [3mfinalized_block_hash[0m[2m=[0m0xbcddb31312d0f9a26c2eb6c11bc1803fa85e3c55cceb8447fd6e94bee0098903
[2m2026-09-11T19:07:40.420779Z[0m [32m INFO[0m [2mpayload_builder[0m[2m:[0m New payload job created [3mid[0m[2m=[0m0x55cf1b43262003e6 [3mparent[0m[2m=[0m0xbcddb31312d0f9a26c2eb6c11bc1803fa85e3c55cceb8447fd6e94bee0098903
[2m2026-09-11T19:07:40.530458Z[0m [32m INFO[0m [2mreth_node_events::node[0m[2m:[0m Received new payload from consensus engine [3mnumber[0m[2m=[0m30 [3mhash[0m[2m=[0m0x22c12efeb7f61854c1b17a5e25ed73485ff5cd914cfee0b80665f2de85302389
[2m2026-09-11T19:07:40.530802Z[0m [32m INFO[0m [2mengine::tree::payload_validator[0m[2m:[0m State root job finished [3mstrategy[0m[2m=[0m"sparse-trie" [3mstate_root[0m[2m=[0m0x73b92480c5dccd4022fa4d3588a0be70a1800370007d5e6128ffeb9967fe8ac8 [3melapsed[0m[2m=[0m1.416µs
[2m2026-09-11T19:07:40.533576Z[0m [32m INFO[0m [2mreth_node_events::node[0m[2m:[0m Block added to canonical chain [3mnumber[0m[2m=[0m30 [3mhash[0m[2m=[0m0x22c12efeb7f61854c1b17a5e25ed73485ff5cd914cfee0b80665f2de85302389 [3mpeers[0m[2m=[0m0 [3mtxs[0m[2m=[0m0 [3mgas_used[0m[2m=[0m0.00Kgas [3mgas_throughput[0m[2m=[0m0.00Kgas/second [3mgas_limit[0m[2m=[0m200.00Mgas [3mfull[0m[2m=[0m0.0% [3mbase_fee[0m[2m=[0m0.03Gwei [3mblobs[0m[2m=[0m0 [3mexcess_blobs[0m[2m=[0m0 [3melapsed[0m[2m=[0m2.941821ms
[2m2026-09-11T19:07:40.534318Z[0m [32m INFO[0m [2mreth_node_events::node[0m[2m:[0m Canonical chain committed [3mnumber[0m[2m=[0m30 [3mhash[0m[2m=[0m0x22c12efeb7f61854c1b17a5e25ed73485ff5cd914cfee0b80665f2de85302389 [3melapsed[0m[2m=[0m12.709µs
[2m2026-09-11T19:07:40.537441Z[0m [32m INFO[0m [2mreth_node_events::node[0m[2m:[0m Forkchoice updated [3mhead_block_hash[0m[2m=[0m0x22c12efeb7f61854c1b17a5e25ed73485ff5cd914cfee0b80665f2de85302389 [3msafe_block_hash[0m[2m=[0m0x22c12efeb7f61854c1b17a5e25ed73485ff5cd914cfee0b80665f2de85302389 [3mfinalized_block_hash[0m[2m=[0m0x22c12efeb7f61854c1b17a5e25ed73485ff5cd914cfee0b80665f2de85302389
[2m2026-09-11T19:07:41.423481Z[0m [32m INFO[0m [2mpayload_builder[0m[2m:[0m New payload job created [3mid[0m[2m=[0m0xb9f2098d0a989b2b [3mparent[0m[2m=[0m0x22c12efeb7f61854c1b17a5e25ed73485ff5cd914cfee0b80665f2de85302389
[2m2026-09-11T19:07:41.527132Z[0m [32m INFO[0m [2mreth_node_events::node[0m[2m:[0m Received new payload from consensus engine [3mnumber[0m[2m=[0m31 [3mhash[0m[2m=[0m0xf8935ed3ecdb12178126a9e36235c4b168b7269cad191fc5f315f73201f74b30
[2m2026-09-11T19:07:41.527345Z[0m [32m INFO[0m [2mengine::tree::payload_validator[0m[2m:[0m State root job finished [3mstrategy[0m[2m=[0m"sparse-trie" [3mstate_root[0m[2m=[0m0x73b92480c5dccd4022fa4d3588a0be70a1800370007d5e6128ffeb9967fe8ac8 [3melapsed[0m[2m=[0m47.334µs
[2m2026-09-11T19:07:41.527932Z[0m [32m INFO[0m [2mreth_node_events::node[0m[2m:[0m Block added to canonical chain [3mnumber[0m[2m=[0m31 [3mhash[0m[2m=[0m0xf8935ed3ecdb12178126a9e36235c4b168b7269cad191fc5f315f73201f74b30 [3mpeers[0m[2m=[0m0 [3mtxs[0m[2m=[0m0 [3mgas_used[0m[2m=[0m0.00Kgas [3mgas_throughput[0m[2m=[0m0.00Kgas/second [3mgas_limit[0m[2m=[0m200.00Mgas [3mfull[0m[2m=[0m0.0% [3mbase_fee[0m[2m=[0m0.02Gwei [3mblobs[0m[2m=[0m0 [3mexcess_blobs[0m[2m=[0m0 [3melapsed[0m[2m=[0m528.713µs
[2m2026-09-11T19:07:41.529077Z[0m [32m INFO[0m [2mreth_node_events::node[0m[2m:[0m Canonical chain committed [3mnumber[0m[2m=[0m31 [3mhash[0m[2m=[0m0xf8935ed3ecdb12178126a9e36235c4b168b7269cad191fc5f315f73201f74b30 [3melapsed[0m[2m=[0m9.875µs
[2m2026-09-11T19:07:41.532386Z[0m [32m INFO[0m [2mreth_node_events::node[0m[2m:[0m Forkchoice updated [3mhead_block_hash[0m[2m=[0m0xf8935ed3ecdb12178126a9e36235c4b168b7269cad191fc5f315f73201f74b30 [3msafe_block_hash[0m[2m=[0m0xf8935ed3ecdb12178126a9e36235c4b168b7269cad191fc5f315f73201f74b30 [3mfinalized_block_hash[0m[2m=[0m0xf8935ed3ecdb12178126a9e36235c4b168b7269cad191fc5f315f73201f74b30
[2m2026-09-11T19:07:42.431184Z[0m [32m INFO[0m [2mpayload_builder[0m[2m:[0m New payload job created [3mid[0m[2m=[0m0x6907644e7ab5d786 [3mparent[0m[2m=[0m0xf8935ed3ecdb12178126a9e36235c4b168b7269cad191fc5f315f73201f74b30
[2m2026-09-11T19:07:42.537622Z[0m [32m INFO[0m [2mreth_node_events::node[0m[2m:[0m Received new payload from consensus engine [3mnumber[0m[2m=[0m32 [3mhash[0m[2m=[0m0x3e06bbd215aa974cca5adad52abfc7bc5a6786e633a400db6f492f2a1f3b55aa
[2m2026-09-11T19:07:42.537893Z[0m [32m INFO[0m [2mengine::tree::payload_validator[0m[2m:[0m State root job finished [3mstrategy[0m[2m=[0m"sparse-trie" [3mstate_root[0m[2m=[0m0x73b92480c5dccd4022fa4d3588a0be70a1800370007d5e6128ffeb9967fe8ac8 [3melapsed[0m[2m=[0m1.917µs
[2m2026-09-11T19:07:42.538247Z[0m [32m INFO[0m [2mreth_node_events::node[0m[2m:[0m Block added to canonical chain [3mnumber[0m[2m=[0m32 [3mhash[0m[2m=[0m0x3e06bbd215aa974cca5adad52abfc7bc5a6786e633a400db6f492f2a1f3b55aa [3mpeers[0m[2m=[0m0 [3mtxs[0m[2m=[0m0 [3mgas_used[0m[2m=[0m0.00Kgas [3mgas_throughput[0m[2m=[0m0.00Kgas/second [3mgas_limit[0m[2m=[0m200.00Mgas [3mfull[0m[2m=[0m0.0% [3mbase_fee[0m[2m=[0m0.02Gwei [3mblobs[0m[2m=[0m0 [3mexcess_blobs[0m[2m=[0m0 [3melapsed[0m[2m=[0m583.506µs
[2m2026-09-11T19:07:42.539145Z[0m [32m INFO[0m [2mreth_node_events::node[0m[2m:[0m Canonical chain committed [3mnumber[0m[2m=[0m32 [3mhash[0m[2m=[0m0x3e06bbd215aa974cca5adad52abfc7bc5a6786e633a400db6f492f2a1f3b55aa [3melapsed[0m[2m=[0m16.5µs
[2m2026-09-11T19:07:42.545302Z[0m [32m INFO[0m [2mreth_node_events::node[0m[2m:[0m Forkchoice updated [3mhead_block_hash[0m[2m=[0m0x3e06bbd215aa974cca5adad52abfc7bc5a6786e633a400db6f492f2a1f3b55aa [3msafe_block_hash[0m[2m=[0m0x3e06bbd215aa974cca5adad52abfc7bc5a6786e633a400db6f492f2a1f3b55aa [3mfinalized_block_hash[0m[2m=[0m0x3e06bbd215aa974cca5adad52abfc7bc5a6786e633a400db6f492f2a1f3b55aa
[2m2026-09-11T19:08:14.294162Z[0m [32m INFO[0m [2mreth::cli[0m[2m:[0m Received SIGTERM
[2m2026-09-11T19:08:14.296407Z[0m [32m INFO[0m [2mreth::cli[0m[2m:[0m Wrote network peers to file [3mpeers_file[0m[2m=[0m"<repo>/.tmp/approval-runs/gasstorm-ui-z7zzhs5o/data/known-peers.json"
[2m2026-09-11T19:08:14.297883Z[0m [32m INFO[0m [2mtxpool[0m[2m:[0m Saving current local transactions [3mtxs_file[0m[2m=[0m"<repo>/.tmp/approval-runs/gasstorm-ui-z7zzhs5o/data/txpool-transactions-backup.rlp" [3mnum_txs[0m[2m=[0m3906
[2m2026-09-11T19:08:14.321060Z[0m [32m INFO[0m [2mtxpool[0m[2m:[0m Wrote local transactions to file [3mtxs_file[0m[2m=[0m"<repo>/.tmp/approval-runs/gasstorm-ui-z7zzhs5o/data/txpool-transactions-backup.rlp"
