[2m2026-09-11T13:53:40.329335Z[0m [32m INFO[0m [2mreth::cli[0m[2m:[0m Initialized tracing, debug log directory: <repo>/.tmp/approval-runs/compare-three_calls-1-direct-0jrr865i/logs/anvil-hardhat
[2m2026-09-11T13:53:40.529590Z[0m [32m INFO[0m [2mreth::cli[0m[2m:[0m Starting Reth [3mversion[0m[2m=[0m"2.5.2 (5a6940e)"
[2m2026-09-11T13:53:40.529647Z[0m [32m INFO[0m [2mreth::cli[0m[2m:[0m Opening database [3mpath[0m[2m=[0m"<repo>/.tmp/approval-runs/compare-three_calls-1-direct-0jrr865i/data/db"
[2m2026-09-11T13:53:40.534194Z[0m [32m INFO[0m [2mreth::cli[0m[2m:[0m Configuration loaded [3mpath[0m[2m=[0m"<repo>/.tmp/approval-runs/compare-three_calls-1-direct-0jrr865i/data/reth.toml"
[2m2026-09-11T13:53:40.534523Z[0m [33m WARN[0m [2mproviders::rocksdb[0m[2m:[0m RocksDB will not keep all files open; performance may be reduced [3mfile_descriptor_limit[0m[2m=[0mSome(122880) [3mthreshold[0m[2m=[0m131072 [3mmax_open_files[0m[2m=[0m512
[2m2026-09-11T13:53:40.547643Z[0m [32m INFO[0m [1mcheck_consistency[0m[2m:[0m [2mreth::cli[0m[2m:[0m Healing static file inconsistencies.
[2m2026-09-11T13:53:40.621104Z[0m [32m INFO[0m [1mcheck_consistency[0m[2m:[0m[1mcheck_consistency[0m[1m{[0m[3mread_only[0m[2m=[0mfalse[1m}[0m[2m:[0m [2mreth::cli[0m[2m:[0m Verifying storage consistency.
[2m2026-09-11T13:53:40.621220Z[0m [32m INFO[0m [2mreth::cli[0m[2m:[0m Database opened
[2m2026-09-11T13:53:40.806189Z[0m [32m INFO[0m [2mreth::cli[0m[2m:[0m 
Pre-merge hard forks (block based):
- Frontier                         @0
- Homestead                        @0
- Tangerine                        @0
- SpuriousDragon                   @0
- Byzantium                        @0
- Constantinople                   @0
- Petersburg                       @0
- Istanbul                         @0
- Berlin                           @0
- London                           @0
Merge hard forks:
- Paris                            @0 (network is known to be merged)
Post-merge hard forks (timestamp based):
- Shanghai                         @0
[2m2026-09-11T13:53:40.806227Z[0m [32m INFO[0m [2mreth::cli[0m[2m:[0m Loaded storage settings [3msettings[0m[2m=[0mStorageSettings { storage_v2: true } [3mpruning_mode[0m[2m=[0m"archive"
[2m2026-09-11T13:53:40.806737Z[0m [32m INFO[0m [2mreth::cli[0m[2m:[0m Transaction pool initialized
[2m2026-09-11T13:53:40.817583Z[0m [32m INFO[0m [2mreth::cli[0m[2m:[0m P2P networking initialized [3menode[0m[2m=[0menode://1878486f957d45eaeb64424e012c853aa9757d3305ec18bb3aaded2e9062c3d5d6e7e1d5a82219d24a8a44a2a59b7f3fb92ccc976fb54cf1b8de792777ae6bc0@127.0.0.1:55771
[2m2026-09-11T13:53:40.817839Z[0m [32m INFO[0m [2mreth::cli[0m[2m:[0m StaticFileProducer initialized
[2m2026-09-11T13:53:40.818079Z[0m [32m INFO[0m [2mreth::cli[0m[2m:[0m Pruner initialized [3mprune_config[0m[2m=[0mPruneConfig { block_interval: 5, segments: PruneModes { sender_recovery: None, transaction_lookup: None, receipts: None, account_history: None, storage_history: None, bodies_history: None, receipts_log_filter: ReceiptsLogPruneConfig({}) }, minimum_pruning_distance: 10064 }
[2m2026-09-11T13:53:40.818766Z[0m [32m INFO[0m [2mreth::cli[0m[2m:[0m Consensus engine initialized
[2m2026-09-11T13:53:40.818871Z[0m [32m INFO[0m [2mreth::cli[0m[2m:[0m Engine API handler initialized
[2m2026-09-11T13:53:40.819967Z[0m [32m INFO[0m [2mreth::cli[0m[2m:[0m RPC HTTP server started [3murl[0m[2m=[0m127.0.0.1:55763
[2m2026-09-11T13:53:40.820014Z[0m [32m INFO[0m [2mreth::cli[0m[2m:[0m RPC auth server started [3murl[0m[2m=[0m127.0.0.1:55764
[2m2026-09-11T13:53:40.820097Z[0m [32m INFO[0m [2mreth::cli[0m[2m:[0m Starting consensus engine
[2m2026-09-11T13:53:41.517080Z[0m [32m INFO[0m [2mreth_node_events::node[0m[2m:[0m Forkchoice updated [3mhead_block_hash[0m[2m=[0m0x0aab257fea85931ac0846e88fcbf1630bd74f79e322de046d0257eeda8e7d750 [3msafe_block_hash[0m[2m=[0m0x0aab257fea85931ac0846e88fcbf1630bd74f79e322de046d0257eeda8e7d750 [3mfinalized_block_hash[0m[2m=[0m0x0aab257fea85931ac0846e88fcbf1630bd74f79e322de046d0257eeda8e7d750
[2m2026-09-11T13:53:41.517084Z[0m [32m INFO[0m [2mpayload_builder[0m[2m:[0m New payload job created [3mid[0m[2m=[0m0x5f98fc884b26da94 [3mparent[0m[2m=[0m0x0aab257fea85931ac0846e88fcbf1630bd74f79e322de046d0257eeda8e7d750
[2m2026-09-11T13:53:41.624379Z[0m [32m INFO[0m [2mreth_node_events::node[0m[2m:[0m Received new payload from consensus engine [3mnumber[0m[2m=[0m1 [3mhash[0m[2m=[0m0x44d47174c522aaf43279c60148f816090a03529d9108dd6833df0ff650373d08
[2m2026-09-11T13:53:41.775079Z[0m [32m INFO[0m [2mengine::tree::payload_validator[0m[2m:[0m State root job finished [3mstrategy[0m[2m=[0m"sparse-trie" [3mstate_root[0m[2m=[0m0x0cdd2e7b0ee3a5468f5fdd2961def7eaef327565db4d319e365198f1fe3c15bd [3melapsed[0m[2m=[0m73.084µs
[2m2026-09-11T13:53:41.775208Z[0m [32m INFO[0m [2mreth_node_events::node[0m[2m:[0m Block added to canonical chain [3mnumber[0m[2m=[0m1 [3mhash[0m[2m=[0m0x44d47174c522aaf43279c60148f816090a03529d9108dd6833df0ff650373d08 [3mpeers[0m[2m=[0m0 [3mtxs[0m[2m=[0m32 [3mgas_used[0m[2m=[0m1.60Mgas [3mgas_throughput[0m[2m=[0m10.63Mgas/second [3mgas_limit[0m[2m=[0m30.03Mgas [3mfull[0m[2m=[0m5.3% [3mbase_fee[0m[2m=[0m0.88Gwei [3mblobs[0m[2m=[0m0 [3mexcess_blobs[0m[2m=[0m0 [3melapsed[0m[2m=[0m150.753428ms
[2m2026-09-11T13:53:41.776191Z[0m [32m INFO[0m [2mreth_node_events::node[0m[2m:[0m Canonical chain committed [3mnumber[0m[2m=[0m1 [3mhash[0m[2m=[0m0x44d47174c522aaf43279c60148f816090a03529d9108dd6833df0ff650373d08 [3melapsed[0m[2m=[0m19.5µs
[2m2026-09-11T13:53:41.776204Z[0m [32m INFO[0m [2mreth_node_events::node[0m[2m:[0m Forkchoice updated [3mhead_block_hash[0m[2m=[0m0x44d47174c522aaf43279c60148f816090a03529d9108dd6833df0ff650373d08 [3msafe_block_hash[0m[2m=[0m0x44d47174c522aaf43279c60148f816090a03529d9108dd6833df0ff650373d08 [3mfinalized_block_hash[0m[2m=[0m0x44d47174c522aaf43279c60148f816090a03529d9108dd6833df0ff650373d08
[2m2026-09-11T13:53:42.460896Z[0m [32m INFO[0m [2mpayload_builder[0m[2m:[0m New payload job created [3mid[0m[2m=[0m0xd0c5ecb9946097a1 [3mparent[0m[2m=[0m0x44d47174c522aaf43279c60148f816090a03529d9108dd6833df0ff650373d08
[2m2026-09-11T13:53:42.567341Z[0m [32m INFO[0m [2mreth_node_events::node[0m[2m:[0m Received new payload from consensus engine [3mnumber[0m[2m=[0m2 [3mhash[0m[2m=[0m0x5c6082930cebfb093ec058ec3f96203a9ed0f7f9fda20c8b62b3378520a7d6d2
[2m2026-09-11T13:53:42.568755Z[0m [32m INFO[0m [2mengine::tree::payload_validator[0m[2m:[0m State root job finished [3mstrategy[0m[2m=[0m"sparse-trie" [3mstate_root[0m[2m=[0m0x9eec012663f3f5d86efefd303b9900405a9758c1a94e27a91183b05c5abdf4ae [3melapsed[0m[2m=[0m98.292µs
[2m2026-09-11T13:53:42.568833Z[0m [32m INFO[0m [2mreth_node_events::node[0m[2m:[0m Block added to canonical chain [3mnumber[0m[2m=[0m2 [3mhash[0m[2m=[0m0x5c6082930cebfb093ec058ec3f96203a9ed0f7f9fda20c8b62b3378520a7d6d2 [3mpeers[0m[2m=[0m0 [3mtxs[0m[2m=[0m32 [3mgas_used[0m[2m=[0m1.60Mgas [3mgas_throughput[0m[2m=[0m1.09Ggas/second [3mgas_limit[0m[2m=[0m30.06Mgas [3mfull[0m[2m=[0m5.3% [3mbase_fee[0m[2m=[0m0.78Gwei [3mblobs[0m[2m=[0m0 [3mexcess_blobs[0m[2m=[0m0 [3melapsed[0m[2m=[0m1.474961ms
[2m2026-09-11T13:53:42.569520Z[0m [32m INFO[0m [2mreth_node_events::node[0m[2m:[0m Canonical chain committed [3mnumber[0m[2m=[0m2 [3mhash[0m[2m=[0m0x5c6082930cebfb093ec058ec3f96203a9ed0f7f9fda20c8b62b3378520a7d6d2 [3melapsed[0m[2m=[0m17.167µs
[2m2026-09-11T13:53:42.569533Z[0m [32m INFO[0m [2mreth_node_events::node[0m[2m:[0m Forkchoice updated [3mhead_block_hash[0m[2m=[0m0x5c6082930cebfb093ec058ec3f96203a9ed0f7f9fda20c8b62b3378520a7d6d2 [3msafe_block_hash[0m[2m=[0m0x5c6082930cebfb093ec058ec3f96203a9ed0f7f9fda20c8b62b3378520a7d6d2 [3mfinalized_block_hash[0m[2m=[0m0x5c6082930cebfb093ec058ec3f96203a9ed0f7f9fda20c8b62b3378520a7d6d2
[2m2026-09-11T13:53:42.571883Z[0m [32m INFO[0m [2mreth::cli[0m[2m:[0m Received SIGTERM
[2m2026-09-11T13:53:42.572265Z[0m [32m INFO[0m [2mreth::cli[0m[2m:[0m Wrote network peers to file [3mpeers_file[0m[2m=[0m"<repo>/.tmp/approval-runs/compare-three_calls-1-direct-0jrr865i/data/known-peers.json"
