[2m2026-09-11T13:53:54.896924Z[0m [32m INFO[0m [2mreth::cli[0m[2m:[0m Initialized tracing, debug log directory: <repo>/.tmp/approval-runs/compare-eighteen_calls-0-legacy-oyah1wgi/logs/anvil-hardhat
[2m2026-09-11T13:53:55.097150Z[0m [32m INFO[0m [2mreth::cli[0m[2m:[0m Starting Reth [3mversion[0m[2m=[0m"2.5.2 (5a6940e)"
[2m2026-09-11T13:53:55.097220Z[0m [32m INFO[0m [2mreth::cli[0m[2m:[0m Opening database [3mpath[0m[2m=[0m"<repo>/.tmp/approval-runs/compare-eighteen_calls-0-legacy-oyah1wgi/data/db"
[2m2026-09-11T13:53:55.102100Z[0m [32m INFO[0m [2mreth::cli[0m[2m:[0m Configuration loaded [3mpath[0m[2m=[0m"<repo>/.tmp/approval-runs/compare-eighteen_calls-0-legacy-oyah1wgi/data/reth.toml"
[2m2026-09-11T13:53:55.102409Z[0m [33m WARN[0m [2mproviders::rocksdb[0m[2m:[0m RocksDB will not keep all files open; performance may be reduced [3mfile_descriptor_limit[0m[2m=[0mSome(122880) [3mthreshold[0m[2m=[0m131072 [3mmax_open_files[0m[2m=[0m512
[2m2026-09-11T13:53:55.116095Z[0m [32m INFO[0m [1mcheck_consistency[0m[2m:[0m [2mreth::cli[0m[2m:[0m Healing static file inconsistencies.
[2m2026-09-11T13:53:55.192925Z[0m [32m INFO[0m [1mcheck_consistency[0m[2m:[0m[1mcheck_consistency[0m[1m{[0m[3mread_only[0m[2m=[0mfalse[1m}[0m[2m:[0m [2mreth::cli[0m[2m:[0m Verifying storage consistency.
[2m2026-09-11T13:53:55.193094Z[0m [32m INFO[0m [2mreth::cli[0m[2m:[0m Database opened
[2m2026-09-11T13:53:55.396701Z[0m [32m INFO[0m [2mreth::cli[0m[2m:[0m 
Pre-merge hard forks (block based):
- Frontier                         @0
- Homestead                        @0
- Tangerine                        @0
- SpuriousDragon                   @0
- Byzantium                        @0
- Constantinople                   @0
- Petersburg                       @0
- Istanbul                         @0
- Berlin                           @0
- London                           @0
Merge hard forks:
- Paris                            @0 (network is known to be merged)
Post-merge hard forks (timestamp based):
- Shanghai                         @0
[2m2026-09-11T13:53:55.396732Z[0m [32m INFO[0m [2mreth::cli[0m[2m:[0m Loaded storage settings [3msettings[0m[2m=[0mStorageSettings { storage_v2: true } [3mpruning_mode[0m[2m=[0m"archive"
[2m2026-09-11T13:53:55.397156Z[0m [32m INFO[0m [2mreth::cli[0m[2m:[0m Transaction pool initialized
[2m2026-09-11T13:53:55.406291Z[0m [32m INFO[0m [2mreth::cli[0m[2m:[0m P2P networking initialized [3menode[0m[2m=[0menode://c73c3dcd647b56d75bd505b77764e31b09d4678fb08fd88ba5781bc11a177daaa5e0ddce68242994e070c210e309641a26c33e67101a4225f2a6a85b317618cb@127.0.0.1:56297
[2m2026-09-11T13:53:55.406487Z[0m [32m INFO[0m [2mreth::cli[0m[2m:[0m StaticFileProducer initialized
[2m2026-09-11T13:53:55.406668Z[0m [32m INFO[0m [2mreth::cli[0m[2m:[0m Pruner initialized [3mprune_config[0m[2m=[0mPruneConfig { block_interval: 5, segments: PruneModes { sender_recovery: None, transaction_lookup: None, receipts: None, account_history: None, storage_history: None, bodies_history: None, receipts_log_filter: ReceiptsLogPruneConfig({}) }, minimum_pruning_distance: 10064 }
[2m2026-09-11T13:53:55.407129Z[0m [32m INFO[0m [2mreth::cli[0m[2m:[0m Consensus engine initialized
[2m2026-09-11T13:53:55.407202Z[0m [32m INFO[0m [2mreth::cli[0m[2m:[0m Engine API handler initialized
[2m2026-09-11T13:53:55.407991Z[0m [32m INFO[0m [2mreth::cli[0m[2m:[0m RPC HTTP server started [3murl[0m[2m=[0m127.0.0.1:56289
[2m2026-09-11T13:53:55.408019Z[0m [32m INFO[0m [2mreth::cli[0m[2m:[0m RPC auth server started [3murl[0m[2m=[0m127.0.0.1:56290
[2m2026-09-11T13:53:55.408082Z[0m [32m INFO[0m [2mreth::cli[0m[2m:[0m Starting consensus engine
[2m2026-09-11T13:53:56.095091Z[0m [32m INFO[0m [2mpayload_builder[0m[2m:[0m New payload job created [3mid[0m[2m=[0m0x5f98fc884b26da94 [3mparent[0m[2m=[0m0x0aab257fea85931ac0846e88fcbf1630bd74f79e322de046d0257eeda8e7d750
[2m2026-09-11T13:53:56.095095Z[0m [32m INFO[0m [2mreth_node_events::node[0m[2m:[0m Forkchoice updated [3mhead_block_hash[0m[2m=[0m0x0aab257fea85931ac0846e88fcbf1630bd74f79e322de046d0257eeda8e7d750 [3msafe_block_hash[0m[2m=[0m0x0aab257fea85931ac0846e88fcbf1630bd74f79e322de046d0257eeda8e7d750 [3mfinalized_block_hash[0m[2m=[0m0x0aab257fea85931ac0846e88fcbf1630bd74f79e322de046d0257eeda8e7d750
[2m2026-09-11T13:53:56.202001Z[0m [32m INFO[0m [2mreth_node_events::node[0m[2m:[0m Received new payload from consensus engine [3mnumber[0m[2m=[0m1 [3mhash[0m[2m=[0m0xaa911ef868b9f321a0a9882c0ca147328a1a310c933b751cb3da0a14a5402784
[2m2026-09-11T13:53:56.356083Z[0m [32m INFO[0m [2mengine::tree::payload_validator[0m[2m:[0m State root job finished [3mstrategy[0m[2m=[0m"sparse-trie" [3mstate_root[0m[2m=[0m0x910cb56bd2e921c972641d6f9d779e6ae7b98ad09d9a72055805a2867c740015 [3melapsed[0m[2m=[0m484.544µs
[2m2026-09-11T13:53:56.356235Z[0m [32m INFO[0m [2mreth_node_events::node[0m[2m:[0m Block added to canonical chain [3mnumber[0m[2m=[0m1 [3mhash[0m[2m=[0m0xaa911ef868b9f321a0a9882c0ca147328a1a310c933b751cb3da0a14a5402784 [3mpeers[0m[2m=[0m0 [3mtxs[0m[2m=[0m32 [3mgas_used[0m[2m=[0m12.59Mgas [3mgas_throughput[0m[2m=[0m81.66Mgas/second [3mgas_limit[0m[2m=[0m30.03Mgas [3mfull[0m[2m=[0m41.9% [3mbase_fee[0m[2m=[0m0.88Gwei [3mblobs[0m[2m=[0m0 [3mexcess_blobs[0m[2m=[0m0 [3melapsed[0m[2m=[0m154.152197ms
[2m2026-09-11T13:53:56.357079Z[0m [32m INFO[0m [2mreth_node_events::node[0m[2m:[0m Canonical chain committed [3mnumber[0m[2m=[0m1 [3mhash[0m[2m=[0m0xaa911ef868b9f321a0a9882c0ca147328a1a310c933b751cb3da0a14a5402784 [3melapsed[0m[2m=[0m19.75µs
[2m2026-09-11T13:53:56.357099Z[0m [32m INFO[0m [2mreth_node_events::node[0m[2m:[0m Forkchoice updated [3mhead_block_hash[0m[2m=[0m0xaa911ef868b9f321a0a9882c0ca147328a1a310c933b751cb3da0a14a5402784 [3msafe_block_hash[0m[2m=[0m0xaa911ef868b9f321a0a9882c0ca147328a1a310c933b751cb3da0a14a5402784 [3mfinalized_block_hash[0m[2m=[0m0xaa911ef868b9f321a0a9882c0ca147328a1a310c933b751cb3da0a14a5402784
[2m2026-09-11T13:53:57.072856Z[0m [32m INFO[0m [2mpayload_builder[0m[2m:[0m New payload job created [3mid[0m[2m=[0m0xf207d7ef29975213 [3mparent[0m[2m=[0m0xaa911ef868b9f321a0a9882c0ca147328a1a310c933b751cb3da0a14a5402784
[2m2026-09-11T13:53:57.177760Z[0m [32m INFO[0m [2mreth_node_events::node[0m[2m:[0m Received new payload from consensus engine [3mnumber[0m[2m=[0m2 [3mhash[0m[2m=[0m0x9c165daf452ef0bae8f1afac74d248e6d43c973768cfc1370d6a1a7573605c43
[2m2026-09-11T13:53:57.180468Z[0m [32m INFO[0m [2mengine::tree::payload_validator[0m[2m:[0m State root job finished [3mstrategy[0m[2m=[0m"sparse-trie" [3mstate_root[0m[2m=[0m0x63708e1b9a25905342e33cb459b31cb257f4574caf355c6fa94ccf00494bcdf5 [3melapsed[0m[2m=[0m703.503µs
[2m2026-09-11T13:53:57.180536Z[0m [32m INFO[0m [2mreth_node_events::node[0m[2m:[0m Block added to canonical chain [3mnumber[0m[2m=[0m2 [3mhash[0m[2m=[0m0x9c165daf452ef0bae8f1afac74d248e6d43c973768cfc1370d6a1a7573605c43 [3mpeers[0m[2m=[0m0 [3mtxs[0m[2m=[0m32 [3mgas_used[0m[2m=[0m12.59Mgas [3mgas_throughput[0m[2m=[0m4.56Ggas/second [3mgas_limit[0m[2m=[0m30.06Mgas [3mfull[0m[2m=[0m41.9% [3mbase_fee[0m[2m=[0m0.86Gwei [3mblobs[0m[2m=[0m0 [3mexcess_blobs[0m[2m=[0m0 [3melapsed[0m[2m=[0m2.760221ms
[2m2026-09-11T13:53:57.181126Z[0m [32m INFO[0m [2mreth_node_events::node[0m[2m:[0m Canonical chain committed [3mnumber[0m[2m=[0m2 [3mhash[0m[2m=[0m0x9c165daf452ef0bae8f1afac74d248e6d43c973768cfc1370d6a1a7573605c43 [3melapsed[0m[2m=[0m27.791µs
[2m2026-09-11T13:53:57.181144Z[0m [32m INFO[0m [2mreth_node_events::node[0m[2m:[0m Forkchoice updated [3mhead_block_hash[0m[2m=[0m0x9c165daf452ef0bae8f1afac74d248e6d43c973768cfc1370d6a1a7573605c43 [3msafe_block_hash[0m[2m=[0m0x9c165daf452ef0bae8f1afac74d248e6d43c973768cfc1370d6a1a7573605c43 [3mfinalized_block_hash[0m[2m=[0m0x9c165daf452ef0bae8f1afac74d248e6d43c973768cfc1370d6a1a7573605c43
[2m2026-09-11T13:53:57.183638Z[0m [32m INFO[0m [2mreth::cli[0m[2m:[0m Received SIGTERM
[2m2026-09-11T13:53:57.183937Z[0m [32m INFO[0m [2mreth::cli[0m[2m:[0m Wrote network peers to file [3mpeers_file[0m[2m=[0m"<repo>/.tmp/approval-runs/compare-eighteen_calls-0-legacy-oyah1wgi/data/known-peers.json"
