[2m2026-09-11T13:53:59.837185Z[0m [32m INFO[0m [2mreth::cli[0m[2m:[0m Initialized tracing, debug log directory: <repo>/.tmp/approval-runs/compare-eighteen_calls-1-legacy-zl_eivvc/logs/anvil-hardhat
[2m2026-09-11T13:54:00.037392Z[0m [32m INFO[0m [2mreth::cli[0m[2m:[0m Starting Reth [3mversion[0m[2m=[0m"2.5.2 (5a6940e)"
[2m2026-09-11T13:54:00.037462Z[0m [32m INFO[0m [2mreth::cli[0m[2m:[0m Opening database [3mpath[0m[2m=[0m"<repo>/.tmp/approval-runs/compare-eighteen_calls-1-legacy-zl_eivvc/data/db"
[2m2026-09-11T13:54:00.042166Z[0m [32m INFO[0m [2mreth::cli[0m[2m:[0m Configuration loaded [3mpath[0m[2m=[0m"<repo>/.tmp/approval-runs/compare-eighteen_calls-1-legacy-zl_eivvc/data/reth.toml"
[2m2026-09-11T13:54:00.042490Z[0m [33m WARN[0m [2mproviders::rocksdb[0m[2m:[0m RocksDB will not keep all files open; performance may be reduced [3mfile_descriptor_limit[0m[2m=[0mSome(122880) [3mthreshold[0m[2m=[0m131072 [3mmax_open_files[0m[2m=[0m512
[2m2026-09-11T13:54:00.056223Z[0m [32m INFO[0m [1mcheck_consistency[0m[2m:[0m [2mreth::cli[0m[2m:[0m Healing static file inconsistencies.
[2m2026-09-11T13:54:00.139163Z[0m [32m INFO[0m [1mcheck_consistency[0m[2m:[0m[1mcheck_consistency[0m[1m{[0m[3mread_only[0m[2m=[0mfalse[1m}[0m[2m:[0m [2mreth::cli[0m[2m:[0m Verifying storage consistency.
[2m2026-09-11T13:54:00.139316Z[0m [32m INFO[0m [2mreth::cli[0m[2m:[0m Database opened
[2m2026-09-11T13:54:00.340925Z[0m [32m INFO[0m [2mreth::cli[0m[2m:[0m 
Pre-merge hard forks (block based):
- Frontier                         @0
- Homestead                        @0
- Tangerine                        @0
- SpuriousDragon                   @0
- Byzantium                        @0
- Constantinople                   @0
- Petersburg                       @0
- Istanbul                         @0
- Berlin                           @0
- London                           @0
Merge hard forks:
- Paris                            @0 (network is known to be merged)
Post-merge hard forks (timestamp based):
- Shanghai                         @0
[2m2026-09-11T13:54:00.340964Z[0m [32m INFO[0m [2mreth::cli[0m[2m:[0m Loaded storage settings [3msettings[0m[2m=[0mStorageSettings { storage_v2: true } [3mpruning_mode[0m[2m=[0m"archive"
[2m2026-09-11T13:54:00.341534Z[0m [32m INFO[0m [2mreth::cli[0m[2m:[0m Transaction pool initialized
[2m2026-09-11T13:54:00.351889Z[0m [32m INFO[0m [2mreth::cli[0m[2m:[0m P2P networking initialized [3menode[0m[2m=[0menode://ae47cab6af5438b51fbb9acc2836767aca675529b3aaa82fde50bba0b8a783f88b81da79542783d9468d3638b03fabc42c7f0711c9651a1fcbbc139eedb7837c@127.0.0.1:56475
[2m2026-09-11T13:54:00.352060Z[0m [32m INFO[0m [2mreth::cli[0m[2m:[0m StaticFileProducer initialized
[2m2026-09-11T13:54:00.352198Z[0m [32m INFO[0m [2mreth::cli[0m[2m:[0m Pruner initialized [3mprune_config[0m[2m=[0mPruneConfig { block_interval: 5, segments: PruneModes { sender_recovery: None, transaction_lookup: None, receipts: None, account_history: None, storage_history: None, bodies_history: None, receipts_log_filter: ReceiptsLogPruneConfig({}) }, minimum_pruning_distance: 10064 }
[2m2026-09-11T13:54:00.352730Z[0m [32m INFO[0m [2mreth::cli[0m[2m:[0m Consensus engine initialized
[2m2026-09-11T13:54:00.352859Z[0m [32m INFO[0m [2mreth::cli[0m[2m:[0m Engine API handler initialized
[2m2026-09-11T13:54:00.353920Z[0m [32m INFO[0m [2mreth::cli[0m[2m:[0m RPC HTTP server started [3murl[0m[2m=[0m127.0.0.1:56466
[2m2026-09-11T13:54:00.353976Z[0m [32m INFO[0m [2mreth::cli[0m[2m:[0m RPC auth server started [3murl[0m[2m=[0m127.0.0.1:56467
[2m2026-09-11T13:54:00.354079Z[0m [32m INFO[0m [2mreth::cli[0m[2m:[0m Starting consensus engine
[2m2026-09-11T13:54:01.140184Z[0m [32m INFO[0m [2mreth_node_events::node[0m[2m:[0m Forkchoice updated [3mhead_block_hash[0m[2m=[0m0x0aab257fea85931ac0846e88fcbf1630bd74f79e322de046d0257eeda8e7d750 [3msafe_block_hash[0m[2m=[0m0x0aab257fea85931ac0846e88fcbf1630bd74f79e322de046d0257eeda8e7d750 [3mfinalized_block_hash[0m[2m=[0m0x0aab257fea85931ac0846e88fcbf1630bd74f79e322de046d0257eeda8e7d750
[2m2026-09-11T13:54:01.140194Z[0m [32m INFO[0m [2mpayload_builder[0m[2m:[0m New payload job created [3mid[0m[2m=[0m0x5f98fc884b26da94 [3mparent[0m[2m=[0m0x0aab257fea85931ac0846e88fcbf1630bd74f79e322de046d0257eeda8e7d750
[2m2026-09-11T13:54:01.246866Z[0m [32m INFO[0m [2mreth_node_events::node[0m[2m:[0m Received new payload from consensus engine [3mnumber[0m[2m=[0m1 [3mhash[0m[2m=[0m0xaa911ef868b9f321a0a9882c0ca147328a1a310c933b751cb3da0a14a5402784
[2m2026-09-11T13:54:01.398309Z[0m [32m INFO[0m [2mengine::tree::payload_validator[0m[2m:[0m State root job finished [3mstrategy[0m[2m=[0m"sparse-trie" [3mstate_root[0m[2m=[0m0x910cb56bd2e921c972641d6f9d779e6ae7b98ad09d9a72055805a2867c740015 [3melapsed[0m[2m=[0m580.753µs
[2m2026-09-11T13:54:01.398424Z[0m [32m INFO[0m [2mreth_node_events::node[0m[2m:[0m Block added to canonical chain [3mnumber[0m[2m=[0m1 [3mhash[0m[2m=[0m0xaa911ef868b9f321a0a9882c0ca147328a1a310c933b751cb3da0a14a5402784 [3mpeers[0m[2m=[0m0 [3mtxs[0m[2m=[0m32 [3mgas_used[0m[2m=[0m12.59Mgas [3mgas_throughput[0m[2m=[0m83.08Mgas/second [3mgas_limit[0m[2m=[0m30.03Mgas [3mfull[0m[2m=[0m41.9% [3mbase_fee[0m[2m=[0m0.88Gwei [3mblobs[0m[2m=[0m0 [3mexcess_blobs[0m[2m=[0m0 [3melapsed[0m[2m=[0m151.516237ms
[2m2026-09-11T13:54:01.399356Z[0m [32m INFO[0m [2mreth_node_events::node[0m[2m:[0m Canonical chain committed [3mnumber[0m[2m=[0m1 [3mhash[0m[2m=[0m0xaa911ef868b9f321a0a9882c0ca147328a1a310c933b751cb3da0a14a5402784 [3melapsed[0m[2m=[0m26.542µs
[2m2026-09-11T13:54:01.399374Z[0m [32m INFO[0m [2mreth_node_events::node[0m[2m:[0m Forkchoice updated [3mhead_block_hash[0m[2m=[0m0xaa911ef868b9f321a0a9882c0ca147328a1a310c933b751cb3da0a14a5402784 [3msafe_block_hash[0m[2m=[0m0xaa911ef868b9f321a0a9882c0ca147328a1a310c933b751cb3da0a14a5402784 [3mfinalized_block_hash[0m[2m=[0m0xaa911ef868b9f321a0a9882c0ca147328a1a310c933b751cb3da0a14a5402784
[2m2026-09-11T13:54:02.100692Z[0m [32m INFO[0m [2mpayload_builder[0m[2m:[0m New payload job created [3mid[0m[2m=[0m0xf207d7ef29975213 [3mparent[0m[2m=[0m0xaa911ef868b9f321a0a9882c0ca147328a1a310c933b751cb3da0a14a5402784
[2m2026-09-11T13:54:02.207108Z[0m [32m INFO[0m [2mreth_node_events::node[0m[2m:[0m Received new payload from consensus engine [3mnumber[0m[2m=[0m2 [3mhash[0m[2m=[0m0x9c165daf452ef0bae8f1afac74d248e6d43c973768cfc1370d6a1a7573605c43
[2m2026-09-11T13:54:02.209535Z[0m [32m INFO[0m [2mengine::tree::payload_validator[0m[2m:[0m State root job finished [3mstrategy[0m[2m=[0m"sparse-trie" [3mstate_root[0m[2m=[0m0x63708e1b9a25905342e33cb459b31cb257f4574caf355c6fa94ccf00494bcdf5 [3melapsed[0m[2m=[0m456.961µs
[2m2026-09-11T13:54:02.209604Z[0m [32m INFO[0m [2mreth_node_events::node[0m[2m:[0m Block added to canonical chain [3mnumber[0m[2m=[0m2 [3mhash[0m[2m=[0m0x9c165daf452ef0bae8f1afac74d248e6d43c973768cfc1370d6a1a7573605c43 [3mpeers[0m[2m=[0m0 [3mtxs[0m[2m=[0m32 [3mgas_used[0m[2m=[0m12.59Mgas [3mgas_throughput[0m[2m=[0m5.08Ggas/second [3mgas_limit[0m[2m=[0m30.06Mgas [3mfull[0m[2m=[0m41.9% [3mbase_fee[0m[2m=[0m0.86Gwei [3mblobs[0m[2m=[0m0 [3mexcess_blobs[0m[2m=[0m0 [3melapsed[0m[2m=[0m2.47843ms
[2m2026-09-11T13:54:02.210302Z[0m [32m INFO[0m [2mreth_node_events::node[0m[2m:[0m Canonical chain committed [3mnumber[0m[2m=[0m2 [3mhash[0m[2m=[0m0x9c165daf452ef0bae8f1afac74d248e6d43c973768cfc1370d6a1a7573605c43 [3melapsed[0m[2m=[0m18.541µs
[2m2026-09-11T13:54:02.210316Z[0m [32m INFO[0m [2mreth_node_events::node[0m[2m:[0m Forkchoice updated [3mhead_block_hash[0m[2m=[0m0x9c165daf452ef0bae8f1afac74d248e6d43c973768cfc1370d6a1a7573605c43 [3msafe_block_hash[0m[2m=[0m0x9c165daf452ef0bae8f1afac74d248e6d43c973768cfc1370d6a1a7573605c43 [3mfinalized_block_hash[0m[2m=[0m0x9c165daf452ef0bae8f1afac74d248e6d43c973768cfc1370d6a1a7573605c43
[2m2026-09-11T13:54:02.212600Z[0m [32m INFO[0m [2mreth::cli[0m[2m:[0m Received SIGTERM
[2m2026-09-11T13:54:02.212882Z[0m [32m INFO[0m [2mreth::cli[0m[2m:[0m Wrote network peers to file [3mpeers_file[0m[2m=[0m"<repo>/.tmp/approval-runs/compare-eighteen_calls-1-legacy-zl_eivvc/data/known-peers.json"
